
> meuble-de-france-chatbot-frontend@1.0.0 test:coverage
> vitest --coverage --run --reporter=verbose


[7m[1m[36m RUN [39m[22m[27m [36mv1.6.1[39m [90mC:/Users/v-nbayonne/meuble-de-france-chatbot/frontend[39m
[2m      Coverage enabled with [22m[33mv8[39m

 [32m✓[39m src/__tests__/example.test.jsx[2m > [22mExample Tests[2m > [22mshould pass basic assertion
 [32m✓[39m src/__tests__/example.test.jsx[2m > [22mExample Tests[2m > [22mshould perform basic math
 [32m✓[39m src/__tests__/example.test.jsx[2m > [22mExample Tests[2m > [22mshould render test component
[90mstderr[2m | src\components\ChatInterface.jsx:10:11[22m[39m
VITE_API_URL is not configured. Please set it in your .env file.

[90mstderr[2m | src\components\ChatInterface.jsx:10:11[22m[39m
VITE_API_URL is not configured. Please set it in your .env file.

[90mstdout[2m | src\components\VoiceChatWhisper.jsx:6:9[22m[39m
🔧 VoiceChatWhisper - VITE_API_URL: 

[90mstdout[2m | src\components\VoiceChatWhisper.jsx:7:9[22m[39m
🔧 VoiceChatWhisper - API_URL utilisé: 

[90mstdout[2m | src\components\VoiceChatWhisper.jsx:8:9[22m[39m
🔧 VoiceChatWhisper - API_URL est vide? [33mtrue[39m

[90mstdout[2m | src/__tests__/Dashboard.test.jsx[2m > [22m[2mDashboard[2m > [22m[2mLoading and Initial State[2m > [22m[2mshould show loading indicator on mount[22m[39m
🔍 Dashboard - Tickets bruts: [33m0[39m
🔍 Dashboard - Tickets filtrés: [33m0[39m
🔍 Dashboard - Filtres actifs: { filterPriority: [32m'all'[39m, filterStatus: [32m'all'[39m }

[90mstderr[2m | src/__tests__/Dashboard.test.jsx[2m > [22m[2mDashboard[2m > [22m[2mLoading and Initial State[22m[39m
[MSW] Warning: intercepted a request without a matching request handler:

  • GET /api/sav/tickets

If you still wish to intercept this unhandled request, please create a request handler for it.
Read more: https://mswjs.io/docs/http/intercepting-requests

[90mstdout[2m | src/__tests__/Dashboard.test.jsx[2m > [22m[2mDashboard[2m > [22m[2mLoading and Initial State[2m > [22m[2mshould fetch and display tickets after loading[22m[39m
🔍 Dashboard - Tickets bruts: [33m0[39m
🔍 Dashboard - Tickets filtrés: [33m0[39m
🔍 Dashboard - Filtres actifs: { filterPriority: [32m'all'[39m, filterStatus: [32m'all'[39m }

[90mstderr[2m | src/__tests__/Dashboard.test.jsx[2m > [22m[2mDashboard[2m > [22m[2mLoading and Initial State[2m > [22m[2mshould fetch and display tickets after loading[22m[39m
[MSW] Warning: intercepted a request without a matching request handler:

  • GET /api/sav/tickets

If you still wish to intercept this unhandled request, please create a request handler for it.
Read more: https://mswjs.io/docs/http/intercepting-requests

 [32m✓[39m src/__tests__/Dashboard.test.jsx[2m > [22mDashboard[2m > [22mLoading and Initial State[2m > [22mshould show loading indicator on mount
[90mstderr[2m | src/__tests__/Dashboard.test.jsx[2m > [22m[2mDashboard[2m > [22m[2mLoading and Initial State[2m > [22m[2mshould fetch and display tickets after loading[22m[39m
Erreur: TypeError: fetch failed
[90m    at node:internal/deps/undici/undici:13510:13[39m
[90m    at processTicksAndRejections (node:internal/process/task_queues:105:5)[39m
    at until [90m(file:///C:/Users/v-nbayonne/meuble-de-france-chatbot/frontend/[39mnode_modules/[4m@open-draft[24m/until/src/until.ts:23:18[90m)[39m
    at Object.passthrough [90m(file:///C:/Users/v-nbayonne/meuble-de-france-chatbot/frontend/[39mnode_modules/[4m@mswjs[24m/interceptors/src/interceptors/fetch/index.ts:78:68[90m)[39m
    at _RequestController.passthrough [90m(file:///C:/Users/v-nbayonne/meuble-de-france-chatbot/frontend/[39mnode_modules/[4m@mswjs[24m/interceptors/src/RequestController.ts:50:5[90m)[39m
    at handleRequest [90m(file:///C:/Users/v-nbayonne/meuble-de-france-chatbot/frontend/[39mnode_modules/[4m@mswjs[24m/interceptors/src/utils/handleRequest.ts:201:12[90m)[39m
    at globalThis.fetch [90m(file:///C:/Users/v-nbayonne/meuble-de-france-chatbot/frontend/[39mnode_modules/[4m@mswjs[24m/interceptors/src/interceptors/fetch/index.ts:185:7[90m)[39m
    at fetchTickets [90m(C:\Users\v-nbayonne\meuble-de-france-chatbot\frontend\[39msrc\components\Dashboard.jsx:24:24[90m)[39m {
  [cause]: AggregateError: 
  [90m    at internalConnectMultiple (node:net:1134:18)[39m
  [90m    at afterConnectMultiple (node:net:1715:7)[39m {
    code: [32m'ECONNREFUSED'[39m,
    [errors]: [ [36m[Error][39m, [36m[Error][39m ]
  }
}
Erreur: TypeError: fetch failed
[90m    at node:internal/deps/undici/undici:13510:13[39m
[90m    at processTicksAndRejections (node:internal/process/task_queues:105:5)[39m
    at until [90m(file:///C:/Users/v-nbayonne/meuble-de-france-chatbot/frontend/[39mnode_modules/[4m@open-draft[24m/until/src/until.ts:23:18[90m)[39m
    at Object.passthrough [90m(file:///C:/Users/v-nbayonne/meuble-de-france-chatbot/frontend/[39mnode_modules/[4m@mswjs[24m/interceptors/src/interceptors/fetch/index.ts:78:68[90m)[39m
    at _RequestController.passthrough [90m(file:///C:/Users/v-nbayonne/meuble-de-france-chatbot/frontend/[39mnode_modules/[4m@mswjs[24m/interceptors/src/RequestController.ts:50:5[90m)[39m
    at handleRequest [90m(file:///C:/Users/v-nbayonne/meuble-de-france-chatbot/frontend/[39mnode_modules/[4m@mswjs[24m/interceptors/src/utils/handleRequest.ts:201:12[90m)[39m
    at globalThis.fetch [90m(file:///C:/Users/v-nbayonne/meuble-de-france-chatbot/frontend/[39mnode_modules/[4m@mswjs[24m/interceptors/src/interceptors/fetch/index.ts:185:7[90m)[39m
    at fetchTickets [90m(C:\Users\v-nbayonne\meuble-de-france-chatbot\frontend\[39msrc\components\Dashboard.jsx:24:24[90m)[39m {
  [cause]: AggregateError: 
  [90m    at internalConnectMultiple (node:net:1134:18)[39m
  [90m    at afterConnectMultiple (node:net:1715:7)[39m {
    code: [32m'ECONNREFUSED'[39m,
    [errors]: [ [36m[Error][39m, [36m[Error][39m ]
  }
}

[90mstdout[2m | src/__tests__/Dashboard.test.jsx[2m > [22m[2mDashboard[2m > [22m[2mLoading and Initial State[2m > [22m[2mshould fetch and display tickets after loading[22m[39m
🔍 Dashboard - Tickets bruts: [33m0[39m
🔍 Dashboard - Tickets filtrés: [33m0[39m
🔍 Dashboard - Filtres actifs: { filterPriority: [32m'all'[39m, filterStatus: [32m'all'[39m }

[90mstdout[2m | src/__tests__/ChatInterface.test.jsx[2m > [22m[2mChatInterface[2m > [22m[2mRendering and Initial State[2m > [22m[2mshould render chat interface with input[22m[39m
✅ Synthèse vocale disponible

[90mstdout[2m | src/__tests__/ChatInterface.test.jsx[2m > [22m[2mChatInterface[2m > [22m[2mRendering and Initial State[2m > [22m[2mshould display welcome message on mount[22m[39m
✅ Synthèse vocale disponible

 [32m✓[39m src/__tests__/ChatInterface.test.jsx[2m > [22mChatInterface[2m > [22mRendering and Initial State[2m > [22mshould render chat interface with input[33m 561[2mms[22m[39m
[90mstdout[2m | src/__tests__/ChatInterface.test.jsx[2m > [22m[2mChatInterface[2m > [22m[2mRendering and Initial State[2m > [22m[2mshould render header with title[22m[39m
✅ Synthèse vocale disponible

[90mstdout[2m | src/__tests__/ChatInterface.test.jsx[2m > [22m[2mChatInterface[2m > [22m[2mRendering and Initial State[2m > [22m[2mshould render file input for uploads[22m[39m
✅ Synthèse vocale disponible

[90mstdout[2m | src/__tests__/ChatInterface.test.jsx[2m > [22m[2mChatInterface[2m > [22m[2mMessage Sending[2m > [22m[2mshould send a text message[22m[39m
✅ Synthèse vocale disponible

 [32m✓[39m src/__tests__/ChatInterface.test.jsx[2m > [22mChatInterface[2m > [22mRendering and Initial State[2m > [22mshould display welcome message on mount
 [32m✓[39m src/__tests__/ChatInterface.test.jsx[2m > [22mChatInterface[2m > [22mRendering and Initial State[2m > [22mshould render header with title
 [32m✓[39m src/__tests__/ChatInterface.test.jsx[2m > [22mChatInterface[2m > [22mRendering and Initial State[2m > [22mshould render file input for uploads
 [31m×[39m src/__tests__/Dashboard.test.jsx[2m > [22mDashboard[2m > [22mLoading and Initial State[2m > [22mshould fetch and display tickets after loading[33m 1090[2mms[22m[39m
[31m   → Unable to find an element with the text: /Tableau de Bord SAV/i. This could be because the text is broken up by multiple elements. In this case, you can provide a function for your text matcher to make your matcher more flexible.

Ignored nodes: comments, script, style
[36m<body>[31m
  [36m<div>[31m
    [36m<div[31m
      [33mclass[31m=[32m"flex items-center justify-center h-screen bg-gray-50"[31m
    [36m>[31m
      [36m<div[31m
        [33mclass[31m=[32m"text-center text-red-600"[31m
      [36m>[31m
        [36m<svg[31m
          [33mclass[31m=[32m"lucide lucide-xcircle w-16 h-16 mx-auto mb-4"[31m
          [33mfill[31m=[32m"none"[31m
          [33mheight[31m=[32m"24"[31m
          [33mstroke[31m=[32m"currentColor"[31m
          [33mstroke-linecap[31m=[32m"round"[31m
          [33mstroke-linejoin[31m=[32m"round"[31m
          [33mstroke-width[31m=[32m"2"[31m
          [33mviewBox[31m=[32m"0 0 24 24"[31m
          [33mwidth[31m=[32m"24"[31m
          [33mxmlns[31m=[32m"http://www.w3.org/2000/svg"[31m
        [36m>[31m
          [36m<circle[31m
            [33mcx[31m=[32m"12"[31m
            [33mcy[31m=[32m"12"[31m
            [33mr[31m=[32m"10"[31m
          [36m/>[31m
          [36m<path[31m
            [33md[31m=[32m"m15 9-6 6"[31m
          [36m/>[31m
          [36m<path[31m
            [33md[31m=[32m"m9 9 6 6"[31m
          [36m/>[31m
        [36m</svg>[31m
        [36m<p[31m
          [33mclass[31m=[32m"text-xl font-semibold"[31m
        [36m>[31m
          [0mErreur de connexion au serveur[0m
        [36m</p>[31m
        [36m<button[31m
          [33mclass[31m=[32m"mt-4 px-4 py-2 bg-red-600 text-white rounded-lg hover:bg-red-700"[31m
        [36m>[31m
          [0mRéessayer[0m
        [36m</button>[31m
      [36m</div>[31m
    [36m</div>[31m
  [36m</div>[31m
[36m</body>[31m

Ignored nodes: comments, script, style
[36m<html>[31m
  [36m<head />[31m
  [36m<body>[31m
    [36m<div>[31m
      [36m<div[31m
        [33mclass[31m=[32m"flex items-center justify-center h-screen bg-gray-50"[31m
      [36m>[31m
        [36m<div[31m
          [33mclass[31m=[32m"text-center text-red-600"[31m
        [36m>[31m
          [36m<svg[31m
            [33mclass[31m=[32m"lucide lucide-xcircle w-16 h-16 mx-auto mb-4"[31m
            [33mfill[31m=[32m"none"[31m
            [33mheight[31m=[32m"24"[31m
            [33mstroke[31m=[32m"currentColor"[31m
            [33mstroke-linecap[31m=[32m"round"[31m
            [33mstroke-linejoin[31m=[32m"round"[31m
            [33mstroke-width[31m=[32m"2"[31m
            [33mviewBox[31m=[32m"0 0 24 24"[31m
            [33mwidth[31m=[32m"24"[31m
            [33mxmlns[31m=[32m"http://www.w3.org/2000/svg"[31m
          [36m>[31m
            [36m<circle[31m
              [33mcx[31m=[32m"12"[31m
              [33mcy[31m=[32m"12"[31m
              [33mr[31m=[32m"10"[31m
            [36m/>[31m
            [36m<path[31m
              [33md[31m=[32m"m15 9-6 6"[31m
            [36m/>[31m
            [36m<path[31m
              [33md[31m=[32m"m9 9 6 6"[31m
            [36m/>[31m
          [36m</svg>[31m
          [36m<p[31m
            [33mclass[31m=[32m"text-xl font-semibold"[31m
          [36m>[31m
            [0mErreur de connexion au serveur[0m
          [36m</p>[31m
          [36m<button[31m
            [33mclass[31m=[32m"mt-4 px-4 py-2 bg-red-600 text-white rounded-lg hover:bg-red-700"[31m
          [36m>[31m
            [0mRéessayer[0m
          [36m</button>[31m
        [36m</div>[31m
      [36m</div>[31m
    [36m</div>[31m
  [36m</body>[31m
[36m</html>[31m[39m
[90mstdout[2m | src/__tests__/Dashboard.test.jsx[2m > [22m[2mDashboard[2m > [22m[2mLoading and Initial State[2m > [22m[2mshould display header with title[22m[39m
🔍 Dashboard - Tickets bruts: [33m0[39m
🔍 Dashboard - Tickets filtrés: [33m0[39m
🔍 Dashboard - Filtres actifs: { filterPriority: [32m'all'[39m, filterStatus: [32m'all'[39m }

[90mstderr[2m | src/__tests__/Dashboard.test.jsx[2m > [22m[2mDashboard[2m > [22m[2mLoading and Initial State[2m > [22m[2mshould display header with title[22m[39m
[MSW] Warning: intercepted a request without a matching request handler:

  • GET /api/sav/tickets

If you still wish to intercept this unhandled request, please create a request handler for it.
Read more: https://mswjs.io/docs/http/intercepting-requests

[90mstderr[2m | src/__tests__/Dashboard.test.jsx[2m > [22m[2mDashboard[2m > [22m[2mLoading and Initial State[2m > [22m[2mshould display header with title[22m[39m
Erreur: TypeError: fetch failed
[90m    at node:internal/deps/undici/undici:13510:13[39m
[90m    at processTicksAndRejections (node:internal/process/task_queues:105:5)[39m
    at until [90m(file:///C:/Users/v-nbayonne/meuble-de-france-chatbot/frontend/[39mnode_modules/[4m@open-draft[24m/until/src/until.ts:23:18[90m)[39m
    at Object.passthrough [90m(file:///C:/Users/v-nbayonne/meuble-de-france-chatbot/frontend/[39mnode_modules/[4m@mswjs[24m/interceptors/src/interceptors/fetch/index.ts:78:68[90m)[39m
    at _RequestController.passthrough [90m(file:///C:/Users/v-nbayonne/meuble-de-france-chatbot/frontend/[39mnode_modules/[4m@mswjs[24m/interceptors/src/RequestController.ts:50:5[90m)[39m
    at handleRequest [90m(file:///C:/Users/v-nbayonne/meuble-de-france-chatbot/frontend/[39mnode_modules/[4m@mswjs[24m/interceptors/src/utils/handleRequest.ts:201:12[90m)[39m
    at globalThis.fetch [90m(file:///C:/Users/v-nbayonne/meuble-de-france-chatbot/frontend/[39mnode_modules/[4m@mswjs[24m/interceptors/src/interceptors/fetch/index.ts:185:7[90m)[39m
    at fetchTickets [90m(C:\Users\v-nbayonne\meuble-de-france-chatbot\frontend\[39msrc\components\Dashboard.jsx:24:24[90m)[39m {
  [cause]: AggregateError: 
  [90m    at internalConnectMultiple (node:net:1134:18)[39m
  [90m    at afterConnectMultiple (node:net:1715:7)[39m {
    code: [32m'ECONNREFUSED'[39m,
    [errors]: [ [36m[Error][39m, [36m[Error][39m ]
  }
}

[90mstdout[2m | src/__tests__/Dashboard.test.jsx[2m > [22m[2mDashboard[2m > [22m[2mLoading and Initial State[2m > [22m[2mshould display header with title[22m[39m
🔍 Dashboard - Tickets bruts: [33m0[39m
🔍 Dashboard - Tickets filtrés: [33m0[39m
🔍 Dashboard - Filtres actifs: { filterPriority: [32m'all'[39m, filterStatus: [32m'all'[39m }

[90mstdout[2m | src/__tests__/App.test.jsx[2m > [22m[2mApp[2m > [22m[2mInitial Rendering[2m > [22m[2mshould render navigation bar[22m[39m
🔍 Dashboard - Tickets bruts: [33m0[39m
🔍 Dashboard - Tickets filtrés: [33m0[39m
🔍 Dashboard - Filtres actifs: { filterPriority: [32m'all'[39m, filterStatus: [32m'all'[39m }
✅ Synthèse vocale disponible

[90mstderr[2m | src/__tests__/App.test.jsx[2m > [22m[2mApp[2m > [22m[2mInitial Rendering[2m > [22m[2mshould render navigation bar[22m[39m
Error: Uncaught [TypeError: (window.AudioContext || window.webkitAudioContext) is not a constructor]
    at reportException (C:\Users\v-nbayonne\meuble-de-france-chatbot\frontend\node_modules\jsdom\lib\jsdom\living\helpers\runtime-script-errors.js:66:24)
    at innerInvokeEventListeners (C:\Users\v-nbayonne\meuble-de-france-chatbot\frontend\node_modules\jsdom\lib\jsdom\living\events\EventTarget-impl.js:353:9)
    at invokeEventListeners (C:\Users\v-nbayonne\meuble-de-france-chatbot\frontend\node_modules\jsdom\lib\jsdom\living\events\EventTarget-impl.js:286:3)
    at HTMLUnknownElementImpl._dispatch (C:\Users\v-nbayonne\meuble-de-france-chatbot\frontend\node_modules\jsdom\lib\jsdom\living\events\EventTarget-impl.js:233:9)
    at HTMLUnknownElementImpl.dispatchEvent (C:\Users\v-nbayonne\meuble-de-france-chatbot\frontend\node_modules\jsdom\lib\jsdom\living\events\EventTarget-impl.js:104:17)
    at HTMLUnknownElement.dispatchEvent (C:\Users\v-nbayonne\meuble-de-france-chatbot\frontend\node_modules\jsdom\lib\jsdom\living\generated\EventTarget.js:241:34)
    at Object.invokeGuardedCallbackDev (C:\Users\v-nbayonne\meuble-de-france-chatbot\frontend\node_modules\react-dom\cjs\react-dom.development.js:4213:16)
    at invokeGuardedCallback (C:\Users\v-nbayonne\meuble-de-france-chatbot\frontend\node_modules\react-dom\cjs\react-dom.development.js:4277:31)
    at reportUncaughtErrorInDEV (C:\Users\v-nbayonne\meuble-de-france-chatbot\frontend\node_modules\react-dom\cjs\react-dom.development.js:22877:5)
    at captureCommitPhaseError (C:\Users\v-nbayonne\meuble-de-france-chatbot\frontend\node_modules\react-dom\cjs\react-dom.development.js:27165:5) TypeError: (window.AudioContext || window.webkitAudioContext) is not a constructor
    at [90mC:\Users\v-nbayonne\meuble-de-france-chatbot\frontend\[39msrc\components\VoiceChatWhisper.jsx:41:31
    at commitHookEffectListMount [90m(C:\Users\v-nbayonne\meuble-de-france-chatbot\frontend\[39mnode_modules\[4mreact-dom[24m\cjs\react-dom.development.js:23189:26[90m)[39m
    at commitPassiveMountOnFiber [90m(C:\Users\v-nbayonne\meuble-de-france-chatbot\frontend\[39mnode_modules\[4mreact-dom[24m\cjs\react-dom.development.js:24970:11[90m)[39m
    at commitPassiveMountEffects_complete [90m(C:\Users\v-nbayonne\meuble-de-france-chatbot\frontend\[39mnode_modules\[4mreact-dom[24m\cjs\react-dom.development.js:24930:9[90m)[39m
    at commitPassiveMountEffects_begin [90m(C:\Users\v-nbayonne\meuble-de-france-chatbot\frontend\[39mnode_modules\[4mreact-dom[24m\cjs\react-dom.development.js:24917:7[90m)[39m
    at commitPassiveMountEffects [90m(C:\Users\v-nbayonne\meuble-de-france-chatbot\frontend\[39mnode_modules\[4mreact-dom[24m\cjs\react-dom.development.js:24905:3[90m)[39m
    at flushPassiveEffectsImpl [90m(C:\Users\v-nbayonne\meuble-de-france-chatbot\frontend\[39mnode_modules\[4mreact-dom[24m\cjs\react-dom.development.js:27078:3[90m)[39m
    at flushPassiveEffects [90m(C:\Users\v-nbayonne\meuble-de-france-chatbot\frontend\[39mnode_modules\[4mreact-dom[24m\cjs\react-dom.development.js:27023:14[90m)[39m
    at [90mC:\Users\v-nbayonne\meuble-de-france-chatbot\frontend\[39mnode_modules\[4mreact-dom[24m\cjs\react-dom.development.js:26808:9
    at flushActQueue [90m(C:\Users\v-nbayonne\meuble-de-france-chatbot\frontend\[39mnode_modules\[4mreact[24m\cjs\react.development.js:2667:24[90m)[39m
The above error occurred in the <VoiceChatWhisper> component:

    at VoiceChatWhisper (C:\Users\v-nbayonne\meuble-de-france-chatbot\frontend\src\components\VoiceChatWhisper.jsx:11:29)
    at div
    at div
    at div
    at App (C:\Users\v-nbayonne\meuble-de-france-chatbot\frontend\src\App.jsx:14:63)

Consider adding an error boundary to your tree to customize error handling behavior.
Visit https://reactjs.org/link/error-boundaries to learn more about error boundaries.

[90mstdout[2m | src/__tests__/App.test.jsx[2m > [22m[2mApp[2m > [22m[2mInitial Rendering[2m > [22m[2mshould render chat view by default[22m[39m
🔍 Dashboard - Tickets bruts: [33m0[39m
🔍 Dashboard - Tickets filtrés: [33m0[39m
🔍 Dashboard - Filtres actifs: { filterPriority: [32m'all'[39m, filterStatus: [32m'all'[39m }
✅ Synthèse vocale disponible

[90mstderr[2m | src/__tests__/App.test.jsx[2m > [22m[2mApp[2m > [22m[2mInitial Rendering[2m > [22m[2mshould render chat view by default[22m[39m
Error: Uncaught [TypeError: (window.AudioContext || window.webkitAudioContext) is not a constructor]
    at reportException (C:\Users\v-nbayonne\meuble-de-france-chatbot\frontend\node_modules\jsdom\lib\jsdom\living\helpers\runtime-script-errors.js:66:24)
    at innerInvokeEventListeners (C:\Users\v-nbayonne\meuble-de-france-chatbot\frontend\node_modules\jsdom\lib\jsdom\living\events\EventTarget-impl.js:353:9)
    at invokeEventListeners (C:\Users\v-nbayonne\meuble-de-france-chatbot\frontend\node_modules\jsdom\lib\jsdom\living\events\EventTarget-impl.js:286:3)
    at HTMLUnknownElementImpl._dispatch (C:\Users\v-nbayonne\meuble-de-france-chatbot\frontend\node_modules\jsdom\lib\jsdom\living\events\EventTarget-impl.js:233:9)
    at HTMLUnknownElementImpl.dispatchEvent (C:\Users\v-nbayonne\meuble-de-france-chatbot\frontend\node_modules\jsdom\lib\jsdom\living\events\EventTarget-impl.js:104:17)
    at HTMLUnknownElement.dispatchEvent (C:\Users\v-nbayonne\meuble-de-france-chatbot\frontend\node_modules\jsdom\lib\jsdom\living\generated\EventTarget.js:241:34)
    at Object.invokeGuardedCallbackDev (C:\Users\v-nbayonne\meuble-de-france-chatbot\frontend\node_modules\react-dom\cjs\react-dom.development.js:4213:16)
    at invokeGuardedCallback (C:\Users\v-nbayonne\meuble-de-france-chatbot\frontend\node_modules\react-dom\cjs\react-dom.development.js:4277:31)
    at reportUncaughtErrorInDEV (C:\Users\v-nbayonne\meuble-de-france-chatbot\frontend\node_modules\react-dom\cjs\react-dom.development.js:22877:5)
    at captureCommitPhaseError (C:\Users\v-nbayonne\meuble-de-france-chatbot\frontend\node_modules\react-dom\cjs\react-dom.development.js:27165:5) TypeError: (window.AudioContext || window.webkitAudioContext) is not a constructor
    at [90mC:\Users\v-nbayonne\meuble-de-france-chatbot\frontend\[39msrc\components\VoiceChatWhisper.jsx:41:31
    at commitHookEffectListMount [90m(C:\Users\v-nbayonne\meuble-de-france-chatbot\frontend\[39mnode_modules\[4mreact-dom[24m\cjs\react-dom.development.js:23189:26[90m)[39m
    at commitPassiveMountOnFiber [90m(C:\Users\v-nbayonne\meuble-de-france-chatbot\frontend\[39mnode_modules\[4mreact-dom[24m\cjs\react-dom.development.js:24970:11[90m)[39m
    at commitPassiveMountEffects_complete [90m(C:\Users\v-nbayonne\meuble-de-france-chatbot\frontend\[39mnode_modules\[4mreact-dom[24m\cjs\react-dom.development.js:24930:9[90m)[39m
    at commitPassiveMountEffects_begin [90m(C:\Users\v-nbayonne\meuble-de-france-chatbot\frontend\[39mnode_modules\[4mreact-dom[24m\cjs\react-dom.development.js:24917:7[90m)[39m
    at commitPassiveMountEffects [90m(C:\Users\v-nbayonne\meuble-de-france-chatbot\frontend\[39mnode_modules\[4mreact-dom[24m\cjs\react-dom.development.js:24905:3[90m)[39m
    at flushPassiveEffectsImpl [90m(C:\Users\v-nbayonne\meuble-de-france-chatbot\frontend\[39mnode_modules\[4mreact-dom[24m\cjs\react-dom.development.js:27078:3[90m)[39m
    at flushPassiveEffects [90m(C:\Users\v-nbayonne\meuble-de-france-chatbot\frontend\[39mnode_modules\[4mreact-dom[24m\cjs\react-dom.development.js:27023:14[90m)[39m
    at [90mC:\Users\v-nbayonne\meuble-de-france-chatbot\frontend\[39mnode_modules\[4mreact-dom[24m\cjs\react-dom.development.js:26808:9
    at flushActQueue [90m(C:\Users\v-nbayonne\meuble-de-france-chatbot\frontend\[39mnode_modules\[4mreact[24m\cjs\react.development.js:2667:24[90m)[39m
The above error occurred in the <VoiceChatWhisper> component:

    at VoiceChatWhisper (C:\Users\v-nbayonne\meuble-de-france-chatbot\frontend\src\components\VoiceChatWhisper.jsx:11:29)
    at div
    at div
    at div
    at App (C:\Users\v-nbayonne\meuble-de-france-chatbot\frontend\src\App.jsx:14:63)

Consider adding an error boundary to your tree to customize error handling behavior.
Visit https://reactjs.org/link/error-boundaries to learn more about error boundaries.

[90mstdout[2m | src/__tests__/App.test.jsx[2m > [22m[2mApp[2m > [22m[2mInitial Rendering[2m > [22m[2mshould have navigation buttons[22m[39m
🔍 Dashboard - Tickets bruts: [33m0[39m
🔍 Dashboard - Tickets filtrés: [33m0[39m
🔍 Dashboard - Filtres actifs: { filterPriority: [32m'all'[39m, filterStatus: [32m'all'[39m }
✅ Synthèse vocale disponible

[90mstderr[2m | src/__tests__/App.test.jsx[2m > [22m[2mApp[2m > [22m[2mInitial Rendering[2m > [22m[2mshould have navigation buttons[22m[39m
Error: Uncaught [TypeError: (window.AudioContext || window.webkitAudioContext) is not a constructor]
    at reportException (C:\Users\v-nbayonne\meuble-de-france-chatbot\frontend\node_modules\jsdom\lib\jsdom\living\helpers\runtime-script-errors.js:66:24)
    at innerInvokeEventListeners (C:\Users\v-nbayonne\meuble-de-france-chatbot\frontend\node_modules\jsdom\lib\jsdom\living\events\EventTarget-impl.js:353:9)
    at invokeEventListeners (C:\Users\v-nbayonne\meuble-de-france-chatbot\frontend\node_modules\jsdom\lib\jsdom\living\events\EventTarget-impl.js:286:3)
    at HTMLUnknownElementImpl._dispatch (C:\Users\v-nbayonne\meuble-de-france-chatbot\frontend\node_modules\jsdom\lib\jsdom\living\events\EventTarget-impl.js:233:9)
    at HTMLUnknownElementImpl.dispatchEvent (C:\Users\v-nbayonne\meuble-de-france-chatbot\frontend\node_modules\jsdom\lib\jsdom\living\events\EventTarget-impl.js:104:17)
    at HTMLUnknownElement.dispatchEvent (C:\Users\v-nbayonne\meuble-de-france-chatbot\frontend\node_modules\jsdom\lib\jsdom\living\generated\EventTarget.js:241:34)
    at Object.invokeGuardedCallbackDev (C:\Users\v-nbayonne\meuble-de-france-chatbot\frontend\node_modules\react-dom\cjs\react-dom.development.js:4213:16)
    at invokeGuardedCallback (C:\Users\v-nbayonne\meuble-de-france-chatbot\frontend\node_modules\react-dom\cjs\react-dom.development.js:4277:31)
    at reportUncaughtErrorInDEV (C:\Users\v-nbayonne\meuble-de-france-chatbot\frontend\node_modules\react-dom\cjs\react-dom.development.js:22877:5)
    at captureCommitPhaseError (C:\Users\v-nbayonne\meuble-de-france-chatbot\frontend\node_modules\react-dom\cjs\react-dom.development.js:27165:5) TypeError: (window.AudioContext || window.webkitAudioContext) is not a constructor
    at [90mC:\Users\v-nbayonne\meuble-de-france-chatbot\frontend\[39msrc\components\VoiceChatWhisper.jsx:41:31
    at commitHookEffectListMount [90m(C:\Users\v-nbayonne\meuble-de-france-chatbot\frontend\[39mnode_modules\[4mreact-dom[24m\cjs\react-dom.development.js:23189:26[90m)[39m
    at commitPassiveMountOnFiber [90m(C:\Users\v-nbayonne\meuble-de-france-chatbot\frontend\[39mnode_modules\[4mreact-dom[24m\cjs\react-dom.development.js:24970:11[90m)[39m
    at commitPassiveMountEffects_complete [90m(C:\Users\v-nbayonne\meuble-de-france-chatbot\frontend\[39mnode_modules\[4mreact-dom[24m\cjs\react-dom.development.js:24930:9[90m)[39m
    at commitPassiveMountEffects_begin [90m(C:\Users\v-nbayonne\meuble-de-france-chatbot\frontend\[39mnode_modules\[4mreact-dom[24m\cjs\react-dom.development.js:24917:7[90m)[39m
    at commitPassiveMountEffects [90m(C:\Users\v-nbayonne\meuble-de-france-chatbot\frontend\[39mnode_modules\[4mreact-dom[24m\cjs\react-dom.development.js:24905:3[90m)[39m
    at flushPassiveEffectsImpl [90m(C:\Users\v-nbayonne\meuble-de-france-chatbot\frontend\[39mnode_modules\[4mreact-dom[24m\cjs\react-dom.development.js:27078:3[90m)[39m
    at flushPassiveEffects [90m(C:\Users\v-nbayonne\meuble-de-france-chatbot\frontend\[39mnode_modules\[4mreact-dom[24m\cjs\react-dom.development.js:27023:14[90m)[39m
    at [90mC:\Users\v-nbayonne\meuble-de-france-chatbot\frontend\[39mnode_modules\[4mreact-dom[24m\cjs\react-dom.development.js:26808:9
    at flushActQueue [90m(C:\Users\v-nbayonne\meuble-de-france-chatbot\frontend\[39mnode_modules\[4mreact[24m\cjs\react.development.js:2667:24[90m)[39m
The above error occurred in the <VoiceChatWhisper> component:

    at VoiceChatWhisper (C:\Users\v-nbayonne\meuble-de-france-chatbot\frontend\src\components\VoiceChatWhisper.jsx:11:29)
    at div
    at div
    at div
    at App (C:\Users\v-nbayonne\meuble-de-france-chatbot\frontend\src\App.jsx:14:63)

Consider adding an error boundary to your tree to customize error handling behavior.
Visit https://reactjs.org/link/error-boundaries to learn more about error boundaries.

[90mstderr[2m | src/__tests__/App.test.jsx[2m > [22m[2mApp[2m > [22m[2mInitial Rendering[22m[39m
[MSW] Warning: intercepted a request without a matching request handler:

  • GET /api/sav/tickets

If you still wish to intercept this unhandled request, please create a request handler for it.
Read more: https://mswjs.io/docs/http/intercepting-requests
[MSW] Warning: intercepted a request without a matching request handler:

  • GET /api/sav/tickets

If you still wish to intercept this unhandled request, please create a request handler for it.
Read more: https://mswjs.io/docs/http/intercepting-requests
[MSW] Warning: intercepted a request without a matching request handler:

  • GET /api/sav/tickets

If you still wish to intercept this unhandled request, please create a request handler for it.
Read more: https://mswjs.io/docs/http/intercepting-requests

[90mstdout[2m | src/__tests__/App.test.jsx[2m > [22m[2mApp[2m > [22m[2mNavigation[2m > [22m[2mshould switch to dashboard view when dashboard button clicked[22m[39m
🔍 Dashboard - Tickets bruts: [33m0[39m
🔍 Dashboard - Tickets filtrés: [33m0[39m
🔍 Dashboard - Filtres actifs: { filterPriority: [32m'all'[39m, filterStatus: [32m'all'[39m }
✅ Synthèse vocale disponible

[90mstderr[2m | src/__tests__/App.test.jsx[2m > [22m[2mApp[2m > [22m[2mNavigation[2m > [22m[2mshould switch to dashboard view when dashboard button clicked[22m[39m
Error: Uncaught [TypeError: (window.AudioContext || window.webkitAudioContext) is not a constructor]
    at reportException (C:\Users\v-nbayonne\meuble-de-france-chatbot\frontend\node_modules\jsdom\lib\jsdom\living\helpers\runtime-script-errors.js:66:24)
    at innerInvokeEventListeners (C:\Users\v-nbayonne\meuble-de-france-chatbot\frontend\node_modules\jsdom\lib\jsdom\living\events\EventTarget-impl.js:353:9)
    at invokeEventListeners (C:\Users\v-nbayonne\meuble-de-france-chatbot\frontend\node_modules\jsdom\lib\jsdom\living\events\EventTarget-impl.js:286:3)
    at HTMLUnknownElementImpl._dispatch (C:\Users\v-nbayonne\meuble-de-france-chatbot\frontend\node_modules\jsdom\lib\jsdom\living\events\EventTarget-impl.js:233:9)
    at HTMLUnknownElementImpl.dispatchEvent (C:\Users\v-nbayonne\meuble-de-france-chatbot\frontend\node_modules\jsdom\lib\jsdom\living\events\EventTarget-impl.js:104:17)
    at HTMLUnknownElement.dispatchEvent (C:\Users\v-nbayonne\meuble-de-france-chatbot\frontend\node_modules\jsdom\lib\jsdom\living\generated\EventTarget.js:241:34)
    at Object.invokeGuardedCallbackDev (C:\Users\v-nbayonne\meuble-de-france-chatbot\frontend\node_modules\react-dom\cjs\react-dom.development.js:4213:16)
    at invokeGuardedCallback (C:\Users\v-nbayonne\meuble-de-france-chatbot\frontend\node_modules\react-dom\cjs\react-dom.development.js:4277:31)
    at reportUncaughtErrorInDEV (C:\Users\v-nbayonne\meuble-de-france-chatbot\frontend\node_modules\react-dom\cjs\react-dom.development.js:22877:5)
    at captureCommitPhaseError (C:\Users\v-nbayonne\meuble-de-france-chatbot\frontend\node_modules\react-dom\cjs\react-dom.development.js:27165:5) TypeError: (window.AudioContext || window.webkitAudioContext) is not a constructor
    at [90mC:\Users\v-nbayonne\meuble-de-france-chatbot\frontend\[39msrc\components\VoiceChatWhisper.jsx:41:31
    at commitHookEffectListMount [90m(C:\Users\v-nbayonne\meuble-de-france-chatbot\frontend\[39mnode_modules\[4mreact-dom[24m\cjs\react-dom.development.js:23189:26[90m)[39m
    at commitPassiveMountOnFiber [90m(C:\Users\v-nbayonne\meuble-de-france-chatbot\frontend\[39mnode_modules\[4mreact-dom[24m\cjs\react-dom.development.js:24970:11[90m)[39m
    at commitPassiveMountEffects_complete [90m(C:\Users\v-nbayonne\meuble-de-france-chatbot\frontend\[39mnode_modules\[4mreact-dom[24m\cjs\react-dom.development.js:24930:9[90m)[39m
    at commitPassiveMountEffects_begin [90m(C:\Users\v-nbayonne\meuble-de-france-chatbot\frontend\[39mnode_modules\[4mreact-dom[24m\cjs\react-dom.development.js:24917:7[90m)[39m
    at commitPassiveMountEffects [90m(C:\Users\v-nbayonne\meuble-de-france-chatbot\frontend\[39mnode_modules\[4mreact-dom[24m\cjs\react-dom.development.js:24905:3[90m)[39m
    at flushPassiveEffectsImpl [90m(C:\Users\v-nbayonne\meuble-de-france-chatbot\frontend\[39mnode_modules\[4mreact-dom[24m\cjs\react-dom.development.js:27078:3[90m)[39m
    at flushPassiveEffects [90m(C:\Users\v-nbayonne\meuble-de-france-chatbot\frontend\[39mnode_modules\[4mreact-dom[24m\cjs\react-dom.development.js:27023:14[90m)[39m
    at [90mC:\Users\v-nbayonne\meuble-de-france-chatbot\frontend\[39mnode_modules\[4mreact-dom[24m\cjs\react-dom.development.js:26808:9
    at flushActQueue [90m(C:\Users\v-nbayonne\meuble-de-france-chatbot\frontend\[39mnode_modules\[4mreact[24m\cjs\react.development.js:2667:24[90m)[39m
The above error occurred in the <VoiceChatWhisper> component:

    at VoiceChatWhisper (C:\Users\v-nbayonne\meuble-de-france-chatbot\frontend\src\components\VoiceChatWhisper.jsx:11:29)
    at div
    at div
    at div
    at App (C:\Users\v-nbayonne\meuble-de-france-chatbot\frontend\src\App.jsx:14:63)

Consider adding an error boundary to your tree to customize error handling behavior.
Visit https://reactjs.org/link/error-boundaries to learn more about error boundaries.

[90mstdout[2m | src/__tests__/App.test.jsx[2m > [22m[2mApp[2m > [22m[2mNavigation[2m > [22m[2mshould switch to voice view when voice button clicked[22m[39m
🔍 Dashboard - Tickets bruts: [33m0[39m
🔍 Dashboard - Tickets filtrés: [33m0[39m
🔍 Dashboard - Filtres actifs: { filterPriority: [32m'all'[39m, filterStatus: [32m'all'[39m }
✅ Synthèse vocale disponible

[90mstderr[2m | src/__tests__/App.test.jsx[2m > [22m[2mApp[2m > [22m[2mNavigation[2m > [22m[2mshould switch to voice view when voice button clicked[22m[39m
Error: Uncaught [TypeError: (window.AudioContext || window.webkitAudioContext) is not a constructor]
    at reportException (C:\Users\v-nbayonne\meuble-de-france-chatbot\frontend\node_modules\jsdom\lib\jsdom\living\helpers\runtime-script-errors.js:66:24)
    at innerInvokeEventListeners (C:\Users\v-nbayonne\meuble-de-france-chatbot\frontend\node_modules\jsdom\lib\jsdom\living\events\EventTarget-impl.js:353:9)
    at invokeEventListeners (C:\Users\v-nbayonne\meuble-de-france-chatbot\frontend\node_modules\jsdom\lib\jsdom\living\events\EventTarget-impl.js:286:3)
    at HTMLUnknownElementImpl._dispatch (C:\Users\v-nbayonne\meuble-de-france-chatbot\frontend\node_modules\jsdom\lib\jsdom\living\events\EventTarget-impl.js:233:9)
    at HTMLUnknownElementImpl.dispatchEvent (C:\Users\v-nbayonne\meuble-de-france-chatbot\frontend\node_modules\jsdom\lib\jsdom\living\events\EventTarget-impl.js:104:17)
    at HTMLUnknownElement.dispatchEvent (C:\Users\v-nbayonne\meuble-de-france-chatbot\frontend\node_modules\jsdom\lib\jsdom\living\generated\EventTarget.js:241:34)
    at Object.invokeGuardedCallbackDev (C:\Users\v-nbayonne\meuble-de-france-chatbot\frontend\node_modules\react-dom\cjs\react-dom.development.js:4213:16)
    at invokeGuardedCallback (C:\Users\v-nbayonne\meuble-de-france-chatbot\frontend\node_modules\react-dom\cjs\react-dom.development.js:4277:31)
    at reportUncaughtErrorInDEV (C:\Users\v-nbayonne\meuble-de-france-chatbot\frontend\node_modules\react-dom\cjs\react-dom.development.js:22877:5)
    at captureCommitPhaseError (C:\Users\v-nbayonne\meuble-de-france-chatbot\frontend\node_modules\react-dom\cjs\react-dom.development.js:27165:5) TypeError: (window.AudioContext || window.webkitAudioContext) is not a constructor
    at [90mC:\Users\v-nbayonne\meuble-de-france-chatbot\frontend\[39msrc\components\VoiceChatWhisper.jsx:41:31
    at commitHookEffectListMount [90m(C:\Users\v-nbayonne\meuble-de-france-chatbot\frontend\[39mnode_modules\[4mreact-dom[24m\cjs\react-dom.development.js:23189:26[90m)[39m
    at commitPassiveMountOnFiber [90m(C:\Users\v-nbayonne\meuble-de-france-chatbot\frontend\[39mnode_modules\[4mreact-dom[24m\cjs\react-dom.development.js:24970:11[90m)[39m
    at commitPassiveMountEffects_complete [90m(C:\Users\v-nbayonne\meuble-de-france-chatbot\frontend\[39mnode_modules\[4mreact-dom[24m\cjs\react-dom.development.js:24930:9[90m)[39m
    at commitPassiveMountEffects_begin [90m(C:\Users\v-nbayonne\meuble-de-france-chatbot\frontend\[39mnode_modules\[4mreact-dom[24m\cjs\react-dom.development.js:24917:7[90m)[39m
    at commitPassiveMountEffects [90m(C:\Users\v-nbayonne\meuble-de-france-chatbot\frontend\[39mnode_modules\[4mreact-dom[24m\cjs\react-dom.development.js:24905:3[90m)[39m
    at flushPassiveEffectsImpl [90m(C:\Users\v-nbayonne\meuble-de-france-chatbot\frontend\[39mnode_modules\[4mreact-dom[24m\cjs\react-dom.development.js:27078:3[90m)[39m
    at flushPassiveEffects [90m(C:\Users\v-nbayonne\meuble-de-france-chatbot\frontend\[39mnode_modules\[4mreact-dom[24m\cjs\react-dom.development.js:27023:14[90m)[39m
    at [90mC:\Users\v-nbayonne\meuble-de-france-chatbot\frontend\[39mnode_modules\[4mreact-dom[24m\cjs\react-dom.development.js:26808:9
    at flushActQueue [90m(C:\Users\v-nbayonne\meuble-de-france-chatbot\frontend\[39mnode_modules\[4mreact[24m\cjs\react.development.js:2667:24[90m)[39m
The above error occurred in the <VoiceChatWhisper> component:

    at VoiceChatWhisper (C:\Users\v-nbayonne\meuble-de-france-chatbot\frontend\src\components\VoiceChatWhisper.jsx:11:29)
    at div
    at div
    at div
    at App (C:\Users\v-nbayonne\meuble-de-france-chatbot\frontend\src\App.jsx:14:63)

Consider adding an error boundary to your tree to customize error handling behavior.
Visit https://reactjs.org/link/error-boundaries to learn more about error boundaries.

[90mstdout[2m | src/__tests__/App.test.jsx[2m > [22m[2mApp[2m > [22m[2mNavigation[2m > [22m[2mshould switch back to chat view[22m[39m
🔍 Dashboard - Tickets bruts: [33m0[39m
🔍 Dashboard - Tickets filtrés: [33m0[39m
🔍 Dashboard - Filtres actifs: { filterPriority: [32m'all'[39m, filterStatus: [32m'all'[39m }
✅ Synthèse vocale disponible

[90mstderr[2m | src/__tests__/App.test.jsx[2m > [22m[2mApp[2m > [22m[2mNavigation[2m > [22m[2mshould switch back to chat view[22m[39m
Error: Uncaught [TypeError: (window.AudioContext || window.webkitAudioContext) is not a constructor]
    at reportException (C:\Users\v-nbayonne\meuble-de-france-chatbot\frontend\node_modules\jsdom\lib\jsdom\living\helpers\runtime-script-errors.js:66:24)
    at innerInvokeEventListeners (C:\Users\v-nbayonne\meuble-de-france-chatbot\frontend\node_modules\jsdom\lib\jsdom\living\events\EventTarget-impl.js:353:9)
    at invokeEventListeners (C:\Users\v-nbayonne\meuble-de-france-chatbot\frontend\node_modules\jsdom\lib\jsdom\living\events\EventTarget-impl.js:286:3)
    at HTMLUnknownElementImpl._dispatch (C:\Users\v-nbayonne\meuble-de-france-chatbot\frontend\node_modules\jsdom\lib\jsdom\living\events\EventTarget-impl.js:233:9)
    at HTMLUnknownElementImpl.dispatchEvent (C:\Users\v-nbayonne\meuble-de-france-chatbot\frontend\node_modules\jsdom\lib\jsdom\living\events\EventTarget-impl.js:104:17)
    at HTMLUnknownElement.dispatchEvent (C:\Users\v-nbayonne\meuble-de-france-chatbot\frontend\node_modules\jsdom\lib\jsdom\living\generated\EventTarget.js:241:34)
    at Object.invokeGuardedCallbackDev (C:\Users\v-nbayonne\meuble-de-france-chatbot\frontend\node_modules\react-dom\cjs\react-dom.development.js:4213:16)
    at invokeGuardedCallback (C:\Users\v-nbayonne\meuble-de-france-chatbot\frontend\node_modules\react-dom\cjs\react-dom.development.js:4277:31)
    at reportUncaughtErrorInDEV (C:\Users\v-nbayonne\meuble-de-france-chatbot\frontend\node_modules\react-dom\cjs\react-dom.development.js:22877:5)
    at captureCommitPhaseError (C:\Users\v-nbayonne\meuble-de-france-chatbot\frontend\node_modules\react-dom\cjs\react-dom.development.js:27165:5) TypeError: (window.AudioContext || window.webkitAudioContext) is not a constructor
    at [90mC:\Users\v-nbayonne\meuble-de-france-chatbot\frontend\[39msrc\components\VoiceChatWhisper.jsx:41:31
    at commitHookEffectListMount [90m(C:\Users\v-nbayonne\meuble-de-france-chatbot\frontend\[39mnode_modules\[4mreact-dom[24m\cjs\react-dom.development.js:23189:26[90m)[39m
    at commitPassiveMountOnFiber [90m(C:\Users\v-nbayonne\meuble-de-france-chatbot\frontend\[39mnode_modules\[4mreact-dom[24m\cjs\react-dom.development.js:24970:11[90m)[39m
    at commitPassiveMountEffects_complete [90m(C:\Users\v-nbayonne\meuble-de-france-chatbot\frontend\[39mnode_modules\[4mreact-dom[24m\cjs\react-dom.development.js:24930:9[90m)[39m
    at commitPassiveMountEffects_begin [90m(C:\Users\v-nbayonne\meuble-de-france-chatbot\frontend\[39mnode_modules\[4mreact-dom[24m\cjs\react-dom.development.js:24917:7[90m)[39m
    at commitPassiveMountEffects [90m(C:\Users\v-nbayonne\meuble-de-france-chatbot\frontend\[39mnode_modules\[4mreact-dom[24m\cjs\react-dom.development.js:24905:3[90m)[39m
    at flushPassiveEffectsImpl [90m(C:\Users\v-nbayonne\meuble-de-france-chatbot\frontend\[39mnode_modules\[4mreact-dom[24m\cjs\react-dom.development.js:27078:3[90m)[39m
    at flushPassiveEffects [90m(C:\Users\v-nbayonne\meuble-de-france-chatbot\frontend\[39mnode_modules\[4mreact-dom[24m\cjs\react-dom.development.js:27023:14[90m)[39m
    at [90mC:\Users\v-nbayonne\meuble-de-france-chatbot\frontend\[39mnode_modules\[4mreact-dom[24m\cjs\react-dom.development.js:26808:9
    at flushActQueue [90m(C:\Users\v-nbayonne\meuble-de-france-chatbot\frontend\[39mnode_modules\[4mreact[24m\cjs\react.development.js:2667:24[90m)[39m
The above error occurred in the <VoiceChatWhisper> component:

    at VoiceChatWhisper (C:\Users\v-nbayonne\meuble-de-france-chatbot\frontend\src\components\VoiceChatWhisper.jsx:11:29)
    at div
    at div
    at div
    at App (C:\Users\v-nbayonne\meuble-de-france-chatbot\frontend\src\App.jsx:14:63)

Consider adding an error boundary to your tree to customize error handling behavior.
Visit https://reactjs.org/link/error-boundaries to learn more about error boundaries.

[90mstdout[2m | src/__tests__/App.test.jsx[2m > [22m[2mApp[2m > [22m[2mNavigation[2m > [22m[2mshould highlight active navigation button[22m[39m
🔍 Dashboard - Tickets bruts: [33m0[39m
🔍 Dashboard - Tickets filtrés: [33m0[39m
🔍 Dashboard - Filtres actifs: { filterPriority: [32m'all'[39m, filterStatus: [32m'all'[39m }
✅ Synthèse vocale disponible

[90mstderr[2m | src/__tests__/App.test.jsx[2m > [22m[2mApp[2m > [22m[2mNavigation[2m > [22m[2mshould highlight active navigation button[22m[39m
Error: Uncaught [TypeError: (window.AudioContext || window.webkitAudioContext) is not a constructor]
    at reportException (C:\Users\v-nbayonne\meuble-de-france-chatbot\frontend\node_modules\jsdom\lib\jsdom\living\helpers\runtime-script-errors.js:66:24)
    at innerInvokeEventListeners (C:\Users\v-nbayonne\meuble-de-france-chatbot\frontend\node_modules\jsdom\lib\jsdom\living\events\EventTarget-impl.js:353:9)
    at invokeEventListeners (C:\Users\v-nbayonne\meuble-de-france-chatbot\frontend\node_modules\jsdom\lib\jsdom\living\events\EventTarget-impl.js:286:3)
    at HTMLUnknownElementImpl._dispatch (C:\Users\v-nbayonne\meuble-de-france-chatbot\frontend\node_modules\jsdom\lib\jsdom\living\events\EventTarget-impl.js:233:9)
    at HTMLUnknownElementImpl.dispatchEvent (C:\Users\v-nbayonne\meuble-de-france-chatbot\frontend\node_modules\jsdom\lib\jsdom\living\events\EventTarget-impl.js:104:17)
    at HTMLUnknownElement.dispatchEvent (C:\Users\v-nbayonne\meuble-de-france-chatbot\frontend\node_modules\jsdom\lib\jsdom\living\generated\EventTarget.js:241:34)
    at Object.invokeGuardedCallbackDev (C:\Users\v-nbayonne\meuble-de-france-chatbot\frontend\node_modules\react-dom\cjs\react-dom.development.js:4213:16)
    at invokeGuardedCallback (C:\Users\v-nbayonne\meuble-de-france-chatbot\frontend\node_modules\react-dom\cjs\react-dom.development.js:4277:31)
    at reportUncaughtErrorInDEV (C:\Users\v-nbayonne\meuble-de-france-chatbot\frontend\node_modules\react-dom\cjs\react-dom.development.js:22877:5)
    at captureCommitPhaseError (C:\Users\v-nbayonne\meuble-de-france-chatbot\frontend\node_modules\react-dom\cjs\react-dom.development.js:27165:5) TypeError: (window.AudioContext || window.webkitAudioContext) is not a constructor
    at [90mC:\Users\v-nbayonne\meuble-de-france-chatbot\frontend\[39msrc\components\VoiceChatWhisper.jsx:41:31
    at commitHookEffectListMount [90m(C:\Users\v-nbayonne\meuble-de-france-chatbot\frontend\[39mnode_modules\[4mreact-dom[24m\cjs\react-dom.development.js:23189:26[90m)[39m
    at commitPassiveMountOnFiber [90m(C:\Users\v-nbayonne\meuble-de-france-chatbot\frontend\[39mnode_modules\[4mreact-dom[24m\cjs\react-dom.development.js:24970:11[90m)[39m
    at commitPassiveMountEffects_complete [90m(C:\Users\v-nbayonne\meuble-de-france-chatbot\frontend\[39mnode_modules\[4mreact-dom[24m\cjs\react-dom.development.js:24930:9[90m)[39m
    at commitPassiveMountEffects_begin [90m(C:\Users\v-nbayonne\meuble-de-france-chatbot\frontend\[39mnode_modules\[4mreact-dom[24m\cjs\react-dom.development.js:24917:7[90m)[39m
    at commitPassiveMountEffects [90m(C:\Users\v-nbayonne\meuble-de-france-chatbot\frontend\[39mnode_modules\[4mreact-dom[24m\cjs\react-dom.development.js:24905:3[90m)[39m
    at flushPassiveEffectsImpl [90m(C:\Users\v-nbayonne\meuble-de-france-chatbot\frontend\[39mnode_modules\[4mreact-dom[24m\cjs\react-dom.development.js:27078:3[90m)[39m
    at flushPassiveEffects [90m(C:\Users\v-nbayonne\meuble-de-france-chatbot\frontend\[39mnode_modules\[4mreact-dom[24m\cjs\react-dom.development.js:27023:14[90m)[39m
    at [90mC:\Users\v-nbayonne\meuble-de-france-chatbot\frontend\[39mnode_modules\[4mreact-dom[24m\cjs\react-dom.development.js:26808:9
    at flushActQueue [90m(C:\Users\v-nbayonne\meuble-de-france-chatbot\frontend\[39mnode_modules\[4mreact[24m\cjs\react.development.js:2667:24[90m)[39m
The above error occurred in the <VoiceChatWhisper> component:

    at VoiceChatWhisper (C:\Users\v-nbayonne\meuble-de-france-chatbot\frontend\src\components\VoiceChatWhisper.jsx:11:29)
    at div
    at div
    at div
    at App (C:\Users\v-nbayonne\meuble-de-france-chatbot\frontend\src\App.jsx:14:63)

Consider adding an error boundary to your tree to customize error handling behavior.
Visit https://reactjs.org/link/error-boundaries to learn more about error boundaries.

[90mstderr[2m | src/__tests__/App.test.jsx[2m > [22m[2mApp[2m > [22m[2mNavigation[22m[39m
[MSW] Warning: intercepted a request without a matching request handler:

  • GET /api/sav/tickets

If you still wish to intercept this unhandled request, please create a request handler for it.
Read more: https://mswjs.io/docs/http/intercepting-requests
[MSW] Warning: intercepted a request without a matching request handler:

  • GET /api/sav/tickets

If you still wish to intercept this unhandled request, please create a request handler for it.
Read more: https://mswjs.io/docs/http/intercepting-requests
[MSW] Warning: intercepted a request without a matching request handler:

  • GET /api/sav/tickets

If you still wish to intercept this unhandled request, please create a request handler for it.
Read more: https://mswjs.io/docs/http/intercepting-requests
[MSW] Warning: intercepted a request without a matching request handler:

  • GET /api/sav/tickets

If you still wish to intercept this unhandled request, please create a request handler for it.
Read more: https://mswjs.io/docs/http/intercepting-requests

[90mstdout[2m | src/__tests__/App.test.jsx[2m > [22m[2mApp[2m > [22m[2mComponent Persistence[2m > [22m[2mshould preserve component state when switching views[22m[39m
🔍 Dashboard - Tickets bruts: [33m0[39m
🔍 Dashboard - Tickets filtrés: [33m0[39m
🔍 Dashboard - Filtres actifs: { filterPriority: [32m'all'[39m, filterStatus: [32m'all'[39m }
✅ Synthèse vocale disponible

[90mstderr[2m | src/__tests__/App.test.jsx[2m > [22m[2mApp[2m > [22m[2mComponent Persistence[2m > [22m[2mshould preserve component state when switching views[22m[39m
Error: Uncaught [TypeError: (window.AudioContext || window.webkitAudioContext) is not a constructor]
    at reportException (C:\Users\v-nbayonne\meuble-de-france-chatbot\frontend\node_modules\jsdom\lib\jsdom\living\helpers\runtime-script-errors.js:66:24)
    at innerInvokeEventListeners (C:\Users\v-nbayonne\meuble-de-france-chatbot\frontend\node_modules\jsdom\lib\jsdom\living\events\EventTarget-impl.js:353:9)
    at invokeEventListeners (C:\Users\v-nbayonne\meuble-de-france-chatbot\frontend\node_modules\jsdom\lib\jsdom\living\events\EventTarget-impl.js:286:3)
    at HTMLUnknownElementImpl._dispatch (C:\Users\v-nbayonne\meuble-de-france-chatbot\frontend\node_modules\jsdom\lib\jsdom\living\events\EventTarget-impl.js:233:9)
    at HTMLUnknownElementImpl.dispatchEvent (C:\Users\v-nbayonne\meuble-de-france-chatbot\frontend\node_modules\jsdom\lib\jsdom\living\events\EventTarget-impl.js:104:17)
    at HTMLUnknownElement.dispatchEvent (C:\Users\v-nbayonne\meuble-de-france-chatbot\frontend\node_modules\jsdom\lib\jsdom\living\generated\EventTarget.js:241:34)
    at Object.invokeGuardedCallbackDev (C:\Users\v-nbayonne\meuble-de-france-chatbot\frontend\node_modules\react-dom\cjs\react-dom.development.js:4213:16)
    at invokeGuardedCallback (C:\Users\v-nbayonne\meuble-de-france-chatbot\frontend\node_modules\react-dom\cjs\react-dom.development.js:4277:31)
    at reportUncaughtErrorInDEV (C:\Users\v-nbayonne\meuble-de-france-chatbot\frontend\node_modules\react-dom\cjs\react-dom.development.js:22877:5)
    at captureCommitPhaseError (C:\Users\v-nbayonne\meuble-de-france-chatbot\frontend\node_modules\react-dom\cjs\react-dom.development.js:27165:5) TypeError: (window.AudioContext || window.webkitAudioContext) is not a constructor
    at [90mC:\Users\v-nbayonne\meuble-de-france-chatbot\frontend\[39msrc\components\VoiceChatWhisper.jsx:41:31
    at commitHookEffectListMount [90m(C:\Users\v-nbayonne\meuble-de-france-chatbot\frontend\[39mnode_modules\[4mreact-dom[24m\cjs\react-dom.development.js:23189:26[90m)[39m
    at commitPassiveMountOnFiber [90m(C:\Users\v-nbayonne\meuble-de-france-chatbot\frontend\[39mnode_modules\[4mreact-dom[24m\cjs\react-dom.development.js:24970:11[90m)[39m
    at commitPassiveMountEffects_complete [90m(C:\Users\v-nbayonne\meuble-de-france-chatbot\frontend\[39mnode_modules\[4mreact-dom[24m\cjs\react-dom.development.js:24930:9[90m)[39m
    at commitPassiveMountEffects_begin [90m(C:\Users\v-nbayonne\meuble-de-france-chatbot\frontend\[39mnode_modules\[4mreact-dom[24m\cjs\react-dom.development.js:24917:7[90m)[39m
    at commitPassiveMountEffects [90m(C:\Users\v-nbayonne\meuble-de-france-chatbot\frontend\[39mnode_modules\[4mreact-dom[24m\cjs\react-dom.development.js:24905:3[90m)[39m
    at flushPassiveEffectsImpl [90m(C:\Users\v-nbayonne\meuble-de-france-chatbot\frontend\[39mnode_modules\[4mreact-dom[24m\cjs\react-dom.development.js:27078:3[90m)[39m
    at flushPassiveEffects [90m(C:\Users\v-nbayonne\meuble-de-france-chatbot\frontend\[39mnode_modules\[4mreact-dom[24m\cjs\react-dom.development.js:27023:14[90m)[39m
    at [90mC:\Users\v-nbayonne\meuble-de-france-chatbot\frontend\[39mnode_modules\[4mreact-dom[24m\cjs\react-dom.development.js:26808:9
    at flushActQueue [90m(C:\Users\v-nbayonne\meuble-de-france-chatbot\frontend\[39mnode_modules\[4mreact[24m\cjs\react.development.js:2667:24[90m)[39m
The above error occurred in the <VoiceChatWhisper> component:

    at VoiceChatWhisper (C:\Users\v-nbayonne\meuble-de-france-chatbot\frontend\src\components\VoiceChatWhisper.jsx:11:29)
    at div
    at div
    at div
    at App (C:\Users\v-nbayonne\meuble-de-france-chatbot\frontend\src\App.jsx:14:63)

Consider adding an error boundary to your tree to customize error handling behavior.
Visit https://reactjs.org/link/error-boundaries to learn more about error boundaries.

[90mstderr[2m | src/__tests__/App.test.jsx[2m > [22m[2mApp[2m > [22m[2mComponent Persistence[22m[39m
[MSW] Warning: intercepted a request without a matching request handler:

  • GET /api/sav/tickets

If you still wish to intercept this unhandled request, please create a request handler for it.
Read more: https://mswjs.io/docs/http/intercepting-requests

[90mstdout[2m | src/__tests__/App.test.jsx[2m > [22m[2mApp[2m > [22m[2mLayout[2m > [22m[2mshould have full-screen layout[22m[39m
🔍 Dashboard - Tickets bruts: [33m0[39m
🔍 Dashboard - Tickets filtrés: [33m0[39m
🔍 Dashboard - Filtres actifs: { filterPriority: [32m'all'[39m, filterStatus: [32m'all'[39m }
✅ Synthèse vocale disponible

[90mstderr[2m | src/__tests__/App.test.jsx[2m > [22m[2mApp[2m > [22m[2mLayout[2m > [22m[2mshould have full-screen layout[22m[39m
Error: Uncaught [TypeError: (window.AudioContext || window.webkitAudioContext) is not a constructor]
    at reportException (C:\Users\v-nbayonne\meuble-de-france-chatbot\frontend\node_modules\jsdom\lib\jsdom\living\helpers\runtime-script-errors.js:66:24)
    at innerInvokeEventListeners (C:\Users\v-nbayonne\meuble-de-france-chatbot\frontend\node_modules\jsdom\lib\jsdom\living\events\EventTarget-impl.js:353:9)
    at invokeEventListeners (C:\Users\v-nbayonne\meuble-de-france-chatbot\frontend\node_modules\jsdom\lib\jsdom\living\events\EventTarget-impl.js:286:3)
    at HTMLUnknownElementImpl._dispatch (C:\Users\v-nbayonne\meuble-de-france-chatbot\frontend\node_modules\jsdom\lib\jsdom\living\events\EventTarget-impl.js:233:9)
    at HTMLUnknownElementImpl.dispatchEvent (C:\Users\v-nbayonne\meuble-de-france-chatbot\frontend\node_modules\jsdom\lib\jsdom\living\events\EventTarget-impl.js:104:17)
    at HTMLUnknownElement.dispatchEvent (C:\Users\v-nbayonne\meuble-de-france-chatbot\frontend\node_modules\jsdom\lib\jsdom\living\generated\EventTarget.js:241:34)
    at Object.invokeGuardedCallbackDev (C:\Users\v-nbayonne\meuble-de-france-chatbot\frontend\node_modules\react-dom\cjs\react-dom.development.js:4213:16)
    at invokeGuardedCallback (C:\Users\v-nbayonne\meuble-de-france-chatbot\frontend\node_modules\react-dom\cjs\react-dom.development.js:4277:31)
    at reportUncaughtErrorInDEV (C:\Users\v-nbayonne\meuble-de-france-chatbot\frontend\node_modules\react-dom\cjs\react-dom.development.js:22877:5)
    at captureCommitPhaseError (C:\Users\v-nbayonne\meuble-de-france-chatbot\frontend\node_modules\react-dom\cjs\react-dom.development.js:27165:5) TypeError: (window.AudioContext || window.webkitAudioContext) is not a constructor
    at [90mC:\Users\v-nbayonne\meuble-de-france-chatbot\frontend\[39msrc\components\VoiceChatWhisper.jsx:41:31
    at commitHookEffectListMount [90m(C:\Users\v-nbayonne\meuble-de-france-chatbot\frontend\[39mnode_modules\[4mreact-dom[24m\cjs\react-dom.development.js:23189:26[90m)[39m
    at commitPassiveMountOnFiber [90m(C:\Users\v-nbayonne\meuble-de-france-chatbot\frontend\[39mnode_modules\[4mreact-dom[24m\cjs\react-dom.development.js:24970:11[90m)[39m
    at commitPassiveMountEffects_complete [90m(C:\Users\v-nbayonne\meuble-de-france-chatbot\frontend\[39mnode_modules\[4mreact-dom[24m\cjs\react-dom.development.js:24930:9[90m)[39m
    at commitPassiveMountEffects_begin [90m(C:\Users\v-nbayonne\meuble-de-france-chatbot\frontend\[39mnode_modules\[4mreact-dom[24m\cjs\react-dom.development.js:24917:7[90m)[39m
    at commitPassiveMountEffects [90m(C:\Users\v-nbayonne\meuble-de-france-chatbot\frontend\[39mnode_modules\[4mreact-dom[24m\cjs\react-dom.development.js:24905:3[90m)[39m
    at flushPassiveEffectsImpl [90m(C:\Users\v-nbayonne\meuble-de-france-chatbot\frontend\[39mnode_modules\[4mreact-dom[24m\cjs\react-dom.development.js:27078:3[90m)[39m
    at flushPassiveEffects [90m(C:\Users\v-nbayonne\meuble-de-france-chatbot\frontend\[39mnode_modules\[4mreact-dom[24m\cjs\react-dom.development.js:27023:14[90m)[39m
    at [90mC:\Users\v-nbayonne\meuble-de-france-chatbot\frontend\[39mnode_modules\[4mreact-dom[24m\cjs\react-dom.development.js:26808:9
    at flushActQueue [90m(C:\Users\v-nbayonne\meuble-de-france-chatbot\frontend\[39mnode_modules\[4mreact[24m\cjs\react.development.js:2667:24[90m)[39m
The above error occurred in the <VoiceChatWhisper> component:

    at VoiceChatWhisper (C:\Users\v-nbayonne\meuble-de-france-chatbot\frontend\src\components\VoiceChatWhisper.jsx:11:29)
    at div
    at div
    at div
    at App (C:\Users\v-nbayonne\meuble-de-france-chatbot\frontend\src\App.jsx:14:63)

Consider adding an error boundary to your tree to customize error handling behavior.
Visit https://reactjs.org/link/error-boundaries to learn more about error boundaries.

[90mstdout[2m | src/__tests__/App.test.jsx[2m > [22m[2mApp[2m > [22m[2mLayout[2m > [22m[2mshould have navigation at top[22m[39m
🔍 Dashboard - Tickets bruts: [33m0[39m
🔍 Dashboard - Tickets filtrés: [33m0[39m
🔍 Dashboard - Filtres actifs: { filterPriority: [32m'all'[39m, filterStatus: [32m'all'[39m }
✅ Synthèse vocale disponible

[90mstderr[2m | src/__tests__/App.test.jsx[2m > [22m[2mApp[2m > [22m[2mLayout[2m > [22m[2mshould have navigation at top[22m[39m
Error: Uncaught [TypeError: (window.AudioContext || window.webkitAudioContext) is not a constructor]
    at reportException (C:\Users\v-nbayonne\meuble-de-france-chatbot\frontend\node_modules\jsdom\lib\jsdom\living\helpers\runtime-script-errors.js:66:24)
    at innerInvokeEventListeners (C:\Users\v-nbayonne\meuble-de-france-chatbot\frontend\node_modules\jsdom\lib\jsdom\living\events\EventTarget-impl.js:353:9)
    at invokeEventListeners (C:\Users\v-nbayonne\meuble-de-france-chatbot\frontend\node_modules\jsdom\lib\jsdom\living\events\EventTarget-impl.js:286:3)
    at HTMLUnknownElementImpl._dispatch (C:\Users\v-nbayonne\meuble-de-france-chatbot\frontend\node_modules\jsdom\lib\jsdom\living\events\EventTarget-impl.js:233:9)
    at HTMLUnknownElementImpl.dispatchEvent (C:\Users\v-nbayonne\meuble-de-france-chatbot\frontend\node_modules\jsdom\lib\jsdom\living\events\EventTarget-impl.js:104:17)
    at HTMLUnknownElement.dispatchEvent (C:\Users\v-nbayonne\meuble-de-france-chatbot\frontend\node_modules\jsdom\lib\jsdom\living\generated\EventTarget.js:241:34)
    at Object.invokeGuardedCallbackDev (C:\Users\v-nbayonne\meuble-de-france-chatbot\frontend\node_modules\react-dom\cjs\react-dom.development.js:4213:16)
    at invokeGuardedCallback (C:\Users\v-nbayonne\meuble-de-france-chatbot\frontend\node_modules\react-dom\cjs\react-dom.development.js:4277:31)
    at reportUncaughtErrorInDEV (C:\Users\v-nbayonne\meuble-de-france-chatbot\frontend\node_modules\react-dom\cjs\react-dom.development.js:22877:5)
    at captureCommitPhaseError (C:\Users\v-nbayonne\meuble-de-france-chatbot\frontend\node_modules\react-dom\cjs\react-dom.development.js:27165:5) TypeError: (window.AudioContext || window.webkitAudioContext) is not a constructor
    at [90mC:\Users\v-nbayonne\meuble-de-france-chatbot\frontend\[39msrc\components\VoiceChatWhisper.jsx:41:31
    at commitHookEffectListMount [90m(C:\Users\v-nbayonne\meuble-de-france-chatbot\frontend\[39mnode_modules\[4mreact-dom[24m\cjs\react-dom.development.js:23189:26[90m)[39m
    at commitPassiveMountOnFiber [90m(C:\Users\v-nbayonne\meuble-de-france-chatbot\frontend\[39mnode_modules\[4mreact-dom[24m\cjs\react-dom.development.js:24970:11[90m)[39m
    at commitPassiveMountEffects_complete [90m(C:\Users\v-nbayonne\meuble-de-france-chatbot\frontend\[39mnode_modules\[4mreact-dom[24m\cjs\react-dom.development.js:24930:9[90m)[39m
    at commitPassiveMountEffects_begin [90m(C:\Users\v-nbayonne\meuble-de-france-chatbot\frontend\[39mnode_modules\[4mreact-dom[24m\cjs\react-dom.development.js:24917:7[90m)[39m
    at commitPassiveMountEffects [90m(C:\Users\v-nbayonne\meuble-de-france-chatbot\frontend\[39mnode_modules\[4mreact-dom[24m\cjs\react-dom.development.js:24905:3[90m)[39m
    at flushPassiveEffectsImpl [90m(C:\Users\v-nbayonne\meuble-de-france-chatbot\frontend\[39mnode_modules\[4mreact-dom[24m\cjs\react-dom.development.js:27078:3[90m)[39m
    at flushPassiveEffects [90m(C:\Users\v-nbayonne\meuble-de-france-chatbot\frontend\[39mnode_modules\[4mreact-dom[24m\cjs\react-dom.development.js:27023:14[90m)[39m
    at [90mC:\Users\v-nbayonne\meuble-de-france-chatbot\frontend\[39mnode_modules\[4mreact-dom[24m\cjs\react-dom.development.js:26808:9
    at flushActQueue [90m(C:\Users\v-nbayonne\meuble-de-france-chatbot\frontend\[39mnode_modules\[4mreact[24m\cjs\react.development.js:2667:24[90m)[39m
The above error occurred in the <VoiceChatWhisper> component:

    at VoiceChatWhisper (C:\Users\v-nbayonne\meuble-de-france-chatbot\frontend\src\components\VoiceChatWhisper.jsx:11:29)
    at div
    at div
    at div
    at App (C:\Users\v-nbayonne\meuble-de-france-chatbot\frontend\src\App.jsx:14:63)

Consider adding an error boundary to your tree to customize error handling behavior.
Visit https://reactjs.org/link/error-boundaries to learn more about error boundaries.

[90mstdout[2m | src/__tests__/App.test.jsx[2m > [22m[2mApp[2m > [22m[2mLayout[2m > [22m[2mshould only show one view at a time[22m[39m
🔍 Dashboard - Tickets bruts: [33m0[39m
🔍 Dashboard - Tickets filtrés: [33m0[39m
🔍 Dashboard - Filtres actifs: { filterPriority: [32m'all'[39m, filterStatus: [32m'all'[39m }
✅ Synthèse vocale disponible

[90mstderr[2m | src/__tests__/App.test.jsx[2m > [22m[2mApp[2m > [22m[2mLayout[2m > [22m[2mshould only show one view at a time[22m[39m
Error: Uncaught [TypeError: (window.AudioContext || window.webkitAudioContext) is not a constructor]
    at reportException (C:\Users\v-nbayonne\meuble-de-france-chatbot\frontend\node_modules\jsdom\lib\jsdom\living\helpers\runtime-script-errors.js:66:24)
    at innerInvokeEventListeners (C:\Users\v-nbayonne\meuble-de-france-chatbot\frontend\node_modules\jsdom\lib\jsdom\living\events\EventTarget-impl.js:353:9)
    at invokeEventListeners (C:\Users\v-nbayonne\meuble-de-france-chatbot\frontend\node_modules\jsdom\lib\jsdom\living\events\EventTarget-impl.js:286:3)
    at HTMLUnknownElementImpl._dispatch (C:\Users\v-nbayonne\meuble-de-france-chatbot\frontend\node_modules\jsdom\lib\jsdom\living\events\EventTarget-impl.js:233:9)
    at HTMLUnknownElementImpl.dispatchEvent (C:\Users\v-nbayonne\meuble-de-france-chatbot\frontend\node_modules\jsdom\lib\jsdom\living\events\EventTarget-impl.js:104:17)
    at HTMLUnknownElement.dispatchEvent (C:\Users\v-nbayonne\meuble-de-france-chatbot\frontend\node_modules\jsdom\lib\jsdom\living\generated\EventTarget.js:241:34)
    at Object.invokeGuardedCallbackDev (C:\Users\v-nbayonne\meuble-de-france-chatbot\frontend\node_modules\react-dom\cjs\react-dom.development.js:4213:16)
    at invokeGuardedCallback (C:\Users\v-nbayonne\meuble-de-france-chatbot\frontend\node_modules\react-dom\cjs\react-dom.development.js:4277:31)
    at reportUncaughtErrorInDEV (C:\Users\v-nbayonne\meuble-de-france-chatbot\frontend\node_modules\react-dom\cjs\react-dom.development.js:22877:5)
    at captureCommitPhaseError (C:\Users\v-nbayonne\meuble-de-france-chatbot\frontend\node_modules\react-dom\cjs\react-dom.development.js:27165:5) TypeError: (window.AudioContext || window.webkitAudioContext) is not a constructor
    at [90mC:\Users\v-nbayonne\meuble-de-france-chatbot\frontend\[39msrc\components\VoiceChatWhisper.jsx:41:31
    at commitHookEffectListMount [90m(C:\Users\v-nbayonne\meuble-de-france-chatbot\frontend\[39mnode_modules\[4mreact-dom[24m\cjs\react-dom.development.js:23189:26[90m)[39m
    at commitPassiveMountOnFiber [90m(C:\Users\v-nbayonne\meuble-de-france-chatbot\frontend\[39mnode_modules\[4mreact-dom[24m\cjs\react-dom.development.js:24970:11[90m)[39m
    at commitPassiveMountEffects_complete [90m(C:\Users\v-nbayonne\meuble-de-france-chatbot\frontend\[39mnode_modules\[4mreact-dom[24m\cjs\react-dom.development.js:24930:9[90m)[39m
    at commitPassiveMountEffects_begin [90m(C:\Users\v-nbayonne\meuble-de-france-chatbot\frontend\[39mnode_modules\[4mreact-dom[24m\cjs\react-dom.development.js:24917:7[90m)[39m
    at commitPassiveMountEffects [90m(C:\Users\v-nbayonne\meuble-de-france-chatbot\frontend\[39mnode_modules\[4mreact-dom[24m\cjs\react-dom.development.js:24905:3[90m)[39m
    at flushPassiveEffectsImpl [90m(C:\Users\v-nbayonne\meuble-de-france-chatbot\frontend\[39mnode_modules\[4mreact-dom[24m\cjs\react-dom.development.js:27078:3[90m)[39m
    at flushPassiveEffects [90m(C:\Users\v-nbayonne\meuble-de-france-chatbot\frontend\[39mnode_modules\[4mreact-dom[24m\cjs\react-dom.development.js:27023:14[90m)[39m
    at [90mC:\Users\v-nbayonne\meuble-de-france-chatbot\frontend\[39mnode_modules\[4mreact-dom[24m\cjs\react-dom.development.js:26808:9
    at flushActQueue [90m(C:\Users\v-nbayonne\meuble-de-france-chatbot\frontend\[39mnode_modules\[4mreact[24m\cjs\react.development.js:2667:24[90m)[39m
The above error occurred in the <VoiceChatWhisper> component:

    at VoiceChatWhisper (C:\Users\v-nbayonne\meuble-de-france-chatbot\frontend\src\components\VoiceChatWhisper.jsx:11:29)
    at div
    at div
    at div
    at App (C:\Users\v-nbayonne\meuble-de-france-chatbot\frontend\src\App.jsx:14:63)

Consider adding an error boundary to your tree to customize error handling behavior.
Visit https://reactjs.org/link/error-boundaries to learn more about error boundaries.

[90mstderr[2m | src/__tests__/App.test.jsx[2m > [22m[2mApp[2m > [22m[2mLayout[22m[39m
[MSW] Warning: intercepted a request without a matching request handler:

  • GET /api/sav/tickets

If you still wish to intercept this unhandled request, please create a request handler for it.
Read more: https://mswjs.io/docs/http/intercepting-requests
[MSW] Warning: intercepted a request without a matching request handler:

  • GET /api/sav/tickets

If you still wish to intercept this unhandled request, please create a request handler for it.
Read more: https://mswjs.io/docs/http/intercepting-requests
[MSW] Warning: intercepted a request without a matching request handler:

  • GET /api/sav/tickets

If you still wish to intercept this unhandled request, please create a request handler for it.
Read more: https://mswjs.io/docs/http/intercepting-requests

[90mstdout[2m | src/__tests__/App.test.jsx[2m > [22m[2mApp[2m > [22m[2mAccessibility[2m > [22m[2mshould have navigation buttons with text[22m[39m
🔍 Dashboard - Tickets bruts: [33m0[39m
🔍 Dashboard - Tickets filtrés: [33m0[39m
🔍 Dashboard - Filtres actifs: { filterPriority: [32m'all'[39m, filterStatus: [32m'all'[39m }
✅ Synthèse vocale disponible

[90mstderr[2m | src/__tests__/App.test.jsx[2m > [22m[2mApp[2m > [22m[2mAccessibility[2m > [22m[2mshould have navigation buttons with text[22m[39m
Error: Uncaught [TypeError: (window.AudioContext || window.webkitAudioContext) is not a constructor]
    at reportException (C:\Users\v-nbayonne\meuble-de-france-chatbot\frontend\node_modules\jsdom\lib\jsdom\living\helpers\runtime-script-errors.js:66:24)
    at innerInvokeEventListeners (C:\Users\v-nbayonne\meuble-de-france-chatbot\frontend\node_modules\jsdom\lib\jsdom\living\events\EventTarget-impl.js:353:9)
    at invokeEventListeners (C:\Users\v-nbayonne\meuble-de-france-chatbot\frontend\node_modules\jsdom\lib\jsdom\living\events\EventTarget-impl.js:286:3)
    at HTMLUnknownElementImpl._dispatch (C:\Users\v-nbayonne\meuble-de-france-chatbot\frontend\node_modules\jsdom\lib\jsdom\living\events\EventTarget-impl.js:233:9)
    at HTMLUnknownElementImpl.dispatchEvent (C:\Users\v-nbayonne\meuble-de-france-chatbot\frontend\node_modules\jsdom\lib\jsdom\living\events\EventTarget-impl.js:104:17)
    at HTMLUnknownElement.dispatchEvent (C:\Users\v-nbayonne\meuble-de-france-chatbot\frontend\node_modules\jsdom\lib\jsdom\living\generated\EventTarget.js:241:34)
    at Object.invokeGuardedCallbackDev (C:\Users\v-nbayonne\meuble-de-france-chatbot\frontend\node_modules\react-dom\cjs\react-dom.development.js:4213:16)
    at invokeGuardedCallback (C:\Users\v-nbayonne\meuble-de-france-chatbot\frontend\node_modules\react-dom\cjs\react-dom.development.js:4277:31)
    at reportUncaughtErrorInDEV (C:\Users\v-nbayonne\meuble-de-france-chatbot\frontend\node_modules\react-dom\cjs\react-dom.development.js:22877:5)
    at captureCommitPhaseError (C:\Users\v-nbayonne\meuble-de-france-chatbot\frontend\node_modules\react-dom\cjs\react-dom.development.js:27165:5) TypeError: (window.AudioContext || window.webkitAudioContext) is not a constructor
    at [90mC:\Users\v-nbayonne\meuble-de-france-chatbot\frontend\[39msrc\components\VoiceChatWhisper.jsx:41:31
    at commitHookEffectListMount [90m(C:\Users\v-nbayonne\meuble-de-france-chatbot\frontend\[39mnode_modules\[4mreact-dom[24m\cjs\react-dom.development.js:23189:26[90m)[39m
    at commitPassiveMountOnFiber [90m(C:\Users\v-nbayonne\meuble-de-france-chatbot\frontend\[39mnode_modules\[4mreact-dom[24m\cjs\react-dom.development.js:24970:11[90m)[39m
    at commitPassiveMountEffects_complete [90m(C:\Users\v-nbayonne\meuble-de-france-chatbot\frontend\[39mnode_modules\[4mreact-dom[24m\cjs\react-dom.development.js:24930:9[90m)[39m
    at commitPassiveMountEffects_begin [90m(C:\Users\v-nbayonne\meuble-de-france-chatbot\frontend\[39mnode_modules\[4mreact-dom[24m\cjs\react-dom.development.js:24917:7[90m)[39m
    at commitPassiveMountEffects [90m(C:\Users\v-nbayonne\meuble-de-france-chatbot\frontend\[39mnode_modules\[4mreact-dom[24m\cjs\react-dom.development.js:24905:3[90m)[39m
    at flushPassiveEffectsImpl [90m(C:\Users\v-nbayonne\meuble-de-france-chatbot\frontend\[39mnode_modules\[4mreact-dom[24m\cjs\react-dom.development.js:27078:3[90m)[39m
    at flushPassiveEffects [90m(C:\Users\v-nbayonne\meuble-de-france-chatbot\frontend\[39mnode_modules\[4mreact-dom[24m\cjs\react-dom.development.js:27023:14[90m)[39m
    at [90mC:\Users\v-nbayonne\meuble-de-france-chatbot\frontend\[39mnode_modules\[4mreact-dom[24m\cjs\react-dom.development.js:26808:9
    at flushActQueue [90m(C:\Users\v-nbayonne\meuble-de-france-chatbot\frontend\[39mnode_modules\[4mreact[24m\cjs\react.development.js:2667:24[90m)[39m
The above error occurred in the <VoiceChatWhisper> component:

    at VoiceChatWhisper (C:\Users\v-nbayonne\meuble-de-france-chatbot\frontend\src\components\VoiceChatWhisper.jsx:11:29)
    at div
    at div
    at div
    at App (C:\Users\v-nbayonne\meuble-de-france-chatbot\frontend\src\App.jsx:14:63)

Consider adding an error boundary to your tree to customize error handling behavior.
Visit https://reactjs.org/link/error-boundaries to learn more about error boundaries.

[90mstdout[2m | src/__tests__/App.test.jsx[2m > [22m[2mApp[2m > [22m[2mAccessibility[2m > [22m[2mshould have clickable navigation buttons[22m[39m
🔍 Dashboard - Tickets bruts: [33m0[39m
🔍 Dashboard - Tickets filtrés: [33m0[39m
🔍 Dashboard - Filtres actifs: { filterPriority: [32m'all'[39m, filterStatus: [32m'all'[39m }
✅ Synthèse vocale disponible

[90mstderr[2m | src/__tests__/App.test.jsx[2m > [22m[2mApp[2m > [22m[2mAccessibility[2m > [22m[2mshould have clickable navigation buttons[22m[39m
Error: Uncaught [TypeError: (window.AudioContext || window.webkitAudioContext) is not a constructor]
    at reportException (C:\Users\v-nbayonne\meuble-de-france-chatbot\frontend\node_modules\jsdom\lib\jsdom\living\helpers\runtime-script-errors.js:66:24)
    at innerInvokeEventListeners (C:\Users\v-nbayonne\meuble-de-france-chatbot\frontend\node_modules\jsdom\lib\jsdom\living\events\EventTarget-impl.js:353:9)
    at invokeEventListeners (C:\Users\v-nbayonne\meuble-de-france-chatbot\frontend\node_modules\jsdom\lib\jsdom\living\events\EventTarget-impl.js:286:3)
    at HTMLUnknownElementImpl._dispatch (C:\Users\v-nbayonne\meuble-de-france-chatbot\frontend\node_modules\jsdom\lib\jsdom\living\events\EventTarget-impl.js:233:9)
    at HTMLUnknownElementImpl.dispatchEvent (C:\Users\v-nbayonne\meuble-de-france-chatbot\frontend\node_modules\jsdom\lib\jsdom\living\events\EventTarget-impl.js:104:17)
    at HTMLUnknownElement.dispatchEvent (C:\Users\v-nbayonne\meuble-de-france-chatbot\frontend\node_modules\jsdom\lib\jsdom\living\generated\EventTarget.js:241:34)
    at Object.invokeGuardedCallbackDev (C:\Users\v-nbayonne\meuble-de-france-chatbot\frontend\node_modules\react-dom\cjs\react-dom.development.js:4213:16)
    at invokeGuardedCallback (C:\Users\v-nbayonne\meuble-de-france-chatbot\frontend\node_modules\react-dom\cjs\react-dom.development.js:4277:31)
    at reportUncaughtErrorInDEV (C:\Users\v-nbayonne\meuble-de-france-chatbot\frontend\node_modules\react-dom\cjs\react-dom.development.js:22877:5)
    at captureCommitPhaseError (C:\Users\v-nbayonne\meuble-de-france-chatbot\frontend\node_modules\react-dom\cjs\react-dom.development.js:27165:5) TypeError: (window.AudioContext || window.webkitAudioContext) is not a constructor
    at [90mC:\Users\v-nbayonne\meuble-de-france-chatbot\frontend\[39msrc\components\VoiceChatWhisper.jsx:41:31
    at commitHookEffectListMount [90m(C:\Users\v-nbayonne\meuble-de-france-chatbot\frontend\[39mnode_modules\[4mreact-dom[24m\cjs\react-dom.development.js:23189:26[90m)[39m
    at commitPassiveMountOnFiber [90m(C:\Users\v-nbayonne\meuble-de-france-chatbot\frontend\[39mnode_modules\[4mreact-dom[24m\cjs\react-dom.development.js:24970:11[90m)[39m
    at commitPassiveMountEffects_complete [90m(C:\Users\v-nbayonne\meuble-de-france-chatbot\frontend\[39mnode_modules\[4mreact-dom[24m\cjs\react-dom.development.js:24930:9[90m)[39m
    at commitPassiveMountEffects_begin [90m(C:\Users\v-nbayonne\meuble-de-france-chatbot\frontend\[39mnode_modules\[4mreact-dom[24m\cjs\react-dom.development.js:24917:7[90m)[39m
    at commitPassiveMountEffects [90m(C:\Users\v-nbayonne\meuble-de-france-chatbot\frontend\[39mnode_modules\[4mreact-dom[24m\cjs\react-dom.development.js:24905:3[90m)[39m
    at flushPassiveEffectsImpl [90m(C:\Users\v-nbayonne\meuble-de-france-chatbot\frontend\[39mnode_modules\[4mreact-dom[24m\cjs\react-dom.development.js:27078:3[90m)[39m
    at flushPassiveEffects [90m(C:\Users\v-nbayonne\meuble-de-france-chatbot\frontend\[39mnode_modules\[4mreact-dom[24m\cjs\react-dom.development.js:27023:14[90m)[39m
    at [90mC:\Users\v-nbayonne\meuble-de-france-chatbot\frontend\[39mnode_modules\[4mreact-dom[24m\cjs\react-dom.development.js:26808:9
    at flushActQueue [90m(C:\Users\v-nbayonne\meuble-de-france-chatbot\frontend\[39mnode_modules\[4mreact[24m\cjs\react.development.js:2667:24[90m)[39m
The above error occurred in the <VoiceChatWhisper> component:

    at VoiceChatWhisper (C:\Users\v-nbayonne\meuble-de-france-chatbot\frontend\src\components\VoiceChatWhisper.jsx:11:29)
    at div
    at div
    at div
    at App (C:\Users\v-nbayonne\meuble-de-france-chatbot\frontend\src\App.jsx:14:63)

Consider adding an error boundary to your tree to customize error handling behavior.
Visit https://reactjs.org/link/error-boundaries to learn more about error boundaries.

[90mstderr[2m | src/__tests__/App.test.jsx[2m > [22m[2mApp[2m > [22m[2mAccessibility[22m[39m
[MSW] Warning: intercepted a request without a matching request handler:

  • GET /api/sav/tickets

If you still wish to intercept this unhandled request, please create a request handler for it.
Read more: https://mswjs.io/docs/http/intercepting-requests
[MSW] Warning: intercepted a request without a matching request handler:

  • GET /api/sav/tickets

If you still wish to intercept this unhandled request, please create a request handler for it.
Read more: https://mswjs.io/docs/http/intercepting-requests

 [31m×[39m src/__tests__/App.test.jsx[2m > [22mApp[2m > [22mInitial Rendering[2m > [22mshould render navigation bar
[31m   → (window.AudioContext || window.webkitAudioContext) is not a constructor[39m
 [31m×[39m src/__tests__/App.test.jsx[2m > [22mApp[2m > [22mInitial Rendering[2m > [22mshould render chat view by default
[31m   → (window.AudioContext || window.webkitAudioContext) is not a constructor[39m
 [31m×[39m src/__tests__/App.test.jsx[2m > [22mApp[2m > [22mInitial Rendering[2m > [22mshould have navigation buttons
[31m   → (window.AudioContext || window.webkitAudioContext) is not a constructor[39m
 [31m×[39m src/__tests__/App.test.jsx[2m > [22mApp[2m > [22mNavigation[2m > [22mshould switch to dashboard view when dashboard button clicked
[31m   → (window.AudioContext || window.webkitAudioContext) is not a constructor[39m
 [31m×[39m src/__tests__/App.test.jsx[2m > [22mApp[2m > [22mNavigation[2m > [22mshould switch to voice view when voice button clicked
[31m   → (window.AudioContext || window.webkitAudioContext) is not a constructor[39m
 [31m×[39m src/__tests__/App.test.jsx[2m > [22mApp[2m > [22mNavigation[2m > [22mshould switch back to chat view
[31m   → (window.AudioContext || window.webkitAudioContext) is not a constructor[39m
 [31m×[39m src/__tests__/App.test.jsx[2m > [22mApp[2m > [22mNavigation[2m > [22mshould highlight active navigation button
[31m   → (window.AudioContext || window.webkitAudioContext) is not a constructor[39m
 [31m×[39m src/__tests__/App.test.jsx[2m > [22mApp[2m > [22mComponent Persistence[2m > [22mshould preserve component state when switching views
[31m   → (window.AudioContext || window.webkitAudioContext) is not a constructor[39m
 [31m×[39m src/__tests__/App.test.jsx[2m > [22mApp[2m > [22mLayout[2m > [22mshould have full-screen layout
[31m   → (window.AudioContext || window.webkitAudioContext) is not a constructor[39m
 [31m×[39m src/__tests__/App.test.jsx[2m > [22mApp[2m > [22mLayout[2m > [22mshould have navigation at top
[31m   → (window.AudioContext || window.webkitAudioContext) is not a constructor[39m
 [31m×[39m src/__tests__/App.test.jsx[2m > [22mApp[2m > [22mLayout[2m > [22mshould only show one view at a time
[31m   → (window.AudioContext || window.webkitAudioContext) is not a constructor[39m
 [31m×[39m src/__tests__/App.test.jsx[2m > [22mApp[2m > [22mAccessibility[2m > [22mshould have navigation buttons with text
[31m   → (window.AudioContext || window.webkitAudioContext) is not a constructor[39m
 [31m×[39m src/__tests__/App.test.jsx[2m > [22mApp[2m > [22mAccessibility[2m > [22mshould have clickable navigation buttons
[31m   → (window.AudioContext || window.webkitAudioContext) is not a constructor[39m
[90mstderr[2m | fetchTickets (C:\Users\v-nbayonne\meuble-de-france-chatbot\frontend\src\components\Dashboard.jsx:37:15)[22m[39m
Erreur: TypeError: fetch failed
[90m    at node:internal/deps/undici/undici:13510:13[39m
[90m    at processTicksAndRejections (node:internal/process/task_queues:105:5)[39m
    at until [90m(file:///C:/Users/v-nbayonne/meuble-de-france-chatbot/frontend/[39mnode_modules/[4m@open-draft[24m/until/src/until.ts:23:18[90m)[39m
    at Object.passthrough [90m(file:///C:/Users/v-nbayonne/meuble-de-france-chatbot/frontend/[39mnode_modules/[4m@mswjs[24m/interceptors/src/interceptors/fetch/index.ts:78:68[90m)[39m
    at _RequestController.passthrough [90m(file:///C:/Users/v-nbayonne/meuble-de-france-chatbot/frontend/[39mnode_modules/[4m@mswjs[24m/interceptors/src/RequestController.ts:50:5[90m)[39m
    at handleRequest [90m(file:///C:/Users/v-nbayonne/meuble-de-france-chatbot/frontend/[39mnode_modules/[4m@mswjs[24m/interceptors/src/utils/handleRequest.ts:201:12[90m)[39m
    at globalThis.fetch [90m(file:///C:/Users/v-nbayonne/meuble-de-france-chatbot/frontend/[39mnode_modules/[4m@mswjs[24m/interceptors/src/interceptors/fetch/index.ts:185:7[90m)[39m
    at fetchTickets [90m(C:\Users\v-nbayonne\meuble-de-france-chatbot\frontend\[39msrc\components\Dashboard.jsx:24:24[90m)[39m {
  [cause]: AggregateError: 
  [90m    at internalConnectMultiple (node:net:1134:18)[39m
  [90m    at afterConnectMultiple (node:net:1715:7)[39m {
    code: [32m'ECONNREFUSED'[39m,
    [errors]: [ [36m[Error][39m, [36m[Error][39m ]
  }
}
Erreur: TypeError: fetch failed
[90m    at node:internal/deps/undici/undici:13510:13[39m
[90m    at processTicksAndRejections (node:internal/process/task_queues:105:5)[39m
    at until [90m(file:///C:/Users/v-nbayonne/meuble-de-france-chatbot/frontend/[39mnode_modules/[4m@open-draft[24m/until/src/until.ts:23:18[90m)[39m
    at Object.passthrough [90m(file:///C:/Users/v-nbayonne/meuble-de-france-chatbot/frontend/[39mnode_modules/[4m@mswjs[24m/interceptors/src/interceptors/fetch/index.ts:78:68[90m)[39m
    at _RequestController.passthrough [90m(file:///C:/Users/v-nbayonne/meuble-de-france-chatbot/frontend/[39mnode_modules/[4m@mswjs[24m/interceptors/src/RequestController.ts:50:5[90m)[39m
    at handleRequest [90m(file:///C:/Users/v-nbayonne/meuble-de-france-chatbot/frontend/[39mnode_modules/[4m@mswjs[24m/interceptors/src/utils/handleRequest.ts:201:12[90m)[39m
    at globalThis.fetch [90m(file:///C:/Users/v-nbayonne/meuble-de-france-chatbot/frontend/[39mnode_modules/[4m@mswjs[24m/interceptors/src/interceptors/fetch/index.ts:185:7[90m)[39m
    at fetchTickets [90m(C:\Users\v-nbayonne\meuble-de-france-chatbot\frontend\[39msrc\components\Dashboard.jsx:24:24[90m)[39m {
  [cause]: AggregateError: 
  [90m    at internalConnectMultiple (node:net:1134:18)[39m
  [90m    at afterConnectMultiple (node:net:1715:7)[39m {
    code: [32m'ECONNREFUSED'[39m,
    [errors]: [ [36m[Error][39m, [36m[Error][39m ]
  }
}
Erreur: TypeError: fetch failed
[90m    at node:internal/deps/undici/undici:13510:13[39m
[90m    at processTicksAndRejections (node:internal/process/task_queues:105:5)[39m
    at until [90m(file:///C:/Users/v-nbayonne/meuble-de-france-chatbot/frontend/[39mnode_modules/[4m@open-draft[24m/until/src/until.ts:23:18[90m)[39m
    at Object.passthrough [90m(file:///C:/Users/v-nbayonne/meuble-de-france-chatbot/frontend/[39mnode_modules/[4m@mswjs[24m/interceptors/src/interceptors/fetch/index.ts:78:68[90m)[39m
    at _RequestController.passthrough [90m(file:///C:/Users/v-nbayonne/meuble-de-france-chatbot/frontend/[39mnode_modules/[4m@mswjs[24m/interceptors/src/RequestController.ts:50:5[90m)[39m
    at handleRequest [90m(file:///C:/Users/v-nbayonne/meuble-de-france-chatbot/frontend/[39mnode_modules/[4m@mswjs[24m/interceptors/src/utils/handleRequest.ts:201:12[90m)[39m
    at globalThis.fetch [90m(file:///C:/Users/v-nbayonne/meuble-de-france-chatbot/frontend/[39mnode_modules/[4m@mswjs[24m/interceptors/src/interceptors/fetch/index.ts:185:7[90m)[39m
    at fetchTickets [90m(C:\Users\v-nbayonne\meuble-de-france-chatbot\frontend\[39msrc\components\Dashboard.jsx:24:24[90m)[39m {
  [cause]: AggregateError: 
  [90m    at internalConnectMultiple (node:net:1134:18)[39m
  [90m    at afterConnectMultiple (node:net:1715:7)[39m {
    code: [32m'ECONNREFUSED'[39m,
    [errors]: [ [36m[Error][39m, [36m[Error][39m ]
  }
}
Erreur: TypeError: fetch failed
[90m    at node:internal/deps/undici/undici:13510:13[39m
[90m    at processTicksAndRejections (node:internal/process/task_queues:105:5)[39m
    at until [90m(file:///C:/Users/v-nbayonne/meuble-de-france-chatbot/frontend/[39mnode_modules/[4m@open-draft[24m/until/src/until.ts:23:18[90m)[39m
    at Object.passthrough [90m(file:///C:/Users/v-nbayonne/meuble-de-france-chatbot/frontend/[39mnode_modules/[4m@mswjs[24m/interceptors/src/interceptors/fetch/index.ts:78:68[90m)[39m
    at _RequestController.passthrough [90m(file:///C:/Users/v-nbayonne/meuble-de-france-chatbot/frontend/[39mnode_modules/[4m@mswjs[24m/interceptors/src/RequestController.ts:50:5[90m)[39m
    at handleRequest [90m(file:///C:/Users/v-nbayonne/meuble-de-france-chatbot/frontend/[39mnode_modules/[4m@mswjs[24m/interceptors/src/utils/handleRequest.ts:201:12[90m)[39m
    at globalThis.fetch [90m(file:///C:/Users/v-nbayonne/meuble-de-france-chatbot/frontend/[39mnode_modules/[4m@mswjs[24m/interceptors/src/interceptors/fetch/index.ts:185:7[90m)[39m
    at fetchTickets [90m(C:\Users\v-nbayonne\meuble-de-france-chatbot\frontend\[39msrc\components\Dashboard.jsx:24:24[90m)[39m {
  [cause]: AggregateError: 
  [90m    at internalConnectMultiple (node:net:1134:18)[39m
  [90m    at afterConnectMultiple (node:net:1715:7)[39m {
    code: [32m'ECONNREFUSED'[39m,
    [errors]: [ [36m[Error][39m, [36m[Error][39m ]
  }
}
Erreur: TypeError: fetch failed
[90m    at node:internal/deps/undici/undici:13510:13[39m
[90m    at processTicksAndRejections (node:internal/process/task_queues:105:5)[39m
    at until [90m(file:///C:/Users/v-nbayonne/meuble-de-france-chatbot/frontend/[39mnode_modules/[4m@open-draft[24m/until/src/until.ts:23:18[90m)[39m
    at Object.passthrough [90m(file:///C:/Users/v-nbayonne/meuble-de-france-chatbot/frontend/[39mnode_modules/[4m@mswjs[24m/interceptors/src/interceptors/fetch/index.ts:78:68[90m)[39m
    at _RequestController.passthrough [90m(file:///C:/Users/v-nbayonne/meuble-de-france-chatbot/frontend/[39mnode_modules/[4m@mswjs[24m/interceptors/src/RequestController.ts:50:5[90m)[39m
    at handleRequest [90m(file:///C:/Users/v-nbayonne/meuble-de-france-chatbot/frontend/[39mnode_modules/[4m@mswjs[24m/interceptors/src/utils/handleRequest.ts:201:12[90m)[39m
    at globalThis.fetch [90m(file:///C:/Users/v-nbayonne/meuble-de-france-chatbot/frontend/[39mnode_modules/[4m@mswjs[24m/interceptors/src/interceptors/fetch/index.ts:185:7[90m)[39m
    at fetchTickets [90m(C:\Users\v-nbayonne\meuble-de-france-chatbot\frontend\[39msrc\components\Dashboard.jsx:24:24[90m)[39m {
  [cause]: AggregateError: 
  [90m    at internalConnectMultiple (node:net:1134:18)[39m
  [90m    at afterConnectMultiple (node:net:1715:7)[39m {
    code: [32m'ECONNREFUSED'[39m,
    [errors]: [ [36m[Error][39m, [36m[Error][39m ]
  }
}
Erreur: TypeError: fetch failed
[90m    at node:internal/deps/undici/undici:13510:13[39m
[90m    at processTicksAndRejections (node:internal/process/task_queues:105:5)[39m
    at until [90m(file:///C:/Users/v-nbayonne/meuble-de-france-chatbot/frontend/[39mnode_modules/[4m@open-draft[24m/until/src/until.ts:23:18[90m)[39m
    at Object.passthrough [90m(file:///C:/Users/v-nbayonne/meuble-de-france-chatbot/frontend/[39mnode_modules/[4m@mswjs[24m/interceptors/src/interceptors/fetch/index.ts:78:68[90m)[39m
    at _RequestController.passthrough [90m(file:///C:/Users/v-nbayonne/meuble-de-france-chatbot/frontend/[39mnode_modules/[4m@mswjs[24m/interceptors/src/RequestController.ts:50:5[90m)[39m
    at handleRequest [90m(file:///C:/Users/v-nbayonne/meuble-de-france-chatbot/frontend/[39mnode_modules/[4m@mswjs[24m/interceptors/src/utils/handleRequest.ts:201:12[90m)[39m
    at globalThis.fetch [90m(file:///C:/Users/v-nbayonne/meuble-de-france-chatbot/frontend/[39mnode_modules/[4m@mswjs[24m/interceptors/src/interceptors/fetch/index.ts:185:7[90m)[39m
    at fetchTickets [90m(C:\Users\v-nbayonne\meuble-de-france-chatbot\frontend\[39msrc\components\Dashboard.jsx:24:24[90m)[39m {
  [cause]: AggregateError: 
  [90m    at internalConnectMultiple (node:net:1134:18)[39m
  [90m    at afterConnectMultiple (node:net:1715:7)[39m {
    code: [32m'ECONNREFUSED'[39m,
    [errors]: [ [36m[Error][39m, [36m[Error][39m ]
  }
}
Erreur: TypeError: fetch failed
[90m    at node:internal/deps/undici/undici:13510:13[39m
[90m    at processTicksAndRejections (node:internal/process/task_queues:105:5)[39m
    at until [90m(file:///C:/Users/v-nbayonne/meuble-de-france-chatbot/frontend/[39mnode_modules/[4m@open-draft[24m/until/src/until.ts:23:18[90m)[39m
    at Object.passthrough [90m(file:///C:/Users/v-nbayonne/meuble-de-france-chatbot/frontend/[39mnode_modules/[4m@mswjs[24m/interceptors/src/interceptors/fetch/index.ts:78:68[90m)[39m
    at _RequestController.passthrough [90m(file:///C:/Users/v-nbayonne/meuble-de-france-chatbot/frontend/[39mnode_modules/[4m@mswjs[24m/interceptors/src/RequestController.ts:50:5[90m)[39m
    at handleRequest [90m(file:///C:/Users/v-nbayonne/meuble-de-france-chatbot/frontend/[39mnode_modules/[4m@mswjs[24m/interceptors/src/utils/handleRequest.ts:201:12[90m)[39m
    at globalThis.fetch [90m(file:///C:/Users/v-nbayonne/meuble-de-france-chatbot/frontend/[39mnode_modules/[4m@mswjs[24m/interceptors/src/interceptors/fetch/index.ts:185:7[90m)[39m
    at fetchTickets [90m(C:\Users\v-nbayonne\meuble-de-france-chatbot\frontend\[39msrc\components\Dashboard.jsx:24:24[90m)[39m {
  [cause]: AggregateError: 
  [90m    at internalConnectMultiple (node:net:1134:18)[39m
  [90m    at afterConnectMultiple (node:net:1715:7)[39m {
    code: [32m'ECONNREFUSED'[39m,
    [errors]: [ [36m[Error][39m, [36m[Error][39m ]
  }
}
Erreur: TypeError: fetch failed
[90m    at node:internal/deps/undici/undici:13510:13[39m
[90m    at processTicksAndRejections (node:internal/process/task_queues:105:5)[39m
    at until [90m(file:///C:/Users/v-nbayonne/meuble-de-france-chatbot/frontend/[39mnode_modules/[4m@open-draft[24m/until/src/until.ts:23:18[90m)[39m
    at Object.passthrough [90m(file:///C:/Users/v-nbayonne/meuble-de-france-chatbot/frontend/[39mnode_modules/[4m@mswjs[24m/interceptors/src/interceptors/fetch/index.ts:78:68[90m)[39m
    at _RequestController.passthrough [90m(file:///C:/Users/v-nbayonne/meuble-de-france-chatbot/frontend/[39mnode_modules/[4m@mswjs[24m/interceptors/src/RequestController.ts:50:5[90m)[39m
    at handleRequest [90m(file:///C:/Users/v-nbayonne/meuble-de-france-chatbot/frontend/[39mnode_modules/[4m@mswjs[24m/interceptors/src/utils/handleRequest.ts:201:12[90m)[39m
    at globalThis.fetch [90m(file:///C:/Users/v-nbayonne/meuble-de-france-chatbot/frontend/[39mnode_modules/[4m@mswjs[24m/interceptors/src/interceptors/fetch/index.ts:185:7[90m)[39m
    at fetchTickets [90m(C:\Users\v-nbayonne\meuble-de-france-chatbot\frontend\[39msrc\components\Dashboard.jsx:24:24[90m)[39m {
  [cause]: AggregateError: 
  [90m    at internalConnectMultiple (node:net:1134:18)[39m
  [90m    at afterConnectMultiple (node:net:1715:7)[39m {
    code: [32m'ECONNREFUSED'[39m,
    [errors]: [ [36m[Error][39m, [36m[Error][39m ]
  }
}
Erreur: TypeError: fetch failed
[90m    at node:internal/deps/undici/undici:13510:13[39m
[90m    at processTicksAndRejections (node:internal/process/task_queues:105:5)[39m
    at until [90m(file:///C:/Users/v-nbayonne/meuble-de-france-chatbot/frontend/[39mnode_modules/[4m@open-draft[24m/until/src/until.ts:23:18[90m)[39m
    at Object.passthrough [90m(file:///C:/Users/v-nbayonne/meuble-de-france-chatbot/frontend/[39mnode_modules/[4m@mswjs[24m/interceptors/src/interceptors/fetch/index.ts:78:68[90m)[39m
    at _RequestController.passthrough [90m(file:///C:/Users/v-nbayonne/meuble-de-france-chatbot/frontend/[39mnode_modules/[4m@mswjs[24m/interceptors/src/RequestController.ts:50:5[90m)[39m
    at handleRequest [90m(file:///C:/Users/v-nbayonne/meuble-de-france-chatbot/frontend/[39mnode_modules/[4m@mswjs[24m/interceptors/src/utils/handleRequest.ts:201:12[90m)[39m
    at globalThis.fetch [90m(file:///C:/Users/v-nbayonne/meuble-de-france-chatbot/frontend/[39mnode_modules/[4m@mswjs[24m/interceptors/src/interceptors/fetch/index.ts:185:7[90m)[39m
    at fetchTickets [90m(C:\Users\v-nbayonne\meuble-de-france-chatbot\frontend\[39msrc\components\Dashboard.jsx:24:24[90m)[39m {
  [cause]: AggregateError: 
  [90m    at internalConnectMultiple (node:net:1134:18)[39m
  [90m    at afterConnectMultiple (node:net:1715:7)[39m {
    code: [32m'ECONNREFUSED'[39m,
    [errors]: [ [36m[Error][39m, [36m[Error][39m ]
  }
}
Erreur: TypeError: fetch failed
[90m    at node:internal/deps/undici/undici:13510:13[39m
[90m    at processTicksAndRejections (node:internal/process/task_queues:105:5)[39m
    at until [90m(file:///C:/Users/v-nbayonne/meuble-de-france-chatbot/frontend/[39mnode_modules/[4m@open-draft[24m/until/src/until.ts:23:18[90m)[39m
    at Object.passthrough [90m(file:///C:/Users/v-nbayonne/meuble-de-france-chatbot/frontend/[39mnode_modules/[4m@mswjs[24m/interceptors/src/interceptors/fetch/index.ts:78:68[90m)[39m
    at _RequestController.passthrough [90m(file:///C:/Users/v-nbayonne/meuble-de-france-chatbot/frontend/[39mnode_modules/[4m@mswjs[24m/interceptors/src/RequestController.ts:50:5[90m)[39m
    at handleRequest [90m(file:///C:/Users/v-nbayonne/meuble-de-france-chatbot/frontend/[39mnode_modules/[4m@mswjs[24m/interceptors/src/utils/handleRequest.ts:201:12[90m)[39m
    at globalThis.fetch [90m(file:///C:/Users/v-nbayonne/meuble-de-france-chatbot/frontend/[39mnode_modules/[4m@mswjs[24m/interceptors/src/interceptors/fetch/index.ts:185:7[90m)[39m
    at fetchTickets [90m(C:\Users\v-nbayonne\meuble-de-france-chatbot\frontend\[39msrc\components\Dashboard.jsx:24:24[90m)[39m {
  [cause]: AggregateError: 
  [90m    at internalConnectMultiple (node:net:1134:18)[39m
  [90m    at afterConnectMultiple (node:net:1715:7)[39m {
    code: [32m'ECONNREFUSED'[39m,
    [errors]: [ [36m[Error][39m, [36m[Error][39m ]
  }
}
Erreur: TypeError: fetch failed
[90m    at node:internal/deps/undici/undici:13510:13[39m
[90m    at processTicksAndRejections (node:internal/process/task_queues:105:5)[39m
    at until [90m(file:///C:/Users/v-nbayonne/meuble-de-france-chatbot/frontend/[39mnode_modules/[4m@open-draft[24m/until/src/until.ts:23:18[90m)[39m
    at Object.passthrough [90m(file:///C:/Users/v-nbayonne/meuble-de-france-chatbot/frontend/[39mnode_modules/[4m@mswjs[24m/interceptors/src/interceptors/fetch/index.ts:78:68[90m)[39m
    at _RequestController.passthrough [90m(file:///C:/Users/v-nbayonne/meuble-de-france-chatbot/frontend/[39mnode_modules/[4m@mswjs[24m/interceptors/src/RequestController.ts:50:5[90m)[39m
    at handleRequest [90m(file:///C:/Users/v-nbayonne/meuble-de-france-chatbot/frontend/[39mnode_modules/[4m@mswjs[24m/interceptors/src/utils/handleRequest.ts:201:12[90m)[39m
    at globalThis.fetch [90m(file:///C:/Users/v-nbayonne/meuble-de-france-chatbot/frontend/[39mnode_modules/[4m@mswjs[24m/interceptors/src/interceptors/fetch/index.ts:185:7[90m)[39m
    at fetchTickets [90m(C:\Users\v-nbayonne\meuble-de-france-chatbot\frontend\[39msrc\components\Dashboard.jsx:24:24[90m)[39m {
  [cause]: AggregateError: 
  [90m    at internalConnectMultiple (node:net:1134:18)[39m
  [90m    at afterConnectMultiple (node:net:1715:7)[39m {
    code: [32m'ECONNREFUSED'[39m,
    [errors]: [ [36m[Error][39m, [36m[Error][39m ]
  }
}
Erreur: TypeError: fetch failed
[90m    at node:internal/deps/undici/undici:13510:13[39m
[90m    at processTicksAndRejections (node:internal/process/task_queues:105:5)[39m
    at until [90m(file:///C:/Users/v-nbayonne/meuble-de-france-chatbot/frontend/[39mnode_modules/[4m@open-draft[24m/until/src/until.ts:23:18[90m)[39m
    at Object.passthrough [90m(file:///C:/Users/v-nbayonne/meuble-de-france-chatbot/frontend/[39mnode_modules/[4m@mswjs[24m/interceptors/src/interceptors/fetch/index.ts:78:68[90m)[39m
    at _RequestController.passthrough [90m(file:///C:/Users/v-nbayonne/meuble-de-france-chatbot/frontend/[39mnode_modules/[4m@mswjs[24m/interceptors/src/RequestController.ts:50:5[90m)[39m
    at handleRequest [90m(file:///C:/Users/v-nbayonne/meuble-de-france-chatbot/frontend/[39mnode_modules/[4m@mswjs[24m/interceptors/src/utils/handleRequest.ts:201:12[90m)[39m
    at globalThis.fetch [90m(file:///C:/Users/v-nbayonne/meuble-de-france-chatbot/frontend/[39mnode_modules/[4m@mswjs[24m/interceptors/src/interceptors/fetch/index.ts:185:7[90m)[39m
    at fetchTickets [90m(C:\Users\v-nbayonne\meuble-de-france-chatbot\frontend\[39msrc\components\Dashboard.jsx:24:24[90m)[39m {
  [cause]: AggregateError: 
  [90m    at internalConnectMultiple (node:net:1134:18)[39m
  [90m    at afterConnectMultiple (node:net:1715:7)[39m {
    code: [32m'ECONNREFUSED'[39m,
    [errors]: [ [36m[Error][39m, [36m[Error][39m ]
  }
}
Erreur: TypeError: fetch failed
[90m    at node:internal/deps/undici/undici:13510:13[39m
[90m    at processTicksAndRejections (node:internal/process/task_queues:105:5)[39m
    at until [90m(file:///C:/Users/v-nbayonne/meuble-de-france-chatbot/frontend/[39mnode_modules/[4m@open-draft[24m/until/src/until.ts:23:18[90m)[39m
    at Object.passthrough [90m(file:///C:/Users/v-nbayonne/meuble-de-france-chatbot/frontend/[39mnode_modules/[4m@mswjs[24m/interceptors/src/interceptors/fetch/index.ts:78:68[90m)[39m
    at _RequestController.passthrough [90m(file:///C:/Users/v-nbayonne/meuble-de-france-chatbot/frontend/[39mnode_modules/[4m@mswjs[24m/interceptors/src/RequestController.ts:50:5[90m)[39m
    at handleRequest [90m(file:///C:/Users/v-nbayonne/meuble-de-france-chatbot/frontend/[39mnode_modules/[4m@mswjs[24m/interceptors/src/utils/handleRequest.ts:201:12[90m)[39m
    at globalThis.fetch [90m(file:///C:/Users/v-nbayonne/meuble-de-france-chatbot/frontend/[39mnode_modules/[4m@mswjs[24m/interceptors/src/interceptors/fetch/index.ts:185:7[90m)[39m
    at fetchTickets [90m(C:\Users\v-nbayonne\meuble-de-france-chatbot\frontend\[39msrc\components\Dashboard.jsx:24:24[90m)[39m {
  [cause]: AggregateError: 
  [90m    at internalConnectMultiple (node:net:1134:18)[39m
  [90m    at afterConnectMultiple (node:net:1715:7)[39m {
    code: [32m'ECONNREFUSED'[39m,
    [errors]: [ [36m[Error][39m, [36m[Error][39m ]
  }
}

[90mstdout[2m | src/__tests__/ChatInterface.test.jsx[2m > [22m[2mChatInterface[2m > [22m[2mMessage Sending[2m > [22m[2mshould send a text message[22m[39m
<empty line>
[90mstderr[2m | src/__tests__/ChatInterface.test.jsx[2m > [22m[2mChatInterface[2m > [22m[2mMessage Sending[2m > [22m[2mshould send a text message[22m[39m
[MSW] Warning: intercepted a request without a matching request handler:

  • POST /api/chat

  • Request body: {"message":"Mon canapé est cassé","session_id":"test-uuid-vxzh2aa","photos":[]}

If you still wish to intercept this unhandled request, please create a request handler for it.
Read more: https://mswjs.io/docs/http/intercepting-requests

 [31m×[39m src/__tests__/Dashboard.test.jsx[2m > [22mDashboard[2m > [22mLoading and Initial State[2m > [22mshould display header with title[33m 1026[2mms[22m[39m
[31m   → Unable to find an element with the text: /📊 Tableau de Bord SAV/i. This could be because the text is broken up by multiple elements. In this case, you can provide a function for your text matcher to make your matcher more flexible.

Ignored nodes: comments, script, style
[36m<body>[31m
  [36m<div>[31m
    [36m<div[31m
      [33mclass[31m=[32m"flex items-center justify-center h-screen bg-gray-50"[31m
    [36m>[31m
      [36m<div[31m
        [33mclass[31m=[32m"text-center text-red-600"[31m
      [36m>[31m
        [36m<svg[31m
          [33mclass[31m=[32m"lucide lucide-xcircle w-16 h-16 mx-auto mb-4"[31m
          [33mfill[31m=[32m"none"[31m
          [33mheight[31m=[32m"24"[31m
          [33mstroke[31m=[32m"currentColor"[31m
          [33mstroke-linecap[31m=[32m"round"[31m
          [33mstroke-linejoin[31m=[32m"round"[31m
          [33mstroke-width[31m=[32m"2"[31m
          [33mviewBox[31m=[32m"0 0 24 24"[31m
          [33mwidth[31m=[32m"24"[31m
          [33mxmlns[31m=[32m"http://www.w3.org/2000/svg"[31m
        [36m>[31m
          [36m<circle[31m
            [33mcx[31m=[32m"12"[31m
            [33mcy[31m=[32m"12"[31m
            [33mr[31m=[32m"10"[31m
          [36m/>[31m
          [36m<path[31m
            [33md[31m=[32m"m15 9-6 6"[31m
          [36m/>[31m
          [36m<path[31m
            [33md[31m=[32m"m9 9 6 6"[31m
          [36m/>[31m
        [36m</svg>[31m
        [36m<p[31m
          [33mclass[31m=[32m"text-xl font-semibold"[31m
        [36m>[31m
          [0mErreur de connexion au serveur[0m
        [36m</p>[31m
        [36m<button[31m
          [33mclass[31m=[32m"mt-4 px-4 py-2 bg-red-600 text-white rounded-lg hover:bg-red-700"[31m
        [36m>[31m
          [0mRéessayer[0m
        [36m</button>[31m
      [36m</div>[31m
    [36m</div>[31m
  [36m</div>[31m
[36m</body>[31m

Ignored nodes: comments, script, style
[36m<html>[31m
  [36m<head />[31m
  [36m<body>[31m
    [36m<div>[31m
      [36m<div[31m
        [33mclass[31m=[32m"flex items-center justify-center h-screen bg-gray-50"[31m
      [36m>[31m
        [36m<div[31m
          [33mclass[31m=[32m"text-center text-red-600"[31m
        [36m>[31m
          [36m<svg[31m
            [33mclass[31m=[32m"lucide lucide-xcircle w-16 h-16 mx-auto mb-4"[31m
            [33mfill[31m=[32m"none"[31m
            [33mheight[31m=[32m"24"[31m
            [33mstroke[31m=[32m"currentColor"[31m
            [33mstroke-linecap[31m=[32m"round"[31m
            [33mstroke-linejoin[31m=[32m"round"[31m
            [33mstroke-width[31m=[32m"2"[31m
            [33mviewBox[31m=[32m"0 0 24 24"[31m
            [33mwidth[31m=[32m"24"[31m
            [33mxmlns[31m=[32m"http://www.w3.org/2000/svg"[31m
          [36m>[31m
            [36m<circle[31m
              [33mcx[31m=[32m"12"[31m
              [33mcy[31m=[32m"12"[31m
              [33mr[31m=[32m"10"[31m
            [36m/>[31m
            [36m<path[31m
              [33md[31m=[32m"m15 9-6 6"[31m
            [36m/>[31m
            [36m<path[31m
              [33md[31m=[32m"m9 9 6 6"[31m
            [36m/>[31m
          [36m</svg>[31m
          [36m<p[31m
            [33mclass[31m=[32m"text-xl font-semibold"[31m
          [36m>[31m
            [0mErreur de connexion au serveur[0m
          [36m</p>[31m
          [36m<button[31m
            [33mclass[31m=[32m"mt-4 px-4 py-2 bg-red-600 text-white rounded-lg hover:bg-red-700"[31m
          [36m>[31m
            [0mRéessayer[0m
          [36m</button>[31m
        [36m</div>[31m
      [36m</div>[31m
    [36m</div>[31m
  [36m</body>[31m
[36m</html>[31m[39m
[90mstdout[2m | src/__tests__/Dashboard.test.jsx[2m > [22m[2mDashboard[2m > [22m[2mStatistics Display[2m > [22m[2mshould display total tickets count[22m[39m
🔍 Dashboard - Tickets bruts: [33m0[39m
🔍 Dashboard - Tickets filtrés: [33m0[39m
🔍 Dashboard - Filtres actifs: { filterPriority: [32m'all'[39m, filterStatus: [32m'all'[39m }

[90mstderr[2m | src/__tests__/Dashboard.test.jsx[2m > [22m[2mDashboard[2m > [22m[2mStatistics Display[2m > [22m[2mshould display total tickets count[22m[39m
[MSW] Warning: intercepted a request without a matching request handler:

  • GET /api/sav/tickets

If you still wish to intercept this unhandled request, please create a request handler for it.
Read more: https://mswjs.io/docs/http/intercepting-requests

[90mstderr[2m | src/__tests__/Dashboard.test.jsx[2m > [22m[2mDashboard[2m > [22m[2mStatistics Display[2m > [22m[2mshould display total tickets count[22m[39m
Erreur: TypeError: fetch failed
[90m    at node:internal/deps/undici/undici:13510:13[39m
[90m    at processTicksAndRejections (node:internal/process/task_queues:105:5)[39m
    at until [90m(file:///C:/Users/v-nbayonne/meuble-de-france-chatbot/frontend/[39mnode_modules/[4m@open-draft[24m/until/src/until.ts:23:18[90m)[39m
    at Object.passthrough [90m(file:///C:/Users/v-nbayonne/meuble-de-france-chatbot/frontend/[39mnode_modules/[4m@mswjs[24m/interceptors/src/interceptors/fetch/index.ts:78:68[90m)[39m
    at _RequestController.passthrough [90m(file:///C:/Users/v-nbayonne/meuble-de-france-chatbot/frontend/[39mnode_modules/[4m@mswjs[24m/interceptors/src/RequestController.ts:50:5[90m)[39m
    at handleRequest [90m(file:///C:/Users/v-nbayonne/meuble-de-france-chatbot/frontend/[39mnode_modules/[4m@mswjs[24m/interceptors/src/utils/handleRequest.ts:201:12[90m)[39m
    at globalThis.fetch [90m(file:///C:/Users/v-nbayonne/meuble-de-france-chatbot/frontend/[39mnode_modules/[4m@mswjs[24m/interceptors/src/interceptors/fetch/index.ts:185:7[90m)[39m
    at fetchTickets [90m(C:\Users\v-nbayonne\meuble-de-france-chatbot\frontend\[39msrc\components\Dashboard.jsx:24:24[90m)[39m {
  [cause]: AggregateError: 
  [90m    at internalConnectMultiple (node:net:1134:18)[39m
  [90m    at afterConnectMultiple (node:net:1715:7)[39m {
    code: [32m'ECONNREFUSED'[39m,
    [errors]: [ [36m[Error][39m, [36m[Error][39m ]
  }
}

[90mstdout[2m | src/__tests__/Dashboard.test.jsx[2m > [22m[2mDashboard[2m > [22m[2mStatistics Display[2m > [22m[2mshould display total tickets count[22m[39m
🔍 Dashboard - Tickets bruts: [33m0[39m
🔍 Dashboard - Tickets filtrés: [33m0[39m
🔍 Dashboard - Filtres actifs: { filterPriority: [32m'all'[39m, filterStatus: [32m'all'[39m }

[90mstdout[2m | src/__tests__/ChatInterface.test.jsx[2m > [22m[2mChatInterface[2m > [22m[2mMessage Sending[2m > [22m[2mshould send a text message[22m[39m
<empty line>
[90mstderr[2m | src/__tests__/ChatInterface.test.jsx[2m > [22m[2mChatInterface[2m > [22m[2mMessage Sending[2m > [22m[2mshould send a text message[22m[39m
Erreur: TypeError: fetch failed
[90m    at node:internal/deps/undici/undici:13510:13[39m
[90m    at processTicksAndRejections (node:internal/process/task_queues:105:5)[39m
    at until [90m(file:///C:/Users/v-nbayonne/meuble-de-france-chatbot/frontend/[39mnode_modules/[4m@open-draft[24m/until/src/until.ts:23:18[90m)[39m
    at Object.passthrough [90m(file:///C:/Users/v-nbayonne/meuble-de-france-chatbot/frontend/[39mnode_modules/[4m@mswjs[24m/interceptors/src/interceptors/fetch/index.ts:78:68[90m)[39m
    at _RequestController.passthrough [90m(file:///C:/Users/v-nbayonne/meuble-de-france-chatbot/frontend/[39mnode_modules/[4m@mswjs[24m/interceptors/src/RequestController.ts:50:5[90m)[39m
    at handleRequest [90m(file:///C:/Users/v-nbayonne/meuble-de-france-chatbot/frontend/[39mnode_modules/[4m@mswjs[24m/interceptors/src/utils/handleRequest.ts:201:12[90m)[39m
    at globalThis.fetch [90m(file:///C:/Users/v-nbayonne/meuble-de-france-chatbot/frontend/[39mnode_modules/[4m@mswjs[24m/interceptors/src/interceptors/fetch/index.ts:185:7[90m)[39m
    at sendMessage [90m(C:\Users\v-nbayonne\meuble-de-france-chatbot\frontend\[39msrc\components\ChatInterface.jsx:275:24[90m)[39m {
  [cause]: AggregateError: 
  [90m    at internalConnectMultiple (node:net:1134:18)[39m
  [90m    at afterConnectMultiple (node:net:1715:7)[39m {
    code: [32m'ECONNREFUSED'[39m,
    [errors]: [ [36m[Error][39m, [36m[Error][39m ]
  }
}

 [32m✓[39m src/__tests__/ChatInterface.test.jsx[2m > [22mChatInterface[2m > [22mMessage Sending[2m > [22mshould send a text message[33m 1182[2mms[22m[39m
[90mstdout[2m | src/__tests__/ChatInterface.test.jsx[2m > [22m[2mChatInterface[2m > [22m[2mMessage Sending[2m > [22m[2mshould clear input after sending message[22m[39m
✅ Synthèse vocale disponible

[90mstdout[2m | src/__tests__/ChatInterface.test.jsx[2m > [22m[2mChatInterface[2m > [22m[2mMessage Sending[2m > [22m[2mshould clear input after sending message[22m[39m
<empty line>
[90mstderr[2m | src/__tests__/ChatInterface.test.jsx[2m > [22m[2mChatInterface[2m > [22m[2mMessage Sending[2m > [22m[2mshould clear input after sending message[22m[39m
[MSW] Warning: intercepted a request without a matching request handler:

  • POST /api/chat

  • Request body: {"message":"Test message","session_id":"test-uuid-nt4y601","photos":[]}

If you still wish to intercept this unhandled request, please create a request handler for it.
Read more: https://mswjs.io/docs/http/intercepting-requests

 [32m✓[39m src/__tests__/ChatInterface.test.jsx[2m > [22mChatInterface[2m > [22mMessage Sending[2m > [22mshould clear input after sending message[33m 681[2mms[22m[39m
[90mstdout[2m | src/__tests__/ChatInterface.test.jsx[2m > [22m[2mChatInterface[2m > [22m[2mMessage Sending[2m > [22m[2mshould send message on Enter key press[22m[39m
✅ Synthèse vocale disponible

[90mstderr[2m | src/__tests__/ChatInterface.test.jsx[2m > [22m[2mChatInterface[2m > [22m[2mMessage Sending[2m > [22m[2mshould send message on Enter key press[22m[39m
Erreur: TypeError: fetch failed
[90m    at node:internal/deps/undici/undici:13510:13[39m
[90m    at processTicksAndRejections (node:internal/process/task_queues:105:5)[39m
    at until [90m(file:///C:/Users/v-nbayonne/meuble-de-france-chatbot/frontend/[39mnode_modules/[4m@open-draft[24m/until/src/until.ts:23:18[90m)[39m
    at Object.passthrough [90m(file:///C:/Users/v-nbayonne/meuble-de-france-chatbot/frontend/[39mnode_modules/[4m@mswjs[24m/interceptors/src/interceptors/fetch/index.ts:78:68[90m)[39m
    at _RequestController.passthrough [90m(file:///C:/Users/v-nbayonne/meuble-de-france-chatbot/frontend/[39mnode_modules/[4m@mswjs[24m/interceptors/src/RequestController.ts:50:5[90m)[39m
    at handleRequest [90m(file:///C:/Users/v-nbayonne/meuble-de-france-chatbot/frontend/[39mnode_modules/[4m@mswjs[24m/interceptors/src/utils/handleRequest.ts:201:12[90m)[39m
    at globalThis.fetch [90m(file:///C:/Users/v-nbayonne/meuble-de-france-chatbot/frontend/[39mnode_modules/[4m@mswjs[24m/interceptors/src/interceptors/fetch/index.ts:185:7[90m)[39m
    at sendMessage [90m(C:\Users\v-nbayonne\meuble-de-france-chatbot\frontend\[39msrc\components\ChatInterface.jsx:275:24[90m)[39m {
  [cause]: AggregateError: 
  [90m    at internalConnectMultiple (node:net:1134:18)[39m
  [90m    at afterConnectMultiple (node:net:1715:7)[39m {
    code: [32m'ECONNREFUSED'[39m,
    [errors]: [ [36m[Error][39m, [36m[Error][39m ]
  }
}

 [31m×[39m src/__tests__/Dashboard.test.jsx[2m > [22mDashboard[2m > [22mStatistics Display[2m > [22mshould display total tickets count[33m 1027[2mms[22m[39m
[31m   → Unable to find an element with the text: /Total Tickets/i. This could be because the text is broken up by multiple elements. In this case, you can provide a function for your text matcher to make your matcher more flexible.

Ignored nodes: comments, script, style
[36m<body>[31m
  [36m<div>[31m
    [36m<div[31m
      [33mclass[31m=[32m"flex items-center justify-center h-screen bg-gray-50"[31m
    [36m>[31m
      [36m<div[31m
        [33mclass[31m=[32m"text-center text-red-600"[31m
      [36m>[31m
        [36m<svg[31m
          [33mclass[31m=[32m"lucide lucide-xcircle w-16 h-16 mx-auto mb-4"[31m
          [33mfill[31m=[32m"none"[31m
          [33mheight[31m=[32m"24"[31m
          [33mstroke[31m=[32m"currentColor"[31m
          [33mstroke-linecap[31m=[32m"round"[31m
          [33mstroke-linejoin[31m=[32m"round"[31m
          [33mstroke-width[31m=[32m"2"[31m
          [33mviewBox[31m=[32m"0 0 24 24"[31m
          [33mwidth[31m=[32m"24"[31m
          [33mxmlns[31m=[32m"http://www.w3.org/2000/svg"[31m
        [36m>[31m
          [36m<circle[31m
            [33mcx[31m=[32m"12"[31m
            [33mcy[31m=[32m"12"[31m
            [33mr[31m=[32m"10"[31m
          [36m/>[31m
          [36m<path[31m
            [33md[31m=[32m"m15 9-6 6"[31m
          [36m/>[31m
          [36m<path[31m
            [33md[31m=[32m"m9 9 6 6"[31m
          [36m/>[31m
        [36m</svg>[31m
        [36m<p[31m
          [33mclass[31m=[32m"text-xl font-semibold"[31m
        [36m>[31m
          [0mErreur de connexion au serveur[0m
        [36m</p>[31m
        [36m<button[31m
          [33mclass[31m=[32m"mt-4 px-4 py-2 bg-red-600 text-white rounded-lg hover:bg-red-700"[31m
        [36m>[31m
          [0mRéessayer[0m
        [36m</button>[31m
      [36m</div>[31m
    [36m</div>[31m
  [36m</div>[31m
[36m</body>[31m

Ignored nodes: comments, script, style
[36m<html>[31m
  [36m<head />[31m
  [36m<body>[31m
    [36m<div>[31m
      [36m<div[31m
        [33mclass[31m=[32m"flex items-center justify-center h-screen bg-gray-50"[31m
      [36m>[31m
        [36m<div[31m
          [33mclass[31m=[32m"text-center text-red-600"[31m
        [36m>[31m
          [36m<svg[31m
            [33mclass[31m=[32m"lucide lucide-xcircle w-16 h-16 mx-auto mb-4"[31m
            [33mfill[31m=[32m"none"[31m
            [33mheight[31m=[32m"24"[31m
            [33mstroke[31m=[32m"currentColor"[31m
            [33mstroke-linecap[31m=[32m"round"[31m
            [33mstroke-linejoin[31m=[32m"round"[31m
            [33mstroke-width[31m=[32m"2"[31m
            [33mviewBox[31m=[32m"0 0 24 24"[31m
            [33mwidth[31m=[32m"24"[31m
            [33mxmlns[31m=[32m"http://www.w3.org/2000/svg"[31m
          [36m>[31m
            [36m<circle[31m
              [33mcx[31m=[32m"12"[31m
              [33mcy[31m=[32m"12"[31m
              [33mr[31m=[32m"10"[31m
            [36m/>[31m
            [36m<path[31m
              [33md[31m=[32m"m15 9-6 6"[31m
            [36m/>[31m
            [36m<path[31m
              [33md[31m=[32m"m9 9 6 6"[31m
            [36m/>[31m
          [36m</svg>[31m
          [36m<p[31m
            [33mclass[31m=[32m"text-xl font-semibold"[31m
          [36m>[31m
            [0mErreur de connexion au serveur[0m
          [36m</p>[31m
          [36m<button[31m
            [33mclass[31m=[32m"mt-4 px-4 py-2 bg-red-600 text-white rounded-lg hover:bg-red-700"[31m
          [36m>[31m
            [0mRéessayer[0m
          [36m</button>[31m
        [36m</div>[31m
      [36m</div>[31m
    [36m</div>[31m
  [36m</body>[31m
[36m</html>[31m[39m
[90mstdout[2m | src/__tests__/Dashboard.test.jsx[2m > [22m[2mDashboard[2m > [22m[2mStatistics Display[2m > [22m[2mshould display P0 critical tickets count[22m[39m
🔍 Dashboard - Tickets bruts: [33m0[39m
🔍 Dashboard - Tickets filtrés: [33m0[39m
🔍 Dashboard - Filtres actifs: { filterPriority: [32m'all'[39m, filterStatus: [32m'all'[39m }

[90mstderr[2m | src/__tests__/Dashboard.test.jsx[2m > [22m[2mDashboard[2m > [22m[2mStatistics Display[2m > [22m[2mshould display P0 critical tickets count[22m[39m
[MSW] Warning: intercepted a request without a matching request handler:

  • GET /api/sav/tickets

If you still wish to intercept this unhandled request, please create a request handler for it.
Read more: https://mswjs.io/docs/http/intercepting-requests

[90mstdout[2m | src/__tests__/ChatInterface.test.jsx[2m > [22m[2mChatInterface[2m > [22m[2mMessage Sending[2m > [22m[2mshould send message on Enter key press[22m[39m
<empty line>
[90mstderr[2m | src/__tests__/ChatInterface.test.jsx[2m > [22m[2mChatInterface[2m > [22m[2mMessage Sending[2m > [22m[2mshould send message on Enter key press[22m[39m
[MSW] Warning: intercepted a request without a matching request handler:

  • POST /api/chat

  • Request body: {"message":"Message via Enter","session_id":"test-uuid-3ozu1br","photos":[]}

If you still wish to intercept this unhandled request, please create a request handler for it.
Read more: https://mswjs.io/docs/http/intercepting-requests

[90mstdout[2m | src/__tests__/Dashboard.test.jsx[2m > [22m[2mDashboard[2m > [22m[2mStatistics Display[2m > [22m[2mshould display P0 critical tickets count[22m[39m
🔍 Dashboard - Tickets bruts: [33m0[39m
🔍 Dashboard - Tickets filtrés: [33m0[39m
🔍 Dashboard - Filtres actifs: { filterPriority: [32m'all'[39m, filterStatus: [32m'all'[39m }

[90mstderr[2m | src/__tests__/Dashboard.test.jsx[2m > [22m[2mDashboard[2m > [22m[2mStatistics Display[2m > [22m[2mshould display P0 critical tickets count[22m[39m
Erreur: TypeError: fetch failed
[90m    at node:internal/deps/undici/undici:13510:13[39m
[90m    at processTicksAndRejections (node:internal/process/task_queues:105:5)[39m
    at until [90m(file:///C:/Users/v-nbayonne/meuble-de-france-chatbot/frontend/[39mnode_modules/[4m@open-draft[24m/until/src/until.ts:23:18[90m)[39m
    at Object.passthrough [90m(file:///C:/Users/v-nbayonne/meuble-de-france-chatbot/frontend/[39mnode_modules/[4m@mswjs[24m/interceptors/src/interceptors/fetch/index.ts:78:68[90m)[39m
    at _RequestController.passthrough [90m(file:///C:/Users/v-nbayonne/meuble-de-france-chatbot/frontend/[39mnode_modules/[4m@mswjs[24m/interceptors/src/RequestController.ts:50:5[90m)[39m
    at handleRequest [90m(file:///C:/Users/v-nbayonne/meuble-de-france-chatbot/frontend/[39mnode_modules/[4m@mswjs[24m/interceptors/src/utils/handleRequest.ts:201:12[90m)[39m
    at globalThis.fetch [90m(file:///C:/Users/v-nbayonne/meuble-de-france-chatbot/frontend/[39mnode_modules/[4m@mswjs[24m/interceptors/src/interceptors/fetch/index.ts:185:7[90m)[39m
    at fetchTickets [90m(C:\Users\v-nbayonne\meuble-de-france-chatbot\frontend\[39msrc\components\Dashboard.jsx:24:24[90m)[39m {
  [cause]: AggregateError: 
  [90m    at internalConnectMultiple (node:net:1134:18)[39m
  [90m    at afterConnectMultiple (node:net:1715:7)[39m {
    code: [32m'ECONNREFUSED'[39m,
    [errors]: [ [36m[Error][39m, [36m[Error][39m ]
  }
}

 [32m✓[39m src/__tests__/ChatInterface.test.jsx[2m > [22mChatInterface[2m > [22mMessage Sending[2m > [22mshould send message on Enter key press[33m 511[2mms[22m[39m
[90mstdout[2m | src/__tests__/ChatInterface.test.jsx[2m > [22m[2mChatInterface[2m > [22m[2mMessage Sending[2m > [22m[2mshould display API response message[22m[39m
✅ Synthèse vocale disponible

[90mstderr[2m | src/__tests__/ChatInterface.test.jsx[2m > [22m[2mChatInterface[2m > [22m[2mMessage Sending[2m > [22m[2mshould display API response message[22m[39m
Erreur: TypeError: fetch failed
[90m    at node:internal/deps/undici/undici:13510:13[39m
[90m    at processTicksAndRejections (node:internal/process/task_queues:105:5)[39m
    at until [90m(file:///C:/Users/v-nbayonne/meuble-de-france-chatbot/frontend/[39mnode_modules/[4m@open-draft[24m/until/src/until.ts:23:18[90m)[39m
    at Object.passthrough [90m(file:///C:/Users/v-nbayonne/meuble-de-france-chatbot/frontend/[39mnode_modules/[4m@mswjs[24m/interceptors/src/interceptors/fetch/index.ts:78:68[90m)[39m
    at _RequestController.passthrough [90m(file:///C:/Users/v-nbayonne/meuble-de-france-chatbot/frontend/[39mnode_modules/[4m@mswjs[24m/interceptors/src/RequestController.ts:50:5[90m)[39m
    at handleRequest [90m(file:///C:/Users/v-nbayonne/meuble-de-france-chatbot/frontend/[39mnode_modules/[4m@mswjs[24m/interceptors/src/utils/handleRequest.ts:201:12[90m)[39m
    at globalThis.fetch [90m(file:///C:/Users/v-nbayonne/meuble-de-france-chatbot/frontend/[39mnode_modules/[4m@mswjs[24m/interceptors/src/interceptors/fetch/index.ts:185:7[90m)[39m
    at sendMessage [90m(C:\Users\v-nbayonne\meuble-de-france-chatbot\frontend\[39msrc\components\ChatInterface.jsx:275:24[90m)[39m {
  [cause]: AggregateError: 
  [90m    at internalConnectMultiple (node:net:1134:18)[39m
  [90m    at afterConnectMultiple (node:net:1715:7)[39m {
    code: [32m'ECONNREFUSED'[39m,
    [errors]: [ [36m[Error][39m, [36m[Error][39m ]
  }
}

[90mstdout[2m | src/__tests__/ChatInterface.test.jsx[2m > [22m[2mChatInterface[2m > [22m[2mMessage Sending[2m > [22m[2mshould display API response message[22m[39m
<empty line>
[90mstderr[2m | src/__tests__/ChatInterface.test.jsx[2m > [22m[2mChatInterface[2m > [22m[2mMessage Sending[2m > [22m[2mshould display API response message[22m[39m
[MSW] Warning: intercepted a request without a matching request handler:

  • POST /api/chat

  • Request body: {"message":"Bonjour","session_id":"test-uuid-rp7aq14","photos":[]}

If you still wish to intercept this unhandled request, please create a request handler for it.
Read more: https://mswjs.io/docs/http/intercepting-requests

[90mstdout[2m | src/__tests__/ChatInterface.test.jsx[2m > [22m[2mChatInterface[2m > [22m[2mMessage Sending[2m > [22m[2mshould display API response message[22m[39m
<empty line>
[90mstderr[2m | src/__tests__/ChatInterface.test.jsx[2m > [22m[2mChatInterface[2m > [22m[2mMessage Sending[2m > [22m[2mshould display API response message[22m[39m
Erreur: TypeError: fetch failed
[90m    at node:internal/deps/undici/undici:13510:13[39m
[90m    at processTicksAndRejections (node:internal/process/task_queues:105:5)[39m
    at until [90m(file:///C:/Users/v-nbayonne/meuble-de-france-chatbot/frontend/[39mnode_modules/[4m@open-draft[24m/until/src/until.ts:23:18[90m)[39m
    at Object.passthrough [90m(file:///C:/Users/v-nbayonne/meuble-de-france-chatbot/frontend/[39mnode_modules/[4m@mswjs[24m/interceptors/src/interceptors/fetch/index.ts:78:68[90m)[39m
    at _RequestController.passthrough [90m(file:///C:/Users/v-nbayonne/meuble-de-france-chatbot/frontend/[39mnode_modules/[4m@mswjs[24m/interceptors/src/RequestController.ts:50:5[90m)[39m
    at handleRequest [90m(file:///C:/Users/v-nbayonne/meuble-de-france-chatbot/frontend/[39mnode_modules/[4m@mswjs[24m/interceptors/src/utils/handleRequest.ts:201:12[90m)[39m
    at globalThis.fetch [90m(file:///C:/Users/v-nbayonne/meuble-de-france-chatbot/frontend/[39mnode_modules/[4m@mswjs[24m/interceptors/src/interceptors/fetch/index.ts:185:7[90m)[39m
    at sendMessage [90m(C:\Users\v-nbayonne\meuble-de-france-chatbot\frontend\[39msrc\components\ChatInterface.jsx:275:24[90m)[39m {
  [cause]: AggregateError: 
  [90m    at internalConnectMultiple (node:net:1134:18)[39m
  [90m    at afterConnectMultiple (node:net:1715:7)[39m {
    code: [32m'ECONNREFUSED'[39m,
    [errors]: [ [36m[Error][39m, [36m[Error][39m ]
  }
}

 [31m×[39m src/__tests__/Dashboard.test.jsx[2m > [22mDashboard[2m > [22mStatistics Display[2m > [22mshould display P0 critical tickets count[33m 1020[2mms[22m[39m
[31m   → Unable to find an element with the text: /Critiques \(P0\)/i. This could be because the text is broken up by multiple elements. In this case, you can provide a function for your text matcher to make your matcher more flexible.

Ignored nodes: comments, script, style
[36m<body>[31m
  [36m<div>[31m
    [36m<div[31m
      [33mclass[31m=[32m"flex items-center justify-center h-screen bg-gray-50"[31m
    [36m>[31m
      [36m<div[31m
        [33mclass[31m=[32m"text-center text-red-600"[31m
      [36m>[31m
        [36m<svg[31m
          [33mclass[31m=[32m"lucide lucide-xcircle w-16 h-16 mx-auto mb-4"[31m
          [33mfill[31m=[32m"none"[31m
          [33mheight[31m=[32m"24"[31m
          [33mstroke[31m=[32m"currentColor"[31m
          [33mstroke-linecap[31m=[32m"round"[31m
          [33mstroke-linejoin[31m=[32m"round"[31m
          [33mstroke-width[31m=[32m"2"[31m
          [33mviewBox[31m=[32m"0 0 24 24"[31m
          [33mwidth[31m=[32m"24"[31m
          [33mxmlns[31m=[32m"http://www.w3.org/2000/svg"[31m
        [36m>[31m
          [36m<circle[31m
            [33mcx[31m=[32m"12"[31m
            [33mcy[31m=[32m"12"[31m
            [33mr[31m=[32m"10"[31m
          [36m/>[31m
          [36m<path[31m
            [33md[31m=[32m"m15 9-6 6"[31m
          [36m/>[31m
          [36m<path[31m
            [33md[31m=[32m"m9 9 6 6"[31m
          [36m/>[31m
        [36m</svg>[31m
        [36m<p[31m
          [33mclass[31m=[32m"text-xl font-semibold"[31m
        [36m>[31m
          [0mErreur de connexion au serveur[0m
        [36m</p>[31m
        [36m<button[31m
          [33mclass[31m=[32m"mt-4 px-4 py-2 bg-red-600 text-white rounded-lg hover:bg-red-700"[31m
        [36m>[31m
          [0mRéessayer[0m
        [36m</button>[31m
      [36m</div>[31m
    [36m</div>[31m
  [36m</div>[31m
[36m</body>[31m

Ignored nodes: comments, script, style
[36m<html>[31m
  [36m<head />[31m
  [36m<body>[31m
    [36m<div>[31m
      [36m<div[31m
        [33mclass[31m=[32m"flex items-center justify-center h-screen bg-gray-50"[31m
      [36m>[31m
        [36m<div[31m
          [33mclass[31m=[32m"text-center text-red-600"[31m
        [36m>[31m
          [36m<svg[31m
            [33mclass[31m=[32m"lucide lucide-xcircle w-16 h-16 mx-auto mb-4"[31m
            [33mfill[31m=[32m"none"[31m
            [33mheight[31m=[32m"24"[31m
            [33mstroke[31m=[32m"currentColor"[31m
            [33mstroke-linecap[31m=[32m"round"[31m
            [33mstroke-linejoin[31m=[32m"round"[31m
            [33mstroke-width[31m=[32m"2"[31m
            [33mviewBox[31m=[32m"0 0 24 24"[31m
            [33mwidth[31m=[32m"24"[31m
            [33mxmlns[31m=[32m"http://www.w3.org/2000/svg"[31m
          [36m>[31m
            [36m<circle[31m
              [33mcx[31m=[32m"12"[31m
              [33mcy[31m=[32m"12"[31m
              [33mr[31m=[32m"10"[31m
            [36m/>[31m
            [36m<path[31m
              [33md[31m=[32m"m15 9-6 6"[31m
            [36m/>[31m
            [36m<path[31m
              [33md[31m=[32m"m9 9 6 6"[31m
            [36m/>[31m
          [36m</svg>[31m
          [36m<p[31m
            [33mclass[31m=[32m"text-xl font-semibold"[31m
          [36m>[31m
            [0mErreur de connexion au serveur[0m
          [36m</p>[31m
          [36m<button[31m
            [33mclass[31m=[32m"mt-4 px-4 py-2 bg-red-600 text-white rounded-lg hover:bg-red-700"[31m
          [36m>[31m
            [0mRéessayer[0m
          [36m</button>[31m
        [36m</div>[31m
      [36m</div>[31m
    [36m</div>[31m
  [36m</body>[31m
[36m</html>[31m[39m
[90mstdout[2m | src/__tests__/Dashboard.test.jsx[2m > [22m[2mDashboard[2m > [22m[2mStatistics Display[2m > [22m[2mshould display P1 urgent tickets count[22m[39m
🔍 Dashboard - Tickets bruts: [33m0[39m
🔍 Dashboard - Tickets filtrés: [33m0[39m
🔍 Dashboard - Filtres actifs: { filterPriority: [32m'all'[39m, filterStatus: [32m'all'[39m }

[90mstderr[2m | src/__tests__/Dashboard.test.jsx[2m > [22m[2mDashboard[2m > [22m[2mStatistics Display[2m > [22m[2mshould display P1 urgent tickets count[22m[39m
[MSW] Warning: intercepted a request without a matching request handler:

  • GET /api/sav/tickets

If you still wish to intercept this unhandled request, please create a request handler for it.
Read more: https://mswjs.io/docs/http/intercepting-requests

[90mstderr[2m | src/__tests__/Dashboard.test.jsx[2m > [22m[2mDashboard[2m > [22m[2mStatistics Display[2m > [22m[2mshould display P1 urgent tickets count[22m[39m
Erreur: TypeError: fetch failed
[90m    at node:internal/deps/undici/undici:13510:13[39m
[90m    at processTicksAndRejections (node:internal/process/task_queues:105:5)[39m
    at until [90m(file:///C:/Users/v-nbayonne/meuble-de-france-chatbot/frontend/[39mnode_modules/[4m@open-draft[24m/until/src/until.ts:23:18[90m)[39m
    at Object.passthrough [90m(file:///C:/Users/v-nbayonne/meuble-de-france-chatbot/frontend/[39mnode_modules/[4m@mswjs[24m/interceptors/src/interceptors/fetch/index.ts:78:68[90m)[39m
    at _RequestController.passthrough [90m(file:///C:/Users/v-nbayonne/meuble-de-france-chatbot/frontend/[39mnode_modules/[4m@mswjs[24m/interceptors/src/RequestController.ts:50:5[90m)[39m
    at handleRequest [90m(file:///C:/Users/v-nbayonne/meuble-de-france-chatbot/frontend/[39mnode_modules/[4m@mswjs[24m/interceptors/src/utils/handleRequest.ts:201:12[90m)[39m
    at globalThis.fetch [90m(file:///C:/Users/v-nbayonne/meuble-de-france-chatbot/frontend/[39mnode_modules/[4m@mswjs[24m/interceptors/src/interceptors/fetch/index.ts:185:7[90m)[39m
    at fetchTickets [90m(C:\Users\v-nbayonne\meuble-de-france-chatbot\frontend\[39msrc\components\Dashboard.jsx:24:24[90m)[39m {
  [cause]: AggregateError: 
  [90m    at internalConnectMultiple (node:net:1134:18)[39m
  [90m    at afterConnectMultiple (node:net:1715:7)[39m {
    code: [32m'ECONNREFUSED'[39m,
    [errors]: [ [36m[Error][39m, [36m[Error][39m ]
  }
}

[90mstdout[2m | src/__tests__/Dashboard.test.jsx[2m > [22m[2mDashboard[2m > [22m[2mStatistics Display[2m > [22m[2mshould display P1 urgent tickets count[22m[39m
🔍 Dashboard - Tickets bruts: [33m0[39m
🔍 Dashboard - Tickets filtrés: [33m0[39m
🔍 Dashboard - Filtres actifs: { filterPriority: [32m'all'[39m, filterStatus: [32m'all'[39m }

 [31m×[39m src/__tests__/ChatInterface.test.jsx[2m > [22mChatInterface[2m > [22mMessage Sending[2m > [22mshould display API response message[33m 1539[2mms[22m[39m
[31m   → Unable to find an element with the text: /Comment puis-je vous aider/i. This could be because the text is broken up by multiple elements. In this case, you can provide a function for your text matcher to make your matcher more flexible.

Ignored nodes: comments, script, style
[36m<body>[31m
  [36m<div>[31m
    [36m<div[31m
      [33mclass[31m=[32m"flex flex-col h-full max-w-5xl mx-auto bg-gradient-to-br from-amber-50 to-orange-50"[31m
    [36m>[31m
      [36m<div[31m
        [33mclass[31m=[32m"bg-gradient-to-r from-blue-600 to-blue-700 text-white p-6 shadow-lg"[31m
      [36m>[31m
        [36m<div[31m
          [33mclass[31m=[32m"flex items-center justify-between"[31m
        [36m>[31m
          [36m<div>[31m
            [36m<h1[31m
              [33mclass[31m=[32m"text-3xl font-bold"[31m
            [36m>[31m
              [0mService clientèle du groupe Mobilier de France[0m
            [36m</h1>[31m
            [36m<p[31m
              [33mclass[31m=[32m"text-sm opacity-90 mt-1"[31m
            [36m>[31m
              [0mService Après-Vente Intelligent • Traitement automatisé en temps réel[0m
            [36m</p>[31m
          [36m</div>[31m
          [36m<div[31m
            [33mclass[31m=[32m"flex items-center space-x-4"[31m
          [36m>[31m
            [36m<button[31m
              [33mclass[31m=[32m"flex items-center space-x-2 px-4 py-2 rounded-lg font-medium transition-all bg-white text-blue-600 hover:bg-gray-100"[31m
              [33mtitle[31m=[32m"Désactiver la voix du bot"[31m
            [36m>[31m
              [36m<svg[31m
                [33mclass[31m=[32m"lucide lucide-volume2 w-5 h-5 "[31m
                [33mfill[31m=[32m"none"[31m
                [33mheight[31m=[32m"24"[31m
                [33mstroke[31m=[32m"currentColor"[31m
                [33mstroke-linecap[31m=[32m"round"[31m
                [33mstroke-linejoin[31m=[32m"round"[31m
                [33mstroke-width[31m=[32m"2"[31m
                [33mviewBox[31m=[32m"0 0 24 24"[31m
                [33mwidth[31m=[32m"24"[31m
                [33mxmlns[31m=[32m"http://www.w3.org/2000/svg"[31m
              [36m>[31m
                [36m<polygon[31m
                  [33mpoints[31m=[32m"11 5 6 9 2 9 2 15 6 15 11 19 11 5"[31m
                [36m/>[31m
                [36m<path[31m
                  [33md[31m=[32m"M15.54 8.46a5 5 0 0 1 0 7.07"[31m
                [36m/>[31m
                [36m<path[31m
                  [33md[31m=[32m"M19.07 4.93a10 10 0 0 1 0 14.14"[31m
                [36m/>[31m
              [36m</svg>[31m
              [36m<span[31m
                [33mclass[31m=[32m"text-sm"[31m
              [36m>[31m
                [0mVoix ON[0m
              [36m</span>[31m
            [36m</button>[31m
            [36m<div[31m
              [33mclass[31m=[32m"text-right text-xs opacity-80 border-l border-white/30 pl-4"[31m
            [36m>[31m
              [36m<p[31m
                [33mclass[31m=[32m"font-semibold"[31m
              [36m>[31m
                [0m🎯 100% Automatisé[0m
              [36m</p>[31m
              [36m<p[31m
                [33mclass[31m=[32m"text-xs"[31m
              [36m>[31m
                [0m✅ Analyse TON • ✅ Garantie • ✅ Priorité[0m
              [36m</p>[31m
            [36m</div>[31m
          [36m</div>[31m
        [36m</div>[31m
      [36m</div>[31m
      [36m<div[31m
        [33mclass[31m=[32m"flex-1 overflow-y-auto p-6 space-y-4"[31m
      [36m>[31m
        [36m<div[31m
          [33mclass[31m=[32m"flex justify-start fade-in"[31m
        [36m>[31m
          [36m<div[31m
            [33mclass[31m=[32m"max-w-[75%] rounded-2xl p-4 shadow-md bg-white text-gray-800 border border-gray-200"[31m
          [36m>[31m
            [36m<div[31m
              [33mclass[31m=[32m"flex items-start space-x-3"[31m
            [36m>[31m
              [36m<div[31m
                [33mclass[31m=[32m"w-8 h-8 rounded-full bg-gradient-to-r from-amber-500 to-orange-500 flex items-center justify-center text-white font-bold flex-shrink-0"[31m
              [36m>[31m
                [0mM[0m
              [36m</div>[31m
              [36m<div[31m
                [33mclass[31m=[32m"flex-1"[31m
              [36m>[31m
                [36m<p[31m
                  [33mclass[31m=[32m"whitespace-pre-line leading-relaxed"[31m
                [36m>[31m
                  [0m👋 Bonjour ! Je suis votre assistant SAV Mobilier de France.

Décrivez-moi votre problème avec votre numéro de commande, je m'occupe du reste !

💡 **Exemple** : "Bonjour, je m'appelle Marie Martin. Mon canapé OSLO a le pied cassé, commande CMD-2024-12345"[0m
                [36m</p>[31m
                [36m<div[31m
                  [33mclass[31m=[32m"flex items-center justify-between mt-2 text-xs text-gray-500"[31m
                [36m>[31m
                  [36m<span>[31m
                    [0m13:02[0m
                  [36m</span>[31m
                [36m</div>[31m
              [36m</div>[31m
            [36m</div>[31m
          [36m</div>[31m
        [36m</div>[31m
        [36m<div[31m
          [33mclass[31m=[32m"flex justify-end fade-in"[31m
        [36m>[31m
          [36m<div[31m
            [33mclass[31m=[32m"max-w-[75%] rounded-2xl p-4 shadow-md bg-gradient-to-r from-amber-500 to-orange-500 text-white"[31m
          [36m>[31m
            [36m<div[31m
              [33mclass[31m=[32m"flex items-start space-x-3"[31m
            [36m>[31m
              [36m<div[31m
                [33mclass[31m=[32m"flex-1"[31m
              [36m>[31m
                [36m<p[31m
                  [33mclass[31m=[32m"whitespace-pre-line leading-relaxed"[31m
                [36m>[31m
                  [0mBonjour[0m
                [36m</p>[31m
                [36m<div[31m
                  [33mclass[31m=[32m"flex items-center justify-between mt-2 text-xs text-white/70"[31m
                [36m>[31m
                  [36m<span>[31m
                    [0m13:02[0m
                  [36m</span>[31m
                [36m</div>[31m
              [36m</div>[31m
              [36m<div[31m
                [33mclass[31m=[32m"w-8 h-8 rounded-full bg-white flex items-center justify-center text-amber-600 font-bold flex-shrink-0"[31m
              [36m>[31m
                [0mV[0m
              [36m</div>[31m
            [36m</div>[31m
          [36m</div>[31m
        [36m</div>[31m
        [36m<div[31m
          [33mclass[31m=[32m"flex justify-start fade-in"[31m
        [36m>[31m
          [36m<div[31m
            [33mclass[31m=[32m"max-w-[75%] rounded-2xl p-4 shadow-md bg-white text-gray-800 border border-gray-200"[31m
          [36m>[31m
            [36m<div[31m
              [33mclass[31m=[32m"flex items-start space-x-3"[31m
            [36m>[31m
              [36m<div[31m
                [33mclass[31m=[32m"w-8 h-8 rounded-full bg-gradient-to-r from-amber-500 to-orange-500 flex items-center justify-center text-white font-bold flex-shrink-0"[31m
              [36m>[31m
                [0mM[0m
              [36m</div>[31m
              [36m<div[31m
                [33mclass[31m=[32m"flex-1"[31m
              [36m>[31m
                [36m<p[31m
                  [33mclass[31m=[32m"whitespace-pre-line leading-relaxed"[31m
                [36m>[31m
                  [0mDésolé, j'ai rencontré un problème technique. Pouvez-vous réessayer ?[0m
                [36m</p>[31m
                [36m<div[31m
                  [33mclass[31m=[32m"flex items-center justify-between mt-2 text-xs text-gray-500"[31m
                [36m>[31m
                  [36m<span>[31m
                    [0m13:02[0m
                  [36m</span>[31m
                [36m</div>[31m
              [36m</div>[31m
            [36m</div>[31m
          [36m</div>[31m
        [36m</div>[31m
        [36m<div />[31m
      [36m</div>[31m
      [36m<div[31m
        [33mclass[31m=[32m"bg-white p-6 border-t border-gray-200 shadow-lg"[31m
      [36m>[31m
        [36m<div[31m
          [33mclass[31m=[32m"flex items-end space-x-3"[31m
        [36m>[31m
          [36m<button[31m
            [33mclass[31m=[32m"bg-amber-100 hover:bg-amber-200 text-amber-700 p-3 rounded-full transition-colors flex-shrink-0"[31m
            [33mtitle[31m=[32m"Ajouter des photos"[31m
          [36m>[31m
            [36m<svg[31m
              [33mclass[31m=[32m"lucide lucide-camera w-6 h-6"[31m
              [33mfill[31m=[32m"none"[31m
              [33mheight[31m=[32m"24"[31m
              [33mstroke[31m=[32m"currentColor"[31m
              [33mstroke-linecap[31m=[32m"round"[31m
              [33mstroke-linejoin[31m=[32m"round"[31m
              [33mstroke-width[31m=[32m"2"[31m
              [33mviewBox[31m=[32m"0 0 24 24"[31m
              [33mwidth[31m=[32m"24"[31m
              [33mxmlns[31m=[32m"http://www.w3.org/2000/svg"[31m
            [36m>[31m
              [36m<path[31m
                [33md[31m=[32m"M14.5 4h-5L7 7H4a2 2 0 0 0-2 2v9a2 2 0 0 0 2 2h16a2 2 0 0 0 2-2V9a2 2 0 0 0-2-2h-3l-2.5-3z"[31m
              [36m/>[31m
              [36m<circle[31m
                [33mcx[31m=[32m"12"[31m
                [33mcy[31m=[32m"13"[31m
                [33mr[31m=[32m"3"[31m
              [36m/>[31m
            [36m</svg>[31m
          [36m</button>[31m
          [36m<input[31m
            [33maccept[31m=[32m"image/*,video/*"[31m
            [33mclass[31m=[32m"hidden"[31m
            [33mmultiple[31m=[32m""[31m
            [33mtype[31m=[32m"file"[31m
          [36m/>[31m
          [36m<button[31m
            [33mclass[31m=[32m"relative p-3 rounded-full transition-all flex-shrink-0 shadow-lg bg-gradient-to-r from-blue-500 to-purple-500 hover:from-blue-600 hover:to-purple-600 text-white"[31m
            [33mtitle[31m=[32m"🎤 Parler au lieu de taper"[31m
          [36m>[31m
            [36m<svg[31m
              [33mclass[31m=[32m"lucide lucide-mic w-6 h-6"[31m
              [33mfill[31m=[32m"none"[31m
              [33mheight[31m=[32m"24"[31m
              [33mstroke[31m=[32m"currentColor"[31m
              [33mstroke-linecap[31m=[32m"round"[31m
              [33mstroke-linejoin[31m=[32m"round"[31m
              [33mstroke-width[31m=[32m"2"[31m
              [33mviewBox[31m=[32m"0 0 24 24"[31m
              [33mwidth[31m=[32m"24"[31m
              [33mxmlns[31m=[32m"http://www.w3.org/2000/svg"[31m
            [36m>[31m
              [36m<path[31m
                [33md[31m=[32m"M12 2a3 3 0 0 0-3 3v7a3 3 0 0 0 6 0V5a3 3 0 0 0-3-3Z"[31m
              [36m/>[31m
              [36m<path[31m
                [33md[31m=[32m"M19 10v2a7 7 0 0 1-14 0v-2"[31m
              [36m/>[31m
              [36m<line[31m
                [33mx1[31m=[32m"12"[31m
                [33mx2[31m=[32m"12"[31m
                [33my1[31m=[32m"19"[31m
                [33my2[31m=[32m"22"[31m
              [36m/>[31m
            [36m</svg>[31m
          [36m</button>[31m
          [36m<div[31m
            [33mclass[31m=[32m"flex-1"[31m
          [36m>[31m
            [36m<textarea[31m
              [33mclass[31m=[32m"w-full border-2 border-gray-300 rounded-2xl px-4 py-3 focus:outline-none focus:ring-2 focus:ring-red-500 focus:border-transparent resize-none"[31m
              [33mplaceholder[31m=[32m"Nom complet + Problème + N° commande... (Ex: Jean Dupont, mon canapé OSLO a un pied cassé, CMD-2024-12345)"[31m
              [33mrows[31m=[32m"1"[31m
              [33mstyle[31m=[32m"min-height: 50px; max-height: 150px;"[31m
            [36m/>[31m
          [36m</div>[31m
          [36m<button[31m
            [33mclass[31m=[32m"p-3 rounded-full flex-shrink-0 transition-all bg-gray-300 text-gray-500 cursor-not-allowed"[31m
            [33mdisabled[31m=[32m""[31m
          [36m>[31m
            [36m<svg[31m
              [33mclass[31m=[32m"lucide lucide-send w-6 h-6"[31m
              [33mfill[31m=[32m"none"[31m
              [33mheight[31m=[32m"24"[31m
              [33mstroke[31m=[32m"currentColor"[31m
              [33mstroke-linecap[31m=[32m"round"[31m
              [33mstroke-linejoin[31m=[32m"round"[31m
              [33mstroke-width[31m=[32m"2"[31m
              [33mviewBox[31m=[32m"0 0 24 24"[31m
              [33mwidth[31m=[32m"24"[31m
              [33mxmlns[31m=[32m"http://www.w3.org/2000/svg"[31m
            [36m>[31m
              [36m<path[31m
                [33md[31m=[32m"m22 2-7 20-4-9-9-4Z"[31m
              [36m/>[31m
              [36m<path[31m
                [33md[31m=[32m"M22 2 11 13"[31m
              [36m/>[31m
            [36m</svg>[31m
          [36m</button>[31m
        [36m</div>[31m
        [36m<p[31m
          [33mclass[31m=[32m"text-xs text-gray-500 mt-3 text-center"[31m
        [36m>[31m
          [0m🔒 Données sécurisées • ⚡ Réponse immédiate • 🎤 Conversation vocale complète • 🔊 Le bot vous parle • 🎯 Analyse automatique du TON et PRIORITÉ • 🛡️ Vérification garantie instantanée[0m
        [36m</p>[31m
      [36m</div>[31m
    [36m</div>[31m
  [36m</div>[31m
[36m</body>[31m

Ignored nodes: comments, script, style
[36m<html>[31m
  [36m<head />[31m
  [36m<body>[31m
    [36m<div>[31m
      [36m<div[31m
        [33mclass[31m=[32m"flex flex-col h-full max-w-5xl mx-auto bg-gradient-to-br from-amber-50 to-orange-50"[31m
      [36m>[31m
        [36m<div[31m
          [33mclass[31m=[32m"bg-gradient-to-r from-blue-600 to-blue-700 text-white p-6 shadow-lg"[31m
        [36m>[31m
          [36m<div[31m
            [33mclass[31m=[32m"flex items-center justify-between"[31m
          [36m>[31m
            [36m<div>[31m
              [36m<h1[31m
                [33mclass[31m=[32m"text-3xl font-bold"[31m
              [36m>[31m
                [0mService clientèle du groupe Mobilier de France[0m
              [36m</h1>[31m
              [36m<p[31m
                [33mclass[31m=[32m"text-sm opacity-90 mt-1"[31m
              [36m>[31m
                [0mService Après-Vente Intelligent • Traitement automatisé en temps réel[0m
              [36m</p>[31m
            [36m</div>[31m
            [36m<div[31m
              [33mclass[31m=[32m"flex items-center space-x-4"[31m
            [36m>[31m
              [36m<button[31m
                [33mclass[31m=[32m"flex items-center space-x-2 px-4 py-2 rounded-lg font-medium transition-all bg-white text-blue-600 hover:bg-gray-100"[31m
                [33mtitle[31m=[32m"Désactiver la voix du bot"[31m
              [36m>[31m
                [36m<svg[31m
                  [33mclass[31m=[32m"lucide lucide-volume2 w-5 h-5 "[31m
                  [33mfill[31m=[32m"none"[31m
                  [33mheight[31m=[32m"24"[31m
                  [33mstroke[31m=[32m"currentColor"[31m
                  [33mstroke-linecap[31m=[32m"round"[31m
                  [33mstroke-linejoin[31m=[32m"round"[31m
                  [33mstroke-width[31m=[32m"2"[31m
                  [33mviewBox[31m=[32m"0 0 24 24"[31m
                  [33mwidth[31m=[32m"24"[31m
                  [33mxmlns[31m=[32m"http://www.w3.org/2000/svg"[31m
                [36m>[31m
                  [36m<polygon[31m
                    [33mpoints[31m=[32m"11 5 6 9 2 9 2 15 6 15 11 19 11 5"[31m
                  [36m/>[31m
                  [36m<path[31m
                    [33md[31m=[32m"M15.54 8.46a5 5 0 0 1 0 7.07"[31m
                  [36m/>[31m
                  [36m<path[31m
                    [33md[31m=[32m"M19.07 4.93a10 10 0 0 1 0 14.14"[31m
                  [36m/>[31m
                [36m</svg>[31m
                [36m<span[31m
                  [33mclass[31m=[32m"text-sm"[31m
                [36m>[31m
                  [0mVoix ON[0m
                [36m</span>[31m
              [36m</button>[31m
              [36m<div[31m
                [33mclass[31m=[32m"text-right text-xs opacity-80 border-l border-white/30 pl-4"[31m
              [36m>[31m
                [36m<p[31m
                  [33mclass[31m=[32m"font-semibold"[31m
                [36m>[31m
                  [0m🎯 100% Automatisé[0m
                [36m</p>[31m
                [36m<p[31m
                  [33mclass[31m=[32m"text-xs"[31m
                [36m>[31m
                  [0m✅ Analyse TON • ✅ Garantie • ✅ Priorité[0m
                [36m</p>[31m
              [36m</div>[31m
            [36m</div>[31m
          [36m</div>[31m
        [36m</div>[31m
        [36m<div[31m
          [33mclass[31m=[32m"flex-1 overflow-y-auto p-6 space-y-4"[31m
        [36m>[31m
          [36m<div[31m
            [33mclass[31m=[32m"flex justify-start fade-in"[31m
          [36m>[31m
            [36m<div[31m
              [33mclass[31m=[32m"max-w-[75%] rounded-2xl p-4 shadow-md bg-white text-gray-800 border border-gray-200"[31m
            [36m>[31m
              [36m<div[31m
                [33mclass[31m=[32m"flex items-start space-x-3"[31m
              [36m>[31m
                [36m<div[31m
                  [33mclass[31m=[32m"w-8 h-8 rounded-full bg-gradient-to-r from-amber-500 to-orange-500 flex items-center justify-center text-white font-bold flex-shrink-0"[31m
                [36m>[31m
                  [0mM[0m
                [36m</div>[31m
                [36m<div[31m
                  [33mclass[31m=[32m"flex-1"[31m
                [36m>[31m
                  [36m<p[31m
                    [33mclass[31m=[32m"whitespace-pre-line leading-relaxed"[31m
                  [36m>[31m
                    [0m👋 Bonjour ! Je suis votre assistant SAV Mobilier de France.

Décrivez-moi votre problème avec votre numéro de commande, je m'occupe du reste !

💡 **Exemple** : "Bonjour, je m'appelle Marie Martin. Mon canapé OSLO a le pied cassé, commande CMD-2024-12345"[0m
                  [36m</p>[31m
                  [36m<div[31m
                    [33mclass[31m=[32m"flex items-center justify-between mt-2 text-xs text-gray-500"[31m
                  [36m>[31m
                    [36m<span>[31m
                      [0m13:02[0m
                    [36m</span>[31m
                  [36m</div>[31m
                [36m</div>[31m
              [36m</div>[31m
            [36m</div>[31m
          [36m</div>[31m
          [36m<div[31m
            [33mclass[31m=[32m"flex justify-end fade-in"[31m
          [36m>[31m
            [36m<div[31m
              [33mclass[31m=[32m"max-w-[75%] rounded-2xl p-4 shadow-md bg-gradient-to-r from-amber-500 to-orange-500 text-white"[31m
            [36m>[31m
              [36m<div[31m
                [33mclass[31m=[32m"flex items-start space-x-3"[31m
              [36m>[31m
                [36m<div[31m
                  [33mclass[31m=[32m"flex-1"[31m
                [36m>[31m
                  [36m<p[31m
                    [33mclass[31m=[32m"whitespace-pre-line leading-relaxed"[31m
                  [36m>[31m
                    [0mBonjour[0m
                  [36m</p>[31m
                  [36m<div[31m
                    [33mclass[31m=[32m"flex items-center justify-between mt-2 text-xs text-white/70"[31m
                  [36m>[31m
                    [36m<span>[31m
                      [0m13:02[0m
                    [36m</span>[31m
                  [36m</div>[31m
                [36m</div>[31m
                [36m<div[31m
                  [33mclass[31m=[32m"w-8 h-8 rounded-full bg-white flex items-center justify-center text-amber-600 font-bold flex-shrink-0"[31m
                [36m>[31m
                  [0mV[0m
                [36m</div>[31m
              [36m</div>[31m
            [36m</div>[31m
          [36m</div>[31m
          [36m<div[31m
            [33mclass[31m=[32m"flex justify-start fade-in"[31m
          [36m>[31m
            [36m<div[31m
              [33mclass[31m=[32m"max-w-[75%] rounded-2xl p-4 shadow-md bg-white text-gray-800 border border-gray-200"[31m
            [36m>[31m
              [36m<div[31m
                [33mclass[31m=[32m"flex items-start space-x-3"[31m
              [36m>[31m
                [36m<div[31m
                  [33mclass[31m=[32m"w-8 h-8 rounded-full bg-gradient-to-r from-amber-500 to-orange-500 flex items-center justify-center text-white font-bold flex-shrink-0"[31m
                [36m>[31m
                  [0mM[0m
                [36m</div>[31m
                [36m<div[31m
                  [33mclass[31m=[32m"flex-1"[31m
                [36m>[31m
                  [36m<p[31m
                    [33mclass[31m=[32m"whitespace-pre-line leading-relaxed"[31m
                  [36m>[31m
                    [0mDésolé, j'ai rencontré un problème technique. Pouvez-vous réessayer ?[0m
                  [36m</p>[31m
                  [36m<div[31m
                    [33mclass[31m=[32m"flex items-center justify-between mt-2 text-xs text-gray-500"[31m
                  [36m>[31m
                    [36m<span>[31m
                      [0m13:02[0m
                    [36m</span>[31m
                  [36m</div>[31m
                [36m</div>[31m
              [36m</div>[31m
            [36m</div>[31m
          [36m</div>[31m
          [36m<div />[31m
        [36m</div>[31m
        [36m<div[31m
          [33mclass[31m=[32m"bg-white p-6 border-t border-gray-200 shadow-lg"[31m
        [36m>[31m
          [36m<div[31m
            [33mclass[31m=[32m"flex items-end space-x-3"[31m
          [36m>[31m
            [36m<button[31m
              [33mclass[31m=[32m"bg-amber-100 hover:bg-amber-200 text-amber-700 p-3 rounded-full transition-colors flex-shrink-0"[31m
              [33mtitle[31m=[32m"Ajouter des photos"[31m
            [36m>[31m
              [36m<svg[31m
                [33mclass[31m=[32m"lucide lucide-camera w-6 h-6"[31m
                [33mfill[31m=[32m"none"[31m
                [33mheight[31m=[32m"24"[31m
                [33mstroke[31m=[32m"currentColor"[31m
                [33mstroke-linecap[31m=[32m"round"[31m
                [33mstroke-linejoin[31m=[32m"round"[31m
                [33mstroke-width[31m=[32m"2"[31m
                [33mviewBox[31m=[32m"0 0 24 24"[31m
                [33mwidth[31m=[32m"24"[31m
                [33mxmlns[31m=[32m"http://www.w3.org/2000/svg"[31m
              [36m>[31m
                [36m<path[31m
                  [33md[31m=[32m"M14.5 4h-5L7 7H4a2 2 0 0 0-2 2v9a2 2 0 0 0 2 2h16a2 2 0 0 0 2-2V9a2 2 0 0 0-2-2h-3l-2.5-3z"[31m
                [36m/>[31m
                [36m<circle[31m
                  [33mcx[31m=[32m"12"[31m
                  [33mcy[31m=[32m"13"[31m
                  [33mr[31m=[32m"3"[31m
                [36m/>[31m
              [36m</svg>[31m
            [36m</button>[31m
            [36m<input[31m
              [33maccept[31m=[32m"image/*,video/*"[31m
              [33mclass[31m=[32m"hidden"[31m
              [33mmultiple[31m=[32m""[31m
              [33mtype[31m=[32m"file"[31m
            [36m/>[31m
            [36m<button[31m
              [33mclass[31m=[32m"relative p-3 rounded-full transition-all flex-shrink-0 shadow-lg bg-gradient-to-r from-blue-500 to-purple-500 hover:from-blue-600 hover:to-purple-600 text-white"[31m
              [33mtitle[31m=[32m"🎤 Parler au lieu de taper"[31m
            [36m>[31m
              [36m<svg[31m
                [33mclass[31m=[32m"lucide lucide-mic w-6 h-6"[31m
                [33mfill[31m=[32m"none"[31m
                [33mheight[31m=[32m"24"[31m
                [33mstroke[31m=[32m"currentColor"[31m
                [33mstroke-linecap[31m=[32m"round"[31m
                [33mstroke-linejoin[31m=[32m"round"[31m
                [33mstroke-width[31m=[32m"2"[31m
                [33mviewBox[31m=[32m"0 0 24 24"[31m
                [33mwidth[31m=[32m"24"[31m
                [33mxmlns[31m=[32m"http://www.w3.org/2000/svg"[31m
              [36m>[31m
                [36m<path[31m
                  [33md[31m=[32m"M12 2a3 3 0 0 0-3 3v7a3 3 0 0 0 6 0V5a3 3 0 0 0-3-3Z"[31m
                [36m/>[31m
                [36m<path[31m
                  [33md[31m=[32m"M19 10v2a7 7 0 0 1-14 0v-2"[31m
                [36m/>[31m
                [36m<line[31m
                  [33mx1[31m=[32m"12"[31m
                  [33mx2[31m=[32m"12"[31m
                  [33my1[31m=[32m"19"[31m
                  [33my2[31m=[32m"22"[31m
                [36m/>[31m
              [36m</svg>[31m
            [36m</button>[31m
            [36m<div[31m
              [33mclass[31m=[32m"flex-1"[31m
            [36m>[31m
              [36m<textarea[31m
                [33mclass[31m=[32m"w-full border-2 border-gray-300 rounded-2xl px-4 py-3 focus:outline-none focus:ring-2 focus:ring-red-500 focus:border-transparent resize-none"[31m
                [33mplaceholder[31m=[32m"Nom complet + Problème + N° commande... (Ex: Jean Dupont, mon canapé OSLO a un pied cassé, CMD-2024-12345)"[31m
                [33mrows[31m=[32m"1"[31m
                [33mstyle[31m=[32m"min-height: 50px; max-height: 150px;"[31m
              [36m/>[31m
            [36m</div>[31m
            [36m<button[31m
              [33mclass[31m=[32m"p-3 rounded-full flex-shrink-0 transition-all bg-gray-300 text-gray-500 cursor-not-allowed"[31m
              [33mdisabled[31m=[32m""[31m
            [36m>[31m
              [36m<svg[31m
                [33mclass[31m=[32m"lucide lucide-send w-6 h-6"[31m
                [33mfill[31m=[32m"none"[31m
                [33mheight[31m=[32m"24"[31m
                [33mstroke[31m=[32m"currentColor"[31m
                [33mstroke-linecap[31m=[32m"round"[31m
                [33mstroke-linejoin[31m=[32m"round"[31m
                [33mstroke-width[31m=[32m"2"[31m
                [33mviewBox[31m=[32m"0 0 24 24"[31m
                [33mwidth[31m=[32m"24"[31m
                [33mxmlns[31m=[32m"http://www.w3.org/2000/svg"[31m
              [36m>[31m
                [36m<path[31m
                  [33md[31m=[32m"m22 2-7 20-4-9-9-4Z"[31m
                [36m/>[31m
                [36m<path[31m
                  [33md[31m=[32m"M22 2 11 13"[31m
                [36m/>[31m
              [36m</svg>[31m
            [36m</button>[31m
          [36m</div>[31m
          [36m<p[31m
            [33mclass[31m=[32m"text-xs text-gray-500 mt-3 text-center"[31m
          [36m>[31m
            [0m🔒 Données sécurisées • ⚡ Réponse immédiate • 🎤 Conversation vocale complète • 🔊 Le bot vous parle • 🎯 Analyse automatique du TON et PRIORITÉ • 🛡️ Vérification garantie instantanée[0m
          [36m</p>[31m
        [36m</div>[31m
      [36m</div>[31m
    [36m</div>[31m
  [36m</body>[31m
[36m</html>[31m[39m
[90mstdout[2m | src/__tests__/ChatInterface.test.jsx[2m > [22m[2mChatInterface[2m > [22m[2mMessage Sending[2m > [22m[2mshould show typing indicator while processing[22m[39m
✅ Synthèse vocale disponible

 [31m×[39m src/__tests__/Dashboard.test.jsx[2m > [22mDashboard[2m > [22mStatistics Display[2m > [22mshould display P1 urgent tickets count[33m 1022[2mms[22m[39m
[31m   → Unable to find an element with the text: /Urgents \(P1\)/i. This could be because the text is broken up by multiple elements. In this case, you can provide a function for your text matcher to make your matcher more flexible.

Ignored nodes: comments, script, style
[36m<body>[31m
  [36m<div>[31m
    [36m<div[31m
      [33mclass[31m=[32m"flex items-center justify-center h-screen bg-gray-50"[31m
    [36m>[31m
      [36m<div[31m
        [33mclass[31m=[32m"text-center text-red-600"[31m
      [36m>[31m
        [36m<svg[31m
          [33mclass[31m=[32m"lucide lucide-xcircle w-16 h-16 mx-auto mb-4"[31m
          [33mfill[31m=[32m"none"[31m
          [33mheight[31m=[32m"24"[31m
          [33mstroke[31m=[32m"currentColor"[31m
          [33mstroke-linecap[31m=[32m"round"[31m
          [33mstroke-linejoin[31m=[32m"round"[31m
          [33mstroke-width[31m=[32m"2"[31m
          [33mviewBox[31m=[32m"0 0 24 24"[31m
          [33mwidth[31m=[32m"24"[31m
          [33mxmlns[31m=[32m"http://www.w3.org/2000/svg"[31m
        [36m>[31m
          [36m<circle[31m
            [33mcx[31m=[32m"12"[31m
            [33mcy[31m=[32m"12"[31m
            [33mr[31m=[32m"10"[31m
          [36m/>[31m
          [36m<path[31m
            [33md[31m=[32m"m15 9-6 6"[31m
          [36m/>[31m
          [36m<path[31m
            [33md[31m=[32m"m9 9 6 6"[31m
          [36m/>[31m
        [36m</svg>[31m
        [36m<p[31m
          [33mclass[31m=[32m"text-xl font-semibold"[31m
        [36m>[31m
          [0mErreur de connexion au serveur[0m
        [36m</p>[31m
        [36m<button[31m
          [33mclass[31m=[32m"mt-4 px-4 py-2 bg-red-600 text-white rounded-lg hover:bg-red-700"[31m
        [36m>[31m
          [0mRéessayer[0m
        [36m</button>[31m
      [36m</div>[31m
    [36m</div>[31m
  [36m</div>[31m
[36m</body>[31m

Ignored nodes: comments, script, style
[36m<html>[31m
  [36m<head />[31m
  [36m<body>[31m
    [36m<div>[31m
      [36m<div[31m
        [33mclass[31m=[32m"flex items-center justify-center h-screen bg-gray-50"[31m
      [36m>[31m
        [36m<div[31m
          [33mclass[31m=[32m"text-center text-red-600"[31m
        [36m>[31m
          [36m<svg[31m
            [33mclass[31m=[32m"lucide lucide-xcircle w-16 h-16 mx-auto mb-4"[31m
            [33mfill[31m=[32m"none"[31m
            [33mheight[31m=[32m"24"[31m
            [33mstroke[31m=[32m"currentColor"[31m
            [33mstroke-linecap[31m=[32m"round"[31m
            [33mstroke-linejoin[31m=[32m"round"[31m
            [33mstroke-width[31m=[32m"2"[31m
            [33mviewBox[31m=[32m"0 0 24 24"[31m
            [33mwidth[31m=[32m"24"[31m
            [33mxmlns[31m=[32m"http://www.w3.org/2000/svg"[31m
          [36m>[31m
            [36m<circle[31m
              [33mcx[31m=[32m"12"[31m
              [33mcy[31m=[32m"12"[31m
              [33mr[31m=[32m"10"[31m
            [36m/>[31m
            [36m<path[31m
              [33md[31m=[32m"m15 9-6 6"[31m
            [36m/>[31m
            [36m<path[31m
              [33md[31m=[32m"m9 9 6 6"[31m
            [36m/>[31m
          [36m</svg>[31m
          [36m<p[31m
            [33mclass[31m=[32m"text-xl font-semibold"[31m
          [36m>[31m
            [0mErreur de connexion au serveur[0m
          [36m</p>[31m
          [36m<button[31m
            [33mclass[31m=[32m"mt-4 px-4 py-2 bg-red-600 text-white rounded-lg hover:bg-red-700"[31m
          [36m>[31m
            [0mRéessayer[0m
          [36m</button>[31m
        [36m</div>[31m
      [36m</div>[31m
    [36m</div>[31m
  [36m</body>[31m
[36m</html>[31m[39m
[90mstdout[2m | src/__tests__/Dashboard.test.jsx[2m > [22m[2mDashboard[2m > [22m[2mStatistics Display[2m > [22m[2mshould display auto-resolved tickets count[22m[39m
🔍 Dashboard - Tickets bruts: [33m0[39m
🔍 Dashboard - Tickets filtrés: [33m0[39m
🔍 Dashboard - Filtres actifs: { filterPriority: [32m'all'[39m, filterStatus: [32m'all'[39m }

[90mstderr[2m | src/__tests__/Dashboard.test.jsx[2m > [22m[2mDashboard[2m > [22m[2mStatistics Display[2m > [22m[2mshould display auto-resolved tickets count[22m[39m
[MSW] Warning: intercepted a request without a matching request handler:

  • GET /api/sav/tickets

If you still wish to intercept this unhandled request, please create a request handler for it.
Read more: https://mswjs.io/docs/http/intercepting-requests

[90mstderr[2m | src/__tests__/Dashboard.test.jsx[2m > [22m[2mDashboard[2m > [22m[2mStatistics Display[2m > [22m[2mshould display auto-resolved tickets count[22m[39m
Erreur: TypeError: fetch failed
[90m    at node:internal/deps/undici/undici:13510:13[39m
[90m    at processTicksAndRejections (node:internal/process/task_queues:105:5)[39m
    at until [90m(file:///C:/Users/v-nbayonne/meuble-de-france-chatbot/frontend/[39mnode_modules/[4m@open-draft[24m/until/src/until.ts:23:18[90m)[39m
    at Object.passthrough [90m(file:///C:/Users/v-nbayonne/meuble-de-france-chatbot/frontend/[39mnode_modules/[4m@mswjs[24m/interceptors/src/interceptors/fetch/index.ts:78:68[90m)[39m
    at _RequestController.passthrough [90m(file:///C:/Users/v-nbayonne/meuble-de-france-chatbot/frontend/[39mnode_modules/[4m@mswjs[24m/interceptors/src/RequestController.ts:50:5[90m)[39m
    at handleRequest [90m(file:///C:/Users/v-nbayonne/meuble-de-france-chatbot/frontend/[39mnode_modules/[4m@mswjs[24m/interceptors/src/utils/handleRequest.ts:201:12[90m)[39m
    at globalThis.fetch [90m(file:///C:/Users/v-nbayonne/meuble-de-france-chatbot/frontend/[39mnode_modules/[4m@mswjs[24m/interceptors/src/interceptors/fetch/index.ts:185:7[90m)[39m
    at fetchTickets [90m(C:\Users\v-nbayonne\meuble-de-france-chatbot\frontend\[39msrc\components\Dashboard.jsx:24:24[90m)[39m {
  [cause]: AggregateError: 
  [90m    at internalConnectMultiple (node:net:1134:18)[39m
  [90m    at afterConnectMultiple (node:net:1715:7)[39m {
    code: [32m'ECONNREFUSED'[39m,
    [errors]: [ [36m[Error][39m, [36m[Error][39m ]
  }
}

[90mstdout[2m | src/__tests__/Dashboard.test.jsx[2m > [22m[2mDashboard[2m > [22m[2mStatistics Display[2m > [22m[2mshould display auto-resolved tickets count[22m[39m
🔍 Dashboard - Tickets bruts: [33m0[39m
🔍 Dashboard - Tickets filtrés: [33m0[39m
🔍 Dashboard - Filtres actifs: { filterPriority: [32m'all'[39m, filterStatus: [32m'all'[39m }

[90mstdout[2m | src/__tests__/ChatInterface.test.jsx[2m > [22m[2mChatInterface[2m > [22m[2mMessage Sending[2m > [22m[2mshould show typing indicator while processing[22m[39m
<empty line>
[90mstderr[2m | src/__tests__/ChatInterface.test.jsx[2m > [22m[2mChatInterface[2m > [22m[2mMessage Sending[2m > [22m[2mshould show typing indicator while processing[22m[39m
[MSW] Warning: intercepted a request without a matching request handler:

  • POST /api/chat

  • Request body: {"message":"Test","session_id":"test-uuid-wmi65mr","photos":[]}

If you still wish to intercept this unhandled request, please create a request handler for it.
Read more: https://mswjs.io/docs/http/intercepting-requests

[90mstdout[2m | src/__tests__/ChatInterface.test.jsx[2m > [22m[2mChatInterface[2m > [22m[2mMessage Sending[2m > [22m[2mshould show typing indicator while processing[22m[39m
<empty line>
[90mstderr[2m | src/__tests__/ChatInterface.test.jsx[2m > [22m[2mChatInterface[2m > [22m[2mMessage Sending[2m > [22m[2mshould show typing indicator while processing[22m[39m
Erreur: TypeError: fetch failed
[90m    at node:internal/deps/undici/undici:13510:13[39m
[90m    at processTicksAndRejections (node:internal/process/task_queues:105:5)[39m
    at until [90m(file:///C:/Users/v-nbayonne/meuble-de-france-chatbot/frontend/[39mnode_modules/[4m@open-draft[24m/until/src/until.ts:23:18[90m)[39m
    at Object.passthrough [90m(file:///C:/Users/v-nbayonne/meuble-de-france-chatbot/frontend/[39mnode_modules/[4m@mswjs[24m/interceptors/src/interceptors/fetch/index.ts:78:68[90m)[39m
    at _RequestController.passthrough [90m(file:///C:/Users/v-nbayonne/meuble-de-france-chatbot/frontend/[39mnode_modules/[4m@mswjs[24m/interceptors/src/RequestController.ts:50:5[90m)[39m
    at handleRequest [90m(file:///C:/Users/v-nbayonne/meuble-de-france-chatbot/frontend/[39mnode_modules/[4m@mswjs[24m/interceptors/src/utils/handleRequest.ts:201:12[90m)[39m
    at globalThis.fetch [90m(file:///C:/Users/v-nbayonne/meuble-de-france-chatbot/frontend/[39mnode_modules/[4m@mswjs[24m/interceptors/src/interceptors/fetch/index.ts:185:7[90m)[39m
    at sendMessage [90m(C:\Users\v-nbayonne\meuble-de-france-chatbot\frontend\[39msrc\components\ChatInterface.jsx:275:24[90m)[39m {
  [cause]: AggregateError: 
  [90m    at internalConnectMultiple (node:net:1134:18)[39m
  [90m    at afterConnectMultiple (node:net:1715:7)[39m {
    code: [32m'ECONNREFUSED'[39m,
    [errors]: [ [36m[Error][39m, [36m[Error][39m ]
  }
}

 [31m×[39m src/__tests__/Dashboard.test.jsx[2m > [22mDashboard[2m > [22mStatistics Display[2m > [22mshould display auto-resolved tickets count[33m 1028[2mms[22m[39m
[31m   → Unable to find an element with the text: /Auto-résolus/i. This could be because the text is broken up by multiple elements. In this case, you can provide a function for your text matcher to make your matcher more flexible.

Ignored nodes: comments, script, style
[36m<body>[31m
  [36m<div>[31m
    [36m<div[31m
      [33mclass[31m=[32m"flex items-center justify-center h-screen bg-gray-50"[31m
    [36m>[31m
      [36m<div[31m
        [33mclass[31m=[32m"text-center text-red-600"[31m
      [36m>[31m
        [36m<svg[31m
          [33mclass[31m=[32m"lucide lucide-xcircle w-16 h-16 mx-auto mb-4"[31m
          [33mfill[31m=[32m"none"[31m
          [33mheight[31m=[32m"24"[31m
          [33mstroke[31m=[32m"currentColor"[31m
          [33mstroke-linecap[31m=[32m"round"[31m
          [33mstroke-linejoin[31m=[32m"round"[31m
          [33mstroke-width[31m=[32m"2"[31m
          [33mviewBox[31m=[32m"0 0 24 24"[31m
          [33mwidth[31m=[32m"24"[31m
          [33mxmlns[31m=[32m"http://www.w3.org/2000/svg"[31m
        [36m>[31m
          [36m<circle[31m
            [33mcx[31m=[32m"12"[31m
            [33mcy[31m=[32m"12"[31m
            [33mr[31m=[32m"10"[31m
          [36m/>[31m
          [36m<path[31m
            [33md[31m=[32m"m15 9-6 6"[31m
          [36m/>[31m
          [36m<path[31m
            [33md[31m=[32m"m9 9 6 6"[31m
          [36m/>[31m
        [36m</svg>[31m
        [36m<p[31m
          [33mclass[31m=[32m"text-xl font-semibold"[31m
        [36m>[31m
          [0mErreur de connexion au serveur[0m
        [36m</p>[31m
        [36m<button[31m
          [33mclass[31m=[32m"mt-4 px-4 py-2 bg-red-600 text-white rounded-lg hover:bg-red-700"[31m
        [36m>[31m
          [0mRéessayer[0m
        [36m</button>[31m
      [36m</div>[31m
    [36m</div>[31m
  [36m</div>[31m
[36m</body>[31m

Ignored nodes: comments, script, style
[36m<html>[31m
  [36m<head />[31m
  [36m<body>[31m
    [36m<div>[31m
      [36m<div[31m
        [33mclass[31m=[32m"flex items-center justify-center h-screen bg-gray-50"[31m
      [36m>[31m
        [36m<div[31m
          [33mclass[31m=[32m"text-center text-red-600"[31m
        [36m>[31m
          [36m<svg[31m
            [33mclass[31m=[32m"lucide lucide-xcircle w-16 h-16 mx-auto mb-4"[31m
            [33mfill[31m=[32m"none"[31m
            [33mheight[31m=[32m"24"[31m
            [33mstroke[31m=[32m"currentColor"[31m
            [33mstroke-linecap[31m=[32m"round"[31m
            [33mstroke-linejoin[31m=[32m"round"[31m
            [33mstroke-width[31m=[32m"2"[31m
            [33mviewBox[31m=[32m"0 0 24 24"[31m
            [33mwidth[31m=[32m"24"[31m
            [33mxmlns[31m=[32m"http://www.w3.org/2000/svg"[31m
          [36m>[31m
            [36m<circle[31m
              [33mcx[31m=[32m"12"[31m
              [33mcy[31m=[32m"12"[31m
              [33mr[31m=[32m"10"[31m
            [36m/>[31m
            [36m<path[31m
              [33md[31m=[32m"m15 9-6 6"[31m
            [36m/>[31m
            [36m<path[31m
              [33md[31m=[32m"m9 9 6 6"[31m
            [36m/>[31m
          [36m</svg>[31m
          [36m<p[31m
            [33mclass[31m=[32m"text-xl font-semibold"[31m
          [36m>[31m
            [0mErreur de connexion au serveur[0m
          [36m</p>[31m
          [36m<button[31m
            [33mclass[31m=[32m"mt-4 px-4 py-2 bg-red-600 text-white rounded-lg hover:bg-red-700"[31m
          [36m>[31m
            [0mRéessayer[0m
          [36m</button>[31m
        [36m</div>[31m
      [36m</div>[31m
    [36m</div>[31m
  [36m</body>[31m
[36m</html>[31m[39m
[90mstdout[2m | src/__tests__/Dashboard.test.jsx[2m > [22m[2mDashboard[2m > [22m[2mStatistics Display[2m > [22m[2mshould calculate correct statistics from ticket data[22m[39m
🔍 Dashboard - Tickets bruts: [33m0[39m
🔍 Dashboard - Tickets filtrés: [33m0[39m
🔍 Dashboard - Filtres actifs: { filterPriority: [32m'all'[39m, filterStatus: [32m'all'[39m }

[90mstderr[2m | src/__tests__/Dashboard.test.jsx[2m > [22m[2mDashboard[2m > [22m[2mStatistics Display[2m > [22m[2mshould calculate correct statistics from ticket data[22m[39m
[MSW] Warning: intercepted a request without a matching request handler:

  • GET /api/sav/tickets

If you still wish to intercept this unhandled request, please create a request handler for it.
Read more: https://mswjs.io/docs/http/intercepting-requests

[90mstderr[2m | src/__tests__/Dashboard.test.jsx[2m > [22m[2mDashboard[2m > [22m[2mStatistics Display[2m > [22m[2mshould calculate correct statistics from ticket data[22m[39m
Erreur: TypeError: fetch failed
[90m    at node:internal/deps/undici/undici:13510:13[39m
[90m    at processTicksAndRejections (node:internal/process/task_queues:105:5)[39m
    at until [90m(file:///C:/Users/v-nbayonne/meuble-de-france-chatbot/frontend/[39mnode_modules/[4m@open-draft[24m/until/src/until.ts:23:18[90m)[39m
    at Object.passthrough [90m(file:///C:/Users/v-nbayonne/meuble-de-france-chatbot/frontend/[39mnode_modules/[4m@mswjs[24m/interceptors/src/interceptors/fetch/index.ts:78:68[90m)[39m
    at _RequestController.passthrough [90m(file:///C:/Users/v-nbayonne/meuble-de-france-chatbot/frontend/[39mnode_modules/[4m@mswjs[24m/interceptors/src/RequestController.ts:50:5[90m)[39m
    at handleRequest [90m(file:///C:/Users/v-nbayonne/meuble-de-france-chatbot/frontend/[39mnode_modules/[4m@mswjs[24m/interceptors/src/utils/handleRequest.ts:201:12[90m)[39m
    at globalThis.fetch [90m(file:///C:/Users/v-nbayonne/meuble-de-france-chatbot/frontend/[39mnode_modules/[4m@mswjs[24m/interceptors/src/interceptors/fetch/index.ts:185:7[90m)[39m
    at fetchTickets [90m(C:\Users\v-nbayonne\meuble-de-france-chatbot\frontend\[39msrc\components\Dashboard.jsx:24:24[90m)[39m {
  [cause]: AggregateError: 
  [90m    at internalConnectMultiple (node:net:1134:18)[39m
  [90m    at afterConnectMultiple (node:net:1715:7)[39m {
    code: [32m'ECONNREFUSED'[39m,
    [errors]: [ [36m[Error][39m, [36m[Error][39m ]
  }
}

[90mstdout[2m | src/__tests__/Dashboard.test.jsx[2m > [22m[2mDashboard[2m > [22m[2mStatistics Display[2m > [22m[2mshould calculate correct statistics from ticket data[22m[39m
🔍 Dashboard - Tickets bruts: [33m0[39m
🔍 Dashboard - Tickets filtrés: [33m0[39m
🔍 Dashboard - Filtres actifs: { filterPriority: [32m'all'[39m, filterStatus: [32m'all'[39m }

 [31m×[39m src/__tests__/ChatInterface.test.jsx[2m > [22mChatInterface[2m > [22mMessage Sending[2m > [22mshould show typing indicator while processing[33m 1548[2mms[22m[39m
[31m   → element?.className?.includes is not a function

Ignored nodes: comments, script, style
[36m<body>[31m
  [36m<div>[31m
    [36m<div[31m
      [33mclass[31m=[32m"flex flex-col h-full max-w-5xl mx-auto bg-gradient-to-br from-amber-50 to-orange-50"[31m
    [36m>[31m
      [36m<div[31m
        [33mclass[31m=[32m"bg-gradient-to-r from-blue-600 to-blue-700 text-white p-6 shadow-lg"[31m
      [36m>[31m
        [36m<div[31m
          [33mclass[31m=[32m"flex items-center justify-between"[31m
        [36m>[31m
          [36m<div>[31m
            [36m<h1[31m
              [33mclass[31m=[32m"text-3xl font-bold"[31m
            [36m>[31m
              [0mService clientèle du groupe Mobilier de France[0m
            [36m</h1>[31m
            [36m<p[31m
              [33mclass[31m=[32m"text-sm opacity-90 mt-1"[31m
            [36m>[31m
              [0mService Après-Vente Intelligent • Traitement automatisé en temps réel[0m
            [36m</p>[31m
          [36m</div>[31m
          [36m<div[31m
            [33mclass[31m=[32m"flex items-center space-x-4"[31m
          [36m>[31m
            [36m<button[31m
              [33mclass[31m=[32m"flex items-center space-x-2 px-4 py-2 rounded-lg font-medium transition-all bg-white text-blue-600 hover:bg-gray-100"[31m
              [33mtitle[31m=[32m"Désactiver la voix du bot"[31m
            [36m>[31m
              [36m<svg[31m
                [33mclass[31m=[32m"lucide lucide-volume2 w-5 h-5 "[31m
                [33mfill[31m=[32m"none"[31m
                [33mheight[31m=[32m"24"[31m
                [33mstroke[31m=[32m"currentColor"[31m
                [33mstroke-linecap[31m=[32m"round"[31m
                [33mstroke-linejoin[31m=[32m"round"[31m
                [33mstroke-width[31m=[32m"2"[31m
                [33mviewBox[31m=[32m"0 0 24 24"[31m
                [33mwidth[31m=[32m"24"[31m
                [33mxmlns[31m=[32m"http://www.w3.org/2000/svg"[31m
              [36m>[31m
                [36m<polygon[31m
                  [33mpoints[31m=[32m"11 5 6 9 2 9 2 15 6 15 11 19 11 5"[31m
                [36m/>[31m
                [36m<path[31m
                  [33md[31m=[32m"M15.54 8.46a5 5 0 0 1 0 7.07"[31m
                [36m/>[31m
                [36m<path[31m
                  [33md[31m=[32m"M19.07 4.93a10 10 0 0 1 0 14.14"[31m
                [36m/>[31m
              [36m</svg>[31m
              [36m<span[31m
                [33mclass[31m=[32m"text-sm"[31m
              [36m>[31m
                [0mVoix ON[0m
              [36m</span>[31m
            [36m</button>[31m
            [36m<div[31m
              [33mclass[31m=[32m"text-right text-xs opacity-80 border-l border-white/30 pl-4"[31m
            [36m>[31m
              [36m<p[31m
                [33mclass[31m=[32m"font-semibold"[31m
              [36m>[31m
                [0m🎯 100% Automatisé[0m
              [36m</p>[31m
              [36m<p[31m
                [33mclass[31m=[32m"text-xs"[31m
              [36m>[31m
                [0m✅ Analyse TON • ✅ Garantie • ✅ Priorité[0m
              [36m</p>[31m
            [36m</div>[31m
          [36m</div>[31m
        [36m</div>[31m
      [36m</div>[31m
      [36m<div[31m
        [33mclass[31m=[32m"flex-1 overflow-y-auto p-6 space-y-4"[31m
      [36m>[31m
        [36m<div[31m
          [33mclass[31m=[32m"flex justify-start fade-in"[31m
        [36m>[31m
          [36m<div[31m
            [33mclass[31m=[32m"max-w-[75%] rounded-2xl p-4 shadow-md bg-white text-gray-800 border border-gray-200"[31m
          [36m>[31m
            [36m<div[31m
              [33mclass[31m=[32m"flex items-start space-x-3"[31m
            [36m>[31m
              [36m<div[31m
                [33mclass[31m=[32m"w-8 h-8 rounded-full bg-gradient-to-r from-amber-500 to-orange-500 flex items-center justify-center text-white font-bold flex-shrink-0"[31m
              [36m>[31m
                [0mM[0m
              [36m</div>[31m
              [36m<div[31m
                [33mclass[31m=[32m"flex-1"[31m
              [36m>[31m
                [36m<p[31m
                  [33mclass[31m=[32m"whitespace-pre-line leading-relaxed"[31m
                [36m>[31m
                  [0m👋 Bonjour ! Je suis votre assistant SAV Mobilier de France.

Décrivez-moi votre problème avec votre numéro de commande, je m'occupe du reste !

💡 **Exemple** : "Bonjour, je m'appelle Marie Martin. Mon canapé OSLO a le pied cassé, commande CMD-2024-12345"[0m
                [36m</p>[31m
                [36m<div[31m
                  [33mclass[31m=[32m"flex items-center justify-between mt-2 text-xs text-gray-500"[31m
                [36m>[31m
                  [36m<span>[31m
                    [0m13:02[0m
                  [36m</span>[31m
                [36m</div>[31m
              [36m</div>[31m
            [36m</div>[31m
          [36m</div>[31m
        [36m</div>[31m
        [36m<div[31m
          [33mclass[31m=[32m"flex justify-end fade-in"[31m
        [36m>[31m
          [36m<div[31m
            [33mclass[31m=[32m"max-w-[75%] rounded-2xl p-4 shadow-md bg-gradient-to-r from-amber-500 to-orange-500 text-white"[31m
          [36m>[31m
            [36m<div[31m
              [33mclass[31m=[32m"flex items-start space-x-3"[31m
            [36m>[31m
              [36m<div[31m
                [33mclass[31m=[32m"flex-1"[31m
              [36m>[31m
                [36m<p[31m
                  [33mclass[31m=[32m"whitespace-pre-line leading-relaxed"[31m
                [36m>[31m
                  [0mTest[0m
                [36m</p>[31m
                [36m<div[31m
                  [33mclass[31m=[32m"flex items-center justify-between mt-2 text-xs text-white/70"[31m
                [36m>[31m
                  [36m<span>[31m
                    [0m13:02[0m
                  [36m</span>[31m
                [36m</div>[31m
              [36m</div>[31m
              [36m<div[31m
                [33mclass[31m=[32m"w-8 h-8 rounded-full bg-white flex items-center justify-center text-amber-600 font-bold flex-shrink-0"[31m
              [36m>[31m
                [0mV[0m
              [36m</div>[31m
            [36m</div>[31m
          [36m</div>[31m
        [36m</div>[31m
        [36m<div[31m
          [33mclass[31m=[32m"flex justify-start fade-in"[31m
        [36m>[31m
          [36m<div[31m
            [33mclass[31m=[32m"max-w-[75%] rounded-2xl p-4 shadow-md bg-white text-gray-800 border border-gray-200"[31m
          [36m>[31m
            [36m<div[31m
              [33mclass[31m=[32m"flex items-start space-x-3"[31m
            [36m>[31m
              [36m<div[31m
                [33mclass[31m=[32m"w-8 h-8 rounded-full bg-gradient-to-r from-amber-500 to-orange-500 flex items-center justify-center text-white font-bold flex-shrink-0"[31m
              [36m>[31m
                [0mM[0m
              [36m</div>[31m
              [36m<div[31m
                [33mclass[31m=[32m"flex-1"[31m
              [36m>[31m
                [36m<p[31m
                  [33mclass[31m=[32m"whitespace-pre-line leading-relaxed"[31m
                [36m>[31m
                  [0mDésolé, j'ai rencontré un problème technique. Pouvez-vous réessayer ?[0m
                [36m</p>[31m
                [36m<div[31m
                  [33mclass[31m=[32m"flex items-center justify-between mt-2 text-xs text-gray-500"[31m
                [36m>[31m
                  [36m<span>[31m
                    [0m13:02[0m
                  [36m</span>[31m
                [36m</div>[31m
              [36m</div>[31m
            [36m</div>[31m
          [36m</div>[31m
        [36m</div>[31m
        [36m<div />[31m
      [36m</div>[31m
      [36m<div[31m
        [33mclass[31m=[32m"bg-white p-6 border-t border-gray-200 shadow-lg"[31m
      [36m>[31m
        [36m<div[31m
          [33mclass[31m=[32m"flex items-end space-x-3"[31m
        [36m>[31m
          [36m<button[31m
            [33mclass[31m=[32m"bg-amber-100 hover:bg-amber-200 text-amber-700 p-3 rounded-full transition-colors flex-shrink-0"[31m
            [33mtitle[31m=[32m"Ajouter des photos"[31m
          [36m>[31m
            [36m<svg[31m
              [33mclass[31m=[32m"lucide lucide-camera w-6 h-6"[31m
              [33mfill[31m=[32m"none"[31m
              [33mheight[31m=[32m"24"[31m
              [33mstroke[31m=[32m"currentColor"[31m
              [33mstroke-linecap[31m=[32m"round"[31m
              [33mstroke-linejoin[31m=[32m"round"[31m
              [33mstroke-width[31m=[32m"2"[31m
              [33mviewBox[31m=[32m"0 0 24 24"[31m
              [33mwidth[31m=[32m"24"[31m
              [33mxmlns[31m=[32m"http://www.w3.org/2000/svg"[31m
            [36m>[31m
              [36m<path[31m
                [33md[31m=[32m"M14.5 4h-5L7 7H4a2 2 0 0 0-2 2v9a2 2 0 0 0 2 2h16a2 2 0 0 0 2-2V9a2 2 0 0 0-2-2h-3l-2.5-3z"[31m
              [36m/>[31m
              [36m<circle[31m
                [33mcx[31m=[32m"12"[31m
                [33mcy[31m=[32m"13"[31m
                [33mr[31m=[32m"3"[31m
              [36m/>[31m
            [36m</svg>[31m
          [36m</button>[31m
          [36m<input[31m
            [33maccept[31m=[32m"image/*,video/*"[31m
            [33mclass[31m=[32m"hidden"[31m
            [33mmultiple[31m=[32m""[31m
            [33mtype[31m=[32m"file"[31m
          [36m/>[31m
          [36m<button[31m
            [33mclass[31m=[32m"relative p-3 rounded-full transition-all flex-shrink-0 shadow-lg bg-gradient-to-r from-blue-500 to-purple-500 hover:from-blue-600 hover:to-purple-600 text-white"[31m
            [33mtitle[31m=[32m"🎤 Parler au lieu de taper"[31m
          [36m>[31m
            [36m<svg[31m
              [33mclass[31m=[32m"lucide lucide-mic w-6 h-6"[31m
              [33mfill[31m=[32m"none"[31m
              [33mheight[31m=[32m"24"[31m
              [33mstroke[31m=[32m"currentColor"[31m
              [33mstroke-linecap[31m=[32m"round"[31m
              [33mstroke-linejoin[31m=[32m"round"[31m
              [33mstroke-width[31m=[32m"2"[31m
              [33mviewBox[31m=[32m"0 0 24 24"[31m
              [33mwidth[31m=[32m"24"[31m
              [33mxmlns[31m=[32m"http://www.w3.org/2000/svg"[31m
            [36m>[31m
              [36m<path[31m
                [33md[31m=[32m"M12 2a3 3 0 0 0-3 3v7a3 3 0 0 0 6 0V5a3 3 0 0 0-3-3Z"[31m
              [36m/>[31m
              [36m<path[31m
                [33md[31m=[32m"M19 10v2a7 7 0 0 1-14 0v-2"[31m
              [36m/>[31m
              [36m<line[31m
                [33mx1[31m=[32m"12"[31m
                [33mx2[31m=[32m"12"[31m
                [33my1[31m=[32m"19"[31m
                [33my2[31m=[32m"22"[31m
              [36m/>[31m
            [36m</svg>[31m
          [36m</button>[31m
          [36m<div[31m
            [33mclass[31m=[32m"flex-1"[31m
          [36m>[31m
            [36m<textarea[31m
              [33mclass[31m=[32m"w-full border-2 border-gray-300 rounded-2xl px-4 py-3 focus:outline-none focus:ring-2 focus:ring-red-500 focus:border-transparent resize-none"[31m
              [33mplaceholder[31m=[32m"Nom complet + Problème + N° commande... (Ex: Jean Dupont, mon canapé OSLO a un pied cassé, CMD-2024-12345)"[31m
              [33mrows[31m=[32m"1"[31m
              [33mstyle[31m=[32m"min-height: 50px; max-height: 150px;"[31m
            [36m/>[31m
          [36m</div>[31m
          [36m<button[31m
            [33mclass[31m=[32m"p-3 rounded-full flex-shrink-0 transition-all bg-gray-300 text-gray-500 cursor-not-allowed"[31m
            [33mdisabled[31m=[32m""[31m
          [36m>[31m
            [36m<svg[31m
              [33mclass[31m=[32m"lucide lucide-send w-6 h-6"[31m
              [33mfill[31m=[32m"none"[31m
              [33mheight[31m=[32m"24"[31m
              [33mstroke[31m=[32m"currentColor"[31m
              [33mstroke-linecap[31m=[32m"round"[31m
              [33mstroke-linejoin[31m=[32m"round"[31m
              [33mstroke-width[31m=[32m"2"[31m
              [33mviewBox[31m=[32m"0 0 24 24"[31m
              [33mwidth[31m=[32m"24"[31m
              [33mxmlns[31m=[32m"http://www.w3.org/2000/svg"[31m
            [36m>[31m
              [36m<path[31m
                [33md[31m=[32m"m22 2-7 20-4-9-9-4Z"[31m
              [36m/>[31m
              [36m<path[31m
                [33md[31m=[32m"M22 2 11 13"[31m
              [36m/>[31m
            [36m</svg>[31m
          [36m</button>[31m
        [36m</div>[31m
        [36m<p[31m
          [33mclass[31m=[32m"text-xs text-gray-500 mt-3 text-center"[31m
        [36m>[31m
          [0m🔒 Données sécurisées • ⚡ Réponse immédiate • 🎤 Conversation vocale complète • 🔊 Le bot vous parle • 🎯 Analyse automatique du TON et PRIORITÉ • 🛡️ Vérification garantie instantanée[0m
        [36m</p>[31m
      [36m</div>[31m
    [36m</div>[31m
  [36m</div>[31m
[36m</body>[31m[39m
[90mstdout[2m | src/__tests__/ChatInterface.test.jsx[2m > [22m[2mChatInterface[2m > [22m[2mFile Upload[2m > [22m[2mshould upload a single photo[22m[39m
✅ Synthèse vocale disponible

 [31m×[39m src/__tests__/Dashboard.test.jsx[2m > [22mDashboard[2m > [22mStatistics Display[2m > [22mshould calculate correct statistics from ticket data[33m 1015[2mms[22m[39m
[31m   → Unable to find an element with the text: /Total Tickets/i. This could be because the text is broken up by multiple elements. In this case, you can provide a function for your text matcher to make your matcher more flexible.

Ignored nodes: comments, script, style
[36m<body>[31m
  [36m<div>[31m
    [36m<div[31m
      [33mclass[31m=[32m"flex items-center justify-center h-screen bg-gray-50"[31m
    [36m>[31m
      [36m<div[31m
        [33mclass[31m=[32m"text-center text-red-600"[31m
      [36m>[31m
        [36m<svg[31m
          [33mclass[31m=[32m"lucide lucide-xcircle w-16 h-16 mx-auto mb-4"[31m
          [33mfill[31m=[32m"none"[31m
          [33mheight[31m=[32m"24"[31m
          [33mstroke[31m=[32m"currentColor"[31m
          [33mstroke-linecap[31m=[32m"round"[31m
          [33mstroke-linejoin[31m=[32m"round"[31m
          [33mstroke-width[31m=[32m"2"[31m
          [33mviewBox[31m=[32m"0 0 24 24"[31m
          [33mwidth[31m=[32m"24"[31m
          [33mxmlns[31m=[32m"http://www.w3.org/2000/svg"[31m
        [36m>[31m
          [36m<circle[31m
            [33mcx[31m=[32m"12"[31m
            [33mcy[31m=[32m"12"[31m
            [33mr[31m=[32m"10"[31m
          [36m/>[31m
          [36m<path[31m
            [33md[31m=[32m"m15 9-6 6"[31m
          [36m/>[31m
          [36m<path[31m
            [33md[31m=[32m"m9 9 6 6"[31m
          [36m/>[31m
        [36m</svg>[31m
        [36m<p[31m
          [33mclass[31m=[32m"text-xl font-semibold"[31m
        [36m>[31m
          [0mErreur de connexion au serveur[0m
        [36m</p>[31m
        [36m<button[31m
          [33mclass[31m=[32m"mt-4 px-4 py-2 bg-red-600 text-white rounded-lg hover:bg-red-700"[31m
        [36m>[31m
          [0mRéessayer[0m
        [36m</button>[31m
      [36m</div>[31m
    [36m</div>[31m
  [36m</div>[31m
[36m</body>[31m

Ignored nodes: comments, script, style
[36m<html>[31m
  [36m<head />[31m
  [36m<body>[31m
    [36m<div>[31m
      [36m<div[31m
        [33mclass[31m=[32m"flex items-center justify-center h-screen bg-gray-50"[31m
      [36m>[31m
        [36m<div[31m
          [33mclass[31m=[32m"text-center text-red-600"[31m
        [36m>[31m
          [36m<svg[31m
            [33mclass[31m=[32m"lucide lucide-xcircle w-16 h-16 mx-auto mb-4"[31m
            [33mfill[31m=[32m"none"[31m
            [33mheight[31m=[32m"24"[31m
            [33mstroke[31m=[32m"currentColor"[31m
            [33mstroke-linecap[31m=[32m"round"[31m
            [33mstroke-linejoin[31m=[32m"round"[31m
            [33mstroke-width[31m=[32m"2"[31m
            [33mviewBox[31m=[32m"0 0 24 24"[31m
            [33mwidth[31m=[32m"24"[31m
            [33mxmlns[31m=[32m"http://www.w3.org/2000/svg"[31m
          [36m>[31m
            [36m<circle[31m
              [33mcx[31m=[32m"12"[31m
              [33mcy[31m=[32m"12"[31m
              [33mr[31m=[32m"10"[31m
            [36m/>[31m
            [36m<path[31m
              [33md[31m=[32m"m15 9-6 6"[31m
            [36m/>[31m
            [36m<path[31m
              [33md[31m=[32m"m9 9 6 6"[31m
            [36m/>[31m
          [36m</svg>[31m
          [36m<p[31m
            [33mclass[31m=[32m"text-xl font-semibold"[31m
          [36m>[31m
            [0mErreur de connexion au serveur[0m
          [36m</p>[31m
          [36m<button[31m
            [33mclass[31m=[32m"mt-4 px-4 py-2 bg-red-600 text-white rounded-lg hover:bg-red-700"[31m
          [36m>[31m
            [0mRéessayer[0m
          [36m</button>[31m
        [36m</div>[31m
      [36m</div>[31m
    [36m</div>[31m
  [36m</body>[31m
[36m</html>[31m[39m
[90mstdout[2m | src/__tests__/Dashboard.test.jsx[2m > [22m[2mDashboard[2m > [22m[2mTicket List Display[2m > [22m[2mshould display tickets table with headers[22m[39m
🔍 Dashboard - Tickets bruts: [33m0[39m
🔍 Dashboard - Tickets filtrés: [33m0[39m
🔍 Dashboard - Filtres actifs: { filterPriority: [32m'all'[39m, filterStatus: [32m'all'[39m }

[90mstderr[2m | src/__tests__/Dashboard.test.jsx[2m > [22m[2mDashboard[2m > [22m[2mTicket List Display[2m > [22m[2mshould display tickets table with headers[22m[39m
[MSW] Warning: intercepted a request without a matching request handler:

  • GET /api/sav/tickets

If you still wish to intercept this unhandled request, please create a request handler for it.
Read more: https://mswjs.io/docs/http/intercepting-requests

[90mstdout[2m | src/__tests__/Dashboard.test.jsx[2m > [22m[2mDashboard[2m > [22m[2mTicket List Display[2m > [22m[2mshould display tickets table with headers[22m[39m
🔍 Dashboard - Tickets bruts: [33m0[39m
🔍 Dashboard - Tickets filtrés: [33m0[39m
🔍 Dashboard - Filtres actifs: { filterPriority: [32m'all'[39m, filterStatus: [32m'all'[39m }

[90mstderr[2m | src/__tests__/Dashboard.test.jsx[2m > [22m[2mDashboard[2m > [22m[2mTicket List Display[2m > [22m[2mshould display tickets table with headers[22m[39m
Erreur: TypeError: fetch failed
[90m    at node:internal/deps/undici/undici:13510:13[39m
[90m    at processTicksAndRejections (node:internal/process/task_queues:105:5)[39m
    at until [90m(file:///C:/Users/v-nbayonne/meuble-de-france-chatbot/frontend/[39mnode_modules/[4m@open-draft[24m/until/src/until.ts:23:18[90m)[39m
    at Object.passthrough [90m(file:///C:/Users/v-nbayonne/meuble-de-france-chatbot/frontend/[39mnode_modules/[4m@mswjs[24m/interceptors/src/interceptors/fetch/index.ts:78:68[90m)[39m
    at _RequestController.passthrough [90m(file:///C:/Users/v-nbayonne/meuble-de-france-chatbot/frontend/[39mnode_modules/[4m@mswjs[24m/interceptors/src/RequestController.ts:50:5[90m)[39m
    at handleRequest [90m(file:///C:/Users/v-nbayonne/meuble-de-france-chatbot/frontend/[39mnode_modules/[4m@mswjs[24m/interceptors/src/utils/handleRequest.ts:201:12[90m)[39m
    at globalThis.fetch [90m(file:///C:/Users/v-nbayonne/meuble-de-france-chatbot/frontend/[39mnode_modules/[4m@mswjs[24m/interceptors/src/interceptors/fetch/index.ts:185:7[90m)[39m
    at fetchTickets [90m(C:\Users\v-nbayonne\meuble-de-france-chatbot\frontend\[39msrc\components\Dashboard.jsx:24:24[90m)[39m {
  [cause]: AggregateError: 
  [90m    at internalConnectMultiple (node:net:1134:18)[39m
  [90m    at afterConnectMultiple (node:net:1715:7)[39m {
    code: [32m'ECONNREFUSED'[39m,
    [errors]: [ [36m[Error][39m, [36m[Error][39m ]
  }
}

[90mstdout[2m | src/__tests__/ChatInterface.test.jsx[2m > [22m[2mChatInterface[2m > [22m[2mFile Upload[2m > [22m[2mshould display uploaded file preview[22m[39m
✅ Synthèse vocale disponible

 [31m×[39m src/__tests__/ChatInterface.test.jsx[2m > [22mChatInterface[2m > [22mFile Upload[2m > [22mshould upload a single photo[33m 1218[2mms[22m[39m
[31m   → Unable to find an element with the text: /Fichiers à envoyer/i. This could be because the text is broken up by multiple elements. In this case, you can provide a function for your text matcher to make your matcher more flexible.

Ignored nodes: comments, script, style
[36m<body>[31m
  [36m<div>[31m
    [36m<div[31m
      [33mclass[31m=[32m"flex flex-col h-full max-w-5xl mx-auto bg-gradient-to-br from-amber-50 to-orange-50"[31m
    [36m>[31m
      [36m<div[31m
        [33mclass[31m=[32m"bg-gradient-to-r from-blue-600 to-blue-700 text-white p-6 shadow-lg"[31m
      [36m>[31m
        [36m<div[31m
          [33mclass[31m=[32m"flex items-center justify-between"[31m
        [36m>[31m
          [36m<div>[31m
            [36m<h1[31m
              [33mclass[31m=[32m"text-3xl font-bold"[31m
            [36m>[31m
              [0mService clientèle du groupe Mobilier de France[0m
            [36m</h1>[31m
            [36m<p[31m
              [33mclass[31m=[32m"text-sm opacity-90 mt-1"[31m
            [36m>[31m
              [0mService Après-Vente Intelligent • Traitement automatisé en temps réel[0m
            [36m</p>[31m
          [36m</div>[31m
          [36m<div[31m
            [33mclass[31m=[32m"flex items-center space-x-4"[31m
          [36m>[31m
            [36m<button[31m
              [33mclass[31m=[32m"flex items-center space-x-2 px-4 py-2 rounded-lg font-medium transition-all bg-white text-blue-600 hover:bg-gray-100"[31m
              [33mtitle[31m=[32m"Désactiver la voix du bot"[31m
            [36m>[31m
              [36m<svg[31m
                [33mclass[31m=[32m"lucide lucide-volume2 w-5 h-5 "[31m
                [33mfill[31m=[32m"none"[31m
                [33mheight[31m=[32m"24"[31m
                [33mstroke[31m=[32m"currentColor"[31m
                [33mstroke-linecap[31m=[32m"round"[31m
                [33mstroke-linejoin[31m=[32m"round"[31m
                [33mstroke-width[31m=[32m"2"[31m
                [33mviewBox[31m=[32m"0 0 24 24"[31m
                [33mwidth[31m=[32m"24"[31m
                [33mxmlns[31m=[32m"http://www.w3.org/2000/svg"[31m
              [36m>[31m
                [36m<polygon[31m
                  [33mpoints[31m=[32m"11 5 6 9 2 9 2 15 6 15 11 19 11 5"[31m
                [36m/>[31m
                [36m<path[31m
                  [33md[31m=[32m"M15.54 8.46a5 5 0 0 1 0 7.07"[31m
                [36m/>[31m
                [36m<path[31m
                  [33md[31m=[32m"M19.07 4.93a10 10 0 0 1 0 14.14"[31m
                [36m/>[31m
              [36m</svg>[31m
              [36m<span[31m
                [33mclass[31m=[32m"text-sm"[31m
              [36m>[31m
                [0mVoix ON[0m
              [36m</span>[31m
            [36m</button>[31m
            [36m<div[31m
              [33mclass[31m=[32m"text-right text-xs opacity-80 border-l border-white/30 pl-4"[31m
            [36m>[31m
              [36m<p[31m
                [33mclass[31m=[32m"font-semibold"[31m
              [36m>[31m
                [0m🎯 100% Automatisé[0m
              [36m</p>[31m
              [36m<p[31m
                [33mclass[31m=[32m"text-xs"[31m
              [36m>[31m
                [0m✅ Analyse TON • ✅ Garantie • ✅ Priorité[0m
              [36m</p>[31m
            [36m</div>[31m
          [36m</div>[31m
        [36m</div>[31m
      [36m</div>[31m
      [36m<div[31m
        [33mclass[31m=[32m"flex-1 overflow-y-auto p-6 space-y-4"[31m
      [36m>[31m
        [36m<div[31m
          [33mclass[31m=[32m"flex justify-start fade-in"[31m
        [36m>[31m
          [36m<div[31m
            [33mclass[31m=[32m"max-w-[75%] rounded-2xl p-4 shadow-md bg-white text-gray-800 border border-gray-200"[31m
          [36m>[31m
            [36m<div[31m
              [33mclass[31m=[32m"flex items-start space-x-3"[31m
            [36m>[31m
              [36m<div[31m
                [33mclass[31m=[32m"w-8 h-8 rounded-full bg-gradient-to-r from-amber-500 to-orange-500 flex items-center justify-center text-white font-bold flex-shrink-0"[31m
              [36m>[31m
                [0mM[0m
              [36m</div>[31m
              [36m<div[31m
                [33mclass[31m=[32m"flex-1"[31m
              [36m>[31m
                [36m<p[31m
                  [33mclass[31m=[32m"whitespace-pre-line leading-relaxed"[31m
                [36m>[31m
                  [0m👋 Bonjour ! Je suis votre assistant SAV Mobilier de France.

Décrivez-moi votre problème avec votre numéro de commande, je m'occupe du reste !

💡 **Exemple** : "Bonjour, je m'appelle Marie Martin. Mon canapé OSLO a le pied cassé, commande CMD-2024-12345"[0m
                [36m</p>[31m
                [36m<div[31m
                  [33mclass[31m=[32m"flex items-center justify-between mt-2 text-xs text-gray-500"[31m
                [36m>[31m
                  [36m<span>[31m
                    [0m13:02[0m
                  [36m</span>[31m
                [36m</div>[31m
              [36m</div>[31m
            [36m</div>[31m
          [36m</div>[31m
        [36m</div>[31m
        [36m<div />[31m
      [36m</div>[31m
      [36m<div[31m
        [33mclass[31m=[32m"bg-white p-6 border-t border-gray-200 shadow-lg"[31m
      [36m>[31m
        [36m<div[31m
          [33mclass[31m=[32m"flex items-end space-x-3"[31m
        [36m>[31m
          [36m<button[31m
            [33mclass[31m=[32m"bg-amber-100 hover:bg-amber-200 text-amber-700 p-3 rounded-full transition-colors flex-shrink-0"[31m
            [33mtitle[31m=[32m"Ajouter des photos"[31m
          [36m>[31m
            [36m<svg[31m
              [33mclass[31m=[32m"lucide lucide-camera w-6 h-6"[31m
              [33mfill[31m=[32m"none"[31m
              [33mheight[31m=[32m"24"[31m
              [33mstroke[31m=[32m"currentColor"[31m
              [33mstroke-linecap[31m=[32m"round"[31m
              [33mstroke-linejoin[31m=[32m"round"[31m
              [33mstroke-width[31m=[32m"2"[31m
              [33mviewBox[31m=[32m"0 0 24 24"[31m
              [33mwidth[31m=[32m"24"[31m
              [33mxmlns[31m=[32m"http://www.w3.org/2000/svg"[31m
            [36m>[31m
              [36m<path[31m
                [33md[31m=[32m"M14.5 4h-5L7 7H4a2 2 0 0 0-2 2v9a2 2 0 0 0 2 2h16a2 2 0 0 0 2-2V9a2 2 0 0 0-2-2h-3l-2.5-3z"[31m
              [36m/>[31m
              [36m<circle[31m
                [33mcx[31m=[32m"12"[31m
                [33mcy[31m=[32m"13"[31m
                [33mr[31m=[32m"3"[31m
              [36m/>[31m
            [36m</svg>[31m
          [36m</button>[31m
          [36m<input[31m
            [33maccept[31m=[32m"image/*,video/*"[31m
            [33mclass[31m=[32m"hidden"[31m
            [33mmultiple[31m=[32m""[31m
            [33mtype[31m=[32m"file"[31m
          [36m/>[31m
          [36m<button[31m
            [33mclass[31m=[32m"relative p-3 rounded-full transition-all flex-shrink-0 shadow-lg bg-gradient-to-r from-blue-500 to-purple-500 hover:from-blue-600 hover:to-purple-600 text-white"[31m
            [33mtitle[31m=[32m"🎤 Parler au lieu de taper"[31m
          [36m>[31m
            [36m<svg[31m
              [33mclass[31m=[32m"lucide lucide-mic w-6 h-6"[31m
              [33mfill[31m=[32m"none"[31m
              [33mheight[31m=[32m"24"[31m
              [33mstroke[31m=[32m"currentColor"[31m
              [33mstroke-linecap[31m=[32m"round"[31m
              [33mstroke-linejoin[31m=[32m"round"[31m
              [33mstroke-width[31m=[32m"2"[31m
              [33mviewBox[31m=[32m"0 0 24 24"[31m
              [33mwidth[31m=[32m"24"[31m
              [33mxmlns[31m=[32m"http://www.w3.org/2000/svg"[31m
            [36m>[31m
              [36m<path[31m
                [33md[31m=[32m"M12 2a3 3 0 0 0-3 3v7a3 3 0 0 0 6 0V5a3 3 0 0 0-3-3Z"[31m
              [36m/>[31m
              [36m<path[31m
                [33md[31m=[32m"M19 10v2a7 7 0 0 1-14 0v-2"[31m
              [36m/>[31m
              [36m<line[31m
                [33mx1[31m=[32m"12"[31m
                [33mx2[31m=[32m"12"[31m
                [33my1[31m=[32m"19"[31m
                [33my2[31m=[32m"22"[31m
              [36m/>[31m
            [36m</svg>[31m
          [36m</button>[31m
          [36m<div[31m
            [33mclass[31m=[32m"flex-1"[31m
          [36m>[31m
            [36m<textarea[31m
              [33mclass[31m=[32m"w-full border-2 border-gray-300 rounded-2xl px-4 py-3 focus:outline-none focus:ring-2 focus:ring-red-500 focus:border-transparent resize-none"[31m
              [33mplaceholder[31m=[32m"Nom complet + Problème + N° commande... (Ex: Jean Dupont, mon canapé OSLO a un pied cassé, CMD-2024-12345)"[31m
              [33mrows[31m=[32m"1"[31m
              [33mstyle[31m=[32m"min-height: 50px; max-height: 150px;"[31m
            [36m/>[31m
          [36m</div>[31m
          [36m<button[31m
            [33mclass[31m=[32m"p-3 rounded-full flex-shrink-0 transition-all bg-gray-300 text-gray-500 cursor-not-allowed"[31m
            [33mdisabled[31m=[32m""[31m
          [36m>[31m
            [36m<svg[31m
              [33mclass[31m=[32m"lucide lucide-send w-6 h-6"[31m
              [33mfill[31m=[32m"none"[31m
              [33mheight[31m=[32m"24"[31m
              [33mstroke[31m=[32m"currentColor"[31m
              [33mstroke-linecap[31m=[32m"round"[31m
              [33mstroke-linejoin[31m=[32m"round"[31m
              [33mstroke-width[31m=[32m"2"[31m
              [33mviewBox[31m=[32m"0 0 24 24"[31m
              [33mwidth[31m=[32m"24"[31m
              [33mxmlns[31m=[32m"http://www.w3.org/2000/svg"[31m
            [36m>[31m
              [36m<path[31m
                [33md[31m=[32m"m22 2-7 20-4-9-9-4Z"[31m
              [36m/>[31m
              [36m<path[31m
                [33md[31m=[32m"M22 2 11 13"[31m
              [36m/>[31m
            [36m</svg>[31m
          [36m</button>[31m
        [36m</div>[31m
        [36m<p[31m
          [33mclass[31m=[32m"text-xs text-gray-500 mt-3 text-center"[31m
        [36m>[31m
          [0m🔒 Données sécurisées • ⚡ Réponse immédiate • 🎤 Conversation vocale complète • 🔊 Le bot vous parle • 🎯 Analyse automatique du TON et PRIORITÉ • 🛡️ Vérification garantie instantanée[0m
        [36m</p>[31m
      [36m</div>[31m
    [36m</div>[31m
  [36m</div>[31m
[36m</body>[31m

Ignored nodes: comments, script, style
[36m<html>[31m
  [36m<head />[31m
  [36m<body>[31m
    [36m<div>[31m
      [36m<div[31m
        [33mclass[31m=[32m"flex flex-col h-full max-w-5xl mx-auto bg-gradient-to-br from-amber-50 to-orange-50"[31m
      [36m>[31m
        [36m<div[31m
          [33mclass[31m=[32m"bg-gradient-to-r from-blue-600 to-blue-700 text-white p-6 shadow-lg"[31m
        [36m>[31m
          [36m<div[31m
            [33mclass[31m=[32m"flex items-center justify-between"[31m
          [36m>[31m
            [36m<div>[31m
              [36m<h1[31m
                [33mclass[31m=[32m"text-3xl font-bold"[31m
              [36m>[31m
                [0mService clientèle du groupe Mobilier de France[0m
              [36m</h1>[31m
              [36m<p[31m
                [33mclass[31m=[32m"text-sm opacity-90 mt-1"[31m
              [36m>[31m
                [0mService Après-Vente Intelligent • Traitement automatisé en temps réel[0m
              [36m</p>[31m
            [36m</div>[31m
            [36m<div[31m
              [33mclass[31m=[32m"flex items-center space-x-4"[31m
            [36m>[31m
              [36m<button[31m
                [33mclass[31m=[32m"flex items-center space-x-2 px-4 py-2 rounded-lg font-medium transition-all bg-white text-blue-600 hover:bg-gray-100"[31m
                [33mtitle[31m=[32m"Désactiver la voix du bot"[31m
              [36m>[31m
                [36m<svg[31m
                  [33mclass[31m=[32m"lucide lucide-volume2 w-5 h-5 "[31m
                  [33mfill[31m=[32m"none"[31m
                  [33mheight[31m=[32m"24"[31m
                  [33mstroke[31m=[32m"currentColor"[31m
                  [33mstroke-linecap[31m=[32m"round"[31m
                  [33mstroke-linejoin[31m=[32m"round"[31m
                  [33mstroke-width[31m=[32m"2"[31m
                  [33mviewBox[31m=[32m"0 0 24 24"[31m
                  [33mwidth[31m=[32m"24"[31m
                  [33mxmlns[31m=[32m"http://www.w3.org/2000/svg"[31m
                [36m>[31m
                  [36m<polygon[31m
                    [33mpoints[31m=[32m"11 5 6 9 2 9 2 15 6 15 11 19 11 5"[31m
                  [36m/>[31m
                  [36m<path[31m
                    [33md[31m=[32m"M15.54 8.46a5 5 0 0 1 0 7.07"[31m
                  [36m/>[31m
                  [36m<path[31m
                    [33md[31m=[32m"M19.07 4.93a10 10 0 0 1 0 14.14"[31m
                  [36m/>[31m
                [36m</svg>[31m
                [36m<span[31m
                  [33mclass[31m=[32m"text-sm"[31m
                [36m>[31m
                  [0mVoix ON[0m
                [36m</span>[31m
              [36m</button>[31m
              [36m<div[31m
                [33mclass[31m=[32m"text-right text-xs opacity-80 border-l border-white/30 pl-4"[31m
              [36m>[31m
                [36m<p[31m
                  [33mclass[31m=[32m"font-semibold"[31m
                [36m>[31m
                  [0m🎯 100% Automatisé[0m
                [36m</p>[31m
                [36m<p[31m
                  [33mclass[31m=[32m"text-xs"[31m
                [36m>[31m
                  [0m✅ Analyse TON • ✅ Garantie • ✅ Priorité[0m
                [36m</p>[31m
              [36m</div>[31m
            [36m</div>[31m
          [36m</div>[31m
        [36m</div>[31m
        [36m<div[31m
          [33mclass[31m=[32m"flex-1 overflow-y-auto p-6 space-y-4"[31m
        [36m>[31m
          [36m<div[31m
            [33mclass[31m=[32m"flex justify-start fade-in"[31m
          [36m>[31m
            [36m<div[31m
              [33mclass[31m=[32m"max-w-[75%] rounded-2xl p-4 shadow-md bg-white text-gray-800 border border-gray-200"[31m
            [36m>[31m
              [36m<div[31m
                [33mclass[31m=[32m"flex items-start space-x-3"[31m
              [36m>[31m
                [36m<div[31m
                  [33mclass[31m=[32m"w-8 h-8 rounded-full bg-gradient-to-r from-amber-500 to-orange-500 flex items-center justify-center text-white font-bold flex-shrink-0"[31m
                [36m>[31m
                  [0mM[0m
                [36m</div>[31m
                [36m<div[31m
                  [33mclass[31m=[32m"flex-1"[31m
                [36m>[31m
                  [36m<p[31m
                    [33mclass[31m=[32m"whitespace-pre-line leading-relaxed"[31m
                  [36m>[31m
                    [0m👋 Bonjour ! Je suis votre assistant SAV Mobilier de France.

Décrivez-moi votre problème avec votre numéro de commande, je m'occupe du reste !

💡 **Exemple** : "Bonjour, je m'appelle Marie Martin. Mon canapé OSLO a le pied cassé, commande CMD-2024-12345"[0m
                  [36m</p>[31m
                  [36m<div[31m
                    [33mclass[31m=[32m"flex items-center justify-between mt-2 text-xs text-gray-500"[31m
                  [36m>[31m
                    [36m<span>[31m
                      [0m13:02[0m
                    [36m</span>[31m
                  [36m</div>[31m
                [36m</div>[31m
              [36m</div>[31m
            [36m</div>[31m
          [36m</div>[31m
          [36m<div />[31m
        [36m</div>[31m
        [36m<div[31m
          [33mclass[31m=[32m"bg-white p-6 border-t border-gray-200 shadow-lg"[31m
        [36m>[31m
          [36m<div[31m
            [33mclass[31m=[32m"flex items-end space-x-3"[31m
          [36m>[31m
            [36m<button[31m
              [33mclass[31m=[32m"bg-amber-100 hover:bg-amber-200 text-amber-700 p-3 rounded-full transition-colors flex-shrink-0"[31m
              [33mtitle[31m=[32m"Ajouter des photos"[31m
            [36m>[31m
              [36m<svg[31m
                [33mclass[31m=[32m"lucide lucide-camera w-6 h-6"[31m
                [33mfill[31m=[32m"none"[31m
                [33mheight[31m=[32m"24"[31m
                [33mstroke[31m=[32m"currentColor"[31m
                [33mstroke-linecap[31m=[32m"round"[31m
                [33mstroke-linejoin[31m=[32m"round"[31m
                [33mstroke-width[31m=[32m"2"[31m
                [33mviewBox[31m=[32m"0 0 24 24"[31m
                [33mwidth[31m=[32m"24"[31m
                [33mxmlns[31m=[32m"http://www.w3.org/2000/svg"[31m
              [36m>[31m
                [36m<path[31m
                  [33md[31m=[32m"M14.5 4h-5L7 7H4a2 2 0 0 0-2 2v9a2 2 0 0 0 2 2h16a2 2 0 0 0 2-2V9a2 2 0 0 0-2-2h-3l-2.5-3z"[31m
                [36m/>[31m
                [36m<circle[31m
                  [33mcx[31m=[32m"12"[31m
                  [33mcy[31m=[32m"13"[31m
                  [33mr[31m=[32m"3"[31m
                [36m/>[31m
              [36m</svg>[31m
            [36m</button>[31m
            [36m<input[31m
              [33maccept[31m=[32m"image/*,video/*"[31m
              [33mclass[31m=[32m"hidden"[31m
              [33mmultiple[31m=[32m""[31m
              [33mtype[31m=[32m"file"[31m
            [36m/>[31m
            [36m<button[31m
              [33mclass[31m=[32m"relative p-3 rounded-full transition-all flex-shrink-0 shadow-lg bg-gradient-to-r from-blue-500 to-purple-500 hover:from-blue-600 hover:to-purple-600 text-white"[31m
              [33mtitle[31m=[32m"🎤 Parler au lieu de taper"[31m
            [36m>[31m
              [36m<svg[31m
                [33mclass[31m=[32m"lucide lucide-mic w-6 h-6"[31m
                [33mfill[31m=[32m"none"[31m
                [33mheight[31m=[32m"24"[31m
                [33mstroke[31m=[32m"currentColor"[31m
                [33mstroke-linecap[31m=[32m"round"[31m
                [33mstroke-linejoin[31m=[32m"round"[31m
                [33mstroke-width[31m=[32m"2"[31m
                [33mviewBox[31m=[32m"0 0 24 24"[31m
                [33mwidth[31m=[32m"24"[31m
                [33mxmlns[31m=[32m"http://www.w3.org/2000/svg"[31m
              [36m>[31m
                [36m<path[31m
                  [33md[31m=[32m"M12 2a3 3 0 0 0-3 3v7a3 3 0 0 0 6 0V5a3 3 0 0 0-3-3Z"[31m
                [36m/>[31m
                [36m<path[31m
                  [33md[31m=[32m"M19 10v2a7 7 0 0 1-14 0v-2"[31m
                [36m/>[31m
                [36m<line[31m
                  [33mx1[31m=[32m"12"[31m
                  [33mx2[31m=[32m"12"[31m
                  [33my1[31m=[32m"19"[31m
                  [33my2[31m=[32m"22"[31m
                [36m/>[31m
              [36m</svg>[31m
            [36m</button>[31m
            [36m<div[31m
              [33mclass[31m=[32m"flex-1"[31m
            [36m>[31m
              [36m<textarea[31m
                [33mclass[31m=[32m"w-full border-2 border-gray-300 rounded-2xl px-4 py-3 focus:outline-none focus:ring-2 focus:ring-red-500 focus:border-transparent resize-none"[31m
                [33mplaceholder[31m=[32m"Nom complet + Problème + N° commande... (Ex: Jean Dupont, mon canapé OSLO a un pied cassé, CMD-2024-12345)"[31m
                [33mrows[31m=[32m"1"[31m
                [33mstyle[31m=[32m"min-height: 50px; max-height: 150px;"[31m
              [36m/>[31m
            [36m</div>[31m
            [36m<button[31m
              [33mclass[31m=[32m"p-3 rounded-full flex-shrink-0 transition-all bg-gray-300 text-gray-500 cursor-not-allowed"[31m
              [33mdisabled[31m=[32m""[31m
            [36m>[31m
              [36m<svg[31m
                [33mclass[31m=[32m"lucide lucide-send w-6 h-6"[31m
                [33mfill[31m=[32m"none"[31m
                [33mheight[31m=[32m"24"[31m
                [33mstroke[31m=[32m"currentColor"[31m
                [33mstroke-linecap[31m=[32m"round"[31m
                [33mstroke-linejoin[31m=[32m"round"[31m
                [33mstroke-width[31m=[32m"2"[31m
                [33mviewBox[31m=[32m"0 0 24 24"[31m
                [33mwidth[31m=[32m"24"[31m
                [33mxmlns[31m=[32m"http://www.w3.org/2000/svg"[31m
              [36m>[31m
                [36m<path[31m
                  [33md[31m=[32m"m22 2-7 20-4-9-9-4Z"[31m
                [36m/>[31m
                [36m<path[31m
                  [33md[31m=[32m"M22 2 11 13"[31m
                [36m/>[31m
              [36m</svg>[31m
            [36m</button>[31m
          [36m</div>[31m
          [36m<p[31m
            [33mclass[31m=[32m"text-xs text-gray-500 mt-3 text-center"[31m
          [36m>[31m
            [0m🔒 Données sécurisées • ⚡ Réponse immédiate • 🎤 Conversation vocale complète • 🔊 Le bot vous parle • 🎯 Analyse automatique du TON et PRIORITÉ • 🛡️ Vérification garantie instantanée[0m
          [36m</p>[31m
        [36m</div>[31m
      [36m</div>[31m
    [36m</div>[31m
  [36m</body>[31m
[36m</html>[31m[39m
 [31m×[39m src/__tests__/Dashboard.test.jsx[2m > [22mDashboard[2m > [22mTicket List Display[2m > [22mshould display tickets table with headers[33m 1022[2mms[22m[39m
[31m   → Unable to find an element with the text: /Ticket/i. This could be because the text is broken up by multiple elements. In this case, you can provide a function for your text matcher to make your matcher more flexible.

Ignored nodes: comments, script, style
[36m<body>[31m
  [36m<div>[31m
    [36m<div[31m
      [33mclass[31m=[32m"flex items-center justify-center h-screen bg-gray-50"[31m
    [36m>[31m
      [36m<div[31m
        [33mclass[31m=[32m"text-center text-red-600"[31m
      [36m>[31m
        [36m<svg[31m
          [33mclass[31m=[32m"lucide lucide-xcircle w-16 h-16 mx-auto mb-4"[31m
          [33mfill[31m=[32m"none"[31m
          [33mheight[31m=[32m"24"[31m
          [33mstroke[31m=[32m"currentColor"[31m
          [33mstroke-linecap[31m=[32m"round"[31m
          [33mstroke-linejoin[31m=[32m"round"[31m
          [33mstroke-width[31m=[32m"2"[31m
          [33mviewBox[31m=[32m"0 0 24 24"[31m
          [33mwidth[31m=[32m"24"[31m
          [33mxmlns[31m=[32m"http://www.w3.org/2000/svg"[31m
        [36m>[31m
          [36m<circle[31m
            [33mcx[31m=[32m"12"[31m
            [33mcy[31m=[32m"12"[31m
            [33mr[31m=[32m"10"[31m
          [36m/>[31m
          [36m<path[31m
            [33md[31m=[32m"m15 9-6 6"[31m
          [36m/>[31m
          [36m<path[31m
            [33md[31m=[32m"m9 9 6 6"[31m
          [36m/>[31m
        [36m</svg>[31m
        [36m<p[31m
          [33mclass[31m=[32m"text-xl font-semibold"[31m
        [36m>[31m
          [0mErreur de connexion au serveur[0m
        [36m</p>[31m
        [36m<button[31m
          [33mclass[31m=[32m"mt-4 px-4 py-2 bg-red-600 text-white rounded-lg hover:bg-red-700"[31m
        [36m>[31m
          [0mRéessayer[0m
        [36m</button>[31m
      [36m</div>[31m
    [36m</div>[31m
  [36m</div>[31m
[36m</body>[31m

Ignored nodes: comments, script, style
[36m<html>[31m
  [36m<head />[31m
  [36m<body>[31m
    [36m<div>[31m
      [36m<div[31m
        [33mclass[31m=[32m"flex items-center justify-center h-screen bg-gray-50"[31m
      [36m>[31m
        [36m<div[31m
          [33mclass[31m=[32m"text-center text-red-600"[31m
        [36m>[31m
          [36m<svg[31m
            [33mclass[31m=[32m"lucide lucide-xcircle w-16 h-16 mx-auto mb-4"[31m
            [33mfill[31m=[32m"none"[31m
            [33mheight[31m=[32m"24"[31m
            [33mstroke[31m=[32m"currentColor"[31m
            [33mstroke-linecap[31m=[32m"round"[31m
            [33mstroke-linejoin[31m=[32m"round"[31m
            [33mstroke-width[31m=[32m"2"[31m
            [33mviewBox[31m=[32m"0 0 24 24"[31m
            [33mwidth[31m=[32m"24"[31m
            [33mxmlns[31m=[32m"http://www.w3.org/2000/svg"[31m
          [36m>[31m
            [36m<circle[31m
              [33mcx[31m=[32m"12"[31m
              [33mcy[31m=[32m"12"[31m
              [33mr[31m=[32m"10"[31m
            [36m/>[31m
            [36m<path[31m
              [33md[31m=[32m"m15 9-6 6"[31m
            [36m/>[31m
            [36m<path[31m
              [33md[31m=[32m"m9 9 6 6"[31m
            [36m/>[31m
          [36m</svg>[31m
          [36m<p[31m
            [33mclass[31m=[32m"text-xl font-semibold"[31m
          [36m>[31m
            [0mErreur de connexion au serveur[0m
          [36m</p>[31m
          [36m<button[31m
            [33mclass[31m=[32m"mt-4 px-4 py-2 bg-red-600 text-white rounded-lg hover:bg-red-700"[31m
          [36m>[31m
            [0mRéessayer[0m
          [36m</button>[31m
        [36m</div>[31m
      [36m</div>[31m
    [36m</div>[31m
  [36m</body>[31m
[36m</html>[31m[39m
[90mstdout[2m | src/__tests__/Dashboard.test.jsx[2m > [22m[2mDashboard[2m > [22m[2mTicket List Display[2m > [22m[2mshould display ticket data in table[22m[39m
🔍 Dashboard - Tickets bruts: [33m0[39m
🔍 Dashboard - Tickets filtrés: [33m0[39m
🔍 Dashboard - Filtres actifs: { filterPriority: [32m'all'[39m, filterStatus: [32m'all'[39m }

[90mstderr[2m | src/__tests__/Dashboard.test.jsx[2m > [22m[2mDashboard[2m > [22m[2mTicket List Display[2m > [22m[2mshould display ticket data in table[22m[39m
[MSW] Warning: intercepted a request without a matching request handler:

  • GET /api/sav/tickets

If you still wish to intercept this unhandled request, please create a request handler for it.
Read more: https://mswjs.io/docs/http/intercepting-requests

[90mstdout[2m | src/__tests__/Dashboard.test.jsx[2m > [22m[2mDashboard[2m > [22m[2mTicket List Display[2m > [22m[2mshould display ticket data in table[22m[39m
🔍 Dashboard - Tickets bruts: [33m0[39m
🔍 Dashboard - Tickets filtrés: [33m0[39m
🔍 Dashboard - Filtres actifs: { filterPriority: [32m'all'[39m, filterStatus: [32m'all'[39m }

[90mstderr[2m | src/__tests__/Dashboard.test.jsx[2m > [22m[2mDashboard[2m > [22m[2mTicket List Display[2m > [22m[2mshould display ticket data in table[22m[39m
Erreur: TypeError: fetch failed
[90m    at node:internal/deps/undici/undici:13510:13[39m
[90m    at processTicksAndRejections (node:internal/process/task_queues:105:5)[39m
    at until [90m(file:///C:/Users/v-nbayonne/meuble-de-france-chatbot/frontend/[39mnode_modules/[4m@open-draft[24m/until/src/until.ts:23:18[90m)[39m
    at Object.passthrough [90m(file:///C:/Users/v-nbayonne/meuble-de-france-chatbot/frontend/[39mnode_modules/[4m@mswjs[24m/interceptors/src/interceptors/fetch/index.ts:78:68[90m)[39m
    at _RequestController.passthrough [90m(file:///C:/Users/v-nbayonne/meuble-de-france-chatbot/frontend/[39mnode_modules/[4m@mswjs[24m/interceptors/src/RequestController.ts:50:5[90m)[39m
    at handleRequest [90m(file:///C:/Users/v-nbayonne/meuble-de-france-chatbot/frontend/[39mnode_modules/[4m@mswjs[24m/interceptors/src/utils/handleRequest.ts:201:12[90m)[39m
    at globalThis.fetch [90m(file:///C:/Users/v-nbayonne/meuble-de-france-chatbot/frontend/[39mnode_modules/[4m@mswjs[24m/interceptors/src/interceptors/fetch/index.ts:185:7[90m)[39m
    at fetchTickets [90m(C:\Users\v-nbayonne\meuble-de-france-chatbot\frontend\[39msrc\components\Dashboard.jsx:24:24[90m)[39m {
  [cause]: AggregateError: 
  [90m    at internalConnectMultiple (node:net:1134:18)[39m
  [90m    at afterConnectMultiple (node:net:1715:7)[39m {
    code: [32m'ECONNREFUSED'[39m,
    [errors]: [ [36m[Error][39m, [36m[Error][39m ]
  }
}

 [31m×[39m src/__tests__/ChatInterface.test.jsx[2m > [22mChatInterface[2m > [22mFile Upload[2m > [22mshould display uploaded file preview[33m 1155[2mms[22m[39m
[31m   → Unable to find an element with the text: /test-photo/i. This could be because the text is broken up by multiple elements. In this case, you can provide a function for your text matcher to make your matcher more flexible.

Ignored nodes: comments, script, style
[36m<body>[31m
  [36m<div>[31m
    [36m<div[31m
      [33mclass[31m=[32m"flex flex-col h-full max-w-5xl mx-auto bg-gradient-to-br from-amber-50 to-orange-50"[31m
    [36m>[31m
      [36m<div[31m
        [33mclass[31m=[32m"bg-gradient-to-r from-blue-600 to-blue-700 text-white p-6 shadow-lg"[31m
      [36m>[31m
        [36m<div[31m
          [33mclass[31m=[32m"flex items-center justify-between"[31m
        [36m>[31m
          [36m<div>[31m
            [36m<h1[31m
              [33mclass[31m=[32m"text-3xl font-bold"[31m
            [36m>[31m
              [0mService clientèle du groupe Mobilier de France[0m
            [36m</h1>[31m
            [36m<p[31m
              [33mclass[31m=[32m"text-sm opacity-90 mt-1"[31m
            [36m>[31m
              [0mService Après-Vente Intelligent • Traitement automatisé en temps réel[0m
            [36m</p>[31m
          [36m</div>[31m
          [36m<div[31m
            [33mclass[31m=[32m"flex items-center space-x-4"[31m
          [36m>[31m
            [36m<button[31m
              [33mclass[31m=[32m"flex items-center space-x-2 px-4 py-2 rounded-lg font-medium transition-all bg-white text-blue-600 hover:bg-gray-100"[31m
              [33mtitle[31m=[32m"Désactiver la voix du bot"[31m
            [36m>[31m
              [36m<svg[31m
                [33mclass[31m=[32m"lucide lucide-volume2 w-5 h-5 "[31m
                [33mfill[31m=[32m"none"[31m
                [33mheight[31m=[32m"24"[31m
                [33mstroke[31m=[32m"currentColor"[31m
                [33mstroke-linecap[31m=[32m"round"[31m
                [33mstroke-linejoin[31m=[32m"round"[31m
                [33mstroke-width[31m=[32m"2"[31m
                [33mviewBox[31m=[32m"0 0 24 24"[31m
                [33mwidth[31m=[32m"24"[31m
                [33mxmlns[31m=[32m"http://www.w3.org/2000/svg"[31m
              [36m>[31m
                [36m<polygon[31m
                  [33mpoints[31m=[32m"11 5 6 9 2 9 2 15 6 15 11 19 11 5"[31m
                [36m/>[31m
                [36m<path[31m
                  [33md[31m=[32m"M15.54 8.46a5 5 0 0 1 0 7.07"[31m
                [36m/>[31m
                [36m<path[31m
                  [33md[31m=[32m"M19.07 4.93a10 10 0 0 1 0 14.14"[31m
                [36m/>[31m
              [36m</svg>[31m
              [36m<span[31m
                [33mclass[31m=[32m"text-sm"[31m
              [36m>[31m
                [0mVoix ON[0m
              [36m</span>[31m
            [36m</button>[31m
            [36m<div[31m
              [33mclass[31m=[32m"text-right text-xs opacity-80 border-l border-white/30 pl-4"[31m
            [36m>[31m
              [36m<p[31m
                [33mclass[31m=[32m"font-semibold"[31m
              [36m>[31m
                [0m🎯 100% Automatisé[0m
              [36m</p>[31m
              [36m<p[31m
                [33mclass[31m=[32m"text-xs"[31m
              [36m>[31m
                [0m✅ Analyse TON • ✅ Garantie • ✅ Priorité[0m
              [36m</p>[31m
            [36m</div>[31m
          [36m</div>[31m
        [36m</div>[31m
      [36m</div>[31m
      [36m<div[31m
        [33mclass[31m=[32m"flex-1 overflow-y-auto p-6 space-y-4"[31m
      [36m>[31m
        [36m<div[31m
          [33mclass[31m=[32m"flex justify-start fade-in"[31m
        [36m>[31m
          [36m<div[31m
            [33mclass[31m=[32m"max-w-[75%] rounded-2xl p-4 shadow-md bg-white text-gray-800 border border-gray-200"[31m
          [36m>[31m
            [36m<div[31m
              [33mclass[31m=[32m"flex items-start space-x-3"[31m
            [36m>[31m
              [36m<div[31m
                [33mclass[31m=[32m"w-8 h-8 rounded-full bg-gradient-to-r from-amber-500 to-orange-500 flex items-center justify-center text-white font-bold flex-shrink-0"[31m
              [36m>[31m
                [0mM[0m
              [36m</div>[31m
              [36m<div[31m
                [33mclass[31m=[32m"flex-1"[31m
              [36m>[31m
                [36m<p[31m
                  [33mclass[31m=[32m"whitespace-pre-line leading-relaxed"[31m
                [36m>[31m
                  [0m👋 Bonjour ! Je suis votre assistant SAV Mobilier de France.

Décrivez-moi votre problème avec votre numéro de commande, je m'occupe du reste !

💡 **Exemple** : "Bonjour, je m'appelle Marie Martin. Mon canapé OSLO a le pied cassé, commande CMD-2024-12345"[0m
                [36m</p>[31m
                [36m<div[31m
                  [33mclass[31m=[32m"flex items-center justify-between mt-2 text-xs text-gray-500"[31m
                [36m>[31m
                  [36m<span>[31m
                    [0m13:02[0m
                  [36m</span>[31m
                [36m</div>[31m
              [36m</div>[31m
            [36m</div>[31m
          [36m</div>[31m
        [36m</div>[31m
        [36m<div />[31m
      [36m</div>[31m
      [36m<div[31m
        [33mclass[31m=[32m"bg-white p-6 border-t border-gray-200 shadow-lg"[31m
      [36m>[31m
        [36m<div[31m
          [33mclass[31m=[32m"flex items-end space-x-3"[31m
        [36m>[31m
          [36m<button[31m
            [33mclass[31m=[32m"bg-amber-100 hover:bg-amber-200 text-amber-700 p-3 rounded-full transition-colors flex-shrink-0"[31m
            [33mtitle[31m=[32m"Ajouter des photos"[31m
          [36m>[31m
            [36m<svg[31m
              [33mclass[31m=[32m"lucide lucide-camera w-6 h-6"[31m
              [33mfill[31m=[32m"none"[31m
              [33mheight[31m=[32m"24"[31m
              [33mstroke[31m=[32m"currentColor"[31m
              [33mstroke-linecap[31m=[32m"round"[31m
              [33mstroke-linejoin[31m=[32m"round"[31m
              [33mstroke-width[31m=[32m"2"[31m
              [33mviewBox[31m=[32m"0 0 24 24"[31m
              [33mwidth[31m=[32m"24"[31m
              [33mxmlns[31m=[32m"http://www.w3.org/2000/svg"[31m
            [36m>[31m
              [36m<path[31m
                [33md[31m=[32m"M14.5 4h-5L7 7H4a2 2 0 0 0-2 2v9a2 2 0 0 0 2 2h16a2 2 0 0 0 2-2V9a2 2 0 0 0-2-2h-3l-2.5-3z"[31m
              [36m/>[31m
              [36m<circle[31m
                [33mcx[31m=[32m"12"[31m
                [33mcy[31m=[32m"13"[31m
                [33mr[31m=[32m"3"[31m
              [36m/>[31m
            [36m</svg>[31m
          [36m</button>[31m
          [36m<input[31m
            [33maccept[31m=[32m"image/*,video/*"[31m
            [33mclass[31m=[32m"hidden"[31m
            [33mmultiple[31m=[32m""[31m
            [33mtype[31m=[32m"file"[31m
          [36m/>[31m
          [36m<button[31m
            [33mclass[31m=[32m"relative p-3 rounded-full transition-all flex-shrink-0 shadow-lg bg-gradient-to-r from-blue-500 to-purple-500 hover:from-blue-600 hover:to-purple-600 text-white"[31m
            [33mtitle[31m=[32m"🎤 Parler au lieu de taper"[31m
          [36m>[31m
            [36m<svg[31m
              [33mclass[31m=[32m"lucide lucide-mic w-6 h-6"[31m
              [33mfill[31m=[32m"none"[31m
              [33mheight[31m=[32m"24"[31m
              [33mstroke[31m=[32m"currentColor"[31m
              [33mstroke-linecap[31m=[32m"round"[31m
              [33mstroke-linejoin[31m=[32m"round"[31m
              [33mstroke-width[31m=[32m"2"[31m
              [33mviewBox[31m=[32m"0 0 24 24"[31m
              [33mwidth[31m=[32m"24"[31m
              [33mxmlns[31m=[32m"http://www.w3.org/2000/svg"[31m
            [36m>[31m
              [36m<path[31m
                [33md[31m=[32m"M12 2a3 3 0 0 0-3 3v7a3 3 0 0 0 6 0V5a3 3 0 0 0-3-3Z"[31m
              [36m/>[31m
              [36m<path[31m
                [33md[31m=[32m"M19 10v2a7 7 0 0 1-14 0v-2"[31m
              [36m/>[31m
              [36m<line[31m
                [33mx1[31m=[32m"12"[31m
                [33mx2[31m=[32m"12"[31m
                [33my1[31m=[32m"19"[31m
                [33my2[31m=[32m"22"[31m
              [36m/>[31m
            [36m</svg>[31m
          [36m</button>[31m
          [36m<div[31m
            [33mclass[31m=[32m"flex-1"[31m
          [36m>[31m
            [36m<textarea[31m
              [33mclass[31m=[32m"w-full border-2 border-gray-300 rounded-2xl px-4 py-3 focus:outline-none focus:ring-2 focus:ring-red-500 focus:border-transparent resize-none"[31m
              [33mplaceholder[31m=[32m"Nom complet + Problème + N° commande... (Ex: Jean Dupont, mon canapé OSLO a un pied cassé, CMD-2024-12345)"[31m
              [33mrows[31m=[32m"1"[31m
              [33mstyle[31m=[32m"min-height: 50px; max-height: 150px;"[31m
            [36m/>[31m
          [36m</div>[31m
          [36m<button[31m
            [33mclass[31m=[32m"p-3 rounded-full flex-shrink-0 transition-all bg-gray-300 text-gray-500 cursor-not-allowed"[31m
            [33mdisabled[31m=[32m""[31m
          [36m>[31m
            [36m<svg[31m
              [33mclass[31m=[32m"lucide lucide-send w-6 h-6"[31m
              [33mfill[31m=[32m"none"[31m
              [33mheight[31m=[32m"24"[31m
              [33mstroke[31m=[32m"currentColor"[31m
              [33mstroke-linecap[31m=[32m"round"[31m
              [33mstroke-linejoin[31m=[32m"round"[31m
              [33mstroke-width[31m=[32m"2"[31m
              [33mviewBox[31m=[32m"0 0 24 24"[31m
              [33mwidth[31m=[32m"24"[31m
              [33mxmlns[31m=[32m"http://www.w3.org/2000/svg"[31m
            [36m>[31m
              [36m<path[31m
                [33md[31m=[32m"m22 2-7 20-4-9-9-4Z"[31m
              [36m/>[31m
              [36m<path[31m
                [33md[31m=[32m"M22 2 11 13"[31m
              [36m/>[31m
            [36m</svg>[31m
          [36m</button>[31m
        [36m</div>[31m
        [36m<p[31m
          [33mclass[31m=[32m"text-xs text-gray-500 mt-3 text-center"[31m
        [36m>[31m
          [0m🔒 Données sécurisées • ⚡ Réponse immédiate • 🎤 Conversation vocale complète • 🔊 Le bot vous parle • 🎯 Analyse automatique du TON et PRIORITÉ • 🛡️ Vérification garantie instantanée[0m
        [36m</p>[31m
      [36m</div>[31m
    [36m</div>[31m
  [36m</div>[31m
[36m</body>[31m

Ignored nodes: comments, script, style
[36m<html>[31m
  [36m<head />[31m
  [36m<body>[31m
    [36m<div>[31m
      [36m<div[31m
        [33mclass[31m=[32m"flex flex-col h-full max-w-5xl mx-auto bg-gradient-to-br from-amber-50 to-orange-50"[31m
      [36m>[31m
        [36m<div[31m
          [33mclass[31m=[32m"bg-gradient-to-r from-blue-600 to-blue-700 text-white p-6 shadow-lg"[31m
        [36m>[31m
          [36m<div[31m
            [33mclass[31m=[32m"flex items-center justify-between"[31m
          [36m>[31m
            [36m<div>[31m
              [36m<h1[31m
                [33mclass[31m=[32m"text-3xl font-bold"[31m
              [36m>[31m
                [0mService clientèle du groupe Mobilier de France[0m
              [36m</h1>[31m
              [36m<p[31m
                [33mclass[31m=[32m"text-sm opacity-90 mt-1"[31m
              [36m>[31m
                [0mService Après-Vente Intelligent • Traitement automatisé en temps réel[0m
              [36m</p>[31m
            [36m</div>[31m
            [36m<div[31m
              [33mclass[31m=[32m"flex items-center space-x-4"[31m
            [36m>[31m
              [36m<button[31m
                [33mclass[31m=[32m"flex items-center space-x-2 px-4 py-2 rounded-lg font-medium transition-all bg-white text-blue-600 hover:bg-gray-100"[31m
                [33mtitle[31m=[32m"Désactiver la voix du bot"[31m
              [36m>[31m
                [36m<svg[31m
                  [33mclass[31m=[32m"lucide lucide-volume2 w-5 h-5 "[31m
                  [33mfill[31m=[32m"none"[31m
                  [33mheight[31m=[32m"24"[31m
                  [33mstroke[31m=[32m"currentColor"[31m
                  [33mstroke-linecap[31m=[32m"round"[31m
                  [33mstroke-linejoin[31m=[32m"round"[31m
                  [33mstroke-width[31m=[32m"2"[31m
                  [33mviewBox[31m=[32m"0 0 24 24"[31m
                  [33mwidth[31m=[32m"24"[31m
                  [33mxmlns[31m=[32m"http://www.w3.org/2000/svg"[31m
                [36m>[31m
                  [36m<polygon[31m
                    [33mpoints[31m=[32m"11 5 6 9 2 9 2 15 6 15 11 19 11 5"[31m
                  [36m/>[31m
                  [36m<path[31m
                    [33md[31m=[32m"M15.54 8.46a5 5 0 0 1 0 7.07"[31m
                  [36m/>[31m
                  [36m<path[31m
                    [33md[31m=[32m"M19.07 4.93a10 10 0 0 1 0 14.14"[31m
                  [36m/>[31m
                [36m</svg>[31m
                [36m<span[31m
                  [33mclass[31m=[32m"text-sm"[31m
                [36m>[31m
                  [0mVoix ON[0m
                [36m</span>[31m
              [36m</button>[31m
              [36m<div[31m
                [33mclass[31m=[32m"text-right text-xs opacity-80 border-l border-white/30 pl-4"[31m
              [36m>[31m
                [36m<p[31m
                  [33mclass[31m=[32m"font-semibold"[31m
                [36m>[31m
                  [0m🎯 100% Automatisé[0m
                [36m</p>[31m
                [36m<p[31m
                  [33mclass[31m=[32m"text-xs"[31m
                [36m>[31m
                  [0m✅ Analyse TON • ✅ Garantie • ✅ Priorité[0m
                [36m</p>[31m
              [36m</div>[31m
            [36m</div>[31m
          [36m</div>[31m
        [36m</div>[31m
        [36m<div[31m
          [33mclass[31m=[32m"flex-1 overflow-y-auto p-6 space-y-4"[31m
        [36m>[31m
          [36m<div[31m
            [33mclass[31m=[32m"flex justify-start fade-in"[31m
          [36m>[31m
            [36m<div[31m
              [33mclass[31m=[32m"max-w-[75%] rounded-2xl p-4 shadow-md bg-white text-gray-800 border border-gray-200"[31m
            [36m>[31m
              [36m<div[31m
                [33mclass[31m=[32m"flex items-start space-x-3"[31m
              [36m>[31m
                [36m<div[31m
                  [33mclass[31m=[32m"w-8 h-8 rounded-full bg-gradient-to-r from-amber-500 to-orange-500 flex items-center justify-center text-white font-bold flex-shrink-0"[31m
                [36m>[31m
                  [0mM[0m
                [36m</div>[31m
                [36m<div[31m
                  [33mclass[31m=[32m"flex-1"[31m
                [36m>[31m
                  [36m<p[31m
                    [33mclass[31m=[32m"whitespace-pre-line leading-relaxed"[31m
                  [36m>[31m
                    [0m👋 Bonjour ! Je suis votre assistant SAV Mobilier de France.

Décrivez-moi votre problème avec votre numéro de commande, je m'occupe du reste !

💡 **Exemple** : "Bonjour, je m'appelle Marie Martin. Mon canapé OSLO a le pied cassé, commande CMD-2024-12345"[0m
                  [36m</p>[31m
                  [36m<div[31m
                    [33mclass[31m=[32m"flex items-center justify-between mt-2 text-xs text-gray-500"[31m
                  [36m>[31m
                    [36m<span>[31m
                      [0m13:02[0m
                    [36m</span>[31m
                  [36m</div>[31m
                [36m</div>[31m
              [36m</div>[31m
            [36m</div>[31m
          [36m</div>[31m
          [36m<div />[31m
        [36m</div>[31m
        [36m<div[31m
          [33mclass[31m=[32m"bg-white p-6 border-t border-gray-200 shadow-lg"[31m
        [36m>[31m
          [36m<div[31m
            [33mclass[31m=[32m"flex items-end space-x-3"[31m
          [36m>[31m
            [36m<button[31m
              [33mclass[31m=[32m"bg-amber-100 hover:bg-amber-200 text-amber-700 p-3 rounded-full transition-colors flex-shrink-0"[31m
              [33mtitle[31m=[32m"Ajouter des photos"[31m
            [36m>[31m
              [36m<svg[31m
                [33mclass[31m=[32m"lucide lucide-camera w-6 h-6"[31m
                [33mfill[31m=[32m"none"[31m
                [33mheight[31m=[32m"24"[31m
                [33mstroke[31m=[32m"currentColor"[31m
                [33mstroke-linecap[31m=[32m"round"[31m
                [33mstroke-linejoin[31m=[32m"round"[31m
                [33mstroke-width[31m=[32m"2"[31m
                [33mviewBox[31m=[32m"0 0 24 24"[31m
                [33mwidth[31m=[32m"24"[31m
                [33mxmlns[31m=[32m"http://www.w3.org/2000/svg"[31m
              [36m>[31m
                [36m<path[31m
                  [33md[31m=[32m"M14.5 4h-5L7 7H4a2 2 0 0 0-2 2v9a2 2 0 0 0 2 2h16a2 2 0 0 0 2-2V9a2 2 0 0 0-2-2h-3l-2.5-3z"[31m
                [36m/>[31m
                [36m<circle[31m
                  [33mcx[31m=[32m"12"[31m
                  [33mcy[31m=[32m"13"[31m
                  [33mr[31m=[32m"3"[31m
                [36m/>[31m
              [36m</svg>[31m
            [36m</button>[31m
            [36m<input[31m
              [33maccept[31m=[32m"image/*,video/*"[31m
              [33mclass[31m=[32m"hidden"[31m
              [33mmultiple[31m=[32m""[31m
              [33mtype[31m=[32m"file"[31m
            [36m/>[31m
            [36m<button[31m
              [33mclass[31m=[32m"relative p-3 rounded-full transition-all flex-shrink-0 shadow-lg bg-gradient-to-r from-blue-500 to-purple-500 hover:from-blue-600 hover:to-purple-600 text-white"[31m
              [33mtitle[31m=[32m"🎤 Parler au lieu de taper"[31m
            [36m>[31m
              [36m<svg[31m
                [33mclass[31m=[32m"lucide lucide-mic w-6 h-6"[31m
                [33mfill[31m=[32m"none"[31m
                [33mheight[31m=[32m"24"[31m
                [33mstroke[31m=[32m"currentColor"[31m
                [33mstroke-linecap[31m=[32m"round"[31m
                [33mstroke-linejoin[31m=[32m"round"[31m
                [33mstroke-width[31m=[32m"2"[31m
                [33mviewBox[31m=[32m"0 0 24 24"[31m
                [33mwidth[31m=[32m"24"[31m
                [33mxmlns[31m=[32m"http://www.w3.org/2000/svg"[31m
              [36m>[31m
                [36m<path[31m
                  [33md[31m=[32m"M12 2a3 3 0 0 0-3 3v7a3 3 0 0 0 6 0V5a3 3 0 0 0-3-3Z"[31m
                [36m/>[31m
                [36m<path[31m
                  [33md[31m=[32m"M19 10v2a7 7 0 0 1-14 0v-2"[31m
                [36m/>[31m
                [36m<line[31m
                  [33mx1[31m=[32m"12"[31m
                  [33mx2[31m=[32m"12"[31m
                  [33my1[31m=[32m"19"[31m
                  [33my2[31m=[32m"22"[31m
                [36m/>[31m
              [36m</svg>[31m
            [36m</button>[31m
            [36m<div[31m
              [33mclass[31m=[32m"flex-1"[31m
            [36m>[31m
              [36m<textarea[31m
                [33mclass[31m=[32m"w-full border-2 border-gray-300 rounded-2xl px-4 py-3 focus:outline-none focus:ring-2 focus:ring-red-500 focus:border-transparent resize-none"[31m
                [33mplaceholder[31m=[32m"Nom complet + Problème + N° commande... (Ex: Jean Dupont, mon canapé OSLO a un pied cassé, CMD-2024-12345)"[31m
                [33mrows[31m=[32m"1"[31m
                [33mstyle[31m=[32m"min-height: 50px; max-height: 150px;"[31m
              [36m/>[31m
            [36m</div>[31m
            [36m<button[31m
              [33mclass[31m=[32m"p-3 rounded-full flex-shrink-0 transition-all bg-gray-300 text-gray-500 cursor-not-allowed"[31m
              [33mdisabled[31m=[32m""[31m
            [36m>[31m
              [36m<svg[31m
                [33mclass[31m=[32m"lucide lucide-send w-6 h-6"[31m
                [33mfill[31m=[32m"none"[31m
                [33mheight[31m=[32m"24"[31m
                [33mstroke[31m=[32m"currentColor"[31m
                [33mstroke-linecap[31m=[32m"round"[31m
                [33mstroke-linejoin[31m=[32m"round"[31m
                [33mstroke-width[31m=[32m"2"[31m
                [33mviewBox[31m=[32m"0 0 24 24"[31m
                [33mwidth[31m=[32m"24"[31m
                [33mxmlns[31m=[32m"http://www.w3.org/2000/svg"[31m
              [36m>[31m
                [36m<path[31m
                  [33md[31m=[32m"m22 2-7 20-4-9-9-4Z"[31m
                [36m/>[31m
                [36m<path[31m
                  [33md[31m=[32m"M22 2 11 13"[31m
                [36m/>[31m
              [36m</svg>[31m
            [36m</button>[31m
          [36m</div>[31m
          [36m<p[31m
            [33mclass[31m=[32m"text-xs text-gray-500 mt-3 text-center"[31m
          [36m>[31m
            [0m🔒 Données sécurisées • ⚡ Réponse immédiate • 🎤 Conversation vocale complète • 🔊 Le bot vous parle • 🎯 Analyse automatique du TON et PRIORITÉ • 🛡️ Vérification garantie instantanée[0m
          [36m</p>[31m
        [36m</div>[31m
      [36m</div>[31m
    [36m</div>[31m
  [36m</body>[31m
[36m</html>[31m[39m
[90mstdout[2m | src/__tests__/ChatInterface.test.jsx[2m > [22m[2mChatInterface[2m > [22m[2mFile Upload[2m > [22m[2mshould remove uploaded file when clicking X button[22m[39m
✅ Synthèse vocale disponible

 [31m×[39m src/__tests__/Dashboard.test.jsx[2m > [22mDashboard[2m > [22mTicket List Display[2m > [22mshould display ticket data in table[33m 1030[2mms[22m[39m
[31m   → Unable to find an element with the text: /Jean Dupont/i. This could be because the text is broken up by multiple elements. In this case, you can provide a function for your text matcher to make your matcher more flexible.

Ignored nodes: comments, script, style
[36m<body>[31m
  [36m<div>[31m
    [36m<div[31m
      [33mclass[31m=[32m"flex items-center justify-center h-screen bg-gray-50"[31m
    [36m>[31m
      [36m<div[31m
        [33mclass[31m=[32m"text-center text-red-600"[31m
      [36m>[31m
        [36m<svg[31m
          [33mclass[31m=[32m"lucide lucide-xcircle w-16 h-16 mx-auto mb-4"[31m
          [33mfill[31m=[32m"none"[31m
          [33mheight[31m=[32m"24"[31m
          [33mstroke[31m=[32m"currentColor"[31m
          [33mstroke-linecap[31m=[32m"round"[31m
          [33mstroke-linejoin[31m=[32m"round"[31m
          [33mstroke-width[31m=[32m"2"[31m
          [33mviewBox[31m=[32m"0 0 24 24"[31m
          [33mwidth[31m=[32m"24"[31m
          [33mxmlns[31m=[32m"http://www.w3.org/2000/svg"[31m
        [36m>[31m
          [36m<circle[31m
            [33mcx[31m=[32m"12"[31m
            [33mcy[31m=[32m"12"[31m
            [33mr[31m=[32m"10"[31m
          [36m/>[31m
          [36m<path[31m
            [33md[31m=[32m"m15 9-6 6"[31m
          [36m/>[31m
          [36m<path[31m
            [33md[31m=[32m"m9 9 6 6"[31m
          [36m/>[31m
        [36m</svg>[31m
        [36m<p[31m
          [33mclass[31m=[32m"text-xl font-semibold"[31m
        [36m>[31m
          [0mErreur de connexion au serveur[0m
        [36m</p>[31m
        [36m<button[31m
          [33mclass[31m=[32m"mt-4 px-4 py-2 bg-red-600 text-white rounded-lg hover:bg-red-700"[31m
        [36m>[31m
          [0mRéessayer[0m
        [36m</button>[31m
      [36m</div>[31m
    [36m</div>[31m
  [36m</div>[31m
[36m</body>[31m

Ignored nodes: comments, script, style
[36m<html>[31m
  [36m<head />[31m
  [36m<body>[31m
    [36m<div>[31m
      [36m<div[31m
        [33mclass[31m=[32m"flex items-center justify-center h-screen bg-gray-50"[31m
      [36m>[31m
        [36m<div[31m
          [33mclass[31m=[32m"text-center text-red-600"[31m
        [36m>[31m
          [36m<svg[31m
            [33mclass[31m=[32m"lucide lucide-xcircle w-16 h-16 mx-auto mb-4"[31m
            [33mfill[31m=[32m"none"[31m
            [33mheight[31m=[32m"24"[31m
            [33mstroke[31m=[32m"currentColor"[31m
            [33mstroke-linecap[31m=[32m"round"[31m
            [33mstroke-linejoin[31m=[32m"round"[31m
            [33mstroke-width[31m=[32m"2"[31m
            [33mviewBox[31m=[32m"0 0 24 24"[31m
            [33mwidth[31m=[32m"24"[31m
            [33mxmlns[31m=[32m"http://www.w3.org/2000/svg"[31m
          [36m>[31m
            [36m<circle[31m
              [33mcx[31m=[32m"12"[31m
              [33mcy[31m=[32m"12"[31m
              [33mr[31m=[32m"10"[31m
            [36m/>[31m
            [36m<path[31m
              [33md[31m=[32m"m15 9-6 6"[31m
            [36m/>[31m
            [36m<path[31m
              [33md[31m=[32m"m9 9 6 6"[31m
            [36m/>[31m
          [36m</svg>[31m
          [36m<p[31m
            [33mclass[31m=[32m"text-xl font-semibold"[31m
          [36m>[31m
            [0mErreur de connexion au serveur[0m
          [36m</p>[31m
          [36m<button[31m
            [33mclass[31m=[32m"mt-4 px-4 py-2 bg-red-600 text-white rounded-lg hover:bg-red-700"[31m
          [36m>[31m
            [0mRéessayer[0m
          [36m</button>[31m
        [36m</div>[31m
      [36m</div>[31m
    [36m</div>[31m
  [36m</body>[31m
[36m</html>[31m[39m
[90mstdout[2m | src/__tests__/Dashboard.test.jsx[2m > [22m[2mDashboard[2m > [22m[2mTicket List Display[2m > [22m[2mshould display product information[22m[39m
🔍 Dashboard - Tickets bruts: [33m0[39m
🔍 Dashboard - Tickets filtrés: [33m0[39m
🔍 Dashboard - Filtres actifs: { filterPriority: [32m'all'[39m, filterStatus: [32m'all'[39m }

[90mstderr[2m | src/__tests__/Dashboard.test.jsx[2m > [22m[2mDashboard[2m > [22m[2mTicket List Display[2m > [22m[2mshould display product information[22m[39m
[MSW] Warning: intercepted a request without a matching request handler:

  • GET /api/sav/tickets

If you still wish to intercept this unhandled request, please create a request handler for it.
Read more: https://mswjs.io/docs/http/intercepting-requests

[90mstdout[2m | src/__tests__/Dashboard.test.jsx[2m > [22m[2mDashboard[2m > [22m[2mTicket List Display[2m > [22m[2mshould display product information[22m[39m
🔍 Dashboard - Tickets bruts: [33m0[39m
🔍 Dashboard - Tickets filtrés: [33m0[39m
🔍 Dashboard - Filtres actifs: { filterPriority: [32m'all'[39m, filterStatus: [32m'all'[39m }

[90mstderr[2m | src/__tests__/Dashboard.test.jsx[2m > [22m[2mDashboard[2m > [22m[2mTicket List Display[2m > [22m[2mshould display product information[22m[39m
Erreur: TypeError: fetch failed
[90m    at node:internal/deps/undici/undici:13510:13[39m
[90m    at processTicksAndRejections (node:internal/process/task_queues:105:5)[39m
    at until [90m(file:///C:/Users/v-nbayonne/meuble-de-france-chatbot/frontend/[39mnode_modules/[4m@open-draft[24m/until/src/until.ts:23:18[90m)[39m
    at Object.passthrough [90m(file:///C:/Users/v-nbayonne/meuble-de-france-chatbot/frontend/[39mnode_modules/[4m@mswjs[24m/interceptors/src/interceptors/fetch/index.ts:78:68[90m)[39m
    at _RequestController.passthrough [90m(file:///C:/Users/v-nbayonne/meuble-de-france-chatbot/frontend/[39mnode_modules/[4m@mswjs[24m/interceptors/src/RequestController.ts:50:5[90m)[39m
    at handleRequest [90m(file:///C:/Users/v-nbayonne/meuble-de-france-chatbot/frontend/[39mnode_modules/[4m@mswjs[24m/interceptors/src/utils/handleRequest.ts:201:12[90m)[39m
    at globalThis.fetch [90m(file:///C:/Users/v-nbayonne/meuble-de-france-chatbot/frontend/[39mnode_modules/[4m@mswjs[24m/interceptors/src/interceptors/fetch/index.ts:185:7[90m)[39m
    at fetchTickets [90m(C:\Users\v-nbayonne\meuble-de-france-chatbot\frontend\[39msrc\components\Dashboard.jsx:24:24[90m)[39m {
  [cause]: AggregateError: 
  [90m    at internalConnectMultiple (node:net:1134:18)[39m
  [90m    at afterConnectMultiple (node:net:1715:7)[39m {
    code: [32m'ECONNREFUSED'[39m,
    [errors]: [ [36m[Error][39m, [36m[Error][39m ]
  }
}

 [31m×[39m src/__tests__/ChatInterface.test.jsx[2m > [22mChatInterface[2m > [22mFile Upload[2m > [22mshould remove uploaded file when clicking X button[33m 1185[2mms[22m[39m
[31m   → Unable to find an element with the text: /test/i. This could be because the text is broken up by multiple elements. In this case, you can provide a function for your text matcher to make your matcher more flexible.

Ignored nodes: comments, script, style
[36m<body>[31m
  [36m<div>[31m
    [36m<div[31m
      [33mclass[31m=[32m"flex flex-col h-full max-w-5xl mx-auto bg-gradient-to-br from-amber-50 to-orange-50"[31m
    [36m>[31m
      [36m<div[31m
        [33mclass[31m=[32m"bg-gradient-to-r from-blue-600 to-blue-700 text-white p-6 shadow-lg"[31m
      [36m>[31m
        [36m<div[31m
          [33mclass[31m=[32m"flex items-center justify-between"[31m
        [36m>[31m
          [36m<div>[31m
            [36m<h1[31m
              [33mclass[31m=[32m"text-3xl font-bold"[31m
            [36m>[31m
              [0mService clientèle du groupe Mobilier de France[0m
            [36m</h1>[31m
            [36m<p[31m
              [33mclass[31m=[32m"text-sm opacity-90 mt-1"[31m
            [36m>[31m
              [0mService Après-Vente Intelligent • Traitement automatisé en temps réel[0m
            [36m</p>[31m
          [36m</div>[31m
          [36m<div[31m
            [33mclass[31m=[32m"flex items-center space-x-4"[31m
          [36m>[31m
            [36m<button[31m
              [33mclass[31m=[32m"flex items-center space-x-2 px-4 py-2 rounded-lg font-medium transition-all bg-white text-blue-600 hover:bg-gray-100"[31m
              [33mtitle[31m=[32m"Désactiver la voix du bot"[31m
            [36m>[31m
              [36m<svg[31m
                [33mclass[31m=[32m"lucide lucide-volume2 w-5 h-5 "[31m
                [33mfill[31m=[32m"none"[31m
                [33mheight[31m=[32m"24"[31m
                [33mstroke[31m=[32m"currentColor"[31m
                [33mstroke-linecap[31m=[32m"round"[31m
                [33mstroke-linejoin[31m=[32m"round"[31m
                [33mstroke-width[31m=[32m"2"[31m
                [33mviewBox[31m=[32m"0 0 24 24"[31m
                [33mwidth[31m=[32m"24"[31m
                [33mxmlns[31m=[32m"http://www.w3.org/2000/svg"[31m
              [36m>[31m
                [36m<polygon[31m
                  [33mpoints[31m=[32m"11 5 6 9 2 9 2 15 6 15 11 19 11 5"[31m
                [36m/>[31m
                [36m<path[31m
                  [33md[31m=[32m"M15.54 8.46a5 5 0 0 1 0 7.07"[31m
                [36m/>[31m
                [36m<path[31m
                  [33md[31m=[32m"M19.07 4.93a10 10 0 0 1 0 14.14"[31m
                [36m/>[31m
              [36m</svg>[31m
              [36m<span[31m
                [33mclass[31m=[32m"text-sm"[31m
              [36m>[31m
                [0mVoix ON[0m
              [36m</span>[31m
            [36m</button>[31m
            [36m<div[31m
              [33mclass[31m=[32m"text-right text-xs opacity-80 border-l border-white/30 pl-4"[31m
            [36m>[31m
              [36m<p[31m
                [33mclass[31m=[32m"font-semibold"[31m
              [36m>[31m
                [0m🎯 100% Automatisé[0m
              [36m</p>[31m
              [36m<p[31m
                [33mclass[31m=[32m"text-xs"[31m
              [36m>[31m
                [0m✅ Analyse TON • ✅ Garantie • ✅ Priorité[0m
              [36m</p>[31m
            [36m</div>[31m
          [36m</div>[31m
        [36m</div>[31m
      [36m</div>[31m
      [36m<div[31m
        [33mclass[31m=[32m"flex-1 overflow-y-auto p-6 space-y-4"[31m
      [36m>[31m
        [36m<div[31m
          [33mclass[31m=[32m"flex justify-start fade-in"[31m
        [36m>[31m
          [36m<div[31m
            [33mclass[31m=[32m"max-w-[75%] rounded-2xl p-4 shadow-md bg-white text-gray-800 border border-gray-200"[31m
          [36m>[31m
            [36m<div[31m
              [33mclass[31m=[32m"flex items-start space-x-3"[31m
            [36m>[31m
              [36m<div[31m
                [33mclass[31m=[32m"w-8 h-8 rounded-full bg-gradient-to-r from-amber-500 to-orange-500 flex items-center justify-center text-white font-bold flex-shrink-0"[31m
              [36m>[31m
                [0mM[0m
              [36m</div>[31m
              [36m<div[31m
                [33mclass[31m=[32m"flex-1"[31m
              [36m>[31m
                [36m<p[31m
                  [33mclass[31m=[32m"whitespace-pre-line leading-relaxed"[31m
                [36m>[31m
                  [0m👋 Bonjour ! Je suis votre assistant SAV Mobilier de France.

Décrivez-moi votre problème avec votre numéro de commande, je m'occupe du reste !

💡 **Exemple** : "Bonjour, je m'appelle Marie Martin. Mon canapé OSLO a le pied cassé, commande CMD-2024-12345"[0m
                [36m</p>[31m
                [36m<div[31m
                  [33mclass[31m=[32m"flex items-center justify-between mt-2 text-xs text-gray-500"[31m
                [36m>[31m
                  [36m<span>[31m
                    [0m13:02[0m
                  [36m</span>[31m
                [36m</div>[31m
              [36m</div>[31m
            [36m</div>[31m
          [36m</div>[31m
        [36m</div>[31m
        [36m<div />[31m
      [36m</div>[31m
      [36m<div[31m
        [33mclass[31m=[32m"bg-white p-6 border-t border-gray-200 shadow-lg"[31m
      [36m>[31m
        [36m<div[31m
          [33mclass[31m=[32m"flex items-end space-x-3"[31m
        [36m>[31m
          [36m<button[31m
            [33mclass[31m=[32m"bg-amber-100 hover:bg-amber-200 text-amber-700 p-3 rounded-full transition-colors flex-shrink-0"[31m
            [33mtitle[31m=[32m"Ajouter des photos"[31m
          [36m>[31m
            [36m<svg[31m
              [33mclass[31m=[32m"lucide lucide-camera w-6 h-6"[31m
              [33mfill[31m=[32m"none"[31m
              [33mheight[31m=[32m"24"[31m
              [33mstroke[31m=[32m"currentColor"[31m
              [33mstroke-linecap[31m=[32m"round"[31m
              [33mstroke-linejoin[31m=[32m"round"[31m
              [33mstroke-width[31m=[32m"2"[31m
              [33mviewBox[31m=[32m"0 0 24 24"[31m
              [33mwidth[31m=[32m"24"[31m
              [33mxmlns[31m=[32m"http://www.w3.org/2000/svg"[31m
            [36m>[31m
              [36m<path[31m
                [33md[31m=[32m"M14.5 4h-5L7 7H4a2 2 0 0 0-2 2v9a2 2 0 0 0 2 2h16a2 2 0 0 0 2-2V9a2 2 0 0 0-2-2h-3l-2.5-3z"[31m
              [36m/>[31m
              [36m<circle[31m
                [33mcx[31m=[32m"12"[31m
                [33mcy[31m=[32m"13"[31m
                [33mr[31m=[32m"3"[31m
              [36m/>[31m
            [36m</svg>[31m
          [36m</button>[31m
          [36m<input[31m
            [33maccept[31m=[32m"image/*,video/*"[31m
            [33mclass[31m=[32m"hidden"[31m
            [33mmultiple[31m=[32m""[31m
            [33mtype[31m=[32m"file"[31m
          [36m/>[31m
          [36m<button[31m
            [33mclass[31m=[32m"relative p-3 rounded-full transition-all flex-shrink-0 shadow-lg bg-gradient-to-r from-blue-500 to-purple-500 hover:from-blue-600 hover:to-purple-600 text-white"[31m
            [33mtitle[31m=[32m"🎤 Parler au lieu de taper"[31m
          [36m>[31m
            [36m<svg[31m
              [33mclass[31m=[32m"lucide lucide-mic w-6 h-6"[31m
              [33mfill[31m=[32m"none"[31m
              [33mheight[31m=[32m"24"[31m
              [33mstroke[31m=[32m"currentColor"[31m
              [33mstroke-linecap[31m=[32m"round"[31m
              [33mstroke-linejoin[31m=[32m"round"[31m
              [33mstroke-width[31m=[32m"2"[31m
              [33mviewBox[31m=[32m"0 0 24 24"[31m
              [33mwidth[31m=[32m"24"[31m
              [33mxmlns[31m=[32m"http://www.w3.org/2000/svg"[31m
            [36m>[31m
              [36m<path[31m
                [33md[31m=[32m"M12 2a3 3 0 0 0-3 3v7a3 3 0 0 0 6 0V5a3 3 0 0 0-3-3Z"[31m
              [36m/>[31m
              [36m<path[31m
                [33md[31m=[32m"M19 10v2a7 7 0 0 1-14 0v-2"[31m
              [36m/>[31m
              [36m<line[31m
                [33mx1[31m=[32m"12"[31m
                [33mx2[31m=[32m"12"[31m
                [33my1[31m=[32m"19"[31m
                [33my2[31m=[32m"22"[31m
              [36m/>[31m
            [36m</svg>[31m
          [36m</button>[31m
          [36m<div[31m
            [33mclass[31m=[32m"flex-1"[31m
          [36m>[31m
            [36m<textarea[31m
              [33mclass[31m=[32m"w-full border-2 border-gray-300 rounded-2xl px-4 py-3 focus:outline-none focus:ring-2 focus:ring-red-500 focus:border-transparent resize-none"[31m
              [33mplaceholder[31m=[32m"Nom complet + Problème + N° commande... (Ex: Jean Dupont, mon canapé OSLO a un pied cassé, CMD-2024-12345)"[31m
              [33mrows[31m=[32m"1"[31m
              [33mstyle[31m=[32m"min-height: 50px; max-height: 150px;"[31m
            [36m/>[31m
          [36m</div>[31m
          [36m<button[31m
            [33mclass[31m=[32m"p-3 rounded-full flex-shrink-0 transition-all bg-gray-300 text-gray-500 cursor-not-allowed"[31m
            [33mdisabled[31m=[32m""[31m
          [36m>[31m
            [36m<svg[31m
              [33mclass[31m=[32m"lucide lucide-send w-6 h-6"[31m
              [33mfill[31m=[32m"none"[31m
              [33mheight[31m=[32m"24"[31m
              [33mstroke[31m=[32m"currentColor"[31m
              [33mstroke-linecap[31m=[32m"round"[31m
              [33mstroke-linejoin[31m=[32m"round"[31m
              [33mstroke-width[31m=[32m"2"[31m
              [33mviewBox[31m=[32m"0 0 24 24"[31m
              [33mwidth[31m=[32m"24"[31m
              [33mxmlns[31m=[32m"http://www.w3.org/2000/svg"[31m
            [36m>[31m
              [36m<path[31m
                [33md[31m=[32m"m22 2-7 20-4-9-9-4Z"[31m
              [36m/>[31m
              [36m<path[31m
                [33md[31m=[32m"M22 2 11 13"[31m
              [36m/>[31m
            [36m</svg>[31m
          [36m</button>[31m
        [36m</div>[31m
        [36m<p[31m
          [33mclass[31m=[32m"text-xs text-gray-500 mt-3 text-center"[31m
        [36m>[31m
          [0m🔒 Données sécurisées • ⚡ Réponse immédiate • 🎤 Conversation vocale complète • 🔊 Le bot vous parle • 🎯 Analyse automatique du TON et PRIORITÉ • 🛡️ Vérification garantie instantanée[0m
        [36m</p>[31m
      [36m</div>[31m
    [36m</div>[31m
  [36m</div>[31m
[36m</body>[31m

Ignored nodes: comments, script, style
[36m<html>[31m
  [36m<head />[31m
  [36m<body>[31m
    [36m<div>[31m
      [36m<div[31m
        [33mclass[31m=[32m"flex flex-col h-full max-w-5xl mx-auto bg-gradient-to-br from-amber-50 to-orange-50"[31m
      [36m>[31m
        [36m<div[31m
          [33mclass[31m=[32m"bg-gradient-to-r from-blue-600 to-blue-700 text-white p-6 shadow-lg"[31m
        [36m>[31m
          [36m<div[31m
            [33mclass[31m=[32m"flex items-center justify-between"[31m
          [36m>[31m
            [36m<div>[31m
              [36m<h1[31m
                [33mclass[31m=[32m"text-3xl font-bold"[31m
              [36m>[31m
                [0mService clientèle du groupe Mobilier de France[0m
              [36m</h1>[31m
              [36m<p[31m
                [33mclass[31m=[32m"text-sm opacity-90 mt-1"[31m
              [36m>[31m
                [0mService Après-Vente Intelligent • Traitement automatisé en temps réel[0m
              [36m</p>[31m
            [36m</div>[31m
            [36m<div[31m
              [33mclass[31m=[32m"flex items-center space-x-4"[31m
            [36m>[31m
              [36m<button[31m
                [33mclass[31m=[32m"flex items-center space-x-2 px-4 py-2 rounded-lg font-medium transition-all bg-white text-blue-600 hover:bg-gray-100"[31m
                [33mtitle[31m=[32m"Désactiver la voix du bot"[31m
              [36m>[31m
                [36m<svg[31m
                  [33mclass[31m=[32m"lucide lucide-volume2 w-5 h-5 "[31m
                  [33mfill[31m=[32m"none"[31m
                  [33mheight[31m=[32m"24"[31m
                  [33mstroke[31m=[32m"currentColor"[31m
                  [33mstroke-linecap[31m=[32m"round"[31m
                  [33mstroke-linejoin[31m=[32m"round"[31m
                  [33mstroke-width[31m=[32m"2"[31m
                  [33mviewBox[31m=[32m"0 0 24 24"[31m
                  [33mwidth[31m=[32m"24"[31m
                  [33mxmlns[31m=[32m"http://www.w3.org/2000/svg"[31m
                [36m>[31m
                  [36m<polygon[31m
                    [33mpoints[31m=[32m"11 5 6 9 2 9 2 15 6 15 11 19 11 5"[31m
                  [36m/>[31m
                  [36m<path[31m
                    [33md[31m=[32m"M15.54 8.46a5 5 0 0 1 0 7.07"[31m
                  [36m/>[31m
                  [36m<path[31m
                    [33md[31m=[32m"M19.07 4.93a10 10 0 0 1 0 14.14"[31m
                  [36m/>[31m
                [36m</svg>[31m
                [36m<span[31m
                  [33mclass[31m=[32m"text-sm"[31m
                [36m>[31m
                  [0mVoix ON[0m
                [36m</span>[31m
              [36m</button>[31m
              [36m<div[31m
                [33mclass[31m=[32m"text-right text-xs opacity-80 border-l border-white/30 pl-4"[31m
              [36m>[31m
                [36m<p[31m
                  [33mclass[31m=[32m"font-semibold"[31m
                [36m>[31m
                  [0m🎯 100% Automatisé[0m
                [36m</p>[31m
                [36m<p[31m
                  [33mclass[31m=[32m"text-xs"[31m
                [36m>[31m
                  [0m✅ Analyse TON • ✅ Garantie • ✅ Priorité[0m
                [36m</p>[31m
              [36m</div>[31m
            [36m</div>[31m
          [36m</div>[31m
        [36m</div>[31m
        [36m<div[31m
          [33mclass[31m=[32m"flex-1 overflow-y-auto p-6 space-y-4"[31m
        [36m>[31m
          [36m<div[31m
            [33mclass[31m=[32m"flex justify-start fade-in"[31m
          [36m>[31m
            [36m<div[31m
              [33mclass[31m=[32m"max-w-[75%] rounded-2xl p-4 shadow-md bg-white text-gray-800 border border-gray-200"[31m
            [36m>[31m
              [36m<div[31m
                [33mclass[31m=[32m"flex items-start space-x-3"[31m
              [36m>[31m
                [36m<div[31m
                  [33mclass[31m=[32m"w-8 h-8 rounded-full bg-gradient-to-r from-amber-500 to-orange-500 flex items-center justify-center text-white font-bold flex-shrink-0"[31m
                [36m>[31m
                  [0mM[0m
                [36m</div>[31m
                [36m<div[31m
                  [33mclass[31m=[32m"flex-1"[31m
                [36m>[31m
                  [36m<p[31m
                    [33mclass[31m=[32m"whitespace-pre-line leading-relaxed"[31m
                  [36m>[31m
                    [0m👋 Bonjour ! Je suis votre assistant SAV Mobilier de France.

Décrivez-moi votre problème avec votre numéro de commande, je m'occupe du reste !

💡 **Exemple** : "Bonjour, je m'appelle Marie Martin. Mon canapé OSLO a le pied cassé, commande CMD-2024-12345"[0m
                  [36m</p>[31m
                  [36m<div[31m
                    [33mclass[31m=[32m"flex items-center justify-between mt-2 text-xs text-gray-500"[31m
                  [36m>[31m
                    [36m<span>[31m
                      [0m13:02[0m
                    [36m</span>[31m
                  [36m</div>[31m
                [36m</div>[31m
              [36m</div>[31m
            [36m</div>[31m
          [36m</div>[31m
          [36m<div />[31m
        [36m</div>[31m
        [36m<div[31m
          [33mclass[31m=[32m"bg-white p-6 border-t border-gray-200 shadow-lg"[31m
        [36m>[31m
          [36m<div[31m
            [33mclass[31m=[32m"flex items-end space-x-3"[31m
          [36m>[31m
            [36m<button[31m
              [33mclass[31m=[32m"bg-amber-100 hover:bg-amber-200 text-amber-700 p-3 rounded-full transition-colors flex-shrink-0"[31m
              [33mtitle[31m=[32m"Ajouter des photos"[31m
            [36m>[31m
              [36m<svg[31m
                [33mclass[31m=[32m"lucide lucide-camera w-6 h-6"[31m
                [33mfill[31m=[32m"none"[31m
                [33mheight[31m=[32m"24"[31m
                [33mstroke[31m=[32m"currentColor"[31m
                [33mstroke-linecap[31m=[32m"round"[31m
                [33mstroke-linejoin[31m=[32m"round"[31m
                [33mstroke-width[31m=[32m"2"[31m
                [33mviewBox[31m=[32m"0 0 24 24"[31m
                [33mwidth[31m=[32m"24"[31m
                [33mxmlns[31m=[32m"http://www.w3.org/2000/svg"[31m
              [36m>[31m
                [36m<path[31m
                  [33md[31m=[32m"M14.5 4h-5L7 7H4a2 2 0 0 0-2 2v9a2 2 0 0 0 2 2h16a2 2 0 0 0 2-2V9a2 2 0 0 0-2-2h-3l-2.5-3z"[31m
                [36m/>[31m
                [36m<circle[31m
                  [33mcx[31m=[32m"12"[31m
                  [33mcy[31m=[32m"13"[31m
                  [33mr[31m=[32m"3"[31m
                [36m/>[31m
              [36m</svg>[31m
            [36m</button>[31m
            [36m<input[31m
              [33maccept[31m=[32m"image/*,video/*"[31m
              [33mclass[31m=[32m"hidden"[31m
              [33mmultiple[31m=[32m""[31m
              [33mtype[31m=[32m"file"[31m
            [36m/>[31m
            [36m<button[31m
              [33mclass[31m=[32m"relative p-3 rounded-full transition-all flex-shrink-0 shadow-lg bg-gradient-to-r from-blue-500 to-purple-500 hover:from-blue-600 hover:to-purple-600 text-white"[31m
              [33mtitle[31m=[32m"🎤 Parler au lieu de taper"[31m
            [36m>[31m
              [36m<svg[31m
                [33mclass[31m=[32m"lucide lucide-mic w-6 h-6"[31m
                [33mfill[31m=[32m"none"[31m
                [33mheight[31m=[32m"24"[31m
                [33mstroke[31m=[32m"currentColor"[31m
                [33mstroke-linecap[31m=[32m"round"[31m
                [33mstroke-linejoin[31m=[32m"round"[31m
                [33mstroke-width[31m=[32m"2"[31m
                [33mviewBox[31m=[32m"0 0 24 24"[31m
                [33mwidth[31m=[32m"24"[31m
                [33mxmlns[31m=[32m"http://www.w3.org/2000/svg"[31m
              [36m>[31m
                [36m<path[31m
                  [33md[31m=[32m"M12 2a3 3 0 0 0-3 3v7a3 3 0 0 0 6 0V5a3 3 0 0 0-3-3Z"[31m
                [36m/>[31m
                [36m<path[31m
                  [33md[31m=[32m"M19 10v2a7 7 0 0 1-14 0v-2"[31m
                [36m/>[31m
                [36m<line[31m
                  [33mx1[31m=[32m"12"[31m
                  [33mx2[31m=[32m"12"[31m
                  [33my1[31m=[32m"19"[31m
                  [33my2[31m=[32m"22"[31m
                [36m/>[31m
              [36m</svg>[31m
            [36m</button>[31m
            [36m<div[31m
              [33mclass[31m=[32m"flex-1"[31m
            [36m>[31m
              [36m<textarea[31m
                [33mclass[31m=[32m"w-full border-2 border-gray-300 rounded-2xl px-4 py-3 focus:outline-none focus:ring-2 focus:ring-red-500 focus:border-transparent resize-none"[31m
                [33mplaceholder[31m=[32m"Nom complet + Problème + N° commande... (Ex: Jean Dupont, mon canapé OSLO a un pied cassé, CMD-2024-12345)"[31m
                [33mrows[31m=[32m"1"[31m
                [33mstyle[31m=[32m"min-height: 50px; max-height: 150px;"[31m
              [36m/>[31m
            [36m</div>[31m
            [36m<button[31m
              [33mclass[31m=[32m"p-3 rounded-full flex-shrink-0 transition-all bg-gray-300 text-gray-500 cursor-not-allowed"[31m
              [33mdisabled[31m=[32m""[31m
            [36m>[31m
              [36m<svg[31m
                [33mclass[31m=[32m"lucide lucide-send w-6 h-6"[31m
                [33mfill[31m=[32m"none"[31m
                [33mheight[31m=[32m"24"[31m
                [33mstroke[31m=[32m"currentColor"[31m
                [33mstroke-linecap[31m=[32m"round"[31m
                [33mstroke-linejoin[31m=[32m"round"[31m
                [33mstroke-width[31m=[32m"2"[31m
                [33mviewBox[31m=[32m"0 0 24 24"[31m
                [33mwidth[31m=[32m"24"[31m
                [33mxmlns[31m=[32m"http://www.w3.org/2000/svg"[31m
              [36m>[31m
                [36m<path[31m
                  [33md[31m=[32m"m22 2-7 20-4-9-9-4Z"[31m
                [36m/>[31m
                [36m<path[31m
                  [33md[31m=[32m"M22 2 11 13"[31m
                [36m/>[31m
              [36m</svg>[31m
            [36m</button>[31m
          [36m</div>[31m
          [36m<p[31m
            [33mclass[31m=[32m"text-xs text-gray-500 mt-3 text-center"[31m
          [36m>[31m
            [0m🔒 Données sécurisées • ⚡ Réponse immédiate • 🎤 Conversation vocale complète • 🔊 Le bot vous parle • 🎯 Analyse automatique du TON et PRIORITÉ • 🛡️ Vérification garantie instantanée[0m
          [36m</p>[31m
        [36m</div>[31m
      [36m</div>[31m
    [36m</div>[31m
  [36m</body>[31m
[36m</html>[31m[39m
[90mstdout[2m | src/__tests__/ChatInterface.test.jsx[2m > [22m[2mChatInterface[2m > [22m[2mFile Upload[2m > [22m[2mshould handle upload error[22m[39m
✅ Synthèse vocale disponible

 [31m×[39m src/__tests__/Dashboard.test.jsx[2m > [22mDashboard[2m > [22mTicket List Display[2m > [22mshould display product information[33m 1021[2mms[22m[39m
[31m   → Unable to find an element with the text: /Canapé Luna/i. This could be because the text is broken up by multiple elements. In this case, you can provide a function for your text matcher to make your matcher more flexible.

Ignored nodes: comments, script, style
[36m<body>[31m
  [36m<div>[31m
    [36m<div[31m
      [33mclass[31m=[32m"flex items-center justify-center h-screen bg-gray-50"[31m
    [36m>[31m
      [36m<div[31m
        [33mclass[31m=[32m"text-center text-red-600"[31m
      [36m>[31m
        [36m<svg[31m
          [33mclass[31m=[32m"lucide lucide-xcircle w-16 h-16 mx-auto mb-4"[31m
          [33mfill[31m=[32m"none"[31m
          [33mheight[31m=[32m"24"[31m
          [33mstroke[31m=[32m"currentColor"[31m
          [33mstroke-linecap[31m=[32m"round"[31m
          [33mstroke-linejoin[31m=[32m"round"[31m
          [33mstroke-width[31m=[32m"2"[31m
          [33mviewBox[31m=[32m"0 0 24 24"[31m
          [33mwidth[31m=[32m"24"[31m
          [33mxmlns[31m=[32m"http://www.w3.org/2000/svg"[31m
        [36m>[31m
          [36m<circle[31m
            [33mcx[31m=[32m"12"[31m
            [33mcy[31m=[32m"12"[31m
            [33mr[31m=[32m"10"[31m
          [36m/>[31m
          [36m<path[31m
            [33md[31m=[32m"m15 9-6 6"[31m
          [36m/>[31m
          [36m<path[31m
            [33md[31m=[32m"m9 9 6 6"[31m
          [36m/>[31m
        [36m</svg>[31m
        [36m<p[31m
          [33mclass[31m=[32m"text-xl font-semibold"[31m
        [36m>[31m
          [0mErreur de connexion au serveur[0m
        [36m</p>[31m
        [36m<button[31m
          [33mclass[31m=[32m"mt-4 px-4 py-2 bg-red-600 text-white rounded-lg hover:bg-red-700"[31m
        [36m>[31m
          [0mRéessayer[0m
        [36m</button>[31m
      [36m</div>[31m
    [36m</div>[31m
  [36m</div>[31m
[36m</body>[31m

Ignored nodes: comments, script, style
[36m<html>[31m
  [36m<head />[31m
  [36m<body>[31m
    [36m<div>[31m
      [36m<div[31m
        [33mclass[31m=[32m"flex items-center justify-center h-screen bg-gray-50"[31m
      [36m>[31m
        [36m<div[31m
          [33mclass[31m=[32m"text-center text-red-600"[31m
        [36m>[31m
          [36m<svg[31m
            [33mclass[31m=[32m"lucide lucide-xcircle w-16 h-16 mx-auto mb-4"[31m
            [33mfill[31m=[32m"none"[31m
            [33mheight[31m=[32m"24"[31m
            [33mstroke[31m=[32m"currentColor"[31m
            [33mstroke-linecap[31m=[32m"round"[31m
            [33mstroke-linejoin[31m=[32m"round"[31m
            [33mstroke-width[31m=[32m"2"[31m
            [33mviewBox[31m=[32m"0 0 24 24"[31m
            [33mwidth[31m=[32m"24"[31m
            [33mxmlns[31m=[32m"http://www.w3.org/2000/svg"[31m
          [36m>[31m
            [36m<circle[31m
              [33mcx[31m=[32m"12"[31m
              [33mcy[31m=[32m"12"[31m
              [33mr[31m=[32m"10"[31m
            [36m/>[31m
            [36m<path[31m
              [33md[31m=[32m"m15 9-6 6"[31m
            [36m/>[31m
            [36m<path[31m
              [33md[31m=[32m"m9 9 6 6"[31m
            [36m/>[31m
          [36m</svg>[31m
          [36m<p[31m
            [33mclass[31m=[32m"text-xl font-semibold"[31m
          [36m>[31m
            [0mErreur de connexion au serveur[0m
          [36m</p>[31m
          [36m<button[31m
            [33mclass[31m=[32m"mt-4 px-4 py-2 bg-red-600 text-white rounded-lg hover:bg-red-700"[31m
          [36m>[31m
            [0mRéessayer[0m
          [36m</button>[31m
        [36m</div>[31m
      [36m</div>[31m
    [36m</div>[31m
  [36m</body>[31m
[36m</html>[31m[39m
[90mstdout[2m | src/__tests__/Dashboard.test.jsx[2m > [22m[2mDashboard[2m > [22m[2mTicket List Display[2m > [22m[2mshould display problem descriptions[22m[39m
🔍 Dashboard - Tickets bruts: [33m0[39m
🔍 Dashboard - Tickets filtrés: [33m0[39m
🔍 Dashboard - Filtres actifs: { filterPriority: [32m'all'[39m, filterStatus: [32m'all'[39m }

[90mstderr[2m | src/__tests__/Dashboard.test.jsx[2m > [22m[2mDashboard[2m > [22m[2mTicket List Display[2m > [22m[2mshould display problem descriptions[22m[39m
[MSW] Warning: intercepted a request without a matching request handler:

  • GET /api/sav/tickets

If you still wish to intercept this unhandled request, please create a request handler for it.
Read more: https://mswjs.io/docs/http/intercepting-requests

[90mstderr[2m | src/__tests__/Dashboard.test.jsx[2m > [22m[2mDashboard[2m > [22m[2mTicket List Display[2m > [22m[2mshould display problem descriptions[22m[39m
Erreur: TypeError: fetch failed
[90m    at node:internal/deps/undici/undici:13510:13[39m
[90m    at processTicksAndRejections (node:internal/process/task_queues:105:5)[39m
    at until [90m(file:///C:/Users/v-nbayonne/meuble-de-france-chatbot/frontend/[39mnode_modules/[4m@open-draft[24m/until/src/until.ts:23:18[90m)[39m
    at Object.passthrough [90m(file:///C:/Users/v-nbayonne/meuble-de-france-chatbot/frontend/[39mnode_modules/[4m@mswjs[24m/interceptors/src/interceptors/fetch/index.ts:78:68[90m)[39m
    at _RequestController.passthrough [90m(file:///C:/Users/v-nbayonne/meuble-de-france-chatbot/frontend/[39mnode_modules/[4m@mswjs[24m/interceptors/src/RequestController.ts:50:5[90m)[39m
    at handleRequest [90m(file:///C:/Users/v-nbayonne/meuble-de-france-chatbot/frontend/[39mnode_modules/[4m@mswjs[24m/interceptors/src/utils/handleRequest.ts:201:12[90m)[39m
    at globalThis.fetch [90m(file:///C:/Users/v-nbayonne/meuble-de-france-chatbot/frontend/[39mnode_modules/[4m@mswjs[24m/interceptors/src/interceptors/fetch/index.ts:185:7[90m)[39m
    at fetchTickets [90m(C:\Users\v-nbayonne\meuble-de-france-chatbot\frontend\[39msrc\components\Dashboard.jsx:24:24[90m)[39m {
  [cause]: AggregateError: 
  [90m    at internalConnectMultiple (node:net:1134:18)[39m
  [90m    at afterConnectMultiple (node:net:1715:7)[39m {
    code: [32m'ECONNREFUSED'[39m,
    [errors]: [ [36m[Error][39m, [36m[Error][39m ]
  }
}

[90mstdout[2m | src/__tests__/Dashboard.test.jsx[2m > [22m[2mDashboard[2m > [22m[2mTicket List Display[2m > [22m[2mshould display problem descriptions[22m[39m
🔍 Dashboard - Tickets bruts: [33m0[39m
🔍 Dashboard - Tickets filtrés: [33m0[39m
🔍 Dashboard - Filtres actifs: { filterPriority: [32m'all'[39m, filterStatus: [32m'all'[39m }

[90mstdout[2m | src/__tests__/ChatInterface.test.jsx[2m > [22m[2mChatInterface[2m > [22m[2mVoice Features[2m > [22m[2mshould have voice toggle button in header[22m[39m
✅ Synthèse vocale disponible

[90mstdout[2m | src/__tests__/ChatInterface.test.jsx[2m > [22m[2mChatInterface[2m > [22m[2mVoice Features[2m > [22m[2mshould toggle speech synthesis[22m[39m
✅ Synthèse vocale disponible

 [31m×[39m src/__tests__/ChatInterface.test.jsx[2m > [22mChatInterface[2m > [22mFile Upload[2m > [22mshould handle upload error[33m 1197[2mms[22m[39m
[31m   → expected "bound " to be called with arguments: [ StringContaining "Erreur" ][90m

Received: 

[31m[90m

Number of calls: [1m0[22m
[31m

Ignored nodes: comments, script, style
[36m<html>[31m
  [36m<head />[31m
  [36m<body>[31m
    [36m<div>[31m
      [36m<div[31m
        [33mclass[31m=[32m"flex flex-col h-full max-w-5xl mx-auto bg-gradient-to-br from-amber-50 to-orange-50"[31m
      [36m>[31m
        [36m<div[31m
          [33mclass[31m=[32m"bg-gradient-to-r from-blue-600 to-blue-700 text-white p-6 shadow-lg"[31m
        [36m>[31m
          [36m<div[31m
            [33mclass[31m=[32m"flex items-center justify-between"[31m
          [36m>[31m
            [36m<div>[31m
              [36m<h1[31m
                [33mclass[31m=[32m"text-3xl font-bold"[31m
              [36m>[31m
                [0mService clientèle du groupe Mobilier de France[0m
              [36m</h1>[31m
              [36m<p[31m
                [33mclass[31m=[32m"text-sm opacity-90 mt-1"[31m
              [36m>[31m
                [0mService Après-Vente Intelligent • Traitement automatisé en temps réel[0m
              [36m</p>[31m
            [36m</div>[31m
            [36m<div[31m
              [33mclass[31m=[32m"flex items-center space-x-4"[31m
            [36m>[31m
              [36m<button[31m
                [33mclass[31m=[32m"flex items-center space-x-2 px-4 py-2 rounded-lg font-medium transition-all bg-white text-blue-600 hover:bg-gray-100"[31m
                [33mtitle[31m=[32m"Désactiver la voix du bot"[31m
              [36m>[31m
                [36m<svg[31m
                  [33mclass[31m=[32m"lucide lucide-volume2 w-5 h-5 "[31m
                  [33mfill[31m=[32m"none"[31m
                  [33mheight[31m=[32m"24"[31m
                  [33mstroke[31m=[32m"currentColor"[31m
                  [33mstroke-linecap[31m=[32m"round"[31m
                  [33mstroke-linejoin[31m=[32m"round"[31m
                  [33mstroke-width[31m=[32m"2"[31m
                  [33mviewBox[31m=[32m"0 0 24 24"[31m
                  [33mwidth[31m=[32m"24"[31m
                  [33mxmlns[31m=[32m"http://www.w3.org/2000/svg"[31m
                [36m>[31m
                  [36m<polygon[31m
                    [33mpoints[31m=[32m"11 5 6 9 2 9 2 15 6 15 11 19 11 5"[31m
                  [36m/>[31m
                  [36m<path[31m
                    [33md[31m=[32m"M15.54 8.46a5 5 0 0 1 0 7.07"[31m
                  [36m/>[31m
                  [36m<path[31m
                    [33md[31m=[32m"M19.07 4.93a10 10 0 0 1 0 14.14"[31m
                  [36m/>[31m
                [36m</svg>[31m
                [36m<span[31m
                  [33mclass[31m=[32m"text-sm"[31m
                [36m>[31m
                  [0mVoix ON[0m
                [36m</span>[31m
              [36m</button>[31m
              [36m<div[31m
                [33mclass[31m=[32m"text-right text-xs opacity-80 border-l border-white/30 pl-4"[31m
              [36m>[31m
                [36m<p[31m
                  [33mclass[31m=[32m"font-semibold"[31m
                [36m>[31m
                  [0m🎯 100% Automatisé[0m
                [36m</p>[31m
                [36m<p[31m
                  [33mclass[31m=[32m"text-xs"[31m
                [36m>[31m
                  [0m✅ Analyse TON • ✅ Garantie • ✅ Priorité[0m
                [36m</p>[31m
              [36m</div>[31m
            [36m</div>[31m
          [36m</div>[31m
        [36m</div>[31m
        [36m<div[31m
          [33mclass[31m=[32m"flex-1 overflow-y-auto p-6 space-y-4"[31m
        [36m>[31m
          [36m<div[31m
            [33mclass[31m=[32m"flex justify-start fade-in"[31m
          [36m>[31m
            [36m<div[31m
              [33mclass[31m=[32m"max-w-[75%] rounded-2xl p-4 shadow-md bg-white text-gray-800 border border-gray-200"[31m
            [36m>[31m
              [36m<div[31m
                [33mclass[31m=[32m"flex items-start space-x-3"[31m
              [36m>[31m
                [36m<div[31m
                  [33mclass[31m=[32m"w-8 h-8 rounded-full bg-gradient-to-r from-amber-500 to-orange-500 flex items-center justify-center text-white font-bold flex-shrink-0"[31m
                [36m>[31m
                  [0mM[0m
                [36m</div>[31m
                [36m<div[31m
                  [33mclass[31m=[32m"flex-1"[31m
                [36m>[31m
                  [36m<p[31m
                    [33mclass[31m=[32m"whitespace-pre-line leading-relaxed"[31m
                  [36m>[31m
                    [0m👋 Bonjour ! Je suis votre assistant SAV Mobilier de France.

Décrivez-moi votre problème avec votre numéro de commande, je m'occupe du reste !

💡 **Exemple** : "Bonjour, je m'appelle Marie Martin. Mon canapé OSLO a le pied cassé, commande CMD-2024-12345"[0m
                  [36m</p>[31m
                  [36m<div[31m
                    [33mclass[31m=[32m"flex items-center justify-between mt-2 text-xs text-gray-500"[31m
                  [36m>[31m
                    [36m<span>[31m
                      [0m13:02[0m
                    [36m</span>[31m
                  [36m</div>[31m
                [36m</div>[31m
              [36m</div>[31m
            [36m</div>[31m
          [36m</div>[31m
          [36m<div />[31m
        [36m</div>[31m
        [36m<div[31m
          [33mclass[31m=[32m"bg-white p-6 border-t border-gray-200 shadow-lg"[31m
        [36m>[31m
          [36m<div[31m
            [33mclass[31m=[32m"flex items-end space-x-3"[31m
          [36m>[31m
            [36m<button[31m
              [33mclass[31m=[32m"bg-amber-100 hover:bg-amber-200 text-amber-700 p-3 rounded-full transition-colors flex-shrink-0"[31m
              [33mtitle[31m=[32m"Ajouter des photos"[31m
            [36m>[31m
              [36m<svg[31m
                [33mclass[31m=[32m"lucide lucide-camera w-6 h-6"[31m
                [33mfill[31m=[32m"none"[31m
                [33mheight[31m=[32m"24"[31m
                [33mstroke[31m=[32m"currentColor"[31m
                [33mstroke-linecap[31m=[32m"round"[31m
                [33mstroke-linejoin[31m=[32m"round"[31m
                [33mstroke-width[31m=[32m"2"[31m
                [33mviewBox[31m=[32m"0 0 24 24"[31m
                [33mwidth[31m=[32m"24"[31m
                [33mxmlns[31m=[32m"http://www.w3.org/2000/svg"[31m
              [36m>[31m
                [36m<path[31m
                  [33md[31m=[32m"M14.5 4h-5L7 7H4a2 2 0 0 0-2 2v9a2 2 0 0 0 2 2h16a2 2 0 0 0 2-2V9a2 2 0 0 0-2-2h-3l-2.5-3z"[31m
                [36m/>[31m
                [36m<circle[31m
                  [33mcx[31m=[32m"12"[31m
                  [33mcy[31m=[32m"13"[31m
                  [33mr[31m=[32m"3"[31m
                [36m/>[31m
              [36m</svg>[31m
            [36m</button>[31m
            [36m<input[31m
              [33maccept[31m=[32m"image/*,video/*"[31m
              [33mclass[31m=[32m"hidden"[31m
              [33mmultiple[31m=[32m""[31m
              [33mtype[31m=[32m"file"[31m
            [36m/>[31m
            [36m<button[31m
              [33mclass[31m=[32m"relative p-3 rounded-full transition-all flex-shrink-0 shadow-lg bg-gradient-to-r from-blue-500 to-purple-500 hover:from-blue-600 hover:to-purple-600 text-white"[31m
              [33mtitle[31m=[32m"🎤 Parler au lieu de taper"[31m
            [36m>[31m
              [36m<svg[31m
                [33mclass[31m=[32m"lucide lucide-mic w-6 h-6"[31m
                [33mfill[31m=[32m"none"[31m
                [33mheight[31m=[32m"24"[31m
                [33mstroke[31m=[32m"currentColor"[31m
                [33mstroke-linecap[31m=[32m"round"[31m
                [33mstroke-linejoin[31m=[32m"round"[31m
                [33mstroke-width[31m=[32m"2"[31m
                [33mviewBox[31m=[32m"0 0 24 24"[31m
                [33mwidth[31m=[32m"24"[31m
                [33mxmlns[31m=[32m"http://www.w3.org/2000/svg"[31m
              [36m>[31m
                [36m<path[31m
                  [33md[31m=[32m"M12 2a3 3 0 0 0-3 3v7a3 3 0 0 0 6 0V5a3 3 0 0 0-3-3Z"[31m
                [36m/>[31m
                [36m<path[31m
                  [33md[31m=[32m"M19 10v2a7 7 0 0 1-14 0v-2"[31m
                [36m/>[31m
                [36m<line[31m
                  [33mx1[31m=[32m"12"[31m
                  [33mx2[31m=[32m"12"[31m
                  [33my1[31m=[32m"19"[31m
                  [33my2[31m=[32m"22"[31m
                [36m/>[31m
              [36m</svg>[31m
            [36m</button>[31m
            [36m<div[31m
              [33mclass[31m=[32m"flex-1"[31m
            [36m>[31m
              [36m<textarea[31m
                [33mclass[31m=[32m"w-full border-2 border-gray-300 rounded-2xl px-4 py-3 focus:outline-none focus:ring-2 focus:ring-red-500 focus:border-transparent resize-none"[31m
                [33mplaceholder[31m=[32m"Nom complet + Problème + N° commande... (Ex: Jean Dupont, mon canapé OSLO a un pied cassé, CMD-2024-12345)"[31m
                [33mrows[31m=[32m"1"[31m
                [33mstyle[31m=[32m"min-height: 50px; max-height: 150px;"[31m
              [36m/>[31m
            [36m</div>[31m
            [36m<button[31m
              [33mclass[31m=[32m"p-3 rounded-full flex-shrink-0 transition-all bg-gray-300 text-gray-500 cursor-not-allowed"[31m
              [33mdisabled[31m=[32m""[31m
            [36m>[31m
              [36m<svg[31m
                [33mclass[31m=[32m"lucide lucide-send w-6 h-6"[31m
                [33mfill[31m=[32m"none"[31m
                [33mheight[31m=[32m"24"[31m
                [33mstroke[31m=[32m"currentColor"[31m
                [33mstroke-linecap[31m=[32m"round"[31m
                [33mstroke-linejoin[31m=[32m"round"[31m
                [33mstroke-width[31m=[32m"2"[31m
                [33mviewBox[31m=[32m"0 0 24 24"[31m
                [33mwidth[31m=[32m"24"[31m
                [33mxmlns[31m=[32m"http://www.w3.org/2000/svg"[31m
              [36m>[31m
                [36m<path[31m
                  [33md[31m=[32m"m22 2-7 20-4-9-9-4Z"[31m
                [36m/>[31m
                [36m<path[31m
                  [33md[31m=[32m"M22 2 11 13"[31m
                [36m/>[31m
              [36m</svg>[31m
            [36m</button>[31m
          [36m</div>[31m
          [36m<p[31m
            [33mclass[31m=[32m"text-xs text-gray-500 mt-3 text-center"[31m
          [36m>[31m
            [0m🔒 Données sécurisées • ⚡ Réponse immédiate • 🎤 Conversation vocale complète • 🔊 Le bot vous parle • 🎯 Analyse automatique du TON et PRIORITÉ • 🛡️ Vérification garantie instantanée[0m
          [36m</p>[31m
        [36m</div>[31m
      [36m</div>[31m
    [36m</div>[31m
  [36m</body>[31m
[36m</html>[31m[39m
 [32m✓[39m src/__tests__/ChatInterface.test.jsx[2m > [22mChatInterface[2m > [22mVoice Features[2m > [22mshould have voice toggle button in header
 [31m×[39m src/__tests__/Dashboard.test.jsx[2m > [22mDashboard[2m > [22mTicket List Display[2m > [22mshould display problem descriptions[33m 1030[2mms[22m[39m
[31m   → Unable to find an element with the text: /Tissu déchiré/i. This could be because the text is broken up by multiple elements. In this case, you can provide a function for your text matcher to make your matcher more flexible.

Ignored nodes: comments, script, style
[36m<body>[31m
  [36m<div>[31m
    [36m<div[31m
      [33mclass[31m=[32m"flex items-center justify-center h-screen bg-gray-50"[31m
    [36m>[31m
      [36m<div[31m
        [33mclass[31m=[32m"text-center text-red-600"[31m
      [36m>[31m
        [36m<svg[31m
          [33mclass[31m=[32m"lucide lucide-xcircle w-16 h-16 mx-auto mb-4"[31m
          [33mfill[31m=[32m"none"[31m
          [33mheight[31m=[32m"24"[31m
          [33mstroke[31m=[32m"currentColor"[31m
          [33mstroke-linecap[31m=[32m"round"[31m
          [33mstroke-linejoin[31m=[32m"round"[31m
          [33mstroke-width[31m=[32m"2"[31m
          [33mviewBox[31m=[32m"0 0 24 24"[31m
          [33mwidth[31m=[32m"24"[31m
          [33mxmlns[31m=[32m"http://www.w3.org/2000/svg"[31m
        [36m>[31m
          [36m<circle[31m
            [33mcx[31m=[32m"12"[31m
            [33mcy[31m=[32m"12"[31m
            [33mr[31m=[32m"10"[31m
          [36m/>[31m
          [36m<path[31m
            [33md[31m=[32m"m15 9-6 6"[31m
          [36m/>[31m
          [36m<path[31m
            [33md[31m=[32m"m9 9 6 6"[31m
          [36m/>[31m
        [36m</svg>[31m
        [36m<p[31m
          [33mclass[31m=[32m"text-xl font-semibold"[31m
        [36m>[31m
          [0mErreur de connexion au serveur[0m
        [36m</p>[31m
        [36m<button[31m
          [33mclass[31m=[32m"mt-4 px-4 py-2 bg-red-600 text-white rounded-lg hover:bg-red-700"[31m
        [36m>[31m
          [0mRéessayer[0m
        [36m</button>[31m
      [36m</div>[31m
    [36m</div>[31m
  [36m</div>[31m
[36m</body>[31m

Ignored nodes: comments, script, style
[36m<html>[31m
  [36m<head />[31m
  [36m<body>[31m
    [36m<div>[31m
      [36m<div[31m
        [33mclass[31m=[32m"flex items-center justify-center h-screen bg-gray-50"[31m
      [36m>[31m
        [36m<div[31m
          [33mclass[31m=[32m"text-center text-red-600"[31m
        [36m>[31m
          [36m<svg[31m
            [33mclass[31m=[32m"lucide lucide-xcircle w-16 h-16 mx-auto mb-4"[31m
            [33mfill[31m=[32m"none"[31m
            [33mheight[31m=[32m"24"[31m
            [33mstroke[31m=[32m"currentColor"[31m
            [33mstroke-linecap[31m=[32m"round"[31m
            [33mstroke-linejoin[31m=[32m"round"[31m
            [33mstroke-width[31m=[32m"2"[31m
            [33mviewBox[31m=[32m"0 0 24 24"[31m
            [33mwidth[31m=[32m"24"[31m
            [33mxmlns[31m=[32m"http://www.w3.org/2000/svg"[31m
          [36m>[31m
            [36m<circle[31m
              [33mcx[31m=[32m"12"[31m
              [33mcy[31m=[32m"12"[31m
              [33mr[31m=[32m"10"[31m
            [36m/>[31m
            [36m<path[31m
              [33md[31m=[32m"m15 9-6 6"[31m
            [36m/>[31m
            [36m<path[31m
              [33md[31m=[32m"m9 9 6 6"[31m
            [36m/>[31m
          [36m</svg>[31m
          [36m<p[31m
            [33mclass[31m=[32m"text-xl font-semibold"[31m
          [36m>[31m
            [0mErreur de connexion au serveur[0m
          [36m</p>[31m
          [36m<button[31m
            [33mclass[31m=[32m"mt-4 px-4 py-2 bg-red-600 text-white rounded-lg hover:bg-red-700"[31m
          [36m>[31m
            [0mRéessayer[0m
          [36m</button>[31m
        [36m</div>[31m
      [36m</div>[31m
    [36m</div>[31m
  [36m</body>[31m
[36m</html>[31m[39m
[90mstdout[2m | src/__tests__/Dashboard.test.jsx[2m > [22m[2mDashboard[2m > [22m[2mTicket List Display[2m > [22m[2mshould show "no tickets" message when list is empty[22m[39m
🔍 Dashboard - Tickets bruts: [33m0[39m
🔍 Dashboard - Tickets filtrés: [33m0[39m
🔍 Dashboard - Filtres actifs: { filterPriority: [32m'all'[39m, filterStatus: [32m'all'[39m }

[90mstderr[2m | src/__tests__/Dashboard.test.jsx[2m > [22m[2mDashboard[2m > [22m[2mTicket List Display[2m > [22m[2mshould show "no tickets" message when list is empty[22m[39m
[MSW] Warning: intercepted a request without a matching request handler:

  • GET /api/sav/tickets

If you still wish to intercept this unhandled request, please create a request handler for it.
Read more: https://mswjs.io/docs/http/intercepting-requests

[90mstderr[2m | src/__tests__/Dashboard.test.jsx[2m > [22m[2mDashboard[2m > [22m[2mTicket List Display[2m > [22m[2mshould show "no tickets" message when list is empty[22m[39m
Erreur: TypeError: fetch failed
[90m    at node:internal/deps/undici/undici:13510:13[39m
[90m    at processTicksAndRejections (node:internal/process/task_queues:105:5)[39m
    at until [90m(file:///C:/Users/v-nbayonne/meuble-de-france-chatbot/frontend/[39mnode_modules/[4m@open-draft[24m/until/src/until.ts:23:18[90m)[39m
    at Object.passthrough [90m(file:///C:/Users/v-nbayonne/meuble-de-france-chatbot/frontend/[39mnode_modules/[4m@mswjs[24m/interceptors/src/interceptors/fetch/index.ts:78:68[90m)[39m
    at _RequestController.passthrough [90m(file:///C:/Users/v-nbayonne/meuble-de-france-chatbot/frontend/[39mnode_modules/[4m@mswjs[24m/interceptors/src/RequestController.ts:50:5[90m)[39m
    at handleRequest [90m(file:///C:/Users/v-nbayonne/meuble-de-france-chatbot/frontend/[39mnode_modules/[4m@mswjs[24m/interceptors/src/utils/handleRequest.ts:201:12[90m)[39m
    at globalThis.fetch [90m(file:///C:/Users/v-nbayonne/meuble-de-france-chatbot/frontend/[39mnode_modules/[4m@mswjs[24m/interceptors/src/interceptors/fetch/index.ts:185:7[90m)[39m
    at fetchTickets [90m(C:\Users\v-nbayonne\meuble-de-france-chatbot\frontend\[39msrc\components\Dashboard.jsx:24:24[90m)[39m {
  [cause]: AggregateError: 
  [90m    at internalConnectMultiple (node:net:1134:18)[39m
  [90m    at afterConnectMultiple (node:net:1715:7)[39m {
    code: [32m'ECONNREFUSED'[39m,
    [errors]: [ [36m[Error][39m, [36m[Error][39m ]
  }
}

[90mstdout[2m | src/__tests__/Dashboard.test.jsx[2m > [22m[2mDashboard[2m > [22m[2mTicket List Display[2m > [22m[2mshould show "no tickets" message when list is empty[22m[39m
🔍 Dashboard - Tickets bruts: [33m0[39m
🔍 Dashboard - Tickets filtrés: [33m0[39m
🔍 Dashboard - Filtres actifs: { filterPriority: [32m'all'[39m, filterStatus: [32m'all'[39m }

 [32m✓[39m src/__tests__/ChatInterface.test.jsx[2m > [22mChatInterface[2m > [22mVoice Features[2m > [22mshould toggle speech synthesis
[90mstdout[2m | src/__tests__/ChatInterface.test.jsx[2m > [22m[2mChatInterface[2m > [22m[2mVoice Features[2m > [22m[2mshould show recording indicator when voice recording active[22m[39m
✅ Synthèse vocale disponible

[90mstdout[2m | src/__tests__/ChatInterface.test.jsx[2m > [22m[2mChatInterface[2m > [22m[2mVoice Features[2m > [22m[2mshould show recording indicator when voice recording active[22m[39m
▶️ Démarrage enregistrement...

 [31m×[39m src/__tests__/Dashboard.test.jsx[2m > [22mDashboard[2m > [22mTicket List Display[2m > [22mshould show "no tickets" message when list is empty[33m 1019[2mms[22m[39m
[31m   → Unable to find an element with the text: /Aucun ticket trouvé/i. This could be because the text is broken up by multiple elements. In this case, you can provide a function for your text matcher to make your matcher more flexible.

Ignored nodes: comments, script, style
[36m<body>[31m
  [36m<div>[31m
    [36m<div[31m
      [33mclass[31m=[32m"flex items-center justify-center h-screen bg-gray-50"[31m
    [36m>[31m
      [36m<div[31m
        [33mclass[31m=[32m"text-center text-red-600"[31m
      [36m>[31m
        [36m<svg[31m
          [33mclass[31m=[32m"lucide lucide-xcircle w-16 h-16 mx-auto mb-4"[31m
          [33mfill[31m=[32m"none"[31m
          [33mheight[31m=[32m"24"[31m
          [33mstroke[31m=[32m"currentColor"[31m
          [33mstroke-linecap[31m=[32m"round"[31m
          [33mstroke-linejoin[31m=[32m"round"[31m
          [33mstroke-width[31m=[32m"2"[31m
          [33mviewBox[31m=[32m"0 0 24 24"[31m
          [33mwidth[31m=[32m"24"[31m
          [33mxmlns[31m=[32m"http://www.w3.org/2000/svg"[31m
        [36m>[31m
          [36m<circle[31m
            [33mcx[31m=[32m"12"[31m
            [33mcy[31m=[32m"12"[31m
            [33mr[31m=[32m"10"[31m
          [36m/>[31m
          [36m<path[31m
            [33md[31m=[32m"m15 9-6 6"[31m
          [36m/>[31m
          [36m<path[31m
            [33md[31m=[32m"m9 9 6 6"[31m
          [36m/>[31m
        [36m</svg>[31m
        [36m<p[31m
          [33mclass[31m=[32m"text-xl font-semibold"[31m
        [36m>[31m
          [0mErreur de connexion au serveur[0m
        [36m</p>[31m
        [36m<button[31m
          [33mclass[31m=[32m"mt-4 px-4 py-2 bg-red-600 text-white rounded-lg hover:bg-red-700"[31m
        [36m>[31m
          [0mRéessayer[0m
        [36m</button>[31m
      [36m</div>[31m
    [36m</div>[31m
  [36m</div>[31m
[36m</body>[31m

Ignored nodes: comments, script, style
[36m<html>[31m
  [36m<head />[31m
  [36m<body>[31m
    [36m<div>[31m
      [36m<div[31m
        [33mclass[31m=[32m"flex items-center justify-center h-screen bg-gray-50"[31m
      [36m>[31m
        [36m<div[31m
          [33mclass[31m=[32m"text-center text-red-600"[31m
        [36m>[31m
          [36m<svg[31m
            [33mclass[31m=[32m"lucide lucide-xcircle w-16 h-16 mx-auto mb-4"[31m
            [33mfill[31m=[32m"none"[31m
            [33mheight[31m=[32m"24"[31m
            [33mstroke[31m=[32m"currentColor"[31m
            [33mstroke-linecap[31m=[32m"round"[31m
            [33mstroke-linejoin[31m=[32m"round"[31m
            [33mstroke-width[31m=[32m"2"[31m
            [33mviewBox[31m=[32m"0 0 24 24"[31m
            [33mwidth[31m=[32m"24"[31m
            [33mxmlns[31m=[32m"http://www.w3.org/2000/svg"[31m
          [36m>[31m
            [36m<circle[31m
              [33mcx[31m=[32m"12"[31m
              [33mcy[31m=[32m"12"[31m
              [33mr[31m=[32m"10"[31m
            [36m/>[31m
            [36m<path[31m
              [33md[31m=[32m"m15 9-6 6"[31m
            [36m/>[31m
            [36m<path[31m
              [33md[31m=[32m"m9 9 6 6"[31m
            [36m/>[31m
          [36m</svg>[31m
          [36m<p[31m
            [33mclass[31m=[32m"text-xl font-semibold"[31m
          [36m>[31m
            [0mErreur de connexion au serveur[0m
          [36m</p>[31m
          [36m<button[31m
            [33mclass[31m=[32m"mt-4 px-4 py-2 bg-red-600 text-white rounded-lg hover:bg-red-700"[31m
          [36m>[31m
            [0mRéessayer[0m
          [36m</button>[31m
        [36m</div>[31m
      [36m</div>[31m
    [36m</div>[31m
  [36m</body>[31m
[36m</html>[31m[39m
[90mstdout[2m | src/__tests__/Dashboard.test.jsx[2m > [22m[2mDashboard[2m > [22m[2mPriority Filtering[2m > [22m[2mshould have priority filter dropdown[22m[39m
🔍 Dashboard - Tickets bruts: [33m0[39m
🔍 Dashboard - Tickets filtrés: [33m0[39m
🔍 Dashboard - Filtres actifs: { filterPriority: [32m'all'[39m, filterStatus: [32m'all'[39m }

[90mstderr[2m | src/__tests__/Dashboard.test.jsx[2m > [22m[2mDashboard[2m > [22m[2mPriority Filtering[2m > [22m[2mshould have priority filter dropdown[22m[39m
[MSW] Warning: intercepted a request without a matching request handler:

  • GET /api/sav/tickets

If you still wish to intercept this unhandled request, please create a request handler for it.
Read more: https://mswjs.io/docs/http/intercepting-requests

[90mstderr[2m | src/__tests__/Dashboard.test.jsx[2m > [22m[2mDashboard[2m > [22m[2mPriority Filtering[2m > [22m[2mshould have priority filter dropdown[22m[39m
Erreur: TypeError: fetch failed
[90m    at node:internal/deps/undici/undici:13510:13[39m
[90m    at processTicksAndRejections (node:internal/process/task_queues:105:5)[39m
    at until [90m(file:///C:/Users/v-nbayonne/meuble-de-france-chatbot/frontend/[39mnode_modules/[4m@open-draft[24m/until/src/until.ts:23:18[90m)[39m
    at Object.passthrough [90m(file:///C:/Users/v-nbayonne/meuble-de-france-chatbot/frontend/[39mnode_modules/[4m@mswjs[24m/interceptors/src/interceptors/fetch/index.ts:78:68[90m)[39m
    at _RequestController.passthrough [90m(file:///C:/Users/v-nbayonne/meuble-de-france-chatbot/frontend/[39mnode_modules/[4m@mswjs[24m/interceptors/src/RequestController.ts:50:5[90m)[39m
    at handleRequest [90m(file:///C:/Users/v-nbayonne/meuble-de-france-chatbot/frontend/[39mnode_modules/[4m@mswjs[24m/interceptors/src/utils/handleRequest.ts:201:12[90m)[39m
    at globalThis.fetch [90m(file:///C:/Users/v-nbayonne/meuble-de-france-chatbot/frontend/[39mnode_modules/[4m@mswjs[24m/interceptors/src/interceptors/fetch/index.ts:185:7[90m)[39m
    at fetchTickets [90m(C:\Users\v-nbayonne\meuble-de-france-chatbot\frontend\[39msrc\components\Dashboard.jsx:24:24[90m)[39m {
  [cause]: AggregateError: 
  [90m    at internalConnectMultiple (node:net:1134:18)[39m
  [90m    at afterConnectMultiple (node:net:1715:7)[39m {
    code: [32m'ECONNREFUSED'[39m,
    [errors]: [ [36m[Error][39m, [36m[Error][39m ]
  }
}

[90mstdout[2m | src/__tests__/Dashboard.test.jsx[2m > [22m[2mDashboard[2m > [22m[2mPriority Filtering[2m > [22m[2mshould have priority filter dropdown[22m[39m
🔍 Dashboard - Tickets bruts: [33m0[39m
🔍 Dashboard - Tickets filtrés: [33m0[39m
🔍 Dashboard - Filtres actifs: { filterPriority: [32m'all'[39m, filterStatus: [32m'all'[39m }

 [31m×[39m src/__tests__/ChatInterface.test.jsx[2m > [22mChatInterface[2m > [22mVoice Features[2m > [22mshould show recording indicator when voice recording active[33m 1279[2mms[22m[39m
[31m   → Unable to find an element with the text: /Écoute en cours/i. This could be because the text is broken up by multiple elements. In this case, you can provide a function for your text matcher to make your matcher more flexible.

Ignored nodes: comments, script, style
[36m<body>[31m
  [36m<div>[31m
    [36m<div[31m
      [33mclass[31m=[32m"flex flex-col h-full max-w-5xl mx-auto bg-gradient-to-br from-amber-50 to-orange-50"[31m
    [36m>[31m
      [36m<div[31m
        [33mclass[31m=[32m"bg-gradient-to-r from-blue-600 to-blue-700 text-white p-6 shadow-lg"[31m
      [36m>[31m
        [36m<div[31m
          [33mclass[31m=[32m"flex items-center justify-between"[31m
        [36m>[31m
          [36m<div>[31m
            [36m<h1[31m
              [33mclass[31m=[32m"text-3xl font-bold"[31m
            [36m>[31m
              [0mService clientèle du groupe Mobilier de France[0m
            [36m</h1>[31m
            [36m<p[31m
              [33mclass[31m=[32m"text-sm opacity-90 mt-1"[31m
            [36m>[31m
              [0mService Après-Vente Intelligent • Traitement automatisé en temps réel[0m
            [36m</p>[31m
          [36m</div>[31m
          [36m<div[31m
            [33mclass[31m=[32m"flex items-center space-x-4"[31m
          [36m>[31m
            [36m<button[31m
              [33mclass[31m=[32m"flex items-center space-x-2 px-4 py-2 rounded-lg font-medium transition-all bg-white text-blue-600 hover:bg-gray-100"[31m
              [33mtitle[31m=[32m"Désactiver la voix du bot"[31m
            [36m>[31m
              [36m<svg[31m
                [33mclass[31m=[32m"lucide lucide-volume2 w-5 h-5 "[31m
                [33mfill[31m=[32m"none"[31m
                [33mheight[31m=[32m"24"[31m
                [33mstroke[31m=[32m"currentColor"[31m
                [33mstroke-linecap[31m=[32m"round"[31m
                [33mstroke-linejoin[31m=[32m"round"[31m
                [33mstroke-width[31m=[32m"2"[31m
                [33mviewBox[31m=[32m"0 0 24 24"[31m
                [33mwidth[31m=[32m"24"[31m
                [33mxmlns[31m=[32m"http://www.w3.org/2000/svg"[31m
              [36m>[31m
                [36m<polygon[31m
                  [33mpoints[31m=[32m"11 5 6 9 2 9 2 15 6 15 11 19 11 5"[31m
                [36m/>[31m
                [36m<path[31m
                  [33md[31m=[32m"M15.54 8.46a5 5 0 0 1 0 7.07"[31m
                [36m/>[31m
                [36m<path[31m
                  [33md[31m=[32m"M19.07 4.93a10 10 0 0 1 0 14.14"[31m
                [36m/>[31m
              [36m</svg>[31m
              [36m<span[31m
                [33mclass[31m=[32m"text-sm"[31m
              [36m>[31m
                [0mVoix ON[0m
              [36m</span>[31m
            [36m</button>[31m
            [36m<div[31m
              [33mclass[31m=[32m"text-right text-xs opacity-80 border-l border-white/30 pl-4"[31m
            [36m>[31m
              [36m<p[31m
                [33mclass[31m=[32m"font-semibold"[31m
              [36m>[31m
                [0m🎯 100% Automatisé[0m
              [36m</p>[31m
              [36m<p[31m
                [33mclass[31m=[32m"text-xs"[31m
              [36m>[31m
                [0m✅ Analyse TON • ✅ Garantie • ✅ Priorité[0m
              [36m</p>[31m
            [36m</div>[31m
          [36m</div>[31m
        [36m</div>[31m
      [36m</div>[31m
      [36m<div[31m
        [33mclass[31m=[32m"flex-1 overflow-y-auto p-6 space-y-4"[31m
      [36m>[31m
        [36m<div[31m
          [33mclass[31m=[32m"flex justify-start fade-in"[31m
        [36m>[31m
          [36m<div[31m
            [33mclass[31m=[32m"max-w-[75%] rounded-2xl p-4 shadow-md bg-white text-gray-800 border border-gray-200"[31m
          [36m>[31m
            [36m<div[31m
              [33mclass[31m=[32m"flex items-start space-x-3"[31m
            [36m>[31m
              [36m<div[31m
                [33mclass[31m=[32m"w-8 h-8 rounded-full bg-gradient-to-r from-amber-500 to-orange-500 flex items-center justify-center text-white font-bold flex-shrink-0"[31m
              [36m>[31m
                [0mM[0m
              [36m</div>[31m
              [36m<div[31m
                [33mclass[31m=[32m"flex-1"[31m
              [36m>[31m
                [36m<p[31m
                  [33mclass[31m=[32m"whitespace-pre-line leading-relaxed"[31m
                [36m>[31m
                  [0m👋 Bonjour ! Je suis votre assistant SAV Mobilier de France.

Décrivez-moi votre problème avec votre numéro de commande, je m'occupe du reste !

💡 **Exemple** : "Bonjour, je m'appelle Marie Martin. Mon canapé OSLO a le pied cassé, commande CMD-2024-12345"[0m
                [36m</p>[31m
                [36m<div[31m
                  [33mclass[31m=[32m"flex items-center justify-between mt-2 text-xs text-gray-500"[31m
                [36m>[31m
                  [36m<span>[31m
                    [0m13:02[0m
                  [36m</span>[31m
                [36m</div>[31m
              [36m</div>[31m
            [36m</div>[31m
          [36m</div>[31m
        [36m</div>[31m
        [36m<div />[31m
      [36m</div>[31m
      [36m<div[31m
        [33mclass[31m=[32m"bg-white p-6 border-t border-gray-200 shadow-lg"[31m
      [36m>[31m
        [36m<div[31m
          [33mclass[31m=[32m"flex items-end space-x-3"[31m
        [36m>[31m
          [36m<button[31m
            [33mclass[31m=[32m"bg-amber-100 hover:bg-amber-200 text-amber-700 p-3 rounded-full transition-colors flex-shrink-0"[31m
            [33mtitle[31m=[32m"Ajouter des photos"[31m
          [36m>[31m
            [36m<svg[31m
              [33mclass[31m=[32m"lucide lucide-camera w-6 h-6"[31m
              [33mfill[31m=[32m"none"[31m
              [33mheight[31m=[32m"24"[31m
              [33mstroke[31m=[32m"currentColor"[31m
              [33mstroke-linecap[31m=[32m"round"[31m
              [33mstroke-linejoin[31m=[32m"round"[31m
              [33mstroke-width[31m=[32m"2"[31m
              [33mviewBox[31m=[32m"0 0 24 24"[31m
              [33mwidth[31m=[32m"24"[31m
              [33mxmlns[31m=[32m"http://www.w3.org/2000/svg"[31m
            [36m>[31m
              [36m<path[31m
                [33md[31m=[32m"M14.5 4h-5L7 7H4a2 2 0 0 0-2 2v9a2 2 0 0 0 2 2h16a2 2 0 0 0 2-2V9a2 2 0 0 0-2-2h-3l-2.5-3z"[31m
              [36m/>[31m
              [36m<circle[31m
                [33mcx[31m=[32m"12"[31m
                [33mcy[31m=[32m"13"[31m
                [33mr[31m=[32m"3"[31m
              [36m/>[31m
            [36m</svg>[31m
          [36m</button>[31m
          [36m<input[31m
            [33maccept[31m=[32m"image/*,video/*"[31m
            [33mclass[31m=[32m"hidden"[31m
            [33mmultiple[31m=[32m""[31m
            [33mtype[31m=[32m"file"[31m
          [36m/>[31m
          [36m<button[31m
            [33mclass[31m=[32m"relative p-3 rounded-full transition-all flex-shrink-0 shadow-lg bg-gradient-to-r from-blue-500 to-purple-500 hover:from-blue-600 hover:to-purple-600 text-white"[31m
            [33mtitle[31m=[32m"🎤 Parler au lieu de taper"[31m
          [36m>[31m
            [36m<svg[31m
              [33mclass[31m=[32m"lucide lucide-mic w-6 h-6"[31m
              [33mfill[31m=[32m"none"[31m
              [33mheight[31m=[32m"24"[31m
              [33mstroke[31m=[32m"currentColor"[31m
              [33mstroke-linecap[31m=[32m"round"[31m
              [33mstroke-linejoin[31m=[32m"round"[31m
              [33mstroke-width[31m=[32m"2"[31m
              [33mviewBox[31m=[32m"0 0 24 24"[31m
              [33mwidth[31m=[32m"24"[31m
              [33mxmlns[31m=[32m"http://www.w3.org/2000/svg"[31m
            [36m>[31m
              [36m<path[31m
                [33md[31m=[32m"M12 2a3 3 0 0 0-3 3v7a3 3 0 0 0 6 0V5a3 3 0 0 0-3-3Z"[31m
              [36m/>[31m
              [36m<path[31m
                [33md[31m=[32m"M19 10v2a7 7 0 0 1-14 0v-2"[31m
              [36m/>[31m
              [36m<line[31m
                [33mx1[31m=[32m"12"[31m
                [33mx2[31m=[32m"12"[31m
                [33my1[31m=[32m"19"[31m
                [33my2[31m=[32m"22"[31m
              [36m/>[31m
            [36m</svg>[31m
          [36m</button>[31m
          [36m<div[31m
            [33mclass[31m=[32m"flex-1"[31m
          [36m>[31m
            [36m<textarea[31m
              [33mclass[31m=[32m"w-full border-2 border-gray-300 rounded-2xl px-4 py-3 focus:outline-none focus:ring-2 focus:ring-red-500 focus:border-transparent resize-none"[31m
              [33mplaceholder[31m=[32m"Nom complet + Problème + N° commande... (Ex: Jean Dupont, mon canapé OSLO a un pied cassé, CMD-2024-12345)"[31m
              [33mrows[31m=[32m"1"[31m
              [33mstyle[31m=[32m"min-height: 50px; max-height: 150px;"[31m
            [36m/>[31m
          [36m</div>[31m
          [36m<button[31m
            [33mclass[31m=[32m"p-3 rounded-full flex-shrink-0 transition-all bg-gray-300 text-gray-500 cursor-not-allowed"[31m
            [33mdisabled[31m=[32m""[31m
          [36m>[31m
            [36m<svg[31m
              [33mclass[31m=[32m"lucide lucide-send w-6 h-6"[31m
              [33mfill[31m=[32m"none"[31m
              [33mheight[31m=[32m"24"[31m
              [33mstroke[31m=[32m"currentColor"[31m
              [33mstroke-linecap[31m=[32m"round"[31m
              [33mstroke-linejoin[31m=[32m"round"[31m
              [33mstroke-width[31m=[32m"2"[31m
              [33mviewBox[31m=[32m"0 0 24 24"[31m
              [33mwidth[31m=[32m"24"[31m
              [33mxmlns[31m=[32m"http://www.w3.org/2000/svg"[31m
            [36m>[31m
              [36m<path[31m
                [33md[31m=[32m"m22 2-7 20-4-9-9-4Z"[31m
              [36m/>[31m
              [36m<path[31m
                [33md[31m=[32m"M22 2 11 13"[31m
              [36m/>[31m
            [36m</svg>[31m
          [36m</button>[31m
        [36m</div>[31m
        [36m<p[31m
          [33mclass[31m=[32m"text-xs text-gray-500 mt-3 text-center"[31m
        [36m>[31m
          [0m🔒 Données sécurisées • ⚡ Réponse immédiate • 🎤 Conversation vocale complète • 🔊 Le bot vous parle • 🎯 Analyse automatique du TON et PRIORITÉ • 🛡️ Vérification garantie instantanée[0m
        [36m</p>[31m
      [36m</div>[31m
    [36m</div>[31m
  [36m</div>[31m
[36m</body>[31m

Ignored nodes: comments, script, style
[36m<html>[31m
  [36m<head />[31m
  [36m<body>[31m
    [36m<div>[31m
      [36m<div[31m
        [33mclass[31m=[32m"flex flex-col h-full max-w-5xl mx-auto bg-gradient-to-br from-amber-50 to-orange-50"[31m
      [36m>[31m
        [36m<div[31m
          [33mclass[31m=[32m"bg-gradient-to-r from-blue-600 to-blue-700 text-white p-6 shadow-lg"[31m
        [36m>[31m
          [36m<div[31m
            [33mclass[31m=[32m"flex items-center justify-between"[31m
          [36m>[31m
            [36m<div>[31m
              [36m<h1[31m
                [33mclass[31m=[32m"text-3xl font-bold"[31m
              [36m>[31m
                [0mService clientèle du groupe Mobilier de France[0m
              [36m</h1>[31m
              [36m<p[31m
                [33mclass[31m=[32m"text-sm opacity-90 mt-1"[31m
              [36m>[31m
                [0mService Après-Vente Intelligent • Traitement automatisé en temps réel[0m
              [36m</p>[31m
            [36m</div>[31m
            [36m<div[31m
              [33mclass[31m=[32m"flex items-center space-x-4"[31m
            [36m>[31m
              [36m<button[31m
                [33mclass[31m=[32m"flex items-center space-x-2 px-4 py-2 rounded-lg font-medium transition-all bg-white text-blue-600 hover:bg-gray-100"[31m
                [33mtitle[31m=[32m"Désactiver la voix du bot"[31m
              [36m>[31m
                [36m<svg[31m
                  [33mclass[31m=[32m"lucide lucide-volume2 w-5 h-5 "[31m
                  [33mfill[31m=[32m"none"[31m
                  [33mheight[31m=[32m"24"[31m
                  [33mstroke[31m=[32m"currentColor"[31m
                  [33mstroke-linecap[31m=[32m"round"[31m
                  [33mstroke-linejoin[31m=[32m"round"[31m
                  [33mstroke-width[31m=[32m"2"[31m
                  [33mviewBox[31m=[32m"0 0 24 24"[31m
                  [33mwidth[31m=[32m"24"[31m
                  [33mxmlns[31m=[32m"http://www.w3.org/2000/svg"[31m
                [36m>[31m
                  [36m<polygon[31m
                    [33mpoints[31m=[32m"11 5 6 9 2 9 2 15 6 15 11 19 11 5"[31m
                  [36m/>[31m
                  [36m<path[31m
                    [33md[31m=[32m"M15.54 8.46a5 5 0 0 1 0 7.07"[31m
                  [36m/>[31m
                  [36m<path[31m
                    [33md[31m=[32m"M19.07 4.93a10 10 0 0 1 0 14.14"[31m
                  [36m/>[31m
                [36m</svg>[31m
                [36m<span[31m
                  [33mclass[31m=[32m"text-sm"[31m
                [36m>[31m
                  [0mVoix ON[0m
                [36m</span>[31m
              [36m</button>[31m
              [36m<div[31m
                [33mclass[31m=[32m"text-right text-xs opacity-80 border-l border-white/30 pl-4"[31m
              [36m>[31m
                [36m<p[31m
                  [33mclass[31m=[32m"font-semibold"[31m
                [36m>[31m
                  [0m🎯 100% Automatisé[0m
                [36m</p>[31m
                [36m<p[31m
                  [33mclass[31m=[32m"text-xs"[31m
                [36m>[31m
                  [0m✅ Analyse TON • ✅ Garantie • ✅ Priorité[0m
                [36m</p>[31m
              [36m</div>[31m
            [36m</div>[31m
          [36m</div>[31m
        [36m</div>[31m
        [36m<div[31m
          [33mclass[31m=[32m"flex-1 overflow-y-auto p-6 space-y-4"[31m
        [36m>[31m
          [36m<div[31m
            [33mclass[31m=[32m"flex justify-start fade-in"[31m
          [36m>[31m
            [36m<div[31m
              [33mclass[31m=[32m"max-w-[75%] rounded-2xl p-4 shadow-md bg-white text-gray-800 border border-gray-200"[31m
            [36m>[31m
              [36m<div[31m
                [33mclass[31m=[32m"flex items-start space-x-3"[31m
              [36m>[31m
                [36m<div[31m
                  [33mclass[31m=[32m"w-8 h-8 rounded-full bg-gradient-to-r from-amber-500 to-orange-500 flex items-center justify-center text-white font-bold flex-shrink-0"[31m
                [36m>[31m
                  [0mM[0m
                [36m</div>[31m
                [36m<div[31m
                  [33mclass[31m=[32m"flex-1"[31m
                [36m>[31m
                  [36m<p[31m
                    [33mclass[31m=[32m"whitespace-pre-line leading-relaxed"[31m
                  [36m>[31m
                    [0m👋 Bonjour ! Je suis votre assistant SAV Mobilier de France.

Décrivez-moi votre problème avec votre numéro de commande, je m'occupe du reste !

💡 **Exemple** : "Bonjour, je m'appelle Marie Martin. Mon canapé OSLO a le pied cassé, commande CMD-2024-12345"[0m
                  [36m</p>[31m
                  [36m<div[31m
                    [33mclass[31m=[32m"flex items-center justify-between mt-2 text-xs text-gray-500"[31m
                  [36m>[31m
                    [36m<span>[31m
                      [0m13:02[0m
                    [36m</span>[31m
                  [36m</div>[31m
                [36m</div>[31m
              [36m</div>[31m
            [36m</div>[31m
          [36m</div>[31m
          [36m<div />[31m
        [36m</div>[31m
        [36m<div[31m
          [33mclass[31m=[32m"bg-white p-6 border-t border-gray-200 shadow-lg"[31m
        [36m>[31m
          [36m<div[31m
            [33mclass[31m=[32m"flex items-end space-x-3"[31m
          [36m>[31m
            [36m<button[31m
              [33mclass[31m=[32m"bg-amber-100 hover:bg-amber-200 text-amber-700 p-3 rounded-full transition-colors flex-shrink-0"[31m
              [33mtitle[31m=[32m"Ajouter des photos"[31m
            [36m>[31m
              [36m<svg[31m
                [33mclass[31m=[32m"lucide lucide-camera w-6 h-6"[31m
                [33mfill[31m=[32m"none"[31m
                [33mheight[31m=[32m"24"[31m
                [33mstroke[31m=[32m"currentColor"[31m
                [33mstroke-linecap[31m=[32m"round"[31m
                [33mstroke-linejoin[31m=[32m"round"[31m
                [33mstroke-width[31m=[32m"2"[31m
                [33mviewBox[31m=[32m"0 0 24 24"[31m
                [33mwidth[31m=[32m"24"[31m
                [33mxmlns[31m=[32m"http://www.w3.org/2000/svg"[31m
              [36m>[31m
                [36m<path[31m
                  [33md[31m=[32m"M14.5 4h-5L7 7H4a2 2 0 0 0-2 2v9a2 2 0 0 0 2 2h16a2 2 0 0 0 2-2V9a2 2 0 0 0-2-2h-3l-2.5-3z"[31m
                [36m/>[31m
                [36m<circle[31m
                  [33mcx[31m=[32m"12"[31m
                  [33mcy[31m=[32m"13"[31m
                  [33mr[31m=[32m"3"[31m
                [36m/>[31m
              [36m</svg>[31m
            [36m</button>[31m
            [36m<input[31m
              [33maccept[31m=[32m"image/*,video/*"[31m
              [33mclass[31m=[32m"hidden"[31m
              [33mmultiple[31m=[32m""[31m
              [33mtype[31m=[32m"file"[31m
            [36m/>[31m
            [36m<button[31m
              [33mclass[31m=[32m"relative p-3 rounded-full transition-all flex-shrink-0 shadow-lg bg-gradient-to-r from-blue-500 to-purple-500 hover:from-blue-600 hover:to-purple-600 text-white"[31m
              [33mtitle[31m=[32m"🎤 Parler au lieu de taper"[31m
            [36m>[31m
              [36m<svg[31m
                [33mclass[31m=[32m"lucide lucide-mic w-6 h-6"[31m
                [33mfill[31m=[32m"none"[31m
                [33mheight[31m=[32m"24"[31m
                [33mstroke[31m=[32m"currentColor"[31m
                [33mstroke-linecap[31m=[32m"round"[31m
                [33mstroke-linejoin[31m=[32m"round"[31m
                [33mstroke-width[31m=[32m"2"[31m
                [33mviewBox[31m=[32m"0 0 24 24"[31m
                [33mwidth[31m=[32m"24"[31m
                [33mxmlns[31m=[32m"http://www.w3.org/2000/svg"[31m
              [36m>[31m
                [36m<path[31m
                  [33md[31m=[32m"M12 2a3 3 0 0 0-3 3v7a3 3 0 0 0 6 0V5a3 3 0 0 0-3-3Z"[31m
                [36m/>[31m
                [36m<path[31m
                  [33md[31m=[32m"M19 10v2a7 7 0 0 1-14 0v-2"[31m
                [36m/>[31m
                [36m<line[31m
                  [33mx1[31m=[32m"12"[31m
                  [33mx2[31m=[32m"12"[31m
                  [33my1[31m=[32m"19"[31m
                  [33my2[31m=[32m"22"[31m
                [36m/>[31m
              [36m</svg>[31m
            [36m</button>[31m
            [36m<div[31m
              [33mclass[31m=[32m"flex-1"[31m
            [36m>[31m
              [36m<textarea[31m
                [33mclass[31m=[32m"w-full border-2 border-gray-300 rounded-2xl px-4 py-3 focus:outline-none focus:ring-2 focus:ring-red-500 focus:border-transparent resize-none"[31m
                [33mplaceholder[31m=[32m"Nom complet + Problème + N° commande... (Ex: Jean Dupont, mon canapé OSLO a un pied cassé, CMD-2024-12345)"[31m
                [33mrows[31m=[32m"1"[31m
                [33mstyle[31m=[32m"min-height: 50px; max-height: 150px;"[31m
              [36m/>[31m
            [36m</div>[31m
            [36m<button[31m
              [33mclass[31m=[32m"p-3 rounded-full flex-shrink-0 transition-all bg-gray-300 text-gray-500 cursor-not-allowed"[31m
              [33mdisabled[31m=[32m""[31m
            [36m>[31m
              [36m<svg[31m
                [33mclass[31m=[32m"lucide lucide-send w-6 h-6"[31m
                [33mfill[31m=[32m"none"[31m
                [33mheight[31m=[32m"24"[31m
                [33mstroke[31m=[32m"currentColor"[31m
                [33mstroke-linecap[31m=[32m"round"[31m
                [33mstroke-linejoin[31m=[32m"round"[31m
                [33mstroke-width[31m=[32m"2"[31m
                [33mviewBox[31m=[32m"0 0 24 24"[31m
                [33mwidth[31m=[32m"24"[31m
                [33mxmlns[31m=[32m"http://www.w3.org/2000/svg"[31m
              [36m>[31m
                [36m<path[31m
                  [33md[31m=[32m"m22 2-7 20-4-9-9-4Z"[31m
                [36m/>[31m
                [36m<path[31m
                  [33md[31m=[32m"M22 2 11 13"[31m
                [36m/>[31m
              [36m</svg>[31m
            [36m</button>[31m
          [36m</div>[31m
          [36m<p[31m
            [33mclass[31m=[32m"text-xs text-gray-500 mt-3 text-center"[31m
          [36m>[31m
            [0m🔒 Données sécurisées • ⚡ Réponse immédiate • 🎤 Conversation vocale complète • 🔊 Le bot vous parle • 🎯 Analyse automatique du TON et PRIORITÉ • 🛡️ Vérification garantie instantanée[0m
          [36m</p>[31m
        [36m</div>[31m
      [36m</div>[31m
    [36m</div>[31m
  [36m</body>[31m
[36m</html>[31m[39m
[90mstdout[2m | src/__tests__/ChatInterface.test.jsx[2m > [22m[2mChatInterface[2m > [22m[2mTicket Confirmation Flow[2m > [22m[2mshould display ticket confirmation buttons when ticket data received[22m[39m
✅ Synthèse vocale disponible

[90mstdout[2m | src/__tests__/ChatInterface.test.jsx[2m > [22m[2mChatInterface[2m > [22m[2mTicket Confirmation Flow[2m > [22m[2mshould display ticket confirmation buttons when ticket data received[22m[39m
<empty line>
[90mstderr[2m | src/__tests__/ChatInterface.test.jsx[2m > [22m[2mChatInterface[2m > [22m[2mTicket Confirmation Flow[2m > [22m[2mshould display ticket confirmation buttons when ticket data received[22m[39m
[MSW] Warning: intercepted a request without a matching request handler:

  • POST /api/chat

  • Request body: {"message":"Je confirme","session_id":"test-uuid-b8f0otj","photos":[]}

If you still wish to intercept this unhandled request, please create a request handler for it.
Read more: https://mswjs.io/docs/http/intercepting-requests

[90mstdout[2m | src/__tests__/ChatInterface.test.jsx[2m > [22m[2mChatInterface[2m > [22m[2mTicket Confirmation Flow[2m > [22m[2mshould display ticket confirmation buttons when ticket data received[22m[39m
<empty line>
[90mstderr[2m | src/__tests__/ChatInterface.test.jsx[2m > [22m[2mChatInterface[2m > [22m[2mTicket Confirmation Flow[2m > [22m[2mshould display ticket confirmation buttons when ticket data received[22m[39m
Erreur: TypeError: fetch failed
[90m    at node:internal/deps/undici/undici:13510:13[39m
[90m    at processTicksAndRejections (node:internal/process/task_queues:105:5)[39m
    at until [90m(file:///C:/Users/v-nbayonne/meuble-de-france-chatbot/frontend/[39mnode_modules/[4m@open-draft[24m/until/src/until.ts:23:18[90m)[39m
    at Object.passthrough [90m(file:///C:/Users/v-nbayonne/meuble-de-france-chatbot/frontend/[39mnode_modules/[4m@mswjs[24m/interceptors/src/interceptors/fetch/index.ts:78:68[90m)[39m
    at _RequestController.passthrough [90m(file:///C:/Users/v-nbayonne/meuble-de-france-chatbot/frontend/[39mnode_modules/[4m@mswjs[24m/interceptors/src/RequestController.ts:50:5[90m)[39m
    at handleRequest [90m(file:///C:/Users/v-nbayonne/meuble-de-france-chatbot/frontend/[39mnode_modules/[4m@mswjs[24m/interceptors/src/utils/handleRequest.ts:201:12[90m)[39m
    at globalThis.fetch [90m(file:///C:/Users/v-nbayonne/meuble-de-france-chatbot/frontend/[39mnode_modules/[4m@mswjs[24m/interceptors/src/interceptors/fetch/index.ts:185:7[90m)[39m
    at sendMessage [90m(C:\Users\v-nbayonne\meuble-de-france-chatbot\frontend\[39msrc\components\ChatInterface.jsx:275:24[90m)[39m {
  [cause]: AggregateError: 
  [90m    at internalConnectMultiple (node:net:1134:18)[39m
  [90m    at afterConnectMultiple (node:net:1715:7)[39m {
    code: [32m'ECONNREFUSED'[39m,
    [errors]: [ [36m[Error][39m, [36m[Error][39m ]
  }
}

 [31m×[39m src/__tests__/Dashboard.test.jsx[2m > [22mDashboard[2m > [22mPriority Filtering[2m > [22mshould have priority filter dropdown[33m 1027[2mms[22m[39m
[31m   → Unable to find a label with the text of: /Priorité:/i

Ignored nodes: comments, script, style
[36m<body>[31m
  [36m<div>[31m
    [36m<div[31m
      [33mclass[31m=[32m"flex items-center justify-center h-screen bg-gray-50"[31m
    [36m>[31m
      [36m<div[31m
        [33mclass[31m=[32m"text-center text-red-600"[31m
      [36m>[31m
        [36m<svg[31m
          [33mclass[31m=[32m"lucide lucide-xcircle w-16 h-16 mx-auto mb-4"[31m
          [33mfill[31m=[32m"none"[31m
          [33mheight[31m=[32m"24"[31m
          [33mstroke[31m=[32m"currentColor"[31m
          [33mstroke-linecap[31m=[32m"round"[31m
          [33mstroke-linejoin[31m=[32m"round"[31m
          [33mstroke-width[31m=[32m"2"[31m
          [33mviewBox[31m=[32m"0 0 24 24"[31m
          [33mwidth[31m=[32m"24"[31m
          [33mxmlns[31m=[32m"http://www.w3.org/2000/svg"[31m
        [36m>[31m
          [36m<circle[31m
            [33mcx[31m=[32m"12"[31m
            [33mcy[31m=[32m"12"[31m
            [33mr[31m=[32m"10"[31m
          [36m/>[31m
          [36m<path[31m
            [33md[31m=[32m"m15 9-6 6"[31m
          [36m/>[31m
          [36m<path[31m
            [33md[31m=[32m"m9 9 6 6"[31m
          [36m/>[31m
        [36m</svg>[31m
        [36m<p[31m
          [33mclass[31m=[32m"text-xl font-semibold"[31m
        [36m>[31m
          [0mErreur de connexion au serveur[0m
        [36m</p>[31m
        [36m<button[31m
          [33mclass[31m=[32m"mt-4 px-4 py-2 bg-red-600 text-white rounded-lg hover:bg-red-700"[31m
        [36m>[31m
          [0mRéessayer[0m
        [36m</button>[31m
      [36m</div>[31m
    [36m</div>[31m
  [36m</div>[31m
[36m</body>[31m

Ignored nodes: comments, script, style
[36m<html>[31m
  [36m<head />[31m
  [36m<body>[31m
    [36m<div>[31m
      [36m<div[31m
        [33mclass[31m=[32m"flex items-center justify-center h-screen bg-gray-50"[31m
      [36m>[31m
        [36m<div[31m
          [33mclass[31m=[32m"text-center text-red-600"[31m
        [36m>[31m
          [36m<svg[31m
            [33mclass[31m=[32m"lucide lucide-xcircle w-16 h-16 mx-auto mb-4"[31m
            [33mfill[31m=[32m"none"[31m
            [33mheight[31m=[32m"24"[31m
            [33mstroke[31m=[32m"currentColor"[31m
            [33mstroke-linecap[31m=[32m"round"[31m
            [33mstroke-linejoin[31m=[32m"round"[31m
            [33mstroke-width[31m=[32m"2"[31m
            [33mviewBox[31m=[32m"0 0 24 24"[31m
            [33mwidth[31m=[32m"24"[31m
            [33mxmlns[31m=[32m"http://www.w3.org/2000/svg"[31m
          [36m>[31m
            [36m<circle[31m
              [33mcx[31m=[32m"12"[31m
              [33mcy[31m=[32m"12"[31m
              [33mr[31m=[32m"10"[31m
            [36m/>[31m
            [36m<path[31m
              [33md[31m=[32m"m15 9-6 6"[31m
            [36m/>[31m
            [36m<path[31m
              [33md[31m=[32m"m9 9 6 6"[31m
            [36m/>[31m
          [36m</svg>[31m
          [36m<p[31m
            [33mclass[31m=[32m"text-xl font-semibold"[31m
          [36m>[31m
            [0mErreur de connexion au serveur[0m
          [36m</p>[31m
          [36m<button[31m
            [33mclass[31m=[32m"mt-4 px-4 py-2 bg-red-600 text-white rounded-lg hover:bg-red-700"[31m
          [36m>[31m
            [0mRéessayer[0m
          [36m</button>[31m
        [36m</div>[31m
      [36m</div>[31m
    [36m</div>[31m
  [36m</body>[31m
[36m</html>[31m[39m
[90mstdout[2m | src/__tests__/Dashboard.test.jsx[2m > [22m[2mDashboard[2m > [22m[2mPriority Filtering[2m > [22m[2mshould show all priority options[22m[39m
🔍 Dashboard - Tickets bruts: [33m0[39m
🔍 Dashboard - Tickets filtrés: [33m0[39m
🔍 Dashboard - Filtres actifs: { filterPriority: [32m'all'[39m, filterStatus: [32m'all'[39m }

[90mstderr[2m | src/__tests__/Dashboard.test.jsx[2m > [22m[2mDashboard[2m > [22m[2mPriority Filtering[2m > [22m[2mshould show all priority options[22m[39m
[MSW] Warning: intercepted a request without a matching request handler:

  • GET /api/sav/tickets

If you still wish to intercept this unhandled request, please create a request handler for it.
Read more: https://mswjs.io/docs/http/intercepting-requests

[90mstderr[2m | src/__tests__/Dashboard.test.jsx[2m > [22m[2mDashboard[2m > [22m[2mPriority Filtering[2m > [22m[2mshould show all priority options[22m[39m
Erreur: TypeError: fetch failed
[90m    at node:internal/deps/undici/undici:13510:13[39m
[90m    at processTicksAndRejections (node:internal/process/task_queues:105:5)[39m
    at until [90m(file:///C:/Users/v-nbayonne/meuble-de-france-chatbot/frontend/[39mnode_modules/[4m@open-draft[24m/until/src/until.ts:23:18[90m)[39m
    at Object.passthrough [90m(file:///C:/Users/v-nbayonne/meuble-de-france-chatbot/frontend/[39mnode_modules/[4m@mswjs[24m/interceptors/src/interceptors/fetch/index.ts:78:68[90m)[39m
    at _RequestController.passthrough [90m(file:///C:/Users/v-nbayonne/meuble-de-france-chatbot/frontend/[39mnode_modules/[4m@mswjs[24m/interceptors/src/RequestController.ts:50:5[90m)[39m
    at handleRequest [90m(file:///C:/Users/v-nbayonne/meuble-de-france-chatbot/frontend/[39mnode_modules/[4m@mswjs[24m/interceptors/src/utils/handleRequest.ts:201:12[90m)[39m
    at globalThis.fetch [90m(file:///C:/Users/v-nbayonne/meuble-de-france-chatbot/frontend/[39mnode_modules/[4m@mswjs[24m/interceptors/src/interceptors/fetch/index.ts:185:7[90m)[39m
    at fetchTickets [90m(C:\Users\v-nbayonne\meuble-de-france-chatbot\frontend\[39msrc\components\Dashboard.jsx:24:24[90m)[39m {
  [cause]: AggregateError: 
  [90m    at internalConnectMultiple (node:net:1134:18)[39m
  [90m    at afterConnectMultiple (node:net:1715:7)[39m {
    code: [32m'ECONNREFUSED'[39m,
    [errors]: [ [36m[Error][39m, [36m[Error][39m ]
  }
}

[90mstdout[2m | src/__tests__/Dashboard.test.jsx[2m > [22m[2mDashboard[2m > [22m[2mPriority Filtering[2m > [22m[2mshould show all priority options[22m[39m
🔍 Dashboard - Tickets bruts: [33m0[39m
🔍 Dashboard - Tickets filtrés: [33m0[39m
🔍 Dashboard - Filtres actifs: { filterPriority: [32m'all'[39m, filterStatus: [32m'all'[39m }

 [31m×[39m src/__tests__/ChatInterface.test.jsx[2m > [22mChatInterface[2m > [22mTicket Confirmation Flow[2m > [22mshould display ticket confirmation buttons when ticket data received[33m 1558[2mms[22m[39m
[31m   → Unable to find an element with the text: /Valider le ticket/i. This could be because the text is broken up by multiple elements. In this case, you can provide a function for your text matcher to make your matcher more flexible.

Ignored nodes: comments, script, style
[36m<body>[31m
  [36m<div>[31m
    [36m<div[31m
      [33mclass[31m=[32m"flex flex-col h-full max-w-5xl mx-auto bg-gradient-to-br from-amber-50 to-orange-50"[31m
    [36m>[31m
      [36m<div[31m
        [33mclass[31m=[32m"bg-gradient-to-r from-blue-600 to-blue-700 text-white p-6 shadow-lg"[31m
      [36m>[31m
        [36m<div[31m
          [33mclass[31m=[32m"flex items-center justify-between"[31m
        [36m>[31m
          [36m<div>[31m
            [36m<h1[31m
              [33mclass[31m=[32m"text-3xl font-bold"[31m
            [36m>[31m
              [0mService clientèle du groupe Mobilier de France[0m
            [36m</h1>[31m
            [36m<p[31m
              [33mclass[31m=[32m"text-sm opacity-90 mt-1"[31m
            [36m>[31m
              [0mService Après-Vente Intelligent • Traitement automatisé en temps réel[0m
            [36m</p>[31m
          [36m</div>[31m
          [36m<div[31m
            [33mclass[31m=[32m"flex items-center space-x-4"[31m
          [36m>[31m
            [36m<button[31m
              [33mclass[31m=[32m"flex items-center space-x-2 px-4 py-2 rounded-lg font-medium transition-all bg-white text-blue-600 hover:bg-gray-100"[31m
              [33mtitle[31m=[32m"Désactiver la voix du bot"[31m
            [36m>[31m
              [36m<svg[31m
                [33mclass[31m=[32m"lucide lucide-volume2 w-5 h-5 "[31m
                [33mfill[31m=[32m"none"[31m
                [33mheight[31m=[32m"24"[31m
                [33mstroke[31m=[32m"currentColor"[31m
                [33mstroke-linecap[31m=[32m"round"[31m
                [33mstroke-linejoin[31m=[32m"round"[31m
                [33mstroke-width[31m=[32m"2"[31m
                [33mviewBox[31m=[32m"0 0 24 24"[31m
                [33mwidth[31m=[32m"24"[31m
                [33mxmlns[31m=[32m"http://www.w3.org/2000/svg"[31m
              [36m>[31m
                [36m<polygon[31m
                  [33mpoints[31m=[32m"11 5 6 9 2 9 2 15 6 15 11 19 11 5"[31m
                [36m/>[31m
                [36m<path[31m
                  [33md[31m=[32m"M15.54 8.46a5 5 0 0 1 0 7.07"[31m
                [36m/>[31m
                [36m<path[31m
                  [33md[31m=[32m"M19.07 4.93a10 10 0 0 1 0 14.14"[31m
                [36m/>[31m
              [36m</svg>[31m
              [36m<span[31m
                [33mclass[31m=[32m"text-sm"[31m
              [36m>[31m
                [0mVoix ON[0m
              [36m</span>[31m
            [36m</button>[31m
            [36m<div[31m
              [33mclass[31m=[32m"text-right text-xs opacity-80 border-l border-white/30 pl-4"[31m
            [36m>[31m
              [36m<p[31m
                [33mclass[31m=[32m"font-semibold"[31m
              [36m>[31m
                [0m🎯 100% Automatisé[0m
              [36m</p>[31m
              [36m<p[31m
                [33mclass[31m=[32m"text-xs"[31m
              [36m>[31m
                [0m✅ Analyse TON • ✅ Garantie • ✅ Priorité[0m
              [36m</p>[31m
            [36m</div>[31m
          [36m</div>[31m
        [36m</div>[31m
      [36m</div>[31m
      [36m<div[31m
        [33mclass[31m=[32m"flex-1 overflow-y-auto p-6 space-y-4"[31m
      [36m>[31m
        [36m<div[31m
          [33mclass[31m=[32m"flex justify-start fade-in"[31m
        [36m>[31m
          [36m<div[31m
            [33mclass[31m=[32m"max-w-[75%] rounded-2xl p-4 shadow-md bg-white text-gray-800 border border-gray-200"[31m
          [36m>[31m
            [36m<div[31m
              [33mclass[31m=[32m"flex items-start space-x-3"[31m
            [36m>[31m
              [36m<div[31m
                [33mclass[31m=[32m"w-8 h-8 rounded-full bg-gradient-to-r from-amber-500 to-orange-500 flex items-center justify-center text-white font-bold flex-shrink-0"[31m
              [36m>[31m
                [0mM[0m
              [36m</div>[31m
              [36m<div[31m
                [33mclass[31m=[32m"flex-1"[31m
              [36m>[31m
                [36m<p[31m
                  [33mclass[31m=[32m"whitespace-pre-line leading-relaxed"[31m
                [36m>[31m
                  [0m👋 Bonjour ! Je suis votre assistant SAV Mobilier de France.

Décrivez-moi votre problème avec votre numéro de commande, je m'occupe du reste !

💡 **Exemple** : "Bonjour, je m'appelle Marie Martin. Mon canapé OSLO a le pied cassé, commande CMD-2024-12345"[0m
                [36m</p>[31m
                [36m<div[31m
                  [33mclass[31m=[32m"flex items-center justify-between mt-2 text-xs text-gray-500"[31m
                [36m>[31m
                  [36m<span>[31m
                    [0m13:02[0m
                  [36m</span>[31m
                [36m</div>[31m
              [36m</div>[31m
            [36m</div>[31m
          [36m</div>[31m
        [36m</div>[31m
        [36m<div[31m
          [33mclass[31m=[32m"flex justify-end fade-in"[31m
        [36m>[31m
          [36m<div[31m
            [33mclass[31m=[32m"max-w-[75%] rounded-2xl p-4 shadow-md bg-gradient-to-r from-amber-500 to-orange-500 text-white"[31m
          [36m>[31m
            [36m<div[31m
              [33mclass[31m=[32m"flex items-start space-x-3"[31m
            [36m>[31m
              [36m<div[31m
                [33mclass[31m=[32m"flex-1"[31m
              [36m>[31m
                [36m<p[31m
                  [33mclass[31m=[32m"whitespace-pre-line leading-relaxed"[31m
                [36m>[31m
                  [0mJe confirme[0m
                [36m</p>[31m
                [36m<div[31m
                  [33mclass[31m=[32m"flex items-center justify-between mt-2 text-xs text-white/70"[31m
                [36m>[31m
                  [36m<span>[31m
                    [0m13:02[0m
                  [36m</span>[31m
                [36m</div>[31m
              [36m</div>[31m
              [36m<div[31m
                [33mclass[31m=[32m"w-8 h-8 rounded-full bg-white flex items-center justify-center text-amber-600 font-bold flex-shrink-0"[31m
              [36m>[31m
                [0mV[0m
              [36m</div>[31m
            [36m</div>[31m
          [36m</div>[31m
        [36m</div>[31m
        [36m<div[31m
          [33mclass[31m=[32m"flex justify-start fade-in"[31m
        [36m>[31m
          [36m<div[31m
            [33mclass[31m=[32m"max-w-[75%] rounded-2xl p-4 shadow-md bg-white text-gray-800 border border-gray-200"[31m
          [36m>[31m
            [36m<div[31m
              [33mclass[31m=[32m"flex items-start space-x-3"[31m
            [36m>[31m
              [36m<div[31m
                [33mclass[31m=[32m"w-8 h-8 rounded-full bg-gradient-to-r from-amber-500 to-orange-500 flex items-center justify-center text-white font-bold flex-shrink-0"[31m
              [36m>[31m
                [0mM[0m
              [36m</div>[31m
              [36m<div[31m
                [33mclass[31m=[32m"flex-1"[31m
              [36m>[31m
                [36m<p[31m
                  [33mclass[31m=[32m"whitespace-pre-line leading-relaxed"[31m
                [36m>[31m
                  [0mDésolé, j'ai rencontré un problème technique. Pouvez-vous réessayer ?[0m
                [36m</p>[31m
                [36m<div[31m
                  [33mclass[31m=[32m"flex items-center justify-between mt-2 text-xs text-gray-500"[31m
                [36m>[31m
                  [36m<span>[31m
                    [0m13:02[0m
                  [36m</span>[31m
                [36m</div>[31m
              [36m</div>[31m
            [36m</div>[31m
          [36m</div>[31m
        [36m</div>[31m
        [36m<div />[31m
      [36m</div>[31m
      [36m<div[31m
        [33mclass[31m=[32m"bg-white p-6 border-t border-gray-200 shadow-lg"[31m
      [36m>[31m
        [36m<div[31m
          [33mclass[31m=[32m"flex items-end space-x-3"[31m
        [36m>[31m
          [36m<button[31m
            [33mclass[31m=[32m"bg-amber-100 hover:bg-amber-200 text-amber-700 p-3 rounded-full transition-colors flex-shrink-0"[31m
            [33mtitle[31m=[32m"Ajouter des photos"[31m
          [36m>[31m
            [36m<svg[31m
              [33mclass[31m=[32m"lucide lucide-camera w-6 h-6"[31m
              [33mfill[31m=[32m"none"[31m
              [33mheight[31m=[32m"24"[31m
              [33mstroke[31m=[32m"currentColor"[31m
              [33mstroke-linecap[31m=[32m"round"[31m
              [33mstroke-linejoin[31m=[32m"round"[31m
              [33mstroke-width[31m=[32m"2"[31m
              [33mviewBox[31m=[32m"0 0 24 24"[31m
              [33mwidth[31m=[32m"24"[31m
              [33mxmlns[31m=[32m"http://www.w3.org/2000/svg"[31m
            [36m>[31m
              [36m<path[31m
                [33md[31m=[32m"M14.5 4h-5L7 7H4a2 2 0 0 0-2 2v9a2 2 0 0 0 2 2h16a2 2 0 0 0 2-2V9a2 2 0 0 0-2-2h-3l-2.5-3z"[31m
              [36m/>[31m
              [36m<circle[31m
                [33mcx[31m=[32m"12"[31m
                [33mcy[31m=[32m"13"[31m
                [33mr[31m=[32m"3"[31m
              [36m/>[31m
            [36m</svg>[31m
          [36m</button>[31m
          [36m<input[31m
            [33maccept[31m=[32m"image/*,video/*"[31m
            [33mclass[31m=[32m"hidden"[31m
            [33mmultiple[31m=[32m""[31m
            [33mtype[31m=[32m"file"[31m
          [36m/>[31m
          [36m<button[31m
            [33mclass[31m=[32m"relative p-3 rounded-full transition-all flex-shrink-0 shadow-lg bg-gradient-to-r from-blue-500 to-purple-500 hover:from-blue-600 hover:to-purple-600 text-white"[31m
            [33mtitle[31m=[32m"🎤 Parler au lieu de taper"[31m
          [36m>[31m
            [36m<svg[31m
              [33mclass[31m=[32m"lucide lucide-mic w-6 h-6"[31m
              [33mfill[31m=[32m"none"[31m
              [33mheight[31m=[32m"24"[31m
              [33mstroke[31m=[32m"currentColor"[31m
              [33mstroke-linecap[31m=[32m"round"[31m
              [33mstroke-linejoin[31m=[32m"round"[31m
              [33mstroke-width[31m=[32m"2"[31m
              [33mviewBox[31m=[32m"0 0 24 24"[31m
              [33mwidth[31m=[32m"24"[31m
              [33mxmlns[31m=[32m"http://www.w3.org/2000/svg"[31m
            [36m>[31m
              [36m<path[31m
                [33md[31m=[32m"M12 2a3 3 0 0 0-3 3v7a3 3 0 0 0 6 0V5a3 3 0 0 0-3-3Z"[31m
              [36m/>[31m
              [36m<path[31m
                [33md[31m=[32m"M19 10v2a7 7 0 0 1-14 0v-2"[31m
              [36m/>[31m
              [36m<line[31m
                [33mx1[31m=[32m"12"[31m
                [33mx2[31m=[32m"12"[31m
                [33my1[31m=[32m"19"[31m
                [33my2[31m=[32m"22"[31m
              [36m/>[31m
            [36m</svg>[31m
          [36m</button>[31m
          [36m<div[31m
            [33mclass[31m=[32m"flex-1"[31m
          [36m>[31m
            [36m<textarea[31m
              [33mclass[31m=[32m"w-full border-2 border-gray-300 rounded-2xl px-4 py-3 focus:outline-none focus:ring-2 focus:ring-red-500 focus:border-transparent resize-none"[31m
              [33mplaceholder[31m=[32m"Nom complet + Problème + N° commande... (Ex: Jean Dupont, mon canapé OSLO a un pied cassé, CMD-2024-12345)"[31m
              [33mrows[31m=[32m"1"[31m
              [33mstyle[31m=[32m"min-height: 50px; max-height: 150px;"[31m
            [36m/>[31m
          [36m</div>[31m
          [36m<button[31m
            [33mclass[31m=[32m"p-3 rounded-full flex-shrink-0 transition-all bg-gray-300 text-gray-500 cursor-not-allowed"[31m
            [33mdisabled[31m=[32m""[31m
          [36m>[31m
            [36m<svg[31m
              [33mclass[31m=[32m"lucide lucide-send w-6 h-6"[31m
              [33mfill[31m=[32m"none"[31m
              [33mheight[31m=[32m"24"[31m
              [33mstroke[31m=[32m"currentColor"[31m
              [33mstroke-linecap[31m=[32m"round"[31m
              [33mstroke-linejoin[31m=[32m"round"[31m
              [33mstroke-width[31m=[32m"2"[31m
              [33mviewBox[31m=[32m"0 0 24 24"[31m
              [33mwidth[31m=[32m"24"[31m
              [33mxmlns[31m=[32m"http://www.w3.org/2000/svg"[31m
            [36m>[31m
              [36m<path[31m
                [33md[31m=[32m"m22 2-7 20-4-9-9-4Z"[31m
              [36m/>[31m
              [36m<path[31m
                [33md[31m=[32m"M22 2 11 13"[31m
              [36m/>[31m
            [36m</svg>[31m
          [36m</button>[31m
        [36m</div>[31m
        [36m<p[31m
          [33mclass[31m=[32m"text-xs text-gray-500 mt-3 text-center"[31m
        [36m>[31m
          [0m🔒 Données sécurisées • ⚡ Réponse immédiate • 🎤 Conversation vocale complète • 🔊 Le bot vous parle • 🎯 Analyse automatique du TON et PRIORITÉ • 🛡️ Vérification garantie instantanée[0m
        [36m</p>[31m
      [36m</div>[31m
    [36m</div>[31m
  [36m</div>[31m
[36m</body>[31m

Ignored nodes: comments, script, style
[36m<html>[31m
  [36m<head />[31m
  [36m<body>[31m
    [36m<div>[31m
      [36m<div[31m
        [33mclass[31m=[32m"flex flex-col h-full max-w-5xl mx-auto bg-gradient-to-br from-amber-50 to-orange-50"[31m
      [36m>[31m
        [36m<div[31m
          [33mclass[31m=[32m"bg-gradient-to-r from-blue-600 to-blue-700 text-white p-6 shadow-lg"[31m
        [36m>[31m
          [36m<div[31m
            [33mclass[31m=[32m"flex items-center justify-between"[31m
          [36m>[31m
            [36m<div>[31m
              [36m<h1[31m
                [33mclass[31m=[32m"text-3xl font-bold"[31m
              [36m>[31m
                [0mService clientèle du groupe Mobilier de France[0m
              [36m</h1>[31m
              [36m<p[31m
                [33mclass[31m=[32m"text-sm opacity-90 mt-1"[31m
              [36m>[31m
                [0mService Après-Vente Intelligent • Traitement automatisé en temps réel[0m
              [36m</p>[31m
            [36m</div>[31m
            [36m<div[31m
              [33mclass[31m=[32m"flex items-center space-x-4"[31m
            [36m>[31m
              [36m<button[31m
                [33mclass[31m=[32m"flex items-center space-x-2 px-4 py-2 rounded-lg font-medium transition-all bg-white text-blue-600 hover:bg-gray-100"[31m
                [33mtitle[31m=[32m"Désactiver la voix du bot"[31m
              [36m>[31m
                [36m<svg[31m
                  [33mclass[31m=[32m"lucide lucide-volume2 w-5 h-5 "[31m
                  [33mfill[31m=[32m"none"[31m
                  [33mheight[31m=[32m"24"[31m
                  [33mstroke[31m=[32m"currentColor"[31m
                  [33mstroke-linecap[31m=[32m"round"[31m
                  [33mstroke-linejoin[31m=[32m"round"[31m
                  [33mstroke-width[31m=[32m"2"[31m
                  [33mviewBox[31m=[32m"0 0 24 24"[31m
                  [33mwidth[31m=[32m"24"[31m
                  [33mxmlns[31m=[32m"http://www.w3.org/2000/svg"[31m
                [36m>[31m
                  [36m<polygon[31m
                    [33mpoints[31m=[32m"11 5 6 9 2 9 2 15 6 15 11 19 11 5"[31m
                  [36m/>[31m
                  [36m<path[31m
                    [33md[31m=[32m"M15.54 8.46a5 5 0 0 1 0 7.07"[31m
                  [36m/>[31m
                  [36m<path[31m
                    [33md[31m=[32m"M19.07 4.93a10 10 0 0 1 0 14.14"[31m
                  [36m/>[31m
                [36m</svg>[31m
                [36m<span[31m
                  [33mclass[31m=[32m"text-sm"[31m
                [36m>[31m
                  [0mVoix ON[0m
                [36m</span>[31m
              [36m</button>[31m
              [36m<div[31m
                [33mclass[31m=[32m"text-right text-xs opacity-80 border-l border-white/30 pl-4"[31m
              [36m>[31m
                [36m<p[31m
                  [33mclass[31m=[32m"font-semibold"[31m
                [36m>[31m
                  [0m🎯 100% Automatisé[0m
                [36m</p>[31m
                [36m<p[31m
                  [33mclass[31m=[32m"text-xs"[31m
                [36m>[31m
                  [0m✅ Analyse TON • ✅ Garantie • ✅ Priorité[0m
                [36m</p>[31m
              [36m</div>[31m
            [36m</div>[31m
          [36m</div>[31m
        [36m</div>[31m
        [36m<div[31m
          [33mclass[31m=[32m"flex-1 overflow-y-auto p-6 space-y-4"[31m
        [36m>[31m
          [36m<div[31m
            [33mclass[31m=[32m"flex justify-start fade-in"[31m
          [36m>[31m
            [36m<div[31m
              [33mclass[31m=[32m"max-w-[75%] rounded-2xl p-4 shadow-md bg-white text-gray-800 border border-gray-200"[31m
            [36m>[31m
              [36m<div[31m
                [33mclass[31m=[32m"flex items-start space-x-3"[31m
              [36m>[31m
                [36m<div[31m
                  [33mclass[31m=[32m"w-8 h-8 rounded-full bg-gradient-to-r from-amber-500 to-orange-500 flex items-center justify-center text-white font-bold flex-shrink-0"[31m
                [36m>[31m
                  [0mM[0m
                [36m</div>[31m
                [36m<div[31m
                  [33mclass[31m=[32m"flex-1"[31m
                [36m>[31m
                  [36m<p[31m
                    [33mclass[31m=[32m"whitespace-pre-line leading-relaxed"[31m
                  [36m>[31m
                    [0m👋 Bonjour ! Je suis votre assistant SAV Mobilier de France.

Décrivez-moi votre problème avec votre numéro de commande, je m'occupe du reste !

💡 **Exemple** : "Bonjour, je m'appelle Marie Martin. Mon canapé OSLO a le pied cassé, commande CMD-2024-12345"[0m
                  [36m</p>[31m
                  [36m<div[31m
                    [33mclass[31m=[32m"flex items-center justify-between mt-2 text-xs text-gray-500"[31m
                  [36m>[31m
                    [36m<span>[31m
                      [0m13:02[0m
                    [36m</span>[31m
                  [36m</div>[31m
                [36m</div>[31m
              [36m</div>[31m
            [36m</div>[31m
          [36m</div>[31m
          [36m<div[31m
            [33mclass[31m=[32m"flex justify-end fade-in"[31m
          [36m>[31m
            [36m<div[31m
              [33mclass[31m=[32m"max-w-[75%] rounded-2xl p-4 shadow-md bg-gradient-to-r from-amber-500 to-orange-500 text-white"[31m
            [36m>[31m
              [36m<div[31m
                [33mclass[31m=[32m"flex items-start space-x-3"[31m
              [36m>[31m
                [36m<div[31m
                  [33mclass[31m=[32m"flex-1"[31m
                [36m>[31m
                  [36m<p[31m
                    [33mclass[31m=[32m"whitespace-pre-line leading-relaxed"[31m
                  [36m>[31m
                    [0mJe confirme[0m
                  [36m</p>[31m
                  [36m<div[31m
                    [33mclass[31m=[32m"flex items-center justify-between mt-2 text-xs text-white/70"[31m
                  [36m>[31m
                    [36m<span>[31m
                      [0m13:02[0m
                    [36m</span>[31m
                  [36m</div>[31m
                [36m</div>[31m
                [36m<div[31m
                  [33mclass[31m=[32m"w-8 h-8 rounded-full bg-white flex items-center justify-center text-amber-600 font-bold flex-shrink-0"[31m
                [36m>[31m
                  [0mV[0m
                [36m</div>[31m
              [36m</div>[31m
            [36m</div>[31m
          [36m</div>[31m
          [36m<div[31m
            [33mclass[31m=[32m"flex justify-start fade-in"[31m
          [36m>[31m
            [36m<div[31m
              [33mclass[31m=[32m"max-w-[75%] rounded-2xl p-4 shadow-md bg-white text-gray-800 border border-gray-200"[31m
            [36m>[31m
              [36m<div[31m
                [33mclass[31m=[32m"flex items-start space-x-3"[31m
              [36m>[31m
                [36m<div[31m
                  [33mclass[31m=[32m"w-8 h-8 rounded-full bg-gradient-to-r from-amber-500 to-orange-500 flex items-center justify-center text-white font-bold flex-shrink-0"[31m
                [36m>[31m
                  [0mM[0m
                [36m</div>[31m
                [36m<div[31m
                  [33mclass[31m=[32m"flex-1"[31m
                [36m>[31m
                  [36m<p[31m
                    [33mclass[31m=[32m"whitespace-pre-line leading-relaxed"[31m
                  [36m>[31m
                    [0mDésolé, j'ai rencontré un problème technique. Pouvez-vous réessayer ?[0m
                  [36m</p>[31m
                  [36m<div[31m
                    [33mclass[31m=[32m"flex items-center justify-between mt-2 text-xs text-gray-500"[31m
                  [36m>[31m
                    [36m<span>[31m
                      [0m13:02[0m
                    [36m</span>[31m
                  [36m</div>[31m
                [36m</div>[31m
              [36m</div>[31m
            [36m</div>[31m
          [36m</div>[31m
          [36m<div />[31m
        [36m</div>[31m
        [36m<div[31m
          [33mclass[31m=[32m"bg-white p-6 border-t border-gray-200 shadow-lg"[31m
        [36m>[31m
          [36m<div[31m
            [33mclass[31m=[32m"flex items-end space-x-3"[31m
          [36m>[31m
            [36m<button[31m
              [33mclass[31m=[32m"bg-amber-100 hover:bg-amber-200 text-amber-700 p-3 rounded-full transition-colors flex-shrink-0"[31m
              [33mtitle[31m=[32m"Ajouter des photos"[31m
            [36m>[31m
              [36m<svg[31m
                [33mclass[31m=[32m"lucide lucide-camera w-6 h-6"[31m
                [33mfill[31m=[32m"none"[31m
                [33mheight[31m=[32m"24"[31m
                [33mstroke[31m=[32m"currentColor"[31m
                [33mstroke-linecap[31m=[32m"round"[31m
                [33mstroke-linejoin[31m=[32m"round"[31m
                [33mstroke-width[31m=[32m"2"[31m
                [33mviewBox[31m=[32m"0 0 24 24"[31m
                [33mwidth[31m=[32m"24"[31m
                [33mxmlns[31m=[32m"http://www.w3.org/2000/svg"[31m
              [36m>[31m
                [36m<path[31m
                  [33md[31m=[32m"M14.5 4h-5L7 7H4a2 2 0 0 0-2 2v9a2 2 0 0 0 2 2h16a2 2 0 0 0 2-2V9a2 2 0 0 0-2-2h-3l-2.5-3z"[31m
                [36m/>[31m
                [36m<circle[31m
                  [33mcx[31m=[32m"12"[31m
                  [33mcy[31m=[32m"13"[31m
                  [33mr[31m=[32m"3"[31m
                [36m/>[31m
              [36m</svg>[31m
            [36m</button>[31m
            [36m<input[31m
              [33maccept[31m=[32m"image/*,video/*"[31m
              [33mclass[31m=[32m"hidden"[31m
              [33mmultiple[31m=[32m""[31m
              [33mtype[31m=[32m"file"[31m
            [36m/>[31m
            [36m<button[31m
              [33mclass[31m=[32m"relative p-3 rounded-full transition-all flex-shrink-0 shadow-lg bg-gradient-to-r from-blue-500 to-purple-500 hover:from-blue-600 hover:to-purple-600 text-white"[31m
              [33mtitle[31m=[32m"🎤 Parler au lieu de taper"[31m
            [36m>[31m
              [36m<svg[31m
                [33mclass[31m=[32m"lucide lucide-mic w-6 h-6"[31m
                [33mfill[31m=[32m"none"[31m
                [33mheight[31m=[32m"24"[31m
                [33mstroke[31m=[32m"currentColor"[31m
                [33mstroke-linecap[31m=[32m"round"[31m
                [33mstroke-linejoin[31m=[32m"round"[31m
                [33mstroke-width[31m=[32m"2"[31m
                [33mviewBox[31m=[32m"0 0 24 24"[31m
                [33mwidth[31m=[32m"24"[31m
                [33mxmlns[31m=[32m"http://www.w3.org/2000/svg"[31m
              [36m>[31m
                [36m<path[31m
                  [33md[31m=[32m"M12 2a3 3 0 0 0-3 3v7a3 3 0 0 0 6 0V5a3 3 0 0 0-3-3Z"[31m
                [36m/>[31m
                [36m<path[31m
                  [33md[31m=[32m"M19 10v2a7 7 0 0 1-14 0v-2"[31m
                [36m/>[31m
                [36m<line[31m
                  [33mx1[31m=[32m"12"[31m
                  [33mx2[31m=[32m"12"[31m
                  [33my1[31m=[32m"19"[31m
                  [33my2[31m=[32m"22"[31m
                [36m/>[31m
              [36m</svg>[31m
            [36m</button>[31m
            [36m<div[31m
              [33mclass[31m=[32m"flex-1"[31m
            [36m>[31m
              [36m<textarea[31m
                [33mclass[31m=[32m"w-full border-2 border-gray-300 rounded-2xl px-4 py-3 focus:outline-none focus:ring-2 focus:ring-red-500 focus:border-transparent resize-none"[31m
                [33mplaceholder[31m=[32m"Nom complet + Problème + N° commande... (Ex: Jean Dupont, mon canapé OSLO a un pied cassé, CMD-2024-12345)"[31m
                [33mrows[31m=[32m"1"[31m
                [33mstyle[31m=[32m"min-height: 50px; max-height: 150px;"[31m
              [36m/>[31m
            [36m</div>[31m
            [36m<button[31m
              [33mclass[31m=[32m"p-3 rounded-full flex-shrink-0 transition-all bg-gray-300 text-gray-500 cursor-not-allowed"[31m
              [33mdisabled[31m=[32m""[31m
            [36m>[31m
              [36m<svg[31m
                [33mclass[31m=[32m"lucide lucide-send w-6 h-6"[31m
                [33mfill[31m=[32m"none"[31m
                [33mheight[31m=[32m"24"[31m
                [33mstroke[31m=[32m"currentColor"[31m
                [33mstroke-linecap[31m=[32m"round"[31m
                [33mstroke-linejoin[31m=[32m"round"[31m
                [33mstroke-width[31m=[32m"2"[31m
                [33mviewBox[31m=[32m"0 0 24 24"[31m
                [33mwidth[31m=[32m"24"[31m
                [33mxmlns[31m=[32m"http://www.w3.org/2000/svg"[31m
              [36m>[31m
                [36m<path[31m
                  [33md[31m=[32m"m22 2-7 20-4-9-9-4Z"[31m
                [36m/>[31m
                [36m<path[31m
                  [33md[31m=[32m"M22 2 11 13"[31m
                [36m/>[31m
              [36m</svg>[31m
            [36m</button>[31m
          [36m</div>[31m
          [36m<p[31m
            [33mclass[31m=[32m"text-xs text-gray-500 mt-3 text-center"[31m
          [36m>[31m
            [0m🔒 Données sécurisées • ⚡ Réponse immédiate • 🎤 Conversation vocale complète • 🔊 Le bot vous parle • 🎯 Analyse automatique du TON et PRIORITÉ • 🛡️ Vérification garantie instantanée[0m
          [36m</p>[31m
        [36m</div>[31m
      [36m</div>[31m
    [36m</div>[31m
  [36m</body>[31m
[36m</html>[31m[39m
[90mstdout[2m | src/__tests__/ChatInterface.test.jsx[2m > [22m[2mChatInterface[2m > [22m[2mTicket Confirmation Flow[2m > [22m[2mshould create ticket on confirmation[22m[39m
✅ Synthèse vocale disponible

 [31m×[39m src/__tests__/Dashboard.test.jsx[2m > [22mDashboard[2m > [22mPriority Filtering[2m > [22mshould show all priority options[33m 1018[2mms[22m[39m
[31m   → Unable to find a label with the text of: /Priorité:/i

Ignored nodes: comments, script, style
[36m<body>[31m
  [36m<div>[31m
    [36m<div[31m
      [33mclass[31m=[32m"flex items-center justify-center h-screen bg-gray-50"[31m
    [36m>[31m
      [36m<div[31m
        [33mclass[31m=[32m"text-center text-red-600"[31m
      [36m>[31m
        [36m<svg[31m
          [33mclass[31m=[32m"lucide lucide-xcircle w-16 h-16 mx-auto mb-4"[31m
          [33mfill[31m=[32m"none"[31m
          [33mheight[31m=[32m"24"[31m
          [33mstroke[31m=[32m"currentColor"[31m
          [33mstroke-linecap[31m=[32m"round"[31m
          [33mstroke-linejoin[31m=[32m"round"[31m
          [33mstroke-width[31m=[32m"2"[31m
          [33mviewBox[31m=[32m"0 0 24 24"[31m
          [33mwidth[31m=[32m"24"[31m
          [33mxmlns[31m=[32m"http://www.w3.org/2000/svg"[31m
        [36m>[31m
          [36m<circle[31m
            [33mcx[31m=[32m"12"[31m
            [33mcy[31m=[32m"12"[31m
            [33mr[31m=[32m"10"[31m
          [36m/>[31m
          [36m<path[31m
            [33md[31m=[32m"m15 9-6 6"[31m
          [36m/>[31m
          [36m<path[31m
            [33md[31m=[32m"m9 9 6 6"[31m
          [36m/>[31m
        [36m</svg>[31m
        [36m<p[31m
          [33mclass[31m=[32m"text-xl font-semibold"[31m
        [36m>[31m
          [0mErreur de connexion au serveur[0m
        [36m</p>[31m
        [36m<button[31m
          [33mclass[31m=[32m"mt-4 px-4 py-2 bg-red-600 text-white rounded-lg hover:bg-red-700"[31m
        [36m>[31m
          [0mRéessayer[0m
        [36m</button>[31m
      [36m</div>[31m
    [36m</div>[31m
  [36m</div>[31m
[36m</body>[31m

Ignored nodes: comments, script, style
[36m<html>[31m
  [36m<head />[31m
  [36m<body>[31m
    [36m<div>[31m
      [36m<div[31m
        [33mclass[31m=[32m"flex items-center justify-center h-screen bg-gray-50"[31m
      [36m>[31m
        [36m<div[31m
          [33mclass[31m=[32m"text-center text-red-600"[31m
        [36m>[31m
          [36m<svg[31m
            [33mclass[31m=[32m"lucide lucide-xcircle w-16 h-16 mx-auto mb-4"[31m
            [33mfill[31m=[32m"none"[31m
            [33mheight[31m=[32m"24"[31m
            [33mstroke[31m=[32m"currentColor"[31m
            [33mstroke-linecap[31m=[32m"round"[31m
            [33mstroke-linejoin[31m=[32m"round"[31m
            [33mstroke-width[31m=[32m"2"[31m
            [33mviewBox[31m=[32m"0 0 24 24"[31m
            [33mwidth[31m=[32m"24"[31m
            [33mxmlns[31m=[32m"http://www.w3.org/2000/svg"[31m
          [36m>[31m
            [36m<circle[31m
              [33mcx[31m=[32m"12"[31m
              [33mcy[31m=[32m"12"[31m
              [33mr[31m=[32m"10"[31m
            [36m/>[31m
            [36m<path[31m
              [33md[31m=[32m"m15 9-6 6"[31m
            [36m/>[31m
            [36m<path[31m
              [33md[31m=[32m"m9 9 6 6"[31m
            [36m/>[31m
          [36m</svg>[31m
          [36m<p[31m
            [33mclass[31m=[32m"text-xl font-semibold"[31m
          [36m>[31m
            [0mErreur de connexion au serveur[0m
          [36m</p>[31m
          [36m<button[31m
            [33mclass[31m=[32m"mt-4 px-4 py-2 bg-red-600 text-white rounded-lg hover:bg-red-700"[31m
          [36m>[31m
            [0mRéessayer[0m
          [36m</button>[31m
        [36m</div>[31m
      [36m</div>[31m
    [36m</div>[31m
  [36m</body>[31m
[36m</html>[31m[39m
[90mstdout[2m | src/__tests__/Dashboard.test.jsx[2m > [22m[2mDashboard[2m > [22m[2mPriority Filtering[2m > [22m[2mshould filter tickets by priority when selected[22m[39m
🔍 Dashboard - Tickets bruts: [33m0[39m
🔍 Dashboard - Tickets filtrés: [33m0[39m
🔍 Dashboard - Filtres actifs: { filterPriority: [32m'all'[39m, filterStatus: [32m'all'[39m }

[90mstderr[2m | src/__tests__/Dashboard.test.jsx[2m > [22m[2mDashboard[2m > [22m[2mPriority Filtering[2m > [22m[2mshould filter tickets by priority when selected[22m[39m
[MSW] Warning: intercepted a request without a matching request handler:

  • GET /api/sav/tickets

If you still wish to intercept this unhandled request, please create a request handler for it.
Read more: https://mswjs.io/docs/http/intercepting-requests

[90mstdout[2m | src/__tests__/Dashboard.test.jsx[2m > [22m[2mDashboard[2m > [22m[2mPriority Filtering[2m > [22m[2mshould filter tickets by priority when selected[22m[39m
🔍 Dashboard - Tickets bruts: [33m0[39m
🔍 Dashboard - Tickets filtrés: [33m0[39m
🔍 Dashboard - Filtres actifs: { filterPriority: [32m'all'[39m, filterStatus: [32m'all'[39m }

[90mstderr[2m | src/__tests__/Dashboard.test.jsx[2m > [22m[2mDashboard[2m > [22m[2mPriority Filtering[2m > [22m[2mshould filter tickets by priority when selected[22m[39m
Erreur: TypeError: fetch failed
[90m    at node:internal/deps/undici/undici:13510:13[39m
[90m    at processTicksAndRejections (node:internal/process/task_queues:105:5)[39m
    at until [90m(file:///C:/Users/v-nbayonne/meuble-de-france-chatbot/frontend/[39mnode_modules/[4m@open-draft[24m/until/src/until.ts:23:18[90m)[39m
    at Object.passthrough [90m(file:///C:/Users/v-nbayonne/meuble-de-france-chatbot/frontend/[39mnode_modules/[4m@mswjs[24m/interceptors/src/interceptors/fetch/index.ts:78:68[90m)[39m
    at _RequestController.passthrough [90m(file:///C:/Users/v-nbayonne/meuble-de-france-chatbot/frontend/[39mnode_modules/[4m@mswjs[24m/interceptors/src/RequestController.ts:50:5[90m)[39m
    at handleRequest [90m(file:///C:/Users/v-nbayonne/meuble-de-france-chatbot/frontend/[39mnode_modules/[4m@mswjs[24m/interceptors/src/utils/handleRequest.ts:201:12[90m)[39m
    at globalThis.fetch [90m(file:///C:/Users/v-nbayonne/meuble-de-france-chatbot/frontend/[39mnode_modules/[4m@mswjs[24m/interceptors/src/interceptors/fetch/index.ts:185:7[90m)[39m
    at fetchTickets [90m(C:\Users\v-nbayonne\meuble-de-france-chatbot\frontend\[39msrc\components\Dashboard.jsx:24:24[90m)[39m {
  [cause]: AggregateError: 
  [90m    at internalConnectMultiple (node:net:1134:18)[39m
  [90m    at afterConnectMultiple (node:net:1715:7)[39m {
    code: [32m'ECONNREFUSED'[39m,
    [errors]: [ [36m[Error][39m, [36m[Error][39m ]
  }
}

[90mstdout[2m | src/__tests__/ChatInterface.test.jsx[2m > [22m[2mChatInterface[2m > [22m[2mTicket Confirmation Flow[2m > [22m[2mshould create ticket on confirmation[22m[39m
<empty line>
[90mstderr[2m | src/__tests__/ChatInterface.test.jsx[2m > [22m[2mChatInterface[2m > [22m[2mTicket Confirmation Flow[2m > [22m[2mshould create ticket on confirmation[22m[39m
[MSW] Warning: intercepted a request without a matching request handler:

  • POST /api/chat

  • Request body: {"message":"Je confirme","session_id":"test-uuid-ih0hj30","photos":[]}

If you still wish to intercept this unhandled request, please create a request handler for it.
Read more: https://mswjs.io/docs/http/intercepting-requests

[90mstdout[2m | src/__tests__/ChatInterface.test.jsx[2m > [22m[2mChatInterface[2m > [22m[2mTicket Confirmation Flow[2m > [22m[2mshould create ticket on confirmation[22m[39m
<empty line>
[90mstderr[2m | src/__tests__/ChatInterface.test.jsx[2m > [22m[2mChatInterface[2m > [22m[2mTicket Confirmation Flow[2m > [22m[2mshould create ticket on confirmation[22m[39m
Erreur: TypeError: fetch failed
[90m    at node:internal/deps/undici/undici:13510:13[39m
[90m    at processTicksAndRejections (node:internal/process/task_queues:105:5)[39m
    at until [90m(file:///C:/Users/v-nbayonne/meuble-de-france-chatbot/frontend/[39mnode_modules/[4m@open-draft[24m/until/src/until.ts:23:18[90m)[39m
    at Object.passthrough [90m(file:///C:/Users/v-nbayonne/meuble-de-france-chatbot/frontend/[39mnode_modules/[4m@mswjs[24m/interceptors/src/interceptors/fetch/index.ts:78:68[90m)[39m
    at _RequestController.passthrough [90m(file:///C:/Users/v-nbayonne/meuble-de-france-chatbot/frontend/[39mnode_modules/[4m@mswjs[24m/interceptors/src/RequestController.ts:50:5[90m)[39m
    at handleRequest [90m(file:///C:/Users/v-nbayonne/meuble-de-france-chatbot/frontend/[39mnode_modules/[4m@mswjs[24m/interceptors/src/utils/handleRequest.ts:201:12[90m)[39m
    at globalThis.fetch [90m(file:///C:/Users/v-nbayonne/meuble-de-france-chatbot/frontend/[39mnode_modules/[4m@mswjs[24m/interceptors/src/interceptors/fetch/index.ts:185:7[90m)[39m
    at sendMessage [90m(C:\Users\v-nbayonne\meuble-de-france-chatbot\frontend\[39msrc\components\ChatInterface.jsx:275:24[90m)[39m {
  [cause]: AggregateError: 
  [90m    at internalConnectMultiple (node:net:1134:18)[39m
  [90m    at afterConnectMultiple (node:net:1715:7)[39m {
    code: [32m'ECONNREFUSED'[39m,
    [errors]: [ [36m[Error][39m, [36m[Error][39m ]
  }
}

 [31m×[39m src/__tests__/Dashboard.test.jsx[2m > [22mDashboard[2m > [22mPriority Filtering[2m > [22mshould filter tickets by priority when selected[33m 1016[2mms[22m[39m
[31m   → Unable to find an element with the text: /Jean Dupont/i. This could be because the text is broken up by multiple elements. In this case, you can provide a function for your text matcher to make your matcher more flexible.

Ignored nodes: comments, script, style
[36m<body>[31m
  [36m<div>[31m
    [36m<div[31m
      [33mclass[31m=[32m"flex items-center justify-center h-screen bg-gray-50"[31m
    [36m>[31m
      [36m<div[31m
        [33mclass[31m=[32m"text-center text-red-600"[31m
      [36m>[31m
        [36m<svg[31m
          [33mclass[31m=[32m"lucide lucide-xcircle w-16 h-16 mx-auto mb-4"[31m
          [33mfill[31m=[32m"none"[31m
          [33mheight[31m=[32m"24"[31m
          [33mstroke[31m=[32m"currentColor"[31m
          [33mstroke-linecap[31m=[32m"round"[31m
          [33mstroke-linejoin[31m=[32m"round"[31m
          [33mstroke-width[31m=[32m"2"[31m
          [33mviewBox[31m=[32m"0 0 24 24"[31m
          [33mwidth[31m=[32m"24"[31m
          [33mxmlns[31m=[32m"http://www.w3.org/2000/svg"[31m
        [36m>[31m
          [36m<circle[31m
            [33mcx[31m=[32m"12"[31m
            [33mcy[31m=[32m"12"[31m
            [33mr[31m=[32m"10"[31m
          [36m/>[31m
          [36m<path[31m
            [33md[31m=[32m"m15 9-6 6"[31m
          [36m/>[31m
          [36m<path[31m
            [33md[31m=[32m"m9 9 6 6"[31m
          [36m/>[31m
        [36m</svg>[31m
        [36m<p[31m
          [33mclass[31m=[32m"text-xl font-semibold"[31m
        [36m>[31m
          [0mErreur de connexion au serveur[0m
        [36m</p>[31m
        [36m<button[31m
          [33mclass[31m=[32m"mt-4 px-4 py-2 bg-red-600 text-white rounded-lg hover:bg-red-700"[31m
        [36m>[31m
          [0mRéessayer[0m
        [36m</button>[31m
      [36m</div>[31m
    [36m</div>[31m
  [36m</div>[31m
[36m</body>[31m

Ignored nodes: comments, script, style
[36m<html>[31m
  [36m<head />[31m
  [36m<body>[31m
    [36m<div>[31m
      [36m<div[31m
        [33mclass[31m=[32m"flex items-center justify-center h-screen bg-gray-50"[31m
      [36m>[31m
        [36m<div[31m
          [33mclass[31m=[32m"text-center text-red-600"[31m
        [36m>[31m
          [36m<svg[31m
            [33mclass[31m=[32m"lucide lucide-xcircle w-16 h-16 mx-auto mb-4"[31m
            [33mfill[31m=[32m"none"[31m
            [33mheight[31m=[32m"24"[31m
            [33mstroke[31m=[32m"currentColor"[31m
            [33mstroke-linecap[31m=[32m"round"[31m
            [33mstroke-linejoin[31m=[32m"round"[31m
            [33mstroke-width[31m=[32m"2"[31m
            [33mviewBox[31m=[32m"0 0 24 24"[31m
            [33mwidth[31m=[32m"24"[31m
            [33mxmlns[31m=[32m"http://www.w3.org/2000/svg"[31m
          [36m>[31m
            [36m<circle[31m
              [33mcx[31m=[32m"12"[31m
              [33mcy[31m=[32m"12"[31m
              [33mr[31m=[32m"10"[31m
            [36m/>[31m
            [36m<path[31m
              [33md[31m=[32m"m15 9-6 6"[31m
            [36m/>[31m
            [36m<path[31m
              [33md[31m=[32m"m9 9 6 6"[31m
            [36m/>[31m
          [36m</svg>[31m
          [36m<p[31m
            [33mclass[31m=[32m"text-xl font-semibold"[31m
          [36m>[31m
            [0mErreur de connexion au serveur[0m
          [36m</p>[31m
          [36m<button[31m
            [33mclass[31m=[32m"mt-4 px-4 py-2 bg-red-600 text-white rounded-lg hover:bg-red-700"[31m
          [36m>[31m
            [0mRéessayer[0m
          [36m</button>[31m
        [36m</div>[31m
      [36m</div>[31m
    [36m</div>[31m
  [36m</body>[31m
[36m</html>[31m[39m
[90mstdout[2m | src/__tests__/Dashboard.test.jsx[2m > [22m[2mDashboard[2m > [22m[2mPriority Filtering[2m > [22m[2mshould update ticket count when filtering[22m[39m
🔍 Dashboard - Tickets bruts: [33m0[39m
🔍 Dashboard - Tickets filtrés: [33m0[39m
🔍 Dashboard - Filtres actifs: { filterPriority: [32m'all'[39m, filterStatus: [32m'all'[39m }

[90mstderr[2m | src/__tests__/Dashboard.test.jsx[2m > [22m[2mDashboard[2m > [22m[2mPriority Filtering[2m > [22m[2mshould update ticket count when filtering[22m[39m
[MSW] Warning: intercepted a request without a matching request handler:

  • GET /api/sav/tickets

If you still wish to intercept this unhandled request, please create a request handler for it.
Read more: https://mswjs.io/docs/http/intercepting-requests

[90mstderr[2m | src/__tests__/Dashboard.test.jsx[2m > [22m[2mDashboard[2m > [22m[2mPriority Filtering[2m > [22m[2mshould update ticket count when filtering[22m[39m
Erreur: TypeError: fetch failed
[90m    at node:internal/deps/undici/undici:13510:13[39m
[90m    at processTicksAndRejections (node:internal/process/task_queues:105:5)[39m
    at until [90m(file:///C:/Users/v-nbayonne/meuble-de-france-chatbot/frontend/[39mnode_modules/[4m@open-draft[24m/until/src/until.ts:23:18[90m)[39m
    at Object.passthrough [90m(file:///C:/Users/v-nbayonne/meuble-de-france-chatbot/frontend/[39mnode_modules/[4m@mswjs[24m/interceptors/src/interceptors/fetch/index.ts:78:68[90m)[39m
    at _RequestController.passthrough [90m(file:///C:/Users/v-nbayonne/meuble-de-france-chatbot/frontend/[39mnode_modules/[4m@mswjs[24m/interceptors/src/RequestController.ts:50:5[90m)[39m
    at handleRequest [90m(file:///C:/Users/v-nbayonne/meuble-de-france-chatbot/frontend/[39mnode_modules/[4m@mswjs[24m/interceptors/src/utils/handleRequest.ts:201:12[90m)[39m
    at globalThis.fetch [90m(file:///C:/Users/v-nbayonne/meuble-de-france-chatbot/frontend/[39mnode_modules/[4m@mswjs[24m/interceptors/src/interceptors/fetch/index.ts:185:7[90m)[39m
    at fetchTickets [90m(C:\Users\v-nbayonne\meuble-de-france-chatbot\frontend\[39msrc\components\Dashboard.jsx:24:24[90m)[39m {
  [cause]: AggregateError: 
  [90m    at internalConnectMultiple (node:net:1134:18)[39m
  [90m    at afterConnectMultiple (node:net:1715:7)[39m {
    code: [32m'ECONNREFUSED'[39m,
    [errors]: [ [36m[Error][39m, [36m[Error][39m ]
  }
}

[90mstdout[2m | src/__tests__/Dashboard.test.jsx[2m > [22m[2mDashboard[2m > [22m[2mPriority Filtering[2m > [22m[2mshould update ticket count when filtering[22m[39m
🔍 Dashboard - Tickets bruts: [33m0[39m
🔍 Dashboard - Tickets filtrés: [33m0[39m
🔍 Dashboard - Filtres actifs: { filterPriority: [32m'all'[39m, filterStatus: [32m'all'[39m }

 [31m×[39m src/__tests__/ChatInterface.test.jsx[2m > [22mChatInterface[2m > [22mTicket Confirmation Flow[2m > [22mshould create ticket on confirmation[33m 1673[2mms[22m[39m
[31m   → Unable to find an element with the text: /Valider le ticket/i. This could be because the text is broken up by multiple elements. In this case, you can provide a function for your text matcher to make your matcher more flexible.

Ignored nodes: comments, script, style
[36m<body>[31m
  [36m<div>[31m
    [36m<div[31m
      [33mclass[31m=[32m"flex flex-col h-full max-w-5xl mx-auto bg-gradient-to-br from-amber-50 to-orange-50"[31m
    [36m>[31m
      [36m<div[31m
        [33mclass[31m=[32m"bg-gradient-to-r from-blue-600 to-blue-700 text-white p-6 shadow-lg"[31m
      [36m>[31m
        [36m<div[31m
          [33mclass[31m=[32m"flex items-center justify-between"[31m
        [36m>[31m
          [36m<div>[31m
            [36m<h1[31m
              [33mclass[31m=[32m"text-3xl font-bold"[31m
            [36m>[31m
              [0mService clientèle du groupe Mobilier de France[0m
            [36m</h1>[31m
            [36m<p[31m
              [33mclass[31m=[32m"text-sm opacity-90 mt-1"[31m
            [36m>[31m
              [0mService Après-Vente Intelligent • Traitement automatisé en temps réel[0m
            [36m</p>[31m
          [36m</div>[31m
          [36m<div[31m
            [33mclass[31m=[32m"flex items-center space-x-4"[31m
          [36m>[31m
            [36m<button[31m
              [33mclass[31m=[32m"flex items-center space-x-2 px-4 py-2 rounded-lg font-medium transition-all bg-white text-blue-600 hover:bg-gray-100"[31m
              [33mtitle[31m=[32m"Désactiver la voix du bot"[31m
            [36m>[31m
              [36m<svg[31m
                [33mclass[31m=[32m"lucide lucide-volume2 w-5 h-5 "[31m
                [33mfill[31m=[32m"none"[31m
                [33mheight[31m=[32m"24"[31m
                [33mstroke[31m=[32m"currentColor"[31m
                [33mstroke-linecap[31m=[32m"round"[31m
                [33mstroke-linejoin[31m=[32m"round"[31m
                [33mstroke-width[31m=[32m"2"[31m
                [33mviewBox[31m=[32m"0 0 24 24"[31m
                [33mwidth[31m=[32m"24"[31m
                [33mxmlns[31m=[32m"http://www.w3.org/2000/svg"[31m
              [36m>[31m
                [36m<polygon[31m
                  [33mpoints[31m=[32m"11 5 6 9 2 9 2 15 6 15 11 19 11 5"[31m
                [36m/>[31m
                [36m<path[31m
                  [33md[31m=[32m"M15.54 8.46a5 5 0 0 1 0 7.07"[31m
                [36m/>[31m
                [36m<path[31m
                  [33md[31m=[32m"M19.07 4.93a10 10 0 0 1 0 14.14"[31m
                [36m/>[31m
              [36m</svg>[31m
              [36m<span[31m
                [33mclass[31m=[32m"text-sm"[31m
              [36m>[31m
                [0mVoix ON[0m
              [36m</span>[31m
            [36m</button>[31m
            [36m<div[31m
              [33mclass[31m=[32m"text-right text-xs opacity-80 border-l border-white/30 pl-4"[31m
            [36m>[31m
              [36m<p[31m
                [33mclass[31m=[32m"font-semibold"[31m
              [36m>[31m
                [0m🎯 100% Automatisé[0m
              [36m</p>[31m
              [36m<p[31m
                [33mclass[31m=[32m"text-xs"[31m
              [36m>[31m
                [0m✅ Analyse TON • ✅ Garantie • ✅ Priorité[0m
              [36m</p>[31m
            [36m</div>[31m
          [36m</div>[31m
        [36m</div>[31m
      [36m</div>[31m
      [36m<div[31m
        [33mclass[31m=[32m"flex-1 overflow-y-auto p-6 space-y-4"[31m
      [36m>[31m
        [36m<div[31m
          [33mclass[31m=[32m"flex justify-start fade-in"[31m
        [36m>[31m
          [36m<div[31m
            [33mclass[31m=[32m"max-w-[75%] rounded-2xl p-4 shadow-md bg-white text-gray-800 border border-gray-200"[31m
          [36m>[31m
            [36m<div[31m
              [33mclass[31m=[32m"flex items-start space-x-3"[31m
            [36m>[31m
              [36m<div[31m
                [33mclass[31m=[32m"w-8 h-8 rounded-full bg-gradient-to-r from-amber-500 to-orange-500 flex items-center justify-center text-white font-bold flex-shrink-0"[31m
              [36m>[31m
                [0mM[0m
              [36m</div>[31m
              [36m<div[31m
                [33mclass[31m=[32m"flex-1"[31m
              [36m>[31m
                [36m<p[31m
                  [33mclass[31m=[32m"whitespace-pre-line leading-relaxed"[31m
                [36m>[31m
                  [0m👋 Bonjour ! Je suis votre assistant SAV Mobilier de France.

Décrivez-moi votre problème avec votre numéro de commande, je m'occupe du reste !

💡 **Exemple** : "Bonjour, je m'appelle Marie Martin. Mon canapé OSLO a le pied cassé, commande CMD-2024-12345"[0m
                [36m</p>[31m
                [36m<div[31m
                  [33mclass[31m=[32m"flex items-center justify-between mt-2 text-xs text-gray-500"[31m
                [36m>[31m
                  [36m<span>[31m
                    [0m13:02[0m
                  [36m</span>[31m
                [36m</div>[31m
              [36m</div>[31m
            [36m</div>[31m
          [36m</div>[31m
        [36m</div>[31m
        [36m<div[31m
          [33mclass[31m=[32m"flex justify-end fade-in"[31m
        [36m>[31m
          [36m<div[31m
            [33mclass[31m=[32m"max-w-[75%] rounded-2xl p-4 shadow-md bg-gradient-to-r from-amber-500 to-orange-500 text-white"[31m
          [36m>[31m
            [36m<div[31m
              [33mclass[31m=[32m"flex items-start space-x-3"[31m
            [36m>[31m
              [36m<div[31m
                [33mclass[31m=[32m"flex-1"[31m
              [36m>[31m
                [36m<p[31m
                  [33mclass[31m=[32m"whitespace-pre-line leading-relaxed"[31m
                [36m>[31m
                  [0mJe confirme[0m
                [36m</p>[31m
                [36m<div[31m
                  [33mclass[31m=[32m"flex items-center justify-between mt-2 text-xs text-white/70"[31m
                [36m>[31m
                  [36m<span>[31m
                    [0m13:02[0m
                  [36m</span>[31m
                [36m</div>[31m
              [36m</div>[31m
              [36m<div[31m
                [33mclass[31m=[32m"w-8 h-8 rounded-full bg-white flex items-center justify-center text-amber-600 font-bold flex-shrink-0"[31m
              [36m>[31m
                [0mV[0m
              [36m</div>[31m
            [36m</div>[31m
          [36m</div>[31m
        [36m</div>[31m
        [36m<div[31m
          [33mclass[31m=[32m"flex justify-start fade-in"[31m
        [36m>[31m
          [36m<div[31m
            [33mclass[31m=[32m"max-w-[75%] rounded-2xl p-4 shadow-md bg-white text-gray-800 border border-gray-200"[31m
          [36m>[31m
            [36m<div[31m
              [33mclass[31m=[32m"flex items-start space-x-3"[31m
            [36m>[31m
              [36m<div[31m
                [33mclass[31m=[32m"w-8 h-8 rounded-full bg-gradient-to-r from-amber-500 to-orange-500 flex items-center justify-center text-white font-bold flex-shrink-0"[31m
              [36m>[31m
                [0mM[0m
              [36m</div>[31m
              [36m<div[31m
                [33mclass[31m=[32m"flex-1"[31m
              [36m>[31m
                [36m<p[31m
                  [33mclass[31m=[32m"whitespace-pre-line leading-relaxed"[31m
                [36m>[31m
                  [0mDésolé, j'ai rencontré un problème technique. Pouvez-vous réessayer ?[0m
                [36m</p>[31m
                [36m<div[31m
                  [33mclass[31m=[32m"flex items-center justify-between mt-2 text-xs text-gray-500"[31m
                [36m>[31m
                  [36m<span>[31m
                    [0m13:02[0m
                  [36m</span>[31m
                [36m</div>[31m
              [36m</div>[31m
            [36m</div>[31m
          [36m</div>[31m
        [36m</div>[31m
        [36m<div />[31m
      [36m</div>[31m
      [36m<div[31m
        [33mclass[31m=[32m"bg-white p-6 border-t border-gray-200 shadow-lg"[31m
      [36m>[31m
        [36m<div[31m
          [33mclass[31m=[32m"flex items-end space-x-3"[31m
        [36m>[31m
          [36m<button[31m
            [33mclass[31m=[32m"bg-amber-100 hover:bg-amber-200 text-amber-700 p-3 rounded-full transition-colors flex-shrink-0"[31m
            [33mtitle[31m=[32m"Ajouter des photos"[31m
          [36m>[31m
            [36m<svg[31m
              [33mclass[31m=[32m"lucide lucide-camera w-6 h-6"[31m
              [33mfill[31m=[32m"none"[31m
              [33mheight[31m=[32m"24"[31m
              [33mstroke[31m=[32m"currentColor"[31m
              [33mstroke-linecap[31m=[32m"round"[31m
              [33mstroke-linejoin[31m=[32m"round"[31m
              [33mstroke-width[31m=[32m"2"[31m
              [33mviewBox[31m=[32m"0 0 24 24"[31m
              [33mwidth[31m=[32m"24"[31m
              [33mxmlns[31m=[32m"http://www.w3.org/2000/svg"[31m
            [36m>[31m
              [36m<path[31m
                [33md[31m=[32m"M14.5 4h-5L7 7H4a2 2 0 0 0-2 2v9a2 2 0 0 0 2 2h16a2 2 0 0 0 2-2V9a2 2 0 0 0-2-2h-3l-2.5-3z"[31m
              [36m/>[31m
              [36m<circle[31m
                [33mcx[31m=[32m"12"[31m
                [33mcy[31m=[32m"13"[31m
                [33mr[31m=[32m"3"[31m
              [36m/>[31m
            [36m</svg>[31m
          [36m</button>[31m
          [36m<input[31m
            [33maccept[31m=[32m"image/*,video/*"[31m
            [33mclass[31m=[32m"hidden"[31m
            [33mmultiple[31m=[32m""[31m
            [33mtype[31m=[32m"file"[31m
          [36m/>[31m
          [36m<button[31m
            [33mclass[31m=[32m"relative p-3 rounded-full transition-all flex-shrink-0 shadow-lg bg-gradient-to-r from-blue-500 to-purple-500 hover:from-blue-600 hover:to-purple-600 text-white"[31m
            [33mtitle[31m=[32m"🎤 Parler au lieu de taper"[31m
          [36m>[31m
            [36m<svg[31m
              [33mclass[31m=[32m"lucide lucide-mic w-6 h-6"[31m
              [33mfill[31m=[32m"none"[31m
              [33mheight[31m=[32m"24"[31m
              [33mstroke[31m=[32m"currentColor"[31m
              [33mstroke-linecap[31m=[32m"round"[31m
              [33mstroke-linejoin[31m=[32m"round"[31m
              [33mstroke-width[31m=[32m"2"[31m
              [33mviewBox[31m=[32m"0 0 24 24"[31m
              [33mwidth[31m=[32m"24"[31m
              [33mxmlns[31m=[32m"http://www.w3.org/2000/svg"[31m
            [36m>[31m
              [36m<path[31m
                [33md[31m=[32m"M12 2a3 3 0 0 0-3 3v7a3 3 0 0 0 6 0V5a3 3 0 0 0-3-3Z"[31m
              [36m/>[31m
              [36m<path[31m
                [33md[31m=[32m"M19 10v2a7 7 0 0 1-14 0v-2"[31m
              [36m/>[31m
              [36m<line[31m
                [33mx1[31m=[32m"12"[31m
                [33mx2[31m=[32m"12"[31m
                [33my1[31m=[32m"19"[31m
                [33my2[31m=[32m"22"[31m
              [36m/>[31m
            [36m</svg>[31m
          [36m</button>[31m
          [36m<div[31m
            [33mclass[31m=[32m"flex-1"[31m
          [36m>[31m
            [36m<textarea[31m
              [33mclass[31m=[32m"w-full border-2 border-gray-300 rounded-2xl px-4 py-3 focus:outline-none focus:ring-2 focus:ring-red-500 focus:border-transparent resize-none"[31m
              [33mplaceholder[31m=[32m"Nom complet + Problème + N° commande... (Ex: Jean Dupont, mon canapé OSLO a un pied cassé, CMD-2024-12345)"[31m
              [33mrows[31m=[32m"1"[31m
              [33mstyle[31m=[32m"min-height: 50px; max-height: 150px;"[31m
            [36m/>[31m
          [36m</div>[31m
          [36m<button[31m
            [33mclass[31m=[32m"p-3 rounded-full flex-shrink-0 transition-all bg-gray-300 text-gray-500 cursor-not-allowed"[31m
            [33mdisabled[31m=[32m""[31m
          [36m>[31m
            [36m<svg[31m
              [33mclass[31m=[32m"lucide lucide-send w-6 h-6"[31m
              [33mfill[31m=[32m"none"[31m
              [33mheight[31m=[32m"24"[31m
              [33mstroke[31m=[32m"currentColor"[31m
              [33mstroke-linecap[31m=[32m"round"[31m
              [33mstroke-linejoin[31m=[32m"round"[31m
              [33mstroke-width[31m=[32m"2"[31m
              [33mviewBox[31m=[32m"0 0 24 24"[31m
              [33mwidth[31m=[32m"24"[31m
              [33mxmlns[31m=[32m"http://www.w3.org/2000/svg"[31m
            [36m>[31m
              [36m<path[31m
                [33md[31m=[32m"m22 2-7 20-4-9-9-4Z"[31m
              [36m/>[31m
              [36m<path[31m
                [33md[31m=[32m"M22 2 11 13"[31m
              [36m/>[31m
            [36m</svg>[31m
          [36m</button>[31m
        [36m</div>[31m
        [36m<p[31m
          [33mclass[31m=[32m"text-xs text-gray-500 mt-3 text-center"[31m
        [36m>[31m
          [0m🔒 Données sécurisées • ⚡ Réponse immédiate • 🎤 Conversation vocale complète • 🔊 Le bot vous parle • 🎯 Analyse automatique du TON et PRIORITÉ • 🛡️ Vérification garantie instantanée[0m
        [36m</p>[31m
      [36m</div>[31m
    [36m</div>[31m
  [36m</div>[31m
[36m</body>[31m

Ignored nodes: comments, script, style
[36m<html>[31m
  [36m<head />[31m
  [36m<body>[31m
    [36m<div>[31m
      [36m<div[31m
        [33mclass[31m=[32m"flex flex-col h-full max-w-5xl mx-auto bg-gradient-to-br from-amber-50 to-orange-50"[31m
      [36m>[31m
        [36m<div[31m
          [33mclass[31m=[32m"bg-gradient-to-r from-blue-600 to-blue-700 text-white p-6 shadow-lg"[31m
        [36m>[31m
          [36m<div[31m
            [33mclass[31m=[32m"flex items-center justify-between"[31m
          [36m>[31m
            [36m<div>[31m
              [36m<h1[31m
                [33mclass[31m=[32m"text-3xl font-bold"[31m
              [36m>[31m
                [0mService clientèle du groupe Mobilier de France[0m
              [36m</h1>[31m
              [36m<p[31m
                [33mclass[31m=[32m"text-sm opacity-90 mt-1"[31m
              [36m>[31m
                [0mService Après-Vente Intelligent • Traitement automatisé en temps réel[0m
              [36m</p>[31m
            [36m</div>[31m
            [36m<div[31m
              [33mclass[31m=[32m"flex items-center space-x-4"[31m
            [36m>[31m
              [36m<button[31m
                [33mclass[31m=[32m"flex items-center space-x-2 px-4 py-2 rounded-lg font-medium transition-all bg-white text-blue-600 hover:bg-gray-100"[31m
                [33mtitle[31m=[32m"Désactiver la voix du bot"[31m
              [36m>[31m
                [36m<svg[31m
                  [33mclass[31m=[32m"lucide lucide-volume2 w-5 h-5 "[31m
                  [33mfill[31m=[32m"none"[31m
                  [33mheight[31m=[32m"24"[31m
                  [33mstroke[31m=[32m"currentColor"[31m
                  [33mstroke-linecap[31m=[32m"round"[31m
                  [33mstroke-linejoin[31m=[32m"round"[31m
                  [33mstroke-width[31m=[32m"2"[31m
                  [33mviewBox[31m=[32m"0 0 24 24"[31m
                  [33mwidth[31m=[32m"24"[31m
                  [33mxmlns[31m=[32m"http://www.w3.org/2000/svg"[31m
                [36m>[31m
                  [36m<polygon[31m
                    [33mpoints[31m=[32m"11 5 6 9 2 9 2 15 6 15 11 19 11 5"[31m
                  [36m/>[31m
                  [36m<path[31m
                    [33md[31m=[32m"M15.54 8.46a5 5 0 0 1 0 7.07"[31m
                  [36m/>[31m
                  [36m<path[31m
                    [33md[31m=[32m"M19.07 4.93a10 10 0 0 1 0 14.14"[31m
                  [36m/>[31m
                [36m</svg>[31m
                [36m<span[31m
                  [33mclass[31m=[32m"text-sm"[31m
                [36m>[31m
                  [0mVoix ON[0m
                [36m</span>[31m
              [36m</button>[31m
              [36m<div[31m
                [33mclass[31m=[32m"text-right text-xs opacity-80 border-l border-white/30 pl-4"[31m
              [36m>[31m
                [36m<p[31m
                  [33mclass[31m=[32m"font-semibold"[31m
                [36m>[31m
                  [0m🎯 100% Automatisé[0m
                [36m</p>[31m
                [36m<p[31m
                  [33mclass[31m=[32m"text-xs"[31m
                [36m>[31m
                  [0m✅ Analyse TON • ✅ Garantie • ✅ Priorité[0m
                [36m</p>[31m
              [36m</div>[31m
            [36m</div>[31m
          [36m</div>[31m
        [36m</div>[31m
        [36m<div[31m
          [33mclass[31m=[32m"flex-1 overflow-y-auto p-6 space-y-4"[31m
        [36m>[31m
          [36m<div[31m
            [33mclass[31m=[32m"flex justify-start fade-in"[31m
          [36m>[31m
            [36m<div[31m
              [33mclass[31m=[32m"max-w-[75%] rounded-2xl p-4 shadow-md bg-white text-gray-800 border border-gray-200"[31m
            [36m>[31m
              [36m<div[31m
                [33mclass[31m=[32m"flex items-start space-x-3"[31m
              [36m>[31m
                [36m<div[31m
                  [33mclass[31m=[32m"w-8 h-8 rounded-full bg-gradient-to-r from-amber-500 to-orange-500 flex items-center justify-center text-white font-bold flex-shrink-0"[31m
                [36m>[31m
                  [0mM[0m
                [36m</div>[31m
                [36m<div[31m
                  [33mclass[31m=[32m"flex-1"[31m
                [36m>[31m
                  [36m<p[31m
                    [33mclass[31m=[32m"whitespace-pre-line leading-relaxed"[31m
                  [36m>[31m
                    [0m👋 Bonjour ! Je suis votre assistant SAV Mobilier de France.

Décrivez-moi votre problème avec votre numéro de commande, je m'occupe du reste !

💡 **Exemple** : "Bonjour, je m'appelle Marie Martin. Mon canapé OSLO a le pied cassé, commande CMD-2024-12345"[0m
                  [36m</p>[31m
                  [36m<div[31m
                    [33mclass[31m=[32m"flex items-center justify-between mt-2 text-xs text-gray-500"[31m
                  [36m>[31m
                    [36m<span>[31m
                      [0m13:02[0m
                    [36m</span>[31m
                  [36m</div>[31m
                [36m</div>[31m
              [36m</div>[31m
            [36m</div>[31m
          [36m</div>[31m
          [36m<div[31m
            [33mclass[31m=[32m"flex justify-end fade-in"[31m
          [36m>[31m
            [36m<div[31m
              [33mclass[31m=[32m"max-w-[75%] rounded-2xl p-4 shadow-md bg-gradient-to-r from-amber-500 to-orange-500 text-white"[31m
            [36m>[31m
              [36m<div[31m
                [33mclass[31m=[32m"flex items-start space-x-3"[31m
              [36m>[31m
                [36m<div[31m
                  [33mclass[31m=[32m"flex-1"[31m
                [36m>[31m
                  [36m<p[31m
                    [33mclass[31m=[32m"whitespace-pre-line leading-relaxed"[31m
                  [36m>[31m
                    [0mJe confirme[0m
                  [36m</p>[31m
                  [36m<div[31m
                    [33mclass[31m=[32m"flex items-center justify-between mt-2 text-xs text-white/70"[31m
                  [36m>[31m
                    [36m<span>[31m
                      [0m13:02[0m
                    [36m</span>[31m
                  [36m</div>[31m
                [36m</div>[31m
                [36m<div[31m
                  [33mclass[31m=[32m"w-8 h-8 rounded-full bg-white flex items-center justify-center text-amber-600 font-bold flex-shrink-0"[31m
                [36m>[31m
                  [0mV[0m
                [36m</div>[31m
              [36m</div>[31m
            [36m</div>[31m
          [36m</div>[31m
          [36m<div[31m
            [33mclass[31m=[32m"flex justify-start fade-in"[31m
          [36m>[31m
            [36m<div[31m
              [33mclass[31m=[32m"max-w-[75%] rounded-2xl p-4 shadow-md bg-white text-gray-800 border border-gray-200"[31m
            [36m>[31m
              [36m<div[31m
                [33mclass[31m=[32m"flex items-start space-x-3"[31m
              [36m>[31m
                [36m<div[31m
                  [33mclass[31m=[32m"w-8 h-8 rounded-full bg-gradient-to-r from-amber-500 to-orange-500 flex items-center justify-center text-white font-bold flex-shrink-0"[31m
                [36m>[31m
                  [0mM[0m
                [36m</div>[31m
                [36m<div[31m
                  [33mclass[31m=[32m"flex-1"[31m
                [36m>[31m
                  [36m<p[31m
                    [33mclass[31m=[32m"whitespace-pre-line leading-relaxed"[31m
                  [36m>[31m
                    [0mDésolé, j'ai rencontré un problème technique. Pouvez-vous réessayer ?[0m
                  [36m</p>[31m
                  [36m<div[31m
                    [33mclass[31m=[32m"flex items-center justify-between mt-2 text-xs text-gray-500"[31m
                  [36m>[31m
                    [36m<span>[31m
                      [0m13:02[0m
                    [36m</span>[31m
                  [36m</div>[31m
                [36m</div>[31m
              [36m</div>[31m
            [36m</div>[31m
          [36m</div>[31m
          [36m<div />[31m
        [36m</div>[31m
        [36m<div[31m
          [33mclass[31m=[32m"bg-white p-6 border-t border-gray-200 shadow-lg"[31m
        [36m>[31m
          [36m<div[31m
            [33mclass[31m=[32m"flex items-end space-x-3"[31m
          [36m>[31m
            [36m<button[31m
              [33mclass[31m=[32m"bg-amber-100 hover:bg-amber-200 text-amber-700 p-3 rounded-full transition-colors flex-shrink-0"[31m
              [33mtitle[31m=[32m"Ajouter des photos"[31m
            [36m>[31m
              [36m<svg[31m
                [33mclass[31m=[32m"lucide lucide-camera w-6 h-6"[31m
                [33mfill[31m=[32m"none"[31m
                [33mheight[31m=[32m"24"[31m
                [33mstroke[31m=[32m"currentColor"[31m
                [33mstroke-linecap[31m=[32m"round"[31m
                [33mstroke-linejoin[31m=[32m"round"[31m
                [33mstroke-width[31m=[32m"2"[31m
                [33mviewBox[31m=[32m"0 0 24 24"[31m
                [33mwidth[31m=[32m"24"[31m
                [33mxmlns[31m=[32m"http://www.w3.org/2000/svg"[31m
              [36m>[31m
                [36m<path[31m
                  [33md[31m=[32m"M14.5 4h-5L7 7H4a2 2 0 0 0-2 2v9a2 2 0 0 0 2 2h16a2 2 0 0 0 2-2V9a2 2 0 0 0-2-2h-3l-2.5-3z"[31m
                [36m/>[31m
                [36m<circle[31m
                  [33mcx[31m=[32m"12"[31m
                  [33mcy[31m=[32m"13"[31m
                  [33mr[31m=[32m"3"[31m
                [36m/>[31m
              [36m</svg>[31m
            [36m</button>[31m
            [36m<input[31m
              [33maccept[31m=[32m"image/*,video/*"[31m
              [33mclass[31m=[32m"hidden"[31m
              [33mmultiple[31m=[32m""[31m
              [33mtype[31m=[32m"file"[31m
            [36m/>[31m
            [36m<button[31m
              [33mclass[31m=[32m"relative p-3 rounded-full transition-all flex-shrink-0 shadow-lg bg-gradient-to-r from-blue-500 to-purple-500 hover:from-blue-600 hover:to-purple-600 text-white"[31m
              [33mtitle[31m=[32m"🎤 Parler au lieu de taper"[31m
            [36m>[31m
              [36m<svg[31m
                [33mclass[31m=[32m"lucide lucide-mic w-6 h-6"[31m
                [33mfill[31m=[32m"none"[31m
                [33mheight[31m=[32m"24"[31m
                [33mstroke[31m=[32m"currentColor"[31m
                [33mstroke-linecap[31m=[32m"round"[31m
                [33mstroke-linejoin[31m=[32m"round"[31m
                [33mstroke-width[31m=[32m"2"[31m
                [33mviewBox[31m=[32m"0 0 24 24"[31m
                [33mwidth[31m=[32m"24"[31m
                [33mxmlns[31m=[32m"http://www.w3.org/2000/svg"[31m
              [36m>[31m
                [36m<path[31m
                  [33md[31m=[32m"M12 2a3 3 0 0 0-3 3v7a3 3 0 0 0 6 0V5a3 3 0 0 0-3-3Z"[31m
                [36m/>[31m
                [36m<path[31m
                  [33md[31m=[32m"M19 10v2a7 7 0 0 1-14 0v-2"[31m
                [36m/>[31m
                [36m<line[31m
                  [33mx1[31m=[32m"12"[31m
                  [33mx2[31m=[32m"12"[31m
                  [33my1[31m=[32m"19"[31m
                  [33my2[31m=[32m"22"[31m
                [36m/>[31m
              [36m</svg>[31m
            [36m</button>[31m
            [36m<div[31m
              [33mclass[31m=[32m"flex-1"[31m
            [36m>[31m
              [36m<textarea[31m
                [33mclass[31m=[32m"w-full border-2 border-gray-300 rounded-2xl px-4 py-3 focus:outline-none focus:ring-2 focus:ring-red-500 focus:border-transparent resize-none"[31m
                [33mplaceholder[31m=[32m"Nom complet + Problème + N° commande... (Ex: Jean Dupont, mon canapé OSLO a un pied cassé, CMD-2024-12345)"[31m
                [33mrows[31m=[32m"1"[31m
                [33mstyle[31m=[32m"min-height: 50px; max-height: 150px;"[31m
              [36m/>[31m
            [36m</div>[31m
            [36m<button[31m
              [33mclass[31m=[32m"p-3 rounded-full flex-shrink-0 transition-all bg-gray-300 text-gray-500 cursor-not-allowed"[31m
              [33mdisabled[31m=[32m""[31m
            [36m>[31m
              [36m<svg[31m
                [33mclass[31m=[32m"lucide lucide-send w-6 h-6"[31m
                [33mfill[31m=[32m"none"[31m
                [33mheight[31m=[32m"24"[31m
                [33mstroke[31m=[32m"currentColor"[31m
                [33mstroke-linecap[31m=[32m"round"[31m
                [33mstroke-linejoin[31m=[32m"round"[31m
                [33mstroke-width[31m=[32m"2"[31m
                [33mviewBox[31m=[32m"0 0 24 24"[31m
                [33mwidth[31m=[32m"24"[31m
                [33mxmlns[31m=[32m"http://www.w3.org/2000/svg"[31m
              [36m>[31m
                [36m<path[31m
                  [33md[31m=[32m"m22 2-7 20-4-9-9-4Z"[31m
                [36m/>[31m
                [36m<path[31m
                  [33md[31m=[32m"M22 2 11 13"[31m
                [36m/>[31m
              [36m</svg>[31m
            [36m</button>[31m
          [36m</div>[31m
          [36m<p[31m
            [33mclass[31m=[32m"text-xs text-gray-500 mt-3 text-center"[31m
          [36m>[31m
            [0m🔒 Données sécurisées • ⚡ Réponse immédiate • 🎤 Conversation vocale complète • 🔊 Le bot vous parle • 🎯 Analyse automatique du TON et PRIORITÉ • 🛡️ Vérification garantie instantanée[0m
          [36m</p>[31m
        [36m</div>[31m
      [36m</div>[31m
    [36m</div>[31m
  [36m</body>[31m
[36m</html>[31m[39m
[90mstdout[2m | src/__tests__/ChatInterface.test.jsx[2m > [22m[2mChatInterface[2m > [22m[2mTicket Confirmation Flow[2m > [22m[2mshould cancel ticket creation[22m[39m
✅ Synthèse vocale disponible

[90mstdout[2m | src/__tests__/ChatInterface.test.jsx[2m > [22m[2mChatInterface[2m > [22m[2mTicket Confirmation Flow[2m > [22m[2mshould cancel ticket creation[22m[39m
<empty line>
[90mstderr[2m | src/__tests__/ChatInterface.test.jsx[2m > [22m[2mChatInterface[2m > [22m[2mTicket Confirmation Flow[2m > [22m[2mshould cancel ticket creation[22m[39m
[MSW] Warning: intercepted a request without a matching request handler:

  • POST /api/chat

  • Request body: {"message":"Je confirme","session_id":"test-uuid-1wupwdh","photos":[]}

If you still wish to intercept this unhandled request, please create a request handler for it.
Read more: https://mswjs.io/docs/http/intercepting-requests

 [31m×[39m src/__tests__/Dashboard.test.jsx[2m > [22mDashboard[2m > [22mPriority Filtering[2m > [22mshould update ticket count when filtering[33m 1015[2mms[22m[39m
[31m   → Unable to find an element with the text: /2 ticket\(s\)/i. This could be because the text is broken up by multiple elements. In this case, you can provide a function for your text matcher to make your matcher more flexible.

Ignored nodes: comments, script, style
[36m<body>[31m
  [36m<div>[31m
    [36m<div[31m
      [33mclass[31m=[32m"flex items-center justify-center h-screen bg-gray-50"[31m
    [36m>[31m
      [36m<div[31m
        [33mclass[31m=[32m"text-center text-red-600"[31m
      [36m>[31m
        [36m<svg[31m
          [33mclass[31m=[32m"lucide lucide-xcircle w-16 h-16 mx-auto mb-4"[31m
          [33mfill[31m=[32m"none"[31m
          [33mheight[31m=[32m"24"[31m
          [33mstroke[31m=[32m"currentColor"[31m
          [33mstroke-linecap[31m=[32m"round"[31m
          [33mstroke-linejoin[31m=[32m"round"[31m
          [33mstroke-width[31m=[32m"2"[31m
          [33mviewBox[31m=[32m"0 0 24 24"[31m
          [33mwidth[31m=[32m"24"[31m
          [33mxmlns[31m=[32m"http://www.w3.org/2000/svg"[31m
        [36m>[31m
          [36m<circle[31m
            [33mcx[31m=[32m"12"[31m
            [33mcy[31m=[32m"12"[31m
            [33mr[31m=[32m"10"[31m
          [36m/>[31m
          [36m<path[31m
            [33md[31m=[32m"m15 9-6 6"[31m
          [36m/>[31m
          [36m<path[31m
            [33md[31m=[32m"m9 9 6 6"[31m
          [36m/>[31m
        [36m</svg>[31m
        [36m<p[31m
          [33mclass[31m=[32m"text-xl font-semibold"[31m
        [36m>[31m
          [0mErreur de connexion au serveur[0m
        [36m</p>[31m
        [36m<button[31m
          [33mclass[31m=[32m"mt-4 px-4 py-2 bg-red-600 text-white rounded-lg hover:bg-red-700"[31m
        [36m>[31m
          [0mRéessayer[0m
        [36m</button>[31m
      [36m</div>[31m
    [36m</div>[31m
  [36m</div>[31m
[36m</body>[31m

Ignored nodes: comments, script, style
[36m<html>[31m
  [36m<head />[31m
  [36m<body>[31m
    [36m<div>[31m
      [36m<div[31m
        [33mclass[31m=[32m"flex items-center justify-center h-screen bg-gray-50"[31m
      [36m>[31m
        [36m<div[31m
          [33mclass[31m=[32m"text-center text-red-600"[31m
        [36m>[31m
          [36m<svg[31m
            [33mclass[31m=[32m"lucide lucide-xcircle w-16 h-16 mx-auto mb-4"[31m
            [33mfill[31m=[32m"none"[31m
            [33mheight[31m=[32m"24"[31m
            [33mstroke[31m=[32m"currentColor"[31m
            [33mstroke-linecap[31m=[32m"round"[31m
            [33mstroke-linejoin[31m=[32m"round"[31m
            [33mstroke-width[31m=[32m"2"[31m
            [33mviewBox[31m=[32m"0 0 24 24"[31m
            [33mwidth[31m=[32m"24"[31m
            [33mxmlns[31m=[32m"http://www.w3.org/2000/svg"[31m
          [36m>[31m
            [36m<circle[31m
              [33mcx[31m=[32m"12"[31m
              [33mcy[31m=[32m"12"[31m
              [33mr[31m=[32m"10"[31m
            [36m/>[31m
            [36m<path[31m
              [33md[31m=[32m"m15 9-6 6"[31m
            [36m/>[31m
            [36m<path[31m
              [33md[31m=[32m"m9 9 6 6"[31m
            [36m/>[31m
          [36m</svg>[31m
          [36m<p[31m
            [33mclass[31m=[32m"text-xl font-semibold"[31m
          [36m>[31m
            [0mErreur de connexion au serveur[0m
          [36m</p>[31m
          [36m<button[31m
            [33mclass[31m=[32m"mt-4 px-4 py-2 bg-red-600 text-white rounded-lg hover:bg-red-700"[31m
          [36m>[31m
            [0mRéessayer[0m
          [36m</button>[31m
        [36m</div>[31m
      [36m</div>[31m
    [36m</div>[31m
  [36m</body>[31m
[36m</html>[31m[39m
[90mstdout[2m | src/__tests__/Dashboard.test.jsx[2m > [22m[2mDashboard[2m > [22m[2mStatus Filtering[2m > [22m[2mshould have status filter dropdown[22m[39m
🔍 Dashboard - Tickets bruts: [33m0[39m
🔍 Dashboard - Tickets filtrés: [33m0[39m
🔍 Dashboard - Filtres actifs: { filterPriority: [32m'all'[39m, filterStatus: [32m'all'[39m }

[90mstderr[2m | src/__tests__/Dashboard.test.jsx[2m > [22m[2mDashboard[2m > [22m[2mStatus Filtering[2m > [22m[2mshould have status filter dropdown[22m[39m
[MSW] Warning: intercepted a request without a matching request handler:

  • GET /api/sav/tickets

If you still wish to intercept this unhandled request, please create a request handler for it.
Read more: https://mswjs.io/docs/http/intercepting-requests

[90mstderr[2m | src/__tests__/Dashboard.test.jsx[2m > [22m[2mDashboard[2m > [22m[2mStatus Filtering[2m > [22m[2mshould have status filter dropdown[22m[39m
Erreur: TypeError: fetch failed
[90m    at node:internal/deps/undici/undici:13510:13[39m
[90m    at processTicksAndRejections (node:internal/process/task_queues:105:5)[39m
    at until [90m(file:///C:/Users/v-nbayonne/meuble-de-france-chatbot/frontend/[39mnode_modules/[4m@open-draft[24m/until/src/until.ts:23:18[90m)[39m
    at Object.passthrough [90m(file:///C:/Users/v-nbayonne/meuble-de-france-chatbot/frontend/[39mnode_modules/[4m@mswjs[24m/interceptors/src/interceptors/fetch/index.ts:78:68[90m)[39m
    at _RequestController.passthrough [90m(file:///C:/Users/v-nbayonne/meuble-de-france-chatbot/frontend/[39mnode_modules/[4m@mswjs[24m/interceptors/src/RequestController.ts:50:5[90m)[39m
    at handleRequest [90m(file:///C:/Users/v-nbayonne/meuble-de-france-chatbot/frontend/[39mnode_modules/[4m@mswjs[24m/interceptors/src/utils/handleRequest.ts:201:12[90m)[39m
    at globalThis.fetch [90m(file:///C:/Users/v-nbayonne/meuble-de-france-chatbot/frontend/[39mnode_modules/[4m@mswjs[24m/interceptors/src/interceptors/fetch/index.ts:185:7[90m)[39m
    at fetchTickets [90m(C:\Users\v-nbayonne\meuble-de-france-chatbot\frontend\[39msrc\components\Dashboard.jsx:24:24[90m)[39m {
  [cause]: AggregateError: 
  [90m    at internalConnectMultiple (node:net:1134:18)[39m
  [90m    at afterConnectMultiple (node:net:1715:7)[39m {
    code: [32m'ECONNREFUSED'[39m,
    [errors]: [ [36m[Error][39m, [36m[Error][39m ]
  }
}

[90mstdout[2m | src/__tests__/Dashboard.test.jsx[2m > [22m[2mDashboard[2m > [22m[2mStatus Filtering[2m > [22m[2mshould have status filter dropdown[22m[39m
🔍 Dashboard - Tickets bruts: [33m0[39m
🔍 Dashboard - Tickets filtrés: [33m0[39m
🔍 Dashboard - Filtres actifs: { filterPriority: [32m'all'[39m, filterStatus: [32m'all'[39m }

[90mstdout[2m | src/__tests__/ChatInterface.test.jsx[2m > [22m[2mChatInterface[2m > [22m[2mTicket Confirmation Flow[2m > [22m[2mshould cancel ticket creation[22m[39m
<empty line>
[90mstderr[2m | src/__tests__/ChatInterface.test.jsx[2m > [22m[2mChatInterface[2m > [22m[2mTicket Confirmation Flow[2m > [22m[2mshould cancel ticket creation[22m[39m
Erreur: TypeError: fetch failed
[90m    at node:internal/deps/undici/undici:13510:13[39m
[90m    at processTicksAndRejections (node:internal/process/task_queues:105:5)[39m
    at until [90m(file:///C:/Users/v-nbayonne/meuble-de-france-chatbot/frontend/[39mnode_modules/[4m@open-draft[24m/until/src/until.ts:23:18[90m)[39m
    at Object.passthrough [90m(file:///C:/Users/v-nbayonne/meuble-de-france-chatbot/frontend/[39mnode_modules/[4m@mswjs[24m/interceptors/src/interceptors/fetch/index.ts:78:68[90m)[39m
    at _RequestController.passthrough [90m(file:///C:/Users/v-nbayonne/meuble-de-france-chatbot/frontend/[39mnode_modules/[4m@mswjs[24m/interceptors/src/RequestController.ts:50:5[90m)[39m
    at handleRequest [90m(file:///C:/Users/v-nbayonne/meuble-de-france-chatbot/frontend/[39mnode_modules/[4m@mswjs[24m/interceptors/src/utils/handleRequest.ts:201:12[90m)[39m
    at globalThis.fetch [90m(file:///C:/Users/v-nbayonne/meuble-de-france-chatbot/frontend/[39mnode_modules/[4m@mswjs[24m/interceptors/src/interceptors/fetch/index.ts:185:7[90m)[39m
    at sendMessage [90m(C:\Users\v-nbayonne\meuble-de-france-chatbot\frontend\[39msrc\components\ChatInterface.jsx:275:24[90m)[39m {
  [cause]: AggregateError: 
  [90m    at internalConnectMultiple (node:net:1134:18)[39m
  [90m    at afterConnectMultiple (node:net:1715:7)[39m {
    code: [32m'ECONNREFUSED'[39m,
    [errors]: [ [36m[Error][39m, [36m[Error][39m ]
  }
}

 [31m×[39m src/__tests__/Dashboard.test.jsx[2m > [22mDashboard[2m > [22mStatus Filtering[2m > [22mshould have status filter dropdown[33m 1022[2mms[22m[39m
[31m   → Unable to find a label with the text of: /Statut:/i

Ignored nodes: comments, script, style
[36m<body>[31m
  [36m<div>[31m
    [36m<div[31m
      [33mclass[31m=[32m"flex items-center justify-center h-screen bg-gray-50"[31m
    [36m>[31m
      [36m<div[31m
        [33mclass[31m=[32m"text-center text-red-600"[31m
      [36m>[31m
        [36m<svg[31m
          [33mclass[31m=[32m"lucide lucide-xcircle w-16 h-16 mx-auto mb-4"[31m
          [33mfill[31m=[32m"none"[31m
          [33mheight[31m=[32m"24"[31m
          [33mstroke[31m=[32m"currentColor"[31m
          [33mstroke-linecap[31m=[32m"round"[31m
          [33mstroke-linejoin[31m=[32m"round"[31m
          [33mstroke-width[31m=[32m"2"[31m
          [33mviewBox[31m=[32m"0 0 24 24"[31m
          [33mwidth[31m=[32m"24"[31m
          [33mxmlns[31m=[32m"http://www.w3.org/2000/svg"[31m
        [36m>[31m
          [36m<circle[31m
            [33mcx[31m=[32m"12"[31m
            [33mcy[31m=[32m"12"[31m
            [33mr[31m=[32m"10"[31m
          [36m/>[31m
          [36m<path[31m
            [33md[31m=[32m"m15 9-6 6"[31m
          [36m/>[31m
          [36m<path[31m
            [33md[31m=[32m"m9 9 6 6"[31m
          [36m/>[31m
        [36m</svg>[31m
        [36m<p[31m
          [33mclass[31m=[32m"text-xl font-semibold"[31m
        [36m>[31m
          [0mErreur de connexion au serveur[0m
        [36m</p>[31m
        [36m<button[31m
          [33mclass[31m=[32m"mt-4 px-4 py-2 bg-red-600 text-white rounded-lg hover:bg-red-700"[31m
        [36m>[31m
          [0mRéessayer[0m
        [36m</button>[31m
      [36m</div>[31m
    [36m</div>[31m
  [36m</div>[31m
[36m</body>[31m

Ignored nodes: comments, script, style
[36m<html>[31m
  [36m<head />[31m
  [36m<body>[31m
    [36m<div>[31m
      [36m<div[31m
        [33mclass[31m=[32m"flex items-center justify-center h-screen bg-gray-50"[31m
      [36m>[31m
        [36m<div[31m
          [33mclass[31m=[32m"text-center text-red-600"[31m
        [36m>[31m
          [36m<svg[31m
            [33mclass[31m=[32m"lucide lucide-xcircle w-16 h-16 mx-auto mb-4"[31m
            [33mfill[31m=[32m"none"[31m
            [33mheight[31m=[32m"24"[31m
            [33mstroke[31m=[32m"currentColor"[31m
            [33mstroke-linecap[31m=[32m"round"[31m
            [33mstroke-linejoin[31m=[32m"round"[31m
            [33mstroke-width[31m=[32m"2"[31m
            [33mviewBox[31m=[32m"0 0 24 24"[31m
            [33mwidth[31m=[32m"24"[31m
            [33mxmlns[31m=[32m"http://www.w3.org/2000/svg"[31m
          [36m>[31m
            [36m<circle[31m
              [33mcx[31m=[32m"12"[31m
              [33mcy[31m=[32m"12"[31m
              [33mr[31m=[32m"10"[31m
            [36m/>[31m
            [36m<path[31m
              [33md[31m=[32m"m15 9-6 6"[31m
            [36m/>[31m
            [36m<path[31m
              [33md[31m=[32m"m9 9 6 6"[31m
            [36m/>[31m
          [36m</svg>[31m
          [36m<p[31m
            [33mclass[31m=[32m"text-xl font-semibold"[31m
          [36m>[31m
            [0mErreur de connexion au serveur[0m
          [36m</p>[31m
          [36m<button[31m
            [33mclass[31m=[32m"mt-4 px-4 py-2 bg-red-600 text-white rounded-lg hover:bg-red-700"[31m
          [36m>[31m
            [0mRéessayer[0m
          [36m</button>[31m
        [36m</div>[31m
      [36m</div>[31m
    [36m</div>[31m
  [36m</body>[31m
[36m</html>[31m[39m
[90mstdout[2m | src/__tests__/Dashboard.test.jsx[2m > [22m[2mDashboard[2m > [22m[2mStatus Filtering[2m > [22m[2mshould show all status options[22m[39m
🔍 Dashboard - Tickets bruts: [33m0[39m
🔍 Dashboard - Tickets filtrés: [33m0[39m
🔍 Dashboard - Filtres actifs: { filterPriority: [32m'all'[39m, filterStatus: [32m'all'[39m }

[90mstderr[2m | src/__tests__/Dashboard.test.jsx[2m > [22m[2mDashboard[2m > [22m[2mStatus Filtering[2m > [22m[2mshould show all status options[22m[39m
[MSW] Warning: intercepted a request without a matching request handler:

  • GET /api/sav/tickets

If you still wish to intercept this unhandled request, please create a request handler for it.
Read more: https://mswjs.io/docs/http/intercepting-requests

[90mstderr[2m | src/__tests__/Dashboard.test.jsx[2m > [22m[2mDashboard[2m > [22m[2mStatus Filtering[2m > [22m[2mshould show all status options[22m[39m
Erreur: TypeError: fetch failed
[90m    at node:internal/deps/undici/undici:13510:13[39m
[90m    at processTicksAndRejections (node:internal/process/task_queues:105:5)[39m
    at until [90m(file:///C:/Users/v-nbayonne/meuble-de-france-chatbot/frontend/[39mnode_modules/[4m@open-draft[24m/until/src/until.ts:23:18[90m)[39m
    at Object.passthrough [90m(file:///C:/Users/v-nbayonne/meuble-de-france-chatbot/frontend/[39mnode_modules/[4m@mswjs[24m/interceptors/src/interceptors/fetch/index.ts:78:68[90m)[39m
    at _RequestController.passthrough [90m(file:///C:/Users/v-nbayonne/meuble-de-france-chatbot/frontend/[39mnode_modules/[4m@mswjs[24m/interceptors/src/RequestController.ts:50:5[90m)[39m
    at handleRequest [90m(file:///C:/Users/v-nbayonne/meuble-de-france-chatbot/frontend/[39mnode_modules/[4m@mswjs[24m/interceptors/src/utils/handleRequest.ts:201:12[90m)[39m
    at globalThis.fetch [90m(file:///C:/Users/v-nbayonne/meuble-de-france-chatbot/frontend/[39mnode_modules/[4m@mswjs[24m/interceptors/src/interceptors/fetch/index.ts:185:7[90m)[39m
    at fetchTickets [90m(C:\Users\v-nbayonne\meuble-de-france-chatbot\frontend\[39msrc\components\Dashboard.jsx:24:24[90m)[39m {
  [cause]: AggregateError: 
  [90m    at internalConnectMultiple (node:net:1134:18)[39m
  [90m    at afterConnectMultiple (node:net:1715:7)[39m {
    code: [32m'ECONNREFUSED'[39m,
    [errors]: [ [36m[Error][39m, [36m[Error][39m ]
  }
}

[90mstdout[2m | src/__tests__/Dashboard.test.jsx[2m > [22m[2mDashboard[2m > [22m[2mStatus Filtering[2m > [22m[2mshould show all status options[22m[39m
🔍 Dashboard - Tickets bruts: [33m0[39m
🔍 Dashboard - Tickets filtrés: [33m0[39m
🔍 Dashboard - Filtres actifs: { filterPriority: [32m'all'[39m, filterStatus: [32m'all'[39m }

 [31m×[39m src/__tests__/ChatInterface.test.jsx[2m > [22mChatInterface[2m > [22mTicket Confirmation Flow[2m > [22mshould cancel ticket creation[33m 1667[2mms[22m[39m
[31m   → Unable to find an element with the text: /Recommencer/i. This could be because the text is broken up by multiple elements. In this case, you can provide a function for your text matcher to make your matcher more flexible.

Ignored nodes: comments, script, style
[36m<body>[31m
  [36m<div>[31m
    [36m<div[31m
      [33mclass[31m=[32m"flex flex-col h-full max-w-5xl mx-auto bg-gradient-to-br from-amber-50 to-orange-50"[31m
    [36m>[31m
      [36m<div[31m
        [33mclass[31m=[32m"bg-gradient-to-r from-blue-600 to-blue-700 text-white p-6 shadow-lg"[31m
      [36m>[31m
        [36m<div[31m
          [33mclass[31m=[32m"flex items-center justify-between"[31m
        [36m>[31m
          [36m<div>[31m
            [36m<h1[31m
              [33mclass[31m=[32m"text-3xl font-bold"[31m
            [36m>[31m
              [0mService clientèle du groupe Mobilier de France[0m
            [36m</h1>[31m
            [36m<p[31m
              [33mclass[31m=[32m"text-sm opacity-90 mt-1"[31m
            [36m>[31m
              [0mService Après-Vente Intelligent • Traitement automatisé en temps réel[0m
            [36m</p>[31m
          [36m</div>[31m
          [36m<div[31m
            [33mclass[31m=[32m"flex items-center space-x-4"[31m
          [36m>[31m
            [36m<button[31m
              [33mclass[31m=[32m"flex items-center space-x-2 px-4 py-2 rounded-lg font-medium transition-all bg-white text-blue-600 hover:bg-gray-100"[31m
              [33mtitle[31m=[32m"Désactiver la voix du bot"[31m
            [36m>[31m
              [36m<svg[31m
                [33mclass[31m=[32m"lucide lucide-volume2 w-5 h-5 "[31m
                [33mfill[31m=[32m"none"[31m
                [33mheight[31m=[32m"24"[31m
                [33mstroke[31m=[32m"currentColor"[31m
                [33mstroke-linecap[31m=[32m"round"[31m
                [33mstroke-linejoin[31m=[32m"round"[31m
                [33mstroke-width[31m=[32m"2"[31m
                [33mviewBox[31m=[32m"0 0 24 24"[31m
                [33mwidth[31m=[32m"24"[31m
                [33mxmlns[31m=[32m"http://www.w3.org/2000/svg"[31m
              [36m>[31m
                [36m<polygon[31m
                  [33mpoints[31m=[32m"11 5 6 9 2 9 2 15 6 15 11 19 11 5"[31m
                [36m/>[31m
                [36m<path[31m
                  [33md[31m=[32m"M15.54 8.46a5 5 0 0 1 0 7.07"[31m
                [36m/>[31m
                [36m<path[31m
                  [33md[31m=[32m"M19.07 4.93a10 10 0 0 1 0 14.14"[31m
                [36m/>[31m
              [36m</svg>[31m
              [36m<span[31m
                [33mclass[31m=[32m"text-sm"[31m
              [36m>[31m
                [0mVoix ON[0m
              [36m</span>[31m
            [36m</button>[31m
            [36m<div[31m
              [33mclass[31m=[32m"text-right text-xs opacity-80 border-l border-white/30 pl-4"[31m
            [36m>[31m
              [36m<p[31m
                [33mclass[31m=[32m"font-semibold"[31m
              [36m>[31m
                [0m🎯 100% Automatisé[0m
              [36m</p>[31m
              [36m<p[31m
                [33mclass[31m=[32m"text-xs"[31m
              [36m>[31m
                [0m✅ Analyse TON • ✅ Garantie • ✅ Priorité[0m
              [36m</p>[31m
            [36m</div>[31m
          [36m</div>[31m
        [36m</div>[31m
      [36m</div>[31m
      [36m<div[31m
        [33mclass[31m=[32m"flex-1 overflow-y-auto p-6 space-y-4"[31m
      [36m>[31m
        [36m<div[31m
          [33mclass[31m=[32m"flex justify-start fade-in"[31m
        [36m>[31m
          [36m<div[31m
            [33mclass[31m=[32m"max-w-[75%] rounded-2xl p-4 shadow-md bg-white text-gray-800 border border-gray-200"[31m
          [36m>[31m
            [36m<div[31m
              [33mclass[31m=[32m"flex items-start space-x-3"[31m
            [36m>[31m
              [36m<div[31m
                [33mclass[31m=[32m"w-8 h-8 rounded-full bg-gradient-to-r from-amber-500 to-orange-500 flex items-center justify-center text-white font-bold flex-shrink-0"[31m
              [36m>[31m
                [0mM[0m
              [36m</div>[31m
              [36m<div[31m
                [33mclass[31m=[32m"flex-1"[31m
              [36m>[31m
                [36m<p[31m
                  [33mclass[31m=[32m"whitespace-pre-line leading-relaxed"[31m
                [36m>[31m
                  [0m👋 Bonjour ! Je suis votre assistant SAV Mobilier de France.

Décrivez-moi votre problème avec votre numéro de commande, je m'occupe du reste !

💡 **Exemple** : "Bonjour, je m'appelle Marie Martin. Mon canapé OSLO a le pied cassé, commande CMD-2024-12345"[0m
                [36m</p>[31m
                [36m<div[31m
                  [33mclass[31m=[32m"flex items-center justify-between mt-2 text-xs text-gray-500"[31m
                [36m>[31m
                  [36m<span>[31m
                    [0m13:02[0m
                  [36m</span>[31m
                [36m</div>[31m
              [36m</div>[31m
            [36m</div>[31m
          [36m</div>[31m
        [36m</div>[31m
        [36m<div[31m
          [33mclass[31m=[32m"flex justify-end fade-in"[31m
        [36m>[31m
          [36m<div[31m
            [33mclass[31m=[32m"max-w-[75%] rounded-2xl p-4 shadow-md bg-gradient-to-r from-amber-500 to-orange-500 text-white"[31m
          [36m>[31m
            [36m<div[31m
              [33mclass[31m=[32m"flex items-start space-x-3"[31m
            [36m>[31m
              [36m<div[31m
                [33mclass[31m=[32m"flex-1"[31m
              [36m>[31m
                [36m<p[31m
                  [33mclass[31m=[32m"whitespace-pre-line leading-relaxed"[31m
                [36m>[31m
                  [0mJe confirme[0m
                [36m</p>[31m
                [36m<div[31m
                  [33mclass[31m=[32m"flex items-center justify-between mt-2 text-xs text-white/70"[31m
                [36m>[31m
                  [36m<span>[31m
                    [0m13:02[0m
                  [36m</span>[31m
                [36m</div>[31m
              [36m</div>[31m
              [36m<div[31m
                [33mclass[31m=[32m"w-8 h-8 rounded-full bg-white flex items-center justify-center text-amber-600 font-bold flex-shrink-0"[31m
              [36m>[31m
                [0mV[0m
              [36m</div>[31m
            [36m</div>[31m
          [36m</div>[31m
        [36m</div>[31m
        [36m<div[31m
          [33mclass[31m=[32m"flex justify-start fade-in"[31m
        [36m>[31m
          [36m<div[31m
            [33mclass[31m=[32m"max-w-[75%] rounded-2xl p-4 shadow-md bg-white text-gray-800 border border-gray-200"[31m
          [36m>[31m
            [36m<div[31m
              [33mclass[31m=[32m"flex items-start space-x-3"[31m
            [36m>[31m
              [36m<div[31m
                [33mclass[31m=[32m"w-8 h-8 rounded-full bg-gradient-to-r from-amber-500 to-orange-500 flex items-center justify-center text-white font-bold flex-shrink-0"[31m
              [36m>[31m
                [0mM[0m
              [36m</div>[31m
              [36m<div[31m
                [33mclass[31m=[32m"flex-1"[31m
              [36m>[31m
                [36m<p[31m
                  [33mclass[31m=[32m"whitespace-pre-line leading-relaxed"[31m
                [36m>[31m
                  [0mDésolé, j'ai rencontré un problème technique. Pouvez-vous réessayer ?[0m
                [36m</p>[31m
                [36m<div[31m
                  [33mclass[31m=[32m"flex items-center justify-between mt-2 text-xs text-gray-500"[31m
                [36m>[31m
                  [36m<span>[31m
                    [0m13:02[0m
                  [36m</span>[31m
                [36m</div>[31m
              [36m</div>[31m
            [36m</div>[31m
          [36m</div>[31m
        [36m</div>[31m
        [36m<div />[31m
      [36m</div>[31m
      [36m<div[31m
        [33mclass[31m=[32m"bg-white p-6 border-t border-gray-200 shadow-lg"[31m
      [36m>[31m
        [36m<div[31m
          [33mclass[31m=[32m"flex items-end space-x-3"[31m
        [36m>[31m
          [36m<button[31m
            [33mclass[31m=[32m"bg-amber-100 hover:bg-amber-200 text-amber-700 p-3 rounded-full transition-colors flex-shrink-0"[31m
            [33mtitle[31m=[32m"Ajouter des photos"[31m
          [36m>[31m
            [36m<svg[31m
              [33mclass[31m=[32m"lucide lucide-camera w-6 h-6"[31m
              [33mfill[31m=[32m"none"[31m
              [33mheight[31m=[32m"24"[31m
              [33mstroke[31m=[32m"currentColor"[31m
              [33mstroke-linecap[31m=[32m"round"[31m
              [33mstroke-linejoin[31m=[32m"round"[31m
              [33mstroke-width[31m=[32m"2"[31m
              [33mviewBox[31m=[32m"0 0 24 24"[31m
              [33mwidth[31m=[32m"24"[31m
              [33mxmlns[31m=[32m"http://www.w3.org/2000/svg"[31m
            [36m>[31m
              [36m<path[31m
                [33md[31m=[32m"M14.5 4h-5L7 7H4a2 2 0 0 0-2 2v9a2 2 0 0 0 2 2h16a2 2 0 0 0 2-2V9a2 2 0 0 0-2-2h-3l-2.5-3z"[31m
              [36m/>[31m
              [36m<circle[31m
                [33mcx[31m=[32m"12"[31m
                [33mcy[31m=[32m"13"[31m
                [33mr[31m=[32m"3"[31m
              [36m/>[31m
            [36m</svg>[31m
          [36m</button>[31m
          [36m<input[31m
            [33maccept[31m=[32m"image/*,video/*"[31m
            [33mclass[31m=[32m"hidden"[31m
            [33mmultiple[31m=[32m""[31m
            [33mtype[31m=[32m"file"[31m
          [36m/>[31m
          [36m<button[31m
            [33mclass[31m=[32m"relative p-3 rounded-full transition-all flex-shrink-0 shadow-lg bg-gradient-to-r from-blue-500 to-purple-500 hover:from-blue-600 hover:to-purple-600 text-white"[31m
            [33mtitle[31m=[32m"🎤 Parler au lieu de taper"[31m
          [36m>[31m
            [36m<svg[31m
              [33mclass[31m=[32m"lucide lucide-mic w-6 h-6"[31m
              [33mfill[31m=[32m"none"[31m
              [33mheight[31m=[32m"24"[31m
              [33mstroke[31m=[32m"currentColor"[31m
              [33mstroke-linecap[31m=[32m"round"[31m
              [33mstroke-linejoin[31m=[32m"round"[31m
              [33mstroke-width[31m=[32m"2"[31m
              [33mviewBox[31m=[32m"0 0 24 24"[31m
              [33mwidth[31m=[32m"24"[31m
              [33mxmlns[31m=[32m"http://www.w3.org/2000/svg"[31m
            [36m>[31m
              [36m<path[31m
                [33md[31m=[32m"M12 2a3 3 0 0 0-3 3v7a3 3 0 0 0 6 0V5a3 3 0 0 0-3-3Z"[31m
              [36m/>[31m
              [36m<path[31m
                [33md[31m=[32m"M19 10v2a7 7 0 0 1-14 0v-2"[31m
              [36m/>[31m
              [36m<line[31m
                [33mx1[31m=[32m"12"[31m
                [33mx2[31m=[32m"12"[31m
                [33my1[31m=[32m"19"[31m
                [33my2[31m=[32m"22"[31m
              [36m/>[31m
            [36m</svg>[31m
          [36m</button>[31m
          [36m<div[31m
            [33mclass[31m=[32m"flex-1"[31m
          [36m>[31m
            [36m<textarea[31m
              [33mclass[31m=[32m"w-full border-2 border-gray-300 rounded-2xl px-4 py-3 focus:outline-none focus:ring-2 focus:ring-red-500 focus:border-transparent resize-none"[31m
              [33mplaceholder[31m=[32m"Nom complet + Problème + N° commande... (Ex: Jean Dupont, mon canapé OSLO a un pied cassé, CMD-2024-12345)"[31m
              [33mrows[31m=[32m"1"[31m
              [33mstyle[31m=[32m"min-height: 50px; max-height: 150px;"[31m
            [36m/>[31m
          [36m</div>[31m
          [36m<button[31m
            [33mclass[31m=[32m"p-3 rounded-full flex-shrink-0 transition-all bg-gray-300 text-gray-500 cursor-not-allowed"[31m
            [33mdisabled[31m=[32m""[31m
          [36m>[31m
            [36m<svg[31m
              [33mclass[31m=[32m"lucide lucide-send w-6 h-6"[31m
              [33mfill[31m=[32m"none"[31m
              [33mheight[31m=[32m"24"[31m
              [33mstroke[31m=[32m"currentColor"[31m
              [33mstroke-linecap[31m=[32m"round"[31m
              [33mstroke-linejoin[31m=[32m"round"[31m
              [33mstroke-width[31m=[32m"2"[31m
              [33mviewBox[31m=[32m"0 0 24 24"[31m
              [33mwidth[31m=[32m"24"[31m
              [33mxmlns[31m=[32m"http://www.w3.org/2000/svg"[31m
            [36m>[31m
              [36m<path[31m
                [33md[31m=[32m"m22 2-7 20-4-9-9-4Z"[31m
              [36m/>[31m
              [36m<path[31m
                [33md[31m=[32m"M22 2 11 13"[31m
              [36m/>[31m
            [36m</svg>[31m
          [36m</button>[31m
        [36m</div>[31m
        [36m<p[31m
          [33mclass[31m=[32m"text-xs text-gray-500 mt-3 text-center"[31m
        [36m>[31m
          [0m🔒 Données sécurisées • ⚡ Réponse immédiate • 🎤 Conversation vocale complète • 🔊 Le bot vous parle • 🎯 Analyse automatique du TON et PRIORITÉ • 🛡️ Vérification garantie instantanée[0m
        [36m</p>[31m
      [36m</div>[31m
    [36m</div>[31m
  [36m</div>[31m
[36m</body>[31m

Ignored nodes: comments, script, style
[36m<html>[31m
  [36m<head />[31m
  [36m<body>[31m
    [36m<div>[31m
      [36m<div[31m
        [33mclass[31m=[32m"flex flex-col h-full max-w-5xl mx-auto bg-gradient-to-br from-amber-50 to-orange-50"[31m
      [36m>[31m
        [36m<div[31m
          [33mclass[31m=[32m"bg-gradient-to-r from-blue-600 to-blue-700 text-white p-6 shadow-lg"[31m
        [36m>[31m
          [36m<div[31m
            [33mclass[31m=[32m"flex items-center justify-between"[31m
          [36m>[31m
            [36m<div>[31m
              [36m<h1[31m
                [33mclass[31m=[32m"text-3xl font-bold"[31m
              [36m>[31m
                [0mService clientèle du groupe Mobilier de France[0m
              [36m</h1>[31m
              [36m<p[31m
                [33mclass[31m=[32m"text-sm opacity-90 mt-1"[31m
              [36m>[31m
                [0mService Après-Vente Intelligent • Traitement automatisé en temps réel[0m
              [36m</p>[31m
            [36m</div>[31m
            [36m<div[31m
              [33mclass[31m=[32m"flex items-center space-x-4"[31m
            [36m>[31m
              [36m<button[31m
                [33mclass[31m=[32m"flex items-center space-x-2 px-4 py-2 rounded-lg font-medium transition-all bg-white text-blue-600 hover:bg-gray-100"[31m
                [33mtitle[31m=[32m"Désactiver la voix du bot"[31m
              [36m>[31m
                [36m<svg[31m
                  [33mclass[31m=[32m"lucide lucide-volume2 w-5 h-5 "[31m
                  [33mfill[31m=[32m"none"[31m
                  [33mheight[31m=[32m"24"[31m
                  [33mstroke[31m=[32m"currentColor"[31m
                  [33mstroke-linecap[31m=[32m"round"[31m
                  [33mstroke-linejoin[31m=[32m"round"[31m
                  [33mstroke-width[31m=[32m"2"[31m
                  [33mviewBox[31m=[32m"0 0 24 24"[31m
                  [33mwidth[31m=[32m"24"[31m
                  [33mxmlns[31m=[32m"http://www.w3.org/2000/svg"[31m
                [36m>[31m
                  [36m<polygon[31m
                    [33mpoints[31m=[32m"11 5 6 9 2 9 2 15 6 15 11 19 11 5"[31m
                  [36m/>[31m
                  [36m<path[31m
                    [33md[31m=[32m"M15.54 8.46a5 5 0 0 1 0 7.07"[31m
                  [36m/>[31m
                  [36m<path[31m
                    [33md[31m=[32m"M19.07 4.93a10 10 0 0 1 0 14.14"[31m
                  [36m/>[31m
                [36m</svg>[31m
                [36m<span[31m
                  [33mclass[31m=[32m"text-sm"[31m
                [36m>[31m
                  [0mVoix ON[0m
                [36m</span>[31m
              [36m</button>[31m
              [36m<div[31m
                [33mclass[31m=[32m"text-right text-xs opacity-80 border-l border-white/30 pl-4"[31m
              [36m>[31m
                [36m<p[31m
                  [33mclass[31m=[32m"font-semibold"[31m
                [36m>[31m
                  [0m🎯 100% Automatisé[0m
                [36m</p>[31m
                [36m<p[31m
                  [33mclass[31m=[32m"text-xs"[31m
                [36m>[31m
                  [0m✅ Analyse TON • ✅ Garantie • ✅ Priorité[0m
                [36m</p>[31m
              [36m</div>[31m
            [36m</div>[31m
          [36m</div>[31m
        [36m</div>[31m
        [36m<div[31m
          [33mclass[31m=[32m"flex-1 overflow-y-auto p-6 space-y-4"[31m
        [36m>[31m
          [36m<div[31m
            [33mclass[31m=[32m"flex justify-start fade-in"[31m
          [36m>[31m
            [36m<div[31m
              [33mclass[31m=[32m"max-w-[75%] rounded-2xl p-4 shadow-md bg-white text-gray-800 border border-gray-200"[31m
            [36m>[31m
              [36m<div[31m
                [33mclass[31m=[32m"flex items-start space-x-3"[31m
              [36m>[31m
                [36m<div[31m
                  [33mclass[31m=[32m"w-8 h-8 rounded-full bg-gradient-to-r from-amber-500 to-orange-500 flex items-center justify-center text-white font-bold flex-shrink-0"[31m
                [36m>[31m
                  [0mM[0m
                [36m</div>[31m
                [36m<div[31m
                  [33mclass[31m=[32m"flex-1"[31m
                [36m>[31m
                  [36m<p[31m
                    [33mclass[31m=[32m"whitespace-pre-line leading-relaxed"[31m
                  [36m>[31m
                    [0m👋 Bonjour ! Je suis votre assistant SAV Mobilier de France.

Décrivez-moi votre problème avec votre numéro de commande, je m'occupe du reste !

💡 **Exemple** : "Bonjour, je m'appelle Marie Martin. Mon canapé OSLO a le pied cassé, commande CMD-2024-12345"[0m
                  [36m</p>[31m
                  [36m<div[31m
                    [33mclass[31m=[32m"flex items-center justify-between mt-2 text-xs text-gray-500"[31m
                  [36m>[31m
                    [36m<span>[31m
                      [0m13:02[0m
                    [36m</span>[31m
                  [36m</div>[31m
                [36m</div>[31m
              [36m</div>[31m
            [36m</div>[31m
          [36m</div>[31m
          [36m<div[31m
            [33mclass[31m=[32m"flex justify-end fade-in"[31m
          [36m>[31m
            [36m<div[31m
              [33mclass[31m=[32m"max-w-[75%] rounded-2xl p-4 shadow-md bg-gradient-to-r from-amber-500 to-orange-500 text-white"[31m
            [36m>[31m
              [36m<div[31m
                [33mclass[31m=[32m"flex items-start space-x-3"[31m
              [36m>[31m
                [36m<div[31m
                  [33mclass[31m=[32m"flex-1"[31m
                [36m>[31m
                  [36m<p[31m
                    [33mclass[31m=[32m"whitespace-pre-line leading-relaxed"[31m
                  [36m>[31m
                    [0mJe confirme[0m
                  [36m</p>[31m
                  [36m<div[31m
                    [33mclass[31m=[32m"flex items-center justify-between mt-2 text-xs text-white/70"[31m
                  [36m>[31m
                    [36m<span>[31m
                      [0m13:02[0m
                    [36m</span>[31m
                  [36m</div>[31m
                [36m</div>[31m
                [36m<div[31m
                  [33mclass[31m=[32m"w-8 h-8 rounded-full bg-white flex items-center justify-center text-amber-600 font-bold flex-shrink-0"[31m
                [36m>[31m
                  [0mV[0m
                [36m</div>[31m
              [36m</div>[31m
            [36m</div>[31m
          [36m</div>[31m
          [36m<div[31m
            [33mclass[31m=[32m"flex justify-start fade-in"[31m
          [36m>[31m
            [36m<div[31m
              [33mclass[31m=[32m"max-w-[75%] rounded-2xl p-4 shadow-md bg-white text-gray-800 border border-gray-200"[31m
            [36m>[31m
              [36m<div[31m
                [33mclass[31m=[32m"flex items-start space-x-3"[31m
              [36m>[31m
                [36m<div[31m
                  [33mclass[31m=[32m"w-8 h-8 rounded-full bg-gradient-to-r from-amber-500 to-orange-500 flex items-center justify-center text-white font-bold flex-shrink-0"[31m
                [36m>[31m
                  [0mM[0m
                [36m</div>[31m
                [36m<div[31m
                  [33mclass[31m=[32m"flex-1"[31m
                [36m>[31m
                  [36m<p[31m
                    [33mclass[31m=[32m"whitespace-pre-line leading-relaxed"[31m
                  [36m>[31m
                    [0mDésolé, j'ai rencontré un problème technique. Pouvez-vous réessayer ?[0m
                  [36m</p>[31m
                  [36m<div[31m
                    [33mclass[31m=[32m"flex items-center justify-between mt-2 text-xs text-gray-500"[31m
                  [36m>[31m
                    [36m<span>[31m
                      [0m13:02[0m
                    [36m</span>[31m
                  [36m</div>[31m
                [36m</div>[31m
              [36m</div>[31m
            [36m</div>[31m
          [36m</div>[31m
          [36m<div />[31m
        [36m</div>[31m
        [36m<div[31m
          [33mclass[31m=[32m"bg-white p-6 border-t border-gray-200 shadow-lg"[31m
        [36m>[31m
          [36m<div[31m
            [33mclass[31m=[32m"flex items-end space-x-3"[31m
          [36m>[31m
            [36m<button[31m
              [33mclass[31m=[32m"bg-amber-100 hover:bg-amber-200 text-amber-700 p-3 rounded-full transition-colors flex-shrink-0"[31m
              [33mtitle[31m=[32m"Ajouter des photos"[31m
            [36m>[31m
              [36m<svg[31m
                [33mclass[31m=[32m"lucide lucide-camera w-6 h-6"[31m
                [33mfill[31m=[32m"none"[31m
                [33mheight[31m=[32m"24"[31m
                [33mstroke[31m=[32m"currentColor"[31m
                [33mstroke-linecap[31m=[32m"round"[31m
                [33mstroke-linejoin[31m=[32m"round"[31m
                [33mstroke-width[31m=[32m"2"[31m
                [33mviewBox[31m=[32m"0 0 24 24"[31m
                [33mwidth[31m=[32m"24"[31m
                [33mxmlns[31m=[32m"http://www.w3.org/2000/svg"[31m
              [36m>[31m
                [36m<path[31m
                  [33md[31m=[32m"M14.5 4h-5L7 7H4a2 2 0 0 0-2 2v9a2 2 0 0 0 2 2h16a2 2 0 0 0 2-2V9a2 2 0 0 0-2-2h-3l-2.5-3z"[31m
                [36m/>[31m
                [36m<circle[31m
                  [33mcx[31m=[32m"12"[31m
                  [33mcy[31m=[32m"13"[31m
                  [33mr[31m=[32m"3"[31m
                [36m/>[31m
              [36m</svg>[31m
            [36m</button>[31m
            [36m<input[31m
              [33maccept[31m=[32m"image/*,video/*"[31m
              [33mclass[31m=[32m"hidden"[31m
              [33mmultiple[31m=[32m""[31m
              [33mtype[31m=[32m"file"[31m
            [36m/>[31m
            [36m<button[31m
              [33mclass[31m=[32m"relative p-3 rounded-full transition-all flex-shrink-0 shadow-lg bg-gradient-to-r from-blue-500 to-purple-500 hover:from-blue-600 hover:to-purple-600 text-white"[31m
              [33mtitle[31m=[32m"🎤 Parler au lieu de taper"[31m
            [36m>[31m
              [36m<svg[31m
                [33mclass[31m=[32m"lucide lucide-mic w-6 h-6"[31m
                [33mfill[31m=[32m"none"[31m
                [33mheight[31m=[32m"24"[31m
                [33mstroke[31m=[32m"currentColor"[31m
                [33mstroke-linecap[31m=[32m"round"[31m
                [33mstroke-linejoin[31m=[32m"round"[31m
                [33mstroke-width[31m=[32m"2"[31m
                [33mviewBox[31m=[32m"0 0 24 24"[31m
                [33mwidth[31m=[32m"24"[31m
                [33mxmlns[31m=[32m"http://www.w3.org/2000/svg"[31m
              [36m>[31m
                [36m<path[31m
                  [33md[31m=[32m"M12 2a3 3 0 0 0-3 3v7a3 3 0 0 0 6 0V5a3 3 0 0 0-3-3Z"[31m
                [36m/>[31m
                [36m<path[31m
                  [33md[31m=[32m"M19 10v2a7 7 0 0 1-14 0v-2"[31m
                [36m/>[31m
                [36m<line[31m
                  [33mx1[31m=[32m"12"[31m
                  [33mx2[31m=[32m"12"[31m
                  [33my1[31m=[32m"19"[31m
                  [33my2[31m=[32m"22"[31m
                [36m/>[31m
              [36m</svg>[31m
            [36m</button>[31m
            [36m<div[31m
              [33mclass[31m=[32m"flex-1"[31m
            [36m>[31m
              [36m<textarea[31m
                [33mclass[31m=[32m"w-full border-2 border-gray-300 rounded-2xl px-4 py-3 focus:outline-none focus:ring-2 focus:ring-red-500 focus:border-transparent resize-none"[31m
                [33mplaceholder[31m=[32m"Nom complet + Problème + N° commande... (Ex: Jean Dupont, mon canapé OSLO a un pied cassé, CMD-2024-12345)"[31m
                [33mrows[31m=[32m"1"[31m
                [33mstyle[31m=[32m"min-height: 50px; max-height: 150px;"[31m
              [36m/>[31m
            [36m</div>[31m
            [36m<button[31m
              [33mclass[31m=[32m"p-3 rounded-full flex-shrink-0 transition-all bg-gray-300 text-gray-500 cursor-not-allowed"[31m
              [33mdisabled[31m=[32m""[31m
            [36m>[31m
              [36m<svg[31m
                [33mclass[31m=[32m"lucide lucide-send w-6 h-6"[31m
                [33mfill[31m=[32m"none"[31m
                [33mheight[31m=[32m"24"[31m
                [33mstroke[31m=[32m"currentColor"[31m
                [33mstroke-linecap[31m=[32m"round"[31m
                [33mstroke-linejoin[31m=[32m"round"[31m
                [33mstroke-width[31m=[32m"2"[31m
                [33mviewBox[31m=[32m"0 0 24 24"[31m
                [33mwidth[31m=[32m"24"[31m
                [33mxmlns[31m=[32m"http://www.w3.org/2000/svg"[31m
              [36m>[31m
                [36m<path[31m
                  [33md[31m=[32m"m22 2-7 20-4-9-9-4Z"[31m
                [36m/>[31m
                [36m<path[31m
                  [33md[31m=[32m"M22 2 11 13"[31m
                [36m/>[31m
              [36m</svg>[31m
            [36m</button>[31m
          [36m</div>[31m
          [36m<p[31m
            [33mclass[31m=[32m"text-xs text-gray-500 mt-3 text-center"[31m
          [36m>[31m
            [0m🔒 Données sécurisées • ⚡ Réponse immédiate • 🎤 Conversation vocale complète • 🔊 Le bot vous parle • 🎯 Analyse automatique du TON et PRIORITÉ • 🛡️ Vérification garantie instantanée[0m
          [36m</p>[31m
        [36m</div>[31m
      [36m</div>[31m
    [36m</div>[31m
  [36m</body>[31m
[36m</html>[31m[39m
[90mstdout[2m | src/__tests__/ChatInterface.test.jsx[2m > [22m[2mChatInterface[2m > [22m[2mError Handling[2m > [22m[2mshould display error message on API failure[22m[39m
✅ Synthèse vocale disponible

[90mstdout[2m | src/__tests__/ChatInterface.test.jsx[2m > [22m[2mChatInterface[2m > [22m[2mError Handling[2m > [22m[2mshould display error message on API failure[22m[39m
<empty line>
[90mstderr[2m | src/__tests__/ChatInterface.test.jsx[2m > [22m[2mChatInterface[2m > [22m[2mError Handling[2m > [22m[2mshould display error message on API failure[22m[39m
[MSW] Warning: intercepted a request without a matching request handler:

  • POST /api/chat

  • Request body: {"message":"Test","session_id":"test-uuid-evhexxc","photos":[]}

If you still wish to intercept this unhandled request, please create a request handler for it.
Read more: https://mswjs.io/docs/http/intercepting-requests

[90mstdout[2m | src/__tests__/ChatInterface.test.jsx[2m > [22m[2mChatInterface[2m > [22m[2mError Handling[2m > [22m[2mshould display error message on API failure[22m[39m
<empty line>
[90mstderr[2m | src/__tests__/ChatInterface.test.jsx[2m > [22m[2mChatInterface[2m > [22m[2mError Handling[2m > [22m[2mshould display error message on API failure[22m[39m
Erreur: TypeError: fetch failed
[90m    at node:internal/deps/undici/undici:13510:13[39m
[90m    at processTicksAndRejections (node:internal/process/task_queues:105:5)[39m
    at until [90m(file:///C:/Users/v-nbayonne/meuble-de-france-chatbot/frontend/[39mnode_modules/[4m@open-draft[24m/until/src/until.ts:23:18[90m)[39m
    at Object.passthrough [90m(file:///C:/Users/v-nbayonne/meuble-de-france-chatbot/frontend/[39mnode_modules/[4m@mswjs[24m/interceptors/src/interceptors/fetch/index.ts:78:68[90m)[39m
    at _RequestController.passthrough [90m(file:///C:/Users/v-nbayonne/meuble-de-france-chatbot/frontend/[39mnode_modules/[4m@mswjs[24m/interceptors/src/RequestController.ts:50:5[90m)[39m
    at handleRequest [90m(file:///C:/Users/v-nbayonne/meuble-de-france-chatbot/frontend/[39mnode_modules/[4m@mswjs[24m/interceptors/src/utils/handleRequest.ts:201:12[90m)[39m
    at globalThis.fetch [90m(file:///C:/Users/v-nbayonne/meuble-de-france-chatbot/frontend/[39mnode_modules/[4m@mswjs[24m/interceptors/src/interceptors/fetch/index.ts:185:7[90m)[39m
    at sendMessage [90m(C:\Users\v-nbayonne\meuble-de-france-chatbot\frontend\[39msrc\components\ChatInterface.jsx:275:24[90m)[39m {
  [cause]: AggregateError: 
  [90m    at internalConnectMultiple (node:net:1134:18)[39m
  [90m    at afterConnectMultiple (node:net:1715:7)[39m {
    code: [32m'ECONNREFUSED'[39m,
    [errors]: [ [36m[Error][39m, [36m[Error][39m ]
  }
}

 [32m✓[39m src/__tests__/ChatInterface.test.jsx[2m > [22mChatInterface[2m > [22mError Handling[2m > [22mshould display error message on API failure[33m 649[2mms[22m[39m
[90mstdout[2m | src/__tests__/ChatInterface.test.jsx[2m > [22m[2mChatInterface[2m > [22m[2mError Handling[2m > [22m[2mshould handle network error gracefully[22m[39m
✅ Synthèse vocale disponible

 [31m×[39m src/__tests__/Dashboard.test.jsx[2m > [22mDashboard[2m > [22mStatus Filtering[2m > [22mshould show all status options[33m 1027[2mms[22m[39m
[31m   → Unable to find a label with the text of: /Statut:/i

Ignored nodes: comments, script, style
[36m<body>[31m
  [36m<div>[31m
    [36m<div[31m
      [33mclass[31m=[32m"flex items-center justify-center h-screen bg-gray-50"[31m
    [36m>[31m
      [36m<div[31m
        [33mclass[31m=[32m"text-center text-red-600"[31m
      [36m>[31m
        [36m<svg[31m
          [33mclass[31m=[32m"lucide lucide-xcircle w-16 h-16 mx-auto mb-4"[31m
          [33mfill[31m=[32m"none"[31m
          [33mheight[31m=[32m"24"[31m
          [33mstroke[31m=[32m"currentColor"[31m
          [33mstroke-linecap[31m=[32m"round"[31m
          [33mstroke-linejoin[31m=[32m"round"[31m
          [33mstroke-width[31m=[32m"2"[31m
          [33mviewBox[31m=[32m"0 0 24 24"[31m
          [33mwidth[31m=[32m"24"[31m
          [33mxmlns[31m=[32m"http://www.w3.org/2000/svg"[31m
        [36m>[31m
          [36m<circle[31m
            [33mcx[31m=[32m"12"[31m
            [33mcy[31m=[32m"12"[31m
            [33mr[31m=[32m"10"[31m
          [36m/>[31m
          [36m<path[31m
            [33md[31m=[32m"m15 9-6 6"[31m
          [36m/>[31m
          [36m<path[31m
            [33md[31m=[32m"m9 9 6 6"[31m
          [36m/>[31m
        [36m</svg>[31m
        [36m<p[31m
          [33mclass[31m=[32m"text-xl font-semibold"[31m
        [36m>[31m
          [0mErreur de connexion au serveur[0m
        [36m</p>[31m
        [36m<button[31m
          [33mclass[31m=[32m"mt-4 px-4 py-2 bg-red-600 text-white rounded-lg hover:bg-red-700"[31m
        [36m>[31m
          [0mRéessayer[0m
        [36m</button>[31m
      [36m</div>[31m
    [36m</div>[31m
  [36m</div>[31m
[36m</body>[31m

Ignored nodes: comments, script, style
[36m<html>[31m
  [36m<head />[31m
  [36m<body>[31m
    [36m<div>[31m
      [36m<div[31m
        [33mclass[31m=[32m"flex items-center justify-center h-screen bg-gray-50"[31m
      [36m>[31m
        [36m<div[31m
          [33mclass[31m=[32m"text-center text-red-600"[31m
        [36m>[31m
          [36m<svg[31m
            [33mclass[31m=[32m"lucide lucide-xcircle w-16 h-16 mx-auto mb-4"[31m
            [33mfill[31m=[32m"none"[31m
            [33mheight[31m=[32m"24"[31m
            [33mstroke[31m=[32m"currentColor"[31m
            [33mstroke-linecap[31m=[32m"round"[31m
            [33mstroke-linejoin[31m=[32m"round"[31m
            [33mstroke-width[31m=[32m"2"[31m
            [33mviewBox[31m=[32m"0 0 24 24"[31m
            [33mwidth[31m=[32m"24"[31m
            [33mxmlns[31m=[32m"http://www.w3.org/2000/svg"[31m
          [36m>[31m
            [36m<circle[31m
              [33mcx[31m=[32m"12"[31m
              [33mcy[31m=[32m"12"[31m
              [33mr[31m=[32m"10"[31m
            [36m/>[31m
            [36m<path[31m
              [33md[31m=[32m"m15 9-6 6"[31m
            [36m/>[31m
            [36m<path[31m
              [33md[31m=[32m"m9 9 6 6"[31m
            [36m/>[31m
          [36m</svg>[31m
          [36m<p[31m
            [33mclass[31m=[32m"text-xl font-semibold"[31m
          [36m>[31m
            [0mErreur de connexion au serveur[0m
          [36m</p>[31m
          [36m<button[31m
            [33mclass[31m=[32m"mt-4 px-4 py-2 bg-red-600 text-white rounded-lg hover:bg-red-700"[31m
          [36m>[31m
            [0mRéessayer[0m
          [36m</button>[31m
        [36m</div>[31m
      [36m</div>[31m
    [36m</div>[31m
  [36m</body>[31m
[36m</html>[31m[39m
[90mstdout[2m | src/__tests__/Dashboard.test.jsx[2m > [22m[2mDashboard[2m > [22m[2mStatus Filtering[2m > [22m[2mshould filter tickets by status when selected[22m[39m
🔍 Dashboard - Tickets bruts: [33m0[39m
🔍 Dashboard - Tickets filtrés: [33m0[39m
🔍 Dashboard - Filtres actifs: { filterPriority: [32m'all'[39m, filterStatus: [32m'all'[39m }

[90mstderr[2m | src/__tests__/Dashboard.test.jsx[2m > [22m[2mDashboard[2m > [22m[2mStatus Filtering[2m > [22m[2mshould filter tickets by status when selected[22m[39m
[MSW] Warning: intercepted a request without a matching request handler:

  • GET /api/sav/tickets

If you still wish to intercept this unhandled request, please create a request handler for it.
Read more: https://mswjs.io/docs/http/intercepting-requests

[90mstderr[2m | src/__tests__/Dashboard.test.jsx[2m > [22m[2mDashboard[2m > [22m[2mStatus Filtering[2m > [22m[2mshould filter tickets by status when selected[22m[39m
Erreur: TypeError: fetch failed
[90m    at node:internal/deps/undici/undici:13510:13[39m
[90m    at processTicksAndRejections (node:internal/process/task_queues:105:5)[39m
    at until [90m(file:///C:/Users/v-nbayonne/meuble-de-france-chatbot/frontend/[39mnode_modules/[4m@open-draft[24m/until/src/until.ts:23:18[90m)[39m
    at Object.passthrough [90m(file:///C:/Users/v-nbayonne/meuble-de-france-chatbot/frontend/[39mnode_modules/[4m@mswjs[24m/interceptors/src/interceptors/fetch/index.ts:78:68[90m)[39m
    at _RequestController.passthrough [90m(file:///C:/Users/v-nbayonne/meuble-de-france-chatbot/frontend/[39mnode_modules/[4m@mswjs[24m/interceptors/src/RequestController.ts:50:5[90m)[39m
    at handleRequest [90m(file:///C:/Users/v-nbayonne/meuble-de-france-chatbot/frontend/[39mnode_modules/[4m@mswjs[24m/interceptors/src/utils/handleRequest.ts:201:12[90m)[39m
    at globalThis.fetch [90m(file:///C:/Users/v-nbayonne/meuble-de-france-chatbot/frontend/[39mnode_modules/[4m@mswjs[24m/interceptors/src/interceptors/fetch/index.ts:185:7[90m)[39m
    at fetchTickets [90m(C:\Users\v-nbayonne\meuble-de-france-chatbot\frontend\[39msrc\components\Dashboard.jsx:24:24[90m)[39m {
  [cause]: AggregateError: 
  [90m    at internalConnectMultiple (node:net:1134:18)[39m
  [90m    at afterConnectMultiple (node:net:1715:7)[39m {
    code: [32m'ECONNREFUSED'[39m,
    [errors]: [ [36m[Error][39m, [36m[Error][39m ]
  }
}

[90mstdout[2m | src/__tests__/Dashboard.test.jsx[2m > [22m[2mDashboard[2m > [22m[2mStatus Filtering[2m > [22m[2mshould filter tickets by status when selected[22m[39m
🔍 Dashboard - Tickets bruts: [33m0[39m
🔍 Dashboard - Tickets filtrés: [33m0[39m
🔍 Dashboard - Filtres actifs: { filterPriority: [32m'all'[39m, filterStatus: [32m'all'[39m }

[90mstdout[2m | src/__tests__/ChatInterface.test.jsx[2m > [22m[2mChatInterface[2m > [22m[2mError Handling[2m > [22m[2mshould handle network error gracefully[22m[39m
<empty line>
[90mstderr[2m | src/__tests__/ChatInterface.test.jsx[2m > [22m[2mChatInterface[2m > [22m[2mError Handling[2m > [22m[2mshould handle network error gracefully[22m[39m
[MSW] Warning: intercepted a request without a matching request handler:

  • POST /api/chat

  • Request body: {"message":"Test","session_id":"test-uuid-liiwvin","photos":[]}

If you still wish to intercept this unhandled request, please create a request handler for it.
Read more: https://mswjs.io/docs/http/intercepting-requests

[90mstdout[2m | src/__tests__/ChatInterface.test.jsx[2m > [22m[2mChatInterface[2m > [22m[2mError Handling[2m > [22m[2mshould handle network error gracefully[22m[39m
<empty line>
[90mstderr[2m | src/__tests__/ChatInterface.test.jsx[2m > [22m[2mChatInterface[2m > [22m[2mError Handling[2m > [22m[2mshould handle network error gracefully[22m[39m
Erreur: TypeError: fetch failed
[90m    at node:internal/deps/undici/undici:13510:13[39m
[90m    at processTicksAndRejections (node:internal/process/task_queues:105:5)[39m
    at until [90m(file:///C:/Users/v-nbayonne/meuble-de-france-chatbot/frontend/[39mnode_modules/[4m@open-draft[24m/until/src/until.ts:23:18[90m)[39m
    at Object.passthrough [90m(file:///C:/Users/v-nbayonne/meuble-de-france-chatbot/frontend/[39mnode_modules/[4m@mswjs[24m/interceptors/src/interceptors/fetch/index.ts:78:68[90m)[39m
    at _RequestController.passthrough [90m(file:///C:/Users/v-nbayonne/meuble-de-france-chatbot/frontend/[39mnode_modules/[4m@mswjs[24m/interceptors/src/RequestController.ts:50:5[90m)[39m
    at handleRequest [90m(file:///C:/Users/v-nbayonne/meuble-de-france-chatbot/frontend/[39mnode_modules/[4m@mswjs[24m/interceptors/src/utils/handleRequest.ts:201:12[90m)[39m
    at globalThis.fetch [90m(file:///C:/Users/v-nbayonne/meuble-de-france-chatbot/frontend/[39mnode_modules/[4m@mswjs[24m/interceptors/src/interceptors/fetch/index.ts:185:7[90m)[39m
    at sendMessage [90m(C:\Users\v-nbayonne\meuble-de-france-chatbot\frontend\[39msrc\components\ChatInterface.jsx:275:24[90m)[39m {
  [cause]: AggregateError: 
  [90m    at internalConnectMultiple (node:net:1134:18)[39m
  [90m    at afterConnectMultiple (node:net:1715:7)[39m {
    code: [32m'ECONNREFUSED'[39m,
    [errors]: [ [36m[Error][39m, [36m[Error][39m ]
  }
}

 [32m✓[39m src/__tests__/ChatInterface.test.jsx[2m > [22mChatInterface[2m > [22mError Handling[2m > [22mshould handle network error gracefully[33m 594[2mms[22m[39m
[90mstdout[2m | src/__tests__/ChatInterface.test.jsx[2m > [22m[2mChatInterface[2m > [22m[2mError Handling[2m > [22m[2mshould allow retry after error[22m[39m
✅ Synthèse vocale disponible

[90mstdout[2m | src/__tests__/ChatInterface.test.jsx[2m > [22m[2mChatInterface[2m > [22m[2mError Handling[2m > [22m[2mshould allow retry after error[22m[39m
<empty line>
[90mstderr[2m | src/__tests__/ChatInterface.test.jsx[2m > [22m[2mChatInterface[2m > [22m[2mError Handling[2m > [22m[2mshould allow retry after error[22m[39m
[MSW] Warning: intercepted a request without a matching request handler:

  • POST /api/chat

  • Request body: {"message":"Test","session_id":"test-uuid-e0vkfiw","photos":[]}

If you still wish to intercept this unhandled request, please create a request handler for it.
Read more: https://mswjs.io/docs/http/intercepting-requests

[90mstdout[2m | src/__tests__/ChatInterface.test.jsx[2m > [22m[2mChatInterface[2m > [22m[2mError Handling[2m > [22m[2mshould allow retry after error[22m[39m
<empty line>
[90mstderr[2m | src/__tests__/ChatInterface.test.jsx[2m > [22m[2mChatInterface[2m > [22m[2mError Handling[2m > [22m[2mshould allow retry after error[22m[39m
Erreur: TypeError: fetch failed
[90m    at node:internal/deps/undici/undici:13510:13[39m
[90m    at processTicksAndRejections (node:internal/process/task_queues:105:5)[39m
    at until [90m(file:///C:/Users/v-nbayonne/meuble-de-france-chatbot/frontend/[39mnode_modules/[4m@open-draft[24m/until/src/until.ts:23:18[90m)[39m
    at Object.passthrough [90m(file:///C:/Users/v-nbayonne/meuble-de-france-chatbot/frontend/[39mnode_modules/[4m@mswjs[24m/interceptors/src/interceptors/fetch/index.ts:78:68[90m)[39m
    at _RequestController.passthrough [90m(file:///C:/Users/v-nbayonne/meuble-de-france-chatbot/frontend/[39mnode_modules/[4m@mswjs[24m/interceptors/src/RequestController.ts:50:5[90m)[39m
    at handleRequest [90m(file:///C:/Users/v-nbayonne/meuble-de-france-chatbot/frontend/[39mnode_modules/[4m@mswjs[24m/interceptors/src/utils/handleRequest.ts:201:12[90m)[39m
    at globalThis.fetch [90m(file:///C:/Users/v-nbayonne/meuble-de-france-chatbot/frontend/[39mnode_modules/[4m@mswjs[24m/interceptors/src/interceptors/fetch/index.ts:185:7[90m)[39m
    at sendMessage [90m(C:\Users\v-nbayonne\meuble-de-france-chatbot\frontend\[39msrc\components\ChatInterface.jsx:275:24[90m)[39m {
  [cause]: AggregateError: 
  [90m    at internalConnectMultiple (node:net:1134:18)[39m
  [90m    at afterConnectMultiple (node:net:1715:7)[39m {
    code: [32m'ECONNREFUSED'[39m,
    [errors]: [ [36m[Error][39m, [36m[Error][39m ]
  }
}

 [31m×[39m src/__tests__/Dashboard.test.jsx[2m > [22mDashboard[2m > [22mStatus Filtering[2m > [22mshould filter tickets by status when selected[33m 1016[2mms[22m[39m
[31m   → Unable to find an element with the text: /Jean Dupont/i. This could be because the text is broken up by multiple elements. In this case, you can provide a function for your text matcher to make your matcher more flexible.

Ignored nodes: comments, script, style
[36m<body>[31m
  [36m<div>[31m
    [36m<div[31m
      [33mclass[31m=[32m"flex items-center justify-center h-screen bg-gray-50"[31m
    [36m>[31m
      [36m<div[31m
        [33mclass[31m=[32m"text-center text-red-600"[31m
      [36m>[31m
        [36m<svg[31m
          [33mclass[31m=[32m"lucide lucide-xcircle w-16 h-16 mx-auto mb-4"[31m
          [33mfill[31m=[32m"none"[31m
          [33mheight[31m=[32m"24"[31m
          [33mstroke[31m=[32m"currentColor"[31m
          [33mstroke-linecap[31m=[32m"round"[31m
          [33mstroke-linejoin[31m=[32m"round"[31m
          [33mstroke-width[31m=[32m"2"[31m
          [33mviewBox[31m=[32m"0 0 24 24"[31m
          [33mwidth[31m=[32m"24"[31m
          [33mxmlns[31m=[32m"http://www.w3.org/2000/svg"[31m
        [36m>[31m
          [36m<circle[31m
            [33mcx[31m=[32m"12"[31m
            [33mcy[31m=[32m"12"[31m
            [33mr[31m=[32m"10"[31m
          [36m/>[31m
          [36m<path[31m
            [33md[31m=[32m"m15 9-6 6"[31m
          [36m/>[31m
          [36m<path[31m
            [33md[31m=[32m"m9 9 6 6"[31m
          [36m/>[31m
        [36m</svg>[31m
        [36m<p[31m
          [33mclass[31m=[32m"text-xl font-semibold"[31m
        [36m>[31m
          [0mErreur de connexion au serveur[0m
        [36m</p>[31m
        [36m<button[31m
          [33mclass[31m=[32m"mt-4 px-4 py-2 bg-red-600 text-white rounded-lg hover:bg-red-700"[31m
        [36m>[31m
          [0mRéessayer[0m
        [36m</button>[31m
      [36m</div>[31m
    [36m</div>[31m
  [36m</div>[31m
[36m</body>[31m

Ignored nodes: comments, script, style
[36m<html>[31m
  [36m<head />[31m
  [36m<body>[31m
    [36m<div>[31m
      [36m<div[31m
        [33mclass[31m=[32m"flex items-center justify-center h-screen bg-gray-50"[31m
      [36m>[31m
        [36m<div[31m
          [33mclass[31m=[32m"text-center text-red-600"[31m
        [36m>[31m
          [36m<svg[31m
            [33mclass[31m=[32m"lucide lucide-xcircle w-16 h-16 mx-auto mb-4"[31m
            [33mfill[31m=[32m"none"[31m
            [33mheight[31m=[32m"24"[31m
            [33mstroke[31m=[32m"currentColor"[31m
            [33mstroke-linecap[31m=[32m"round"[31m
            [33mstroke-linejoin[31m=[32m"round"[31m
            [33mstroke-width[31m=[32m"2"[31m
            [33mviewBox[31m=[32m"0 0 24 24"[31m
            [33mwidth[31m=[32m"24"[31m
            [33mxmlns[31m=[32m"http://www.w3.org/2000/svg"[31m
          [36m>[31m
            [36m<circle[31m
              [33mcx[31m=[32m"12"[31m
              [33mcy[31m=[32m"12"[31m
              [33mr[31m=[32m"10"[31m
            [36m/>[31m
            [36m<path[31m
              [33md[31m=[32m"m15 9-6 6"[31m
            [36m/>[31m
            [36m<path[31m
              [33md[31m=[32m"m9 9 6 6"[31m
            [36m/>[31m
          [36m</svg>[31m
          [36m<p[31m
            [33mclass[31m=[32m"text-xl font-semibold"[31m
          [36m>[31m
            [0mErreur de connexion au serveur[0m
          [36m</p>[31m
          [36m<button[31m
            [33mclass[31m=[32m"mt-4 px-4 py-2 bg-red-600 text-white rounded-lg hover:bg-red-700"[31m
          [36m>[31m
            [0mRéessayer[0m
          [36m</button>[31m
        [36m</div>[31m
      [36m</div>[31m
    [36m</div>[31m
  [36m</body>[31m
[36m</html>[31m[39m
[90mstdout[2m | src/__tests__/Dashboard.test.jsx[2m > [22m[2mDashboard[2m > [22m[2mStatus Filtering[2m > [22m[2mshould combine priority and status filters[22m[39m
🔍 Dashboard - Tickets bruts: [33m0[39m
🔍 Dashboard - Tickets filtrés: [33m0[39m
🔍 Dashboard - Filtres actifs: { filterPriority: [32m'all'[39m, filterStatus: [32m'all'[39m }

[90mstderr[2m | src/__tests__/Dashboard.test.jsx[2m > [22m[2mDashboard[2m > [22m[2mStatus Filtering[2m > [22m[2mshould combine priority and status filters[22m[39m
[MSW] Warning: intercepted a request without a matching request handler:

  • GET /api/sav/tickets

If you still wish to intercept this unhandled request, please create a request handler for it.
Read more: https://mswjs.io/docs/http/intercepting-requests

[90mstderr[2m | src/__tests__/Dashboard.test.jsx[2m > [22m[2mDashboard[2m > [22m[2mStatus Filtering[2m > [22m[2mshould combine priority and status filters[22m[39m
Erreur: TypeError: fetch failed
[90m    at node:internal/deps/undici/undici:13510:13[39m
[90m    at processTicksAndRejections (node:internal/process/task_queues:105:5)[39m
    at until [90m(file:///C:/Users/v-nbayonne/meuble-de-france-chatbot/frontend/[39mnode_modules/[4m@open-draft[24m/until/src/until.ts:23:18[90m)[39m
    at Object.passthrough [90m(file:///C:/Users/v-nbayonne/meuble-de-france-chatbot/frontend/[39mnode_modules/[4m@mswjs[24m/interceptors/src/interceptors/fetch/index.ts:78:68[90m)[39m
    at _RequestController.passthrough [90m(file:///C:/Users/v-nbayonne/meuble-de-france-chatbot/frontend/[39mnode_modules/[4m@mswjs[24m/interceptors/src/RequestController.ts:50:5[90m)[39m
    at handleRequest [90m(file:///C:/Users/v-nbayonne/meuble-de-france-chatbot/frontend/[39mnode_modules/[4m@mswjs[24m/interceptors/src/utils/handleRequest.ts:201:12[90m)[39m
    at globalThis.fetch [90m(file:///C:/Users/v-nbayonne/meuble-de-france-chatbot/frontend/[39mnode_modules/[4m@mswjs[24m/interceptors/src/interceptors/fetch/index.ts:185:7[90m)[39m
    at fetchTickets [90m(C:\Users\v-nbayonne\meuble-de-france-chatbot\frontend\[39msrc\components\Dashboard.jsx:24:24[90m)[39m {
  [cause]: AggregateError: 
  [90m    at internalConnectMultiple (node:net:1134:18)[39m
  [90m    at afterConnectMultiple (node:net:1715:7)[39m {
    code: [32m'ECONNREFUSED'[39m,
    [errors]: [ [36m[Error][39m, [36m[Error][39m ]
  }
}

[90mstdout[2m | src/__tests__/Dashboard.test.jsx[2m > [22m[2mDashboard[2m > [22m[2mStatus Filtering[2m > [22m[2mshould combine priority and status filters[22m[39m
🔍 Dashboard - Tickets bruts: [33m0[39m
🔍 Dashboard - Tickets filtrés: [33m0[39m
🔍 Dashboard - Filtres actifs: { filterPriority: [32m'all'[39m, filterStatus: [32m'all'[39m }

[90mstdout[2m | src/__tests__/ChatInterface.test.jsx[2m > [22m[2mChatInterface[2m > [22m[2mError Handling[2m > [22m[2mshould allow retry after error[22m[39m
<empty line>
[90mstderr[2m | src/__tests__/ChatInterface.test.jsx[2m > [22m[2mChatInterface[2m > [22m[2mError Handling[2m > [22m[2mshould allow retry after error[22m[39m
[MSW] Warning: intercepted a request without a matching request handler:

  • POST /api/chat

  • Request body: {"message":"Retry","session_id":"test-uuid-e0vkfiw","photos":[]}

If you still wish to intercept this unhandled request, please create a request handler for it.
Read more: https://mswjs.io/docs/http/intercepting-requests

[90mstdout[2m | src/__tests__/ChatInterface.test.jsx[2m > [22m[2mChatInterface[2m > [22m[2mError Handling[2m > [22m[2mshould allow retry after error[22m[39m
<empty line>
[90mstderr[2m | src/__tests__/ChatInterface.test.jsx[2m > [22m[2mChatInterface[2m > [22m[2mError Handling[2m > [22m[2mshould allow retry after error[22m[39m
Erreur: TypeError: fetch failed
[90m    at node:internal/deps/undici/undici:13510:13[39m
[90m    at processTicksAndRejections (node:internal/process/task_queues:105:5)[39m
    at until [90m(file:///C:/Users/v-nbayonne/meuble-de-france-chatbot/frontend/[39mnode_modules/[4m@open-draft[24m/until/src/until.ts:23:18[90m)[39m
    at Object.passthrough [90m(file:///C:/Users/v-nbayonne/meuble-de-france-chatbot/frontend/[39mnode_modules/[4m@mswjs[24m/interceptors/src/interceptors/fetch/index.ts:78:68[90m)[39m
    at _RequestController.passthrough [90m(file:///C:/Users/v-nbayonne/meuble-de-france-chatbot/frontend/[39mnode_modules/[4m@mswjs[24m/interceptors/src/RequestController.ts:50:5[90m)[39m
    at handleRequest [90m(file:///C:/Users/v-nbayonne/meuble-de-france-chatbot/frontend/[39mnode_modules/[4m@mswjs[24m/interceptors/src/utils/handleRequest.ts:201:12[90m)[39m
    at globalThis.fetch [90m(file:///C:/Users/v-nbayonne/meuble-de-france-chatbot/frontend/[39mnode_modules/[4m@mswjs[24m/interceptors/src/interceptors/fetch/index.ts:185:7[90m)[39m
    at sendMessage [90m(C:\Users\v-nbayonne\meuble-de-france-chatbot\frontend\[39msrc\components\ChatInterface.jsx:275:24[90m)[39m {
  [cause]: AggregateError: 
  [90m    at internalConnectMultiple (node:net:1134:18)[39m
  [90m    at afterConnectMultiple (node:net:1715:7)[39m {
    code: [32m'ECONNREFUSED'[39m,
    [errors]: [ [36m[Error][39m, [36m[Error][39m ]
  }
}

 [31m×[39m src/__tests__/Dashboard.test.jsx[2m > [22mDashboard[2m > [22mStatus Filtering[2m > [22mshould combine priority and status filters[33m 1026[2mms[22m[39m
[31m   → Unable to find an element with the text: /Jean Dupont/i. This could be because the text is broken up by multiple elements. In this case, you can provide a function for your text matcher to make your matcher more flexible.

Ignored nodes: comments, script, style
[36m<body>[31m
  [36m<div>[31m
    [36m<div[31m
      [33mclass[31m=[32m"flex items-center justify-center h-screen bg-gray-50"[31m
    [36m>[31m
      [36m<div[31m
        [33mclass[31m=[32m"text-center text-red-600"[31m
      [36m>[31m
        [36m<svg[31m
          [33mclass[31m=[32m"lucide lucide-xcircle w-16 h-16 mx-auto mb-4"[31m
          [33mfill[31m=[32m"none"[31m
          [33mheight[31m=[32m"24"[31m
          [33mstroke[31m=[32m"currentColor"[31m
          [33mstroke-linecap[31m=[32m"round"[31m
          [33mstroke-linejoin[31m=[32m"round"[31m
          [33mstroke-width[31m=[32m"2"[31m
          [33mviewBox[31m=[32m"0 0 24 24"[31m
          [33mwidth[31m=[32m"24"[31m
          [33mxmlns[31m=[32m"http://www.w3.org/2000/svg"[31m
        [36m>[31m
          [36m<circle[31m
            [33mcx[31m=[32m"12"[31m
            [33mcy[31m=[32m"12"[31m
            [33mr[31m=[32m"10"[31m
          [36m/>[31m
          [36m<path[31m
            [33md[31m=[32m"m15 9-6 6"[31m
          [36m/>[31m
          [36m<path[31m
            [33md[31m=[32m"m9 9 6 6"[31m
          [36m/>[31m
        [36m</svg>[31m
        [36m<p[31m
          [33mclass[31m=[32m"text-xl font-semibold"[31m
        [36m>[31m
          [0mErreur de connexion au serveur[0m
        [36m</p>[31m
        [36m<button[31m
          [33mclass[31m=[32m"mt-4 px-4 py-2 bg-red-600 text-white rounded-lg hover:bg-red-700"[31m
        [36m>[31m
          [0mRéessayer[0m
        [36m</button>[31m
      [36m</div>[31m
    [36m</div>[31m
  [36m</div>[31m
[36m</body>[31m

Ignored nodes: comments, script, style
[36m<html>[31m
  [36m<head />[31m
  [36m<body>[31m
    [36m<div>[31m
      [36m<div[31m
        [33mclass[31m=[32m"flex items-center justify-center h-screen bg-gray-50"[31m
      [36m>[31m
        [36m<div[31m
          [33mclass[31m=[32m"text-center text-red-600"[31m
        [36m>[31m
          [36m<svg[31m
            [33mclass[31m=[32m"lucide lucide-xcircle w-16 h-16 mx-auto mb-4"[31m
            [33mfill[31m=[32m"none"[31m
            [33mheight[31m=[32m"24"[31m
            [33mstroke[31m=[32m"currentColor"[31m
            [33mstroke-linecap[31m=[32m"round"[31m
            [33mstroke-linejoin[31m=[32m"round"[31m
            [33mstroke-width[31m=[32m"2"[31m
            [33mviewBox[31m=[32m"0 0 24 24"[31m
            [33mwidth[31m=[32m"24"[31m
            [33mxmlns[31m=[32m"http://www.w3.org/2000/svg"[31m
          [36m>[31m
            [36m<circle[31m
              [33mcx[31m=[32m"12"[31m
              [33mcy[31m=[32m"12"[31m
              [33mr[31m=[32m"10"[31m
            [36m/>[31m
            [36m<path[31m
              [33md[31m=[32m"m15 9-6 6"[31m
            [36m/>[31m
            [36m<path[31m
              [33md[31m=[32m"m9 9 6 6"[31m
            [36m/>[31m
          [36m</svg>[31m
          [36m<p[31m
            [33mclass[31m=[32m"text-xl font-semibold"[31m
          [36m>[31m
            [0mErreur de connexion au serveur[0m
          [36m</p>[31m
          [36m<button[31m
            [33mclass[31m=[32m"mt-4 px-4 py-2 bg-red-600 text-white rounded-lg hover:bg-red-700"[31m
          [36m>[31m
            [0mRéessayer[0m
          [36m</button>[31m
        [36m</div>[31m
      [36m</div>[31m
    [36m</div>[31m
  [36m</body>[31m
[36m</html>[31m[39m
[90mstdout[2m | src/__tests__/Dashboard.test.jsx[2m > [22m[2mDashboard[2m > [22m[2mError Handling[2m > [22m[2mshould display error message when fetch fails[22m[39m
🔍 Dashboard - Tickets bruts: [33m0[39m
🔍 Dashboard - Tickets filtrés: [33m0[39m
🔍 Dashboard - Filtres actifs: { filterPriority: [32m'all'[39m, filterStatus: [32m'all'[39m }

[90mstderr[2m | src/__tests__/Dashboard.test.jsx[2m > [22m[2mDashboard[2m > [22m[2mError Handling[2m > [22m[2mshould display error message when fetch fails[22m[39m
[MSW] Warning: intercepted a request without a matching request handler:

  • GET /api/sav/tickets

If you still wish to intercept this unhandled request, please create a request handler for it.
Read more: https://mswjs.io/docs/http/intercepting-requests

[90mstderr[2m | src/__tests__/Dashboard.test.jsx[2m > [22m[2mDashboard[2m > [22m[2mError Handling[2m > [22m[2mshould display error message when fetch fails[22m[39m
Erreur: TypeError: fetch failed
[90m    at node:internal/deps/undici/undici:13510:13[39m
[90m    at processTicksAndRejections (node:internal/process/task_queues:105:5)[39m
    at until [90m(file:///C:/Users/v-nbayonne/meuble-de-france-chatbot/frontend/[39mnode_modules/[4m@open-draft[24m/until/src/until.ts:23:18[90m)[39m
    at Object.passthrough [90m(file:///C:/Users/v-nbayonne/meuble-de-france-chatbot/frontend/[39mnode_modules/[4m@mswjs[24m/interceptors/src/interceptors/fetch/index.ts:78:68[90m)[39m
    at _RequestController.passthrough [90m(file:///C:/Users/v-nbayonne/meuble-de-france-chatbot/frontend/[39mnode_modules/[4m@mswjs[24m/interceptors/src/RequestController.ts:50:5[90m)[39m
    at handleRequest [90m(file:///C:/Users/v-nbayonne/meuble-de-france-chatbot/frontend/[39mnode_modules/[4m@mswjs[24m/interceptors/src/utils/handleRequest.ts:201:12[90m)[39m
    at globalThis.fetch [90m(file:///C:/Users/v-nbayonne/meuble-de-france-chatbot/frontend/[39mnode_modules/[4m@mswjs[24m/interceptors/src/interceptors/fetch/index.ts:185:7[90m)[39m
    at fetchTickets [90m(C:\Users\v-nbayonne\meuble-de-france-chatbot\frontend\[39msrc\components\Dashboard.jsx:24:24[90m)[39m {
  [cause]: AggregateError: 
  [90m    at internalConnectMultiple (node:net:1134:18)[39m
  [90m    at afterConnectMultiple (node:net:1715:7)[39m {
    code: [32m'ECONNREFUSED'[39m,
    [errors]: [ [36m[Error][39m, [36m[Error][39m ]
  }
}

[90mstdout[2m | src/__tests__/Dashboard.test.jsx[2m > [22m[2mDashboard[2m > [22m[2mError Handling[2m > [22m[2mshould display error message when fetch fails[22m[39m
🔍 Dashboard - Tickets bruts: [33m0[39m
🔍 Dashboard - Tickets filtrés: [33m0[39m
🔍 Dashboard - Filtres actifs: { filterPriority: [32m'all'[39m, filterStatus: [32m'all'[39m }

[90mstdout[2m | src/__tests__/ChatInterface.test.jsx[2m > [22m[2mChatInterface[2m > [22m[2mSession Management[2m > [22m[2mshould generate session ID on mount[22m[39m
✅ Synthèse vocale disponible

[90mstdout[2m | src/__tests__/ChatInterface.test.jsx[2m > [22m[2mChatInterface[2m > [22m[2mSession Management[2m > [22m[2mshould maintain messages during session[22m[39m
✅ Synthèse vocale disponible

 [31m×[39m src/__tests__/ChatInterface.test.jsx[2m > [22mChatInterface[2m > [22mError Handling[2m > [22mshould allow retry after error[33m 1976[2mms[22m[39m
[31m   → Unable to find an element with the text: /Comment puis-je vous aider/i. This could be because the text is broken up by multiple elements. In this case, you can provide a function for your text matcher to make your matcher more flexible.

Ignored nodes: comments, script, style
[36m<body>[31m
  [36m<div>[31m
    [36m<div[31m
      [33mclass[31m=[32m"flex flex-col h-full max-w-5xl mx-auto bg-gradient-to-br from-amber-50 to-orange-50"[31m
    [36m>[31m
      [36m<div[31m
        [33mclass[31m=[32m"bg-gradient-to-r from-blue-600 to-blue-700 text-white p-6 shadow-lg"[31m
      [36m>[31m
        [36m<div[31m
          [33mclass[31m=[32m"flex items-center justify-between"[31m
        [36m>[31m
          [36m<div>[31m
            [36m<h1[31m
              [33mclass[31m=[32m"text-3xl font-bold"[31m
            [36m>[31m
              [0mService clientèle du groupe Mobilier de France[0m
            [36m</h1>[31m
            [36m<p[31m
              [33mclass[31m=[32m"text-sm opacity-90 mt-1"[31m
            [36m>[31m
              [0mService Après-Vente Intelligent • Traitement automatisé en temps réel[0m
            [36m</p>[31m
          [36m</div>[31m
          [36m<div[31m
            [33mclass[31m=[32m"flex items-center space-x-4"[31m
          [36m>[31m
            [36m<button[31m
              [33mclass[31m=[32m"flex items-center space-x-2 px-4 py-2 rounded-lg font-medium transition-all bg-white text-blue-600 hover:bg-gray-100"[31m
              [33mtitle[31m=[32m"Désactiver la voix du bot"[31m
            [36m>[31m
              [36m<svg[31m
                [33mclass[31m=[32m"lucide lucide-volume2 w-5 h-5 "[31m
                [33mfill[31m=[32m"none"[31m
                [33mheight[31m=[32m"24"[31m
                [33mstroke[31m=[32m"currentColor"[31m
                [33mstroke-linecap[31m=[32m"round"[31m
                [33mstroke-linejoin[31m=[32m"round"[31m
                [33mstroke-width[31m=[32m"2"[31m
                [33mviewBox[31m=[32m"0 0 24 24"[31m
                [33mwidth[31m=[32m"24"[31m
                [33mxmlns[31m=[32m"http://www.w3.org/2000/svg"[31m
              [36m>[31m
                [36m<polygon[31m
                  [33mpoints[31m=[32m"11 5 6 9 2 9 2 15 6 15 11 19 11 5"[31m
                [36m/>[31m
                [36m<path[31m
                  [33md[31m=[32m"M15.54 8.46a5 5 0 0 1 0 7.07"[31m
                [36m/>[31m
                [36m<path[31m
                  [33md[31m=[32m"M19.07 4.93a10 10 0 0 1 0 14.14"[31m
                [36m/>[31m
              [36m</svg>[31m
              [36m<span[31m
                [33mclass[31m=[32m"text-sm"[31m
              [36m>[31m
                [0mVoix ON[0m
              [36m</span>[31m
            [36m</button>[31m
            [36m<div[31m
              [33mclass[31m=[32m"text-right text-xs opacity-80 border-l border-white/30 pl-4"[31m
            [36m>[31m
              [36m<p[31m
                [33mclass[31m=[32m"font-semibold"[31m
              [36m>[31m
                [0m🎯 100% Automatisé[0m
              [36m</p>[31m
              [36m<p[31m
                [33mclass[31m=[32m"text-xs"[31m
              [36m>[31m
                [0m✅ Analyse TON • ✅ Garantie • ✅ Priorité[0m
              [36m</p>[31m
            [36m</div>[31m
          [36m</div>[31m
        [36m</div>[31m
      [36m</div>[31m
      [36m<div[31m
        [33mclass[31m=[32m"flex-1 overflow-y-auto p-6 space-y-4"[31m
      [36m>[31m
        [36m<div[31m
          [33mclass[31m=[32m"flex justify-start fade-in"[31m
        [36m>[31m
          [36m<div[31m
            [33mclass[31m=[32m"max-w-[75%] rounded-2xl p-4 shadow-md bg-white text-gray-800 border border-gray-200"[31m
          [36m>[31m
            [36m<div[31m
              [33mclass[31m=[32m"flex items-start space-x-3"[31m
            [36m>[31m
              [36m<div[31m
                [33mclass[31m=[32m"w-8 h-8 rounded-full bg-gradient-to-r from-amber-500 to-orange-500 flex items-center justify-center text-white font-bold flex-shrink-0"[31m
              [36m>[31m
                [0mM[0m
              [36m</div>[31m
              [36m<div[31m
                [33mclass[31m=[32m"flex-1"[31m
              [36m>[31m
                [36m<p[31m
                  [33mclass[31m=[32m"whitespace-pre-line leading-relaxed"[31m
                [36m>[31m
                  [0m👋 Bonjour ! Je suis votre assistant SAV Mobilier de France.

Décrivez-moi votre problème avec votre numéro de commande, je m'occupe du reste !

💡 **Exemple** : "Bonjour, je m'appelle Marie Martin. Mon canapé OSLO a le pied cassé, commande CMD-2024-12345"[0m
                [36m</p>[31m
                [36m<div[31m
                  [33mclass[31m=[32m"flex items-center justify-between mt-2 text-xs text-gray-500"[31m
                [36m>[31m
                  [36m<span>[31m
                    [0m13:02[0m
                  [36m</span>[31m
                [36m</div>[31m
              [36m</div>[31m
            [36m</div>[31m
          [36m</div>[31m
        [36m</div>[31m
        [36m<div[31m
          [33mclass[31m=[32m"flex justify-end fade-in"[31m
        [36m>[31m
          [36m<div[31m
            [33mclass[31m=[32m"max-w-[75%] rounded-2xl p-4 shadow-md bg-gradient-to-r from-amber-500 to-orange-500 text-white"[31m
          [36m>[31m
            [36m<div[31m
              [33mclass[31m=[32m"flex items-start space-x-3"[31m
            [36m>[31m
              [36m<div[31m
                [33mclass[31m=[32m"flex-1"[31m
              [36m>[31m
                [36m<p[31m
                  [33mclass[31m=[32m"whitespace-pre-line leading-relaxed"[31m
                [36m>[31m
                  [0mTest[0m
                [36m</p>[31m
                [36m<div[31m
                  [33mclass[31m=[32m"flex items-center justify-between mt-2 text-xs text-white/70"[31m
                [36m>[31m
                  [36m<span>[31m
                    [0m13:02[0m
                  [36m</span>[31m
                [36m</div>[31m
              [36m</div>[31m
              [36m<div[31m
                [33mclass[31m=[32m"w-8 h-8 rounded-full bg-white flex items-center justify-center text-amber-600 font-bold flex-shrink-0"[31m
              [36m>[31m
                [0mV[0m
              [36m</div>[31m
            [36m</div>[31m
          [36m</div>[31m
        [36m</div>[31m
        [36m<div[31m
          [33mclass[31m=[32m"flex justify-start fade-in"[31m
        [36m>[31m
          [36m<div[31m
            [33mclass[31m=[32m"max-w-[75%] rounded-2xl p-4 shadow-md bg-white text-gray-800 border border-gray-200"[31m
          [36m>[31m
            [36m<div[31m
              [33mclass[31m=[32m"flex items-start space-x-3"[31m
            [36m>[31m
              [36m<div[31m
                [33mclass[31m=[32m"w-8 h-8 rounded-full bg-gradient-to-r from-amber-500 to-orange-500 flex items-center justify-center text-white font-bold flex-shrink-0"[31m
              [36m>[31m
                [0mM[0m
              [36m</div>[31m
              [36m<div[31m
                [33mclass[31m=[32m"flex-1"[31m
              [36m>[31m
                [36m<p[31m
                  [33mclass[31m=[32m"whitespace-pre-line leading-relaxed"[31m
                [36m>[31m
                  [0mDésolé, j'ai rencontré un problème technique. Pouvez-vous réessayer ?[0m
                [36m</p>[31m
                [36m<div[31m
                  [33mclass[31m=[32m"flex items-center justify-between mt-2 text-xs text-gray-500"[31m
                [36m>[31m
                  [36m<span>[31m
                    [0m13:02[0m
                  [36m</span>[31m
                [36m</div>[31m
              [36m</div>[31m
            [36m</div>[31m
          [36m</div>[31m
        [36m</div>[31m
        [36m<div[31m
          [33mclass[31m=[32m"flex justify-end fade-in"[31m
        [36m>[31m
          [36m<div[31m
            [33mclass[31m=[32m"max-w-[75%] rounded-2xl p-4 shadow-md bg-gradient-to-r from-amber-500 to-orange-500 text-white"[31m
          [36m>[31m
            [36m<div[31m
              [33mclass[31m=[32m"flex items-start space-x-3"[31m
            [36m>[31m
              [36m<div[31m
                [33mclass[31m=[32m"flex-1"[31m
              [36m>[31m
                [36m<p[31m
                  [33mclass[31m=[32m"whitespace-pre-line leading-relaxed"[31m
                [36m>[31m
                  [0mRetry[0m
                [36m</p>[31m
                [36m<div[31m
                  [33mclass[31m=[32m"flex items-center justify-between mt-2 text-xs text-white/70"[31m
                [36m>[31m
                  [36m<span>[31m
                    [0m13:02[0m
                  [36m</span>[31m
                [36m</div>[31m
              [36m</div>[31m
              [36m<div[31m
                [33mclass[31m=[32m"w-8 h-8 rounded-full bg-white flex items-center justify-center text-amber-600 font-bold flex-shrink-0"[31m
              [36m>[31m
                [0mV[0m
              [36m</div>[31m
            [36m</div>[31m
          [36m</div>[31m
        [36m</div>[31m
        [36m<div[31m
          [33mclass[31m=[32m"flex justify-start fade-in"[31m
        [36m>[31m
          [36m<div[31m
            [33mclass[31m=[32m"max-w-[75%] rounded-2xl p-4 shadow-md bg-white text-gray-800 border border-gray-200"[31m
          [36m>[31m
            [36m<div[31m
              [33mclass[31m=[32m"flex items-start space-x-3"[31m
            [36m>[31m
              [36m<div[31m
                [33mclass[31m=[32m"w-8 h-8 rounded-full bg-gradient-to-r from-amber-500 to-orange-500 flex items-center justify-center text-white font-bold flex-shrink-0"[31m
              [36m>[31m
                [0mM[0m
              [36m</div>[31m
              [36m<div[31m
                [33mclass[31m=[32m"flex-1"[31m
              [36m>[31m
                [36m<p[31m
                  [33mclass[31m=[32m"whitespace-pre-line leading-relaxed"[31m
                [36m>[31m
                  [0mDésolé, j'ai rencontré un problème technique. Pouvez-vous réessayer ?[0m
                [36m</p>[31m
                [36m<div[31m
                  [33mclass[31m=[32m"flex items-center justify-between mt-2 text-xs text-gray-500"[31m
                [36m>[31m
                  [36m<span>[31m
                    [0m13:02[0m
                  [36m</span>[31m
                [36m</div>[31m
              [36m</div>[31m
            [36m</div>[31m
          [36m</div>[31m
        [36m</div>[31m
        [36m<div />[31m
      [36m</div>[31m
      [36m<div[31m
        [33mclass[31m=[32m"bg-white p-6 border-t border-gray-200 shadow-lg"[31m
      [36m>[31m
        [36m<div[31m
          [33mclass[31m=[32m"flex items-end space-x-3"[31m
        [36m>[31m
          [36m<button[31m
            [33mclass[31m=[32m"bg-amber-100 hover:bg-amber-200 text-amber-700 p-3 rounded-full transition-colors flex-shrink-0"[31m
            [33mtitle[31m=[32m"Ajouter des photos"[31m
          [36m>[31m
            [36m<svg[31m
              [33mclass[31m=[32m"lucide lucide-camera w-6 h-6"[31m
              [33mfill[31m=[32m"none"[31m
              [33mheight[31m=[32m"24"[31m
              [33mstroke[31m=[32m"currentColor"[31m
              [33mstroke-linecap[31m=[32m"round"[31m
              [33mstroke-linejoin[31m=[32m"round"[31m
              [33mstroke-width[31m=[32m"2"[31m
              [33mviewBox[31m=[32m"0 0 24 24"[31m
              [33mwidth[31m=[32m"24"[31m
              [33mxmlns[31m=[32m"http://www.w3.org/2000/svg"[31m
            [36m>[31m
              [36m<path[31m
                [33md[31m=[32m"M14.5 4h-5L7 7H4a2 2 0 0 0-2 2v9a2 2 0 0 0 2 2h16a2 2 0 0 0 2-2V9a2 2 0 0 0-2-2h-3l-2.5-3z"[31m
              [36m/>[31m
              [36m<circle[31m
                [33mcx[31m=[32m"12"[31m
                [33mcy[31m=[32m"13"[31m
                [33mr[31m=[32m"3"[31m
              [36m/>[31m
            [36m</svg>[31m
          [36m</button>[31m
          [36m<input[31m
            [33maccept[31m=[32m"image/*,video/*"[31m
            [33mclass[31m=[32m"hidden"[31m
            [33mmultiple[31m=[32m""[31m
            [33mtype[31m=[32m"file"[31m
          [36m/>[31m
          [36m<button[31m
            [33mclass[31m=[32m"relative p-3 rounded-full transition-all flex-shrink-0 shadow-lg bg-gradient-to-r from-blue-500 to-purple-500 hover:from-blue-600 hover:to-purple-600 text-white"[31m
            [33mtitle[31m=[32m"🎤 Parler au lieu de taper"[31m
          [36m>[31m
            [36m<svg[31m
              [33mclass[31m=[32m"lucide lucide-mic w-6 h-6"[31m
              [33mfill[31m=[32m"none"[31m
              [33mheight[31m=[32m"24"[31m
              [33mstroke[31m=[32m"currentColor"[31m
              [33mstroke-linecap[31m=[32m"round"[31m
              [33mstroke-linejoin[31m=[32m"round"[31m
              [33mstroke-width[31m=[32m"2"[31m
              [33mviewBox[31m=[32m"0 0 24 24"[31m
              [33mwidth[31m=[32m"24"[31m
              [33mxmlns[31m=[32m"http://www.w3.org/2000/svg"[31m
            [36m>[31m
              [36m<path[31m
                [33md[31m=[32m"M12 2a3 3 0 0 0-3 3v7a3 3 0 0 0 6 0V5a3 3 0 0 0-3-3Z"[31m
              [36m/>[31m
              [36m<path[31m
                [33md[31m=[32m"M19 10v2a7 7 0 0 1-14 0v-2"[31m
              [36m/>[31m
              [36m<line[31m
                [33mx1[31m=[32m"12"[31m
                [33mx2[31m=[32m"12"[31m
                [33my1[31m=[32m"19"[31m
                [33my2[31m=[32m"22"[31m
              [36m/>[31m
            [36m</svg>[31m
          [36m</button>[31m
          [36m<div[31m
            [33mclass[31m=[32m"flex-1"[31m
          [36m>[31m
            [36m<textarea[31m
              [33mclass[31m=[32m"w-full border-2 border-gray-300 rounded-2xl px-4 py-3 focus:outline-none focus:ring-2 focus:ring-red-500 focus:border-transparent resize-none"[31m
              [33mplaceholder[31m=[32m"Nom complet + Problème + N° commande... (Ex: Jean Dupont, mon canapé OSLO a un pied cassé, CMD-2024-12345)"[31m
              [33mrows[31m=[32m"1"[31m
              [33mstyle[31m=[32m"min-height: 50px; max-height: 150px;"[31m
            [36m/>[31m
          [36m</div>[31m
          [36m<button[31m
            [33mclass[31m=[32m"p-3 rounded-full flex-shrink-0 transition-all bg-gray-300 text-gray-500 cursor-not-allowed"[31m
            [33mdisabled[31m=[32m""[31m
          [36m>[31m
            [36m<svg[31m
              [33mclass[31m=[32m"lucide lucide-send w-6 h-6"[31m
              [33mfill[31m=[32m"none"[31m
              [33mheight[31m=[32m"24"[31m
              [33mstroke[31m=[32m"currentColor"[31m
              [33mstroke-linecap[31m=[32m"round"[31m
              [33mstroke-linejoin[31m=[32m"round"[31m
              [33mstroke-width[31m=[32m"2"[31m
              [33mviewBox[31m=[32m"0 0 24 24"[31m
              [33mwidth[31m=[32m"24"[31m
              [33mxmlns[31m=[32m"http://www.w3.org/2000/svg"[31m
            [36m>[31m
              [36m<path[31m
                [33md[31m=[32m"m22 2-7 20-4-9-9-4Z"[31m
              [36m/>[31m
              [36m<path[31m
                [33md[31m=[32m"M22 2 11 13"[31m
              [36m/>[31m
            [36m</svg>[31m
          [36m</button>[31m
        [36m</div>[31m
        [36m<p[31m
          [33mclass[31m=[32m"text-xs text-gray-500 mt-3 text-center"[31m
        [36m>[31m
          [0m🔒 Données sécurisées • ⚡ Réponse immédiate • 🎤 Conversation vocale complète • 🔊 Le bot vous parle • 🎯 Analyse automatique du TON et PRIORITÉ • 🛡️ Vérification garantie instantanée[0m
        [36m</p>[31m
      [36m</div>[31m
    [36m</div>[31m
  [36m</div>[31m
[36m</body>[31m

Ignored nodes: comments, script, style
[36m<html>[31m
  [36m<head />[31m
  [36m<body>[31m
    [36m<div>[31m
      [36m<div[31m
        [33mclass[31m=[32m"flex flex-col h-full max-w-5xl mx-auto bg-gradient-to-br from-amber-50 to-orange-50"[31m
      [36m>[31m
        [36m<div[31m
          [33mclass[31m=[32m"bg-gradient-to-r from-blue-600 to-blue-700 text-white p-6 shadow-lg"[31m
        [36m>[31m
          [36m<div[31m
            [33mclass[31m=[32m"flex items-center justify-between"[31m
          [36m>[31m
            [36m<div>[31m
              [36m<h1[31m
                [33mclass[31m=[32m"text-3xl font-bold"[31m
              [36m>[31m
                [0mService clientèle du groupe Mobilier de France[0m
              [36m</h1>[31m
              [36m<p[31m
                [33mclass[31m=[32m"text-sm opacity-90 mt-1"[31m
              [36m>[31m
                [0mService Après-Vente Intelligent • Traitement automatisé en temps réel[0m
              [36m</p>[31m
            [36m</div>[31m
            [36m<div[31m
              [33mclass[31m=[32m"flex items-center space-x-4"[31m
            [36m>[31m
              [36m<button[31m
                [33mclass[31m=[32m"flex items-center space-x-2 px-4 py-2 rounded-lg font-medium transition-all bg-white text-blue-600 hover:bg-gray-100"[31m
                [33mtitle[31m=[32m"Désactiver la voix du bot"[31m
              [36m>[31m
                [36m<svg[31m
                  [33mclass[31m=[32m"lucide lucide-volume2 w-5 h-5 "[31m
                  [33mfill[31m=[32m"none"[31m
                  [33mheight[31m=[32m"24"[31m
                  [33mstroke[31m=[32m"currentColor"[31m
                  [33mstroke-linecap[31m=[32m"round"[31m
                  [33mstroke-linejoin[31m=[32m"round"[31m
                  [33mstroke-width[31m=[32m"2"[31m
                  [33mviewBox[31m=[32m"0 0 24 24"[31m
                  [33mwidth[31m=[32m"24"[31m
                  [33mxmlns[31m=[32m"http://www.w3.org/2000/svg"[31m
                [36m>[31m
                  [36m<polygon[31m
                    [33mpoints[31m=[32m"11 5 6 9 2 9 2 15 6 15 11 19 11 5"[31m
                  [36m/>[31m
                  [36m<path[31m
                    [33md[31m=[32m"M15.54 8.46a5 5 0 0 1 0 7.07"[31m
                  [36m/>[31m
                  [36m<path[31m
                    [33md[31m=[32m"M19.07 4.93a10 10 0 0 1 0 14.14"[31m
                  [36m/>[31m
                [36m</svg>[31m
                [36m<span[31m
                  [33mclass[31m=[32m"text-sm"[31m
                [36m>[31m
                  [0mVoix ON[0m
                [36m</span>[31m
              [36m</button>[31m
              [36m<div[31m
                [33mclass[31m=[32m"text-right text-xs opacity-80 border-l border-white/30 pl-4"[31m
              [36m>[31m
                [36m<p[31m
                  [33mclass[31m=[32m"font-semibold"[31m
                [36m>[31m
                  [0m🎯 100% Automatisé[0m
                [36m</p>[31m
                [36m<p[31m
                  [33mclass[31m=[32m"text-xs"[31m
                [36m>[31m
                  [0m✅ Analyse TON • ✅ Garantie • ✅ Priorité[0m
                [36m</p>[31m
              [36m</div>[31m
            [36m</div>[31m
          [36m</div>[31m
        [36m</div>[31m
        [36m<div[31m
          [33mclass[31m=[32m"flex-1 overflow-y-auto p-6 space-y-4"[31m
        [36m>[31m
          [36m<div[31m
            [33mclass[31m=[32m"flex justify-start fade-in"[31m
          [36m>[31m
            [36m<div[31m
              [33mclass[31m=[32m"max-w-[75%] rounded-2xl p-4 shadow-md bg-white text-gray-800 border border-gray-200"[31m
            [36m>[31m
              [36m<div[31m
                [33mclass[31m=[32m"flex items-start space-x-3"[31m
              [36m>[31m
                [36m<div[31m
                  [33mclass[31m=[32m"w-8 h-8 rounded-full bg-gradient-to-r from-amber-500 to-orange-500 flex items-center justify-center text-white font-bold flex-shrink-0"[31m
                [36m>[31m
                  [0mM[0m
                [36m</div>[31m
                [36m<div[31m
                  [33mclass[31m=[32m"flex-1"[31m
                [36m>[31m
                  [36m<p[31m
                    [33mclass[31m=[32m"whitespace-pre-line leading-relaxed"[31m
                  [36m>[31m
                    [0m👋 Bonjour ! Je suis votre assistant SAV Mobilier de France.

Décrivez-moi votre problème avec votre numéro de commande, je m'occupe du reste !

💡 **Exemple** : "Bonjour, je m'appelle Marie Martin. Mon canapé OSLO a le pied cassé, commande CMD-2024-12345"[0m
                  [36m</p>[31m
                  [36m<div[31m
                    [33mclass[31m=[32m"flex items-center justify-between mt-2 text-xs text-gray-500"[31m
                  [36m>[31m
                    [36m<span>[31m
                      [0m13:02[0m
                    [36m</span>[31m
                  [36m</div>[31m
                [36m</div>[31m
              [36m</div>[31m
            [36m</div>[31m
          [36m</div>[31m
          [36m<div[31m
            [33mclass[31m=[32m"flex justify-end fade-in"[31m
          [36m>[31m
            [36m<div[31m
              [33mclass[31m=[32m"max-w-[75%] rounded-2xl p-4 shadow-md bg-gradient-to-r from-amber-500 to-orange-500 text-white"[31m
            [36m>[31m
              [36m<div[31m
                [33mclass[31m=[32m"flex items-start space-x-3"[31m
              [36m>[31m
                [36m<div[31m
                  [33mclass[31m=[32m"flex-1"[31m
                [36m>[31m
                  [36m<p[31m
                    [33mclass[31m=[32m"whitespace-pre-line leading-relaxed"[31m
                  [36m>[31m
                    [0mTest[0m
                  [36m</p>[31m
                  [36m<div[31m
                    [33mclass[31m=[32m"flex items-center justify-between mt-2 text-xs text-white/70"[31m
                  [36m>[31m
                    [36m<span>[31m
                      [0m13:02[0m
                    [36m</span>[31m
                  [36m</div>[31m
                [36m</div>[31m
                [36m<div[31m
                  [33mclass[31m=[32m"w-8 h-8 rounded-full bg-white flex items-center justify-center text-amber-600 font-bold flex-shrink-0"[31m
                [36m>[31m
                  [0mV[0m
                [36m</div>[31m
              [36m</div>[31m
            [36m</div>[31m
          [36m</div>[31m
          [36m<div[31m
            [33mclass[31m=[32m"flex justify-start fade-in"[31m
          [36m>[31m
            [36m<div[31m
              [33mclass[31m=[32m"max-w-[75%] rounded-2xl p-4 shadow-md bg-white text-gray-800 border border-gray-200"[31m
            [36m>[31m
              [36m<div[31m
                [33mclass[31m=[32m"flex items-start space-x-3"[31m
              [36m>[31m
                [36m<div[31m
                  [33mclass[31m=[32m"w-8 h-8 rounded-full bg-gradient-to-r from-amber-500 to-orange-500 flex items-center justify-center text-white font-bold flex-shrink-0"[31m
                [36m>[31m
                  [0mM[0m
                [36m</div>[31m
                [36m<div[31m
                  [33mclass[31m=[32m"flex-1"[31m
                [36m>[31m
                  [36m<p[31m
                    [33mclass[31m=[32m"whitespace-pre-line leading-relaxed"[31m
                  [36m>[31m
                    [0mDésolé, j'ai rencontré un problème technique. Pouvez-vous réessayer ?[0m
                  [36m</p>[31m
                  [36m<div[31m
                    [33mclass[31m=[32m"flex items-center justify-between mt-2 text-xs text-gray-500"[31m
                  [36m>[31m
                    [36m<span>[31m
                      [0m13:02[0m
                    [36m</span>[31m
                  [36m</div>[31m
                [36m</div>[31m
              [36m</div>[31m
            [36m</div>[31m
          [36m</div>[31m
          [36m<div[31m
            [33mclass[31m=[32m"flex justify-end fade-in"[31m
          [36m>[31m
            [36m<div[31m
              [33mclass[31m=[32m"max-w-[75%] rounded-2xl p-4 shadow-md bg-gradient-to-r from-amber-500 to-orange-500 text-white"[31m
            [36m>[31m
              [36m<div[31m
                [33mclass[31m=[32m"flex items-start space-x-3"[31m
              [36m>[31m
                [36m<div[31m
                  [33mclass[31m=[32m"flex-1"[31m
                [36m>[31m
                  [36m<p[31m
                    [33mclass[31m=[32m"whitespace-pre-line leading-relaxed"[31m
                  [36m>[31m
                    [0mRetry[0m
                  [36m</p>[31m
                  [36m<div[31m
                    [33mclass[31m=[32m"flex items-center justify-between mt-2 text-xs text-white/70"[31m
                  [36m>[31m
                    [36m<span>[31m
                      [0m13:02[0m
                    [36m</span>[31m
                  [36m</div>[31m
                [36m</div>[31m
                [36m<div[31m
                  [33mclass[31m=[32m"w-8 h-8 rounded-full bg-white flex items-center justify-center text-amber-600 font-bold flex-shrink-0"[31m
                [36m>[31m
                  [0mV[0m
                [36m</div>[31m
              [36m</div>[31m
            [36m</div>[31m
          [36m</div>[31m
          [36m<div[31m
            [33mclass[31m=[32m"flex justify-start fade-in"[31m
          [36m>[31m
            [36m<div[31m
              [33mclass[31m=[32m"max-w-[75%] rounded-2xl p-4 shadow-md bg-white text-gray-800 border border-gray-200"[31m
            [36m>[31m
              [36m<div[31m
                [33mclass[31m=[32m"flex items-start space-x-3"[31m
              [36m>[31m
                [36m<div[31m
                  [33mclass[31m=[32m"w-8 h-8 rounded-full bg-gradient-to-r from-amber-500 to-orange-500 flex items-center justify-center text-white font-bold flex-shrink-0"[31m
                [36m>[31m
                  [0mM[0m
                [36m</div>[31m
                [36m<div[31m
                  [33mclass[31m=[32m"flex-1"[31m
                [36m>[31m
                  [36m<p[31m
                    [33mclass[31m=[32m"whitespace-pre-line leading-relaxed"[31m
                  [36m>[31m
                    [0mDésolé, j'ai rencontré un problème technique. Pouvez-vous réessayer ?[0m
                  [36m</p>[31m
                  [36m<div[31m
                    [33mclass[31m=[32m"flex items-center justify-between mt-2 text-xs text-gray-500"[31m
                  [36m>[31m
                    [36m<span>[31m
                      [0m13:02[0m
                    [36m</span>[31m
                  [36m</div>[31m
                [36m</div>[31m
              [36m</div>[31m
            [36m</div>[31m
          [36m</div>[31m
          [36m<div />[31m
        [36m</div>[31m
        [36m<div[31m
          [33mclass[31m=[32m"bg-white p-6 border-t border-gray-200 shadow-lg"[31m
        [36m>[31m
          [36m<div[31m
            [33mclass[31m=[32m"flex items-end space-x-3"[31m
          [36m>[31m
            [36m<button[31m
              [33mclass[31m=[32m"bg-amber-100 hover:bg-amber-200 text-amber-700 p-3 rounded-full transition-colors flex-shrink-0"[31m
              [33mtitle[31m=[32m"Ajouter des photos"[31m
            [36m>[31m
              [36m<svg[31m
                [33mclass[31m=[32m"lucide lucide-camera w-6 h-6"[31m
                [33mfill[31m=[32m"none"[31m
                [33mheight[31m=[32m"24"[31m
                [33mstroke[31m=[32m"currentColor"[31m
                [33mstroke-linecap[31m=[32m"round"[31m
                [33mstroke-linejoin[31m=[32m"round"[31m
                [33mstroke-width[31m=[32m"2"[31m
                [33mviewBox[31m=[32m"0 0 24 24"[31m
                [33mwidth[31m=[32m"24"[31m
                [33mxmlns[31m=[32m"http://www.w3.org/2000/svg"[31m
              [36m>[31m
                [36m<path[31m
                  [33md[31m=[32m"M14.5 4h-5L7 7H4a2 2 0 0 0-2 2v9a2 2 0 0 0 2 2h16a2 2 0 0 0 2-2V9a2 2 0 0 0-2-2h-3l-2.5-3z"[31m
                [36m/>[31m
                [36m<circle[31m
                  [33mcx[31m=[32m"12"[31m
                  [33mcy[31m=[32m"13"[31m
                  [33mr[31m=[32m"3"[31m
                [36m/>[31m
              [36m</svg>[31m
            [36m</button>[31m
            [36m<input[31m
              [33maccept[31m=[32m"image/*,video/*"[31m
              [33mclass[31m=[32m"hidden"[31m
              [33mmultiple[31m=[32m""[31m
              [33mtype[31m=[32m"file"[31m
            [36m/>[31m
            [36m<button[31m
              [33mclass[31m=[32m"relative p-3 rounded-full transition-all flex-shrink-0 shadow-lg bg-gradient-to-r from-blue-500 to-purple-500 hover:from-blue-600 hover:to-purple-600 text-white"[31m
              [33mtitle[31m=[32m"🎤 Parler au lieu de taper"[31m
            [36m>[31m
              [36m<svg[31m
                [33mclass[31m=[32m"lucide lucide-mic w-6 h-6"[31m
                [33mfill[31m=[32m"none"[31m
                [33mheight[31m=[32m"24"[31m
                [33mstroke[31m=[32m"currentColor"[31m
                [33mstroke-linecap[31m=[32m"round"[31m
                [33mstroke-linejoin[31m=[32m"round"[31m
                [33mstroke-width[31m=[32m"2"[31m
                [33mviewBox[31m=[32m"0 0 24 24"[31m
                [33mwidth[31m=[32m"24"[31m
                [33mxmlns[31m=[32m"http://www.w3.org/2000/svg"[31m
              [36m>[31m
                [36m<path[31m
                  [33md[31m=[32m"M12 2a3 3 0 0 0-3 3v7a3 3 0 0 0 6 0V5a3 3 0 0 0-3-3Z"[31m
                [36m/>[31m
                [36m<path[31m
                  [33md[31m=[32m"M19 10v2a7 7 0 0 1-14 0v-2"[31m
                [36m/>[31m
                [36m<line[31m
                  [33mx1[31m=[32m"12"[31m
                  [33mx2[31m=[32m"12"[31m
                  [33my1[31m=[32m"19"[31m
                  [33my2[31m=[32m"22"[31m
                [36m/>[31m
              [36m</svg>[31m
            [36m</button>[31m
            [36m<div[31m
              [33mclass[31m=[32m"flex-1"[31m
            [36m>[31m
              [36m<textarea[31m
                [33mclass[31m=[32m"w-full border-2 border-gray-300 rounded-2xl px-4 py-3 focus:outline-none focus:ring-2 focus:ring-red-500 focus:border-transparent resize-none"[31m
                [33mplaceholder[31m=[32m"Nom complet + Problème + N° commande... (Ex: Jean Dupont, mon canapé OSLO a un pied cassé, CMD-2024-12345)"[31m
                [33mrows[31m=[32m"1"[31m
                [33mstyle[31m=[32m"min-height: 50px; max-height: 150px;"[31m
              [36m/>[31m
            [36m</div>[31m
            [36m<button[31m
              [33mclass[31m=[32m"p-3 rounded-full flex-shrink-0 transition-all bg-gray-300 text-gray-500 cursor-not-allowed"[31m
              [33mdisabled[31m=[32m""[31m
            [36m>[31m
              [36m<svg[31m
                [33mclass[31m=[32m"lucide lucide-send w-6 h-6"[31m
                [33mfill[31m=[32m"none"[31m
                [33mheight[31m=[32m"24"[31m
                [33mstroke[31m=[32m"currentColor"[31m
                [33mstroke-linecap[31m=[32m"round"[31m
                [33mstroke-linejoin[31m=[32m"round"[31m
                [33mstroke-width[31m=[32m"2"[31m
                [33mviewBox[31m=[32m"0 0 24 24"[31m
                [33mwidth[31m=[32m"24"[31m
                [33mxmlns[31m=[32m"http://www.w3.org/2000/svg"[31m
              [36m>[31m
                [36m<path[31m
                  [33md[31m=[32m"m22 2-7 20-4-9-9-4Z"[31m
                [36m/>[31m
                [36m<path[31m
                  [33md[31m=[32m"M22 2 11 13"[31m
                [36m/>[31m
              [36m</svg>[31m
            [36m</button>[31m
          [36m</div>[31m
          [36m<p[31m
            [33mclass[31m=[32m"text-xs text-gray-500 mt-3 text-center"[31m
          [36m>[31m
            [0m🔒 Données sécurisées • ⚡ Réponse immédiate • 🎤 Conversation vocale complète • 🔊 Le bot vous parle • 🎯 Analyse automatique du TON et PRIORITÉ • 🛡️ Vérification garantie instantanée[0m
          [36m</p>[31m
        [36m</div>[31m
      [36m</div>[31m
    [36m</div>[31m
  [36m</body>[31m
[36m</html>[31m[39m
 [32m✓[39m src/__tests__/ChatInterface.test.jsx[2m > [22mChatInterface[2m > [22mSession Management[2m > [22mshould generate session ID on mount
[90mstdout[2m | src/__tests__/ChatInterface.test.jsx[2m > [22m[2mChatInterface[2m > [22m[2mSession Management[2m > [22m[2mshould maintain messages during session[22m[39m
<empty line>
[90mstderr[2m | src/__tests__/ChatInterface.test.jsx[2m > [22m[2mChatInterface[2m > [22m[2mSession Management[2m > [22m[2mshould maintain messages during session[22m[39m
[MSW] Warning: intercepted a request without a matching request handler:

  • POST /api/chat

  • Request body: {"message":"Message 1","session_id":"test-uuid-j2b82pz","photos":[]}

If you still wish to intercept this unhandled request, please create a request handler for it.
Read more: https://mswjs.io/docs/http/intercepting-requests

[90mstdout[2m | src/__tests__/ChatInterface.test.jsx[2m > [22m[2mChatInterface[2m > [22m[2mSession Management[2m > [22m[2mshould maintain messages during session[22m[39m
<empty line>
[90mstderr[2m | src/__tests__/ChatInterface.test.jsx[2m > [22m[2mChatInterface[2m > [22m[2mSession Management[2m > [22m[2mshould maintain messages during session[22m[39m
Erreur: TypeError: fetch failed
[90m    at node:internal/deps/undici/undici:13510:13[39m
[90m    at processTicksAndRejections (node:internal/process/task_queues:105:5)[39m
    at until [90m(file:///C:/Users/v-nbayonne/meuble-de-france-chatbot/frontend/[39mnode_modules/[4m@open-draft[24m/until/src/until.ts:23:18[90m)[39m
    at Object.passthrough [90m(file:///C:/Users/v-nbayonne/meuble-de-france-chatbot/frontend/[39mnode_modules/[4m@mswjs[24m/interceptors/src/interceptors/fetch/index.ts:78:68[90m)[39m
    at _RequestController.passthrough [90m(file:///C:/Users/v-nbayonne/meuble-de-france-chatbot/frontend/[39mnode_modules/[4m@mswjs[24m/interceptors/src/RequestController.ts:50:5[90m)[39m
    at handleRequest [90m(file:///C:/Users/v-nbayonne/meuble-de-france-chatbot/frontend/[39mnode_modules/[4m@mswjs[24m/interceptors/src/utils/handleRequest.ts:201:12[90m)[39m
    at globalThis.fetch [90m(file:///C:/Users/v-nbayonne/meuble-de-france-chatbot/frontend/[39mnode_modules/[4m@mswjs[24m/interceptors/src/interceptors/fetch/index.ts:185:7[90m)[39m
    at sendMessage [90m(C:\Users\v-nbayonne\meuble-de-france-chatbot\frontend\[39msrc\components\ChatInterface.jsx:275:24[90m)[39m {
  [cause]: AggregateError: 
  [90m    at internalConnectMultiple (node:net:1134:18)[39m
  [90m    at afterConnectMultiple (node:net:1715:7)[39m {
    code: [32m'ECONNREFUSED'[39m,
    [errors]: [ [36m[Error][39m, [36m[Error][39m ]
  }
}

 [31m×[39m src/__tests__/Dashboard.test.jsx[2m > [22mDashboard[2m > [22mError Handling[2m > [22mshould display error message when fetch fails[33m 1017[2mms[22m[39m
[31m   → Unable to find an element with the text: /Erreur lors de la récupération des tickets/i. This could be because the text is broken up by multiple elements. In this case, you can provide a function for your text matcher to make your matcher more flexible.

Ignored nodes: comments, script, style
[36m<body>[31m
  [36m<div>[31m
    [36m<div[31m
      [33mclass[31m=[32m"flex items-center justify-center h-screen bg-gray-50"[31m
    [36m>[31m
      [36m<div[31m
        [33mclass[31m=[32m"text-center text-red-600"[31m
      [36m>[31m
        [36m<svg[31m
          [33mclass[31m=[32m"lucide lucide-xcircle w-16 h-16 mx-auto mb-4"[31m
          [33mfill[31m=[32m"none"[31m
          [33mheight[31m=[32m"24"[31m
          [33mstroke[31m=[32m"currentColor"[31m
          [33mstroke-linecap[31m=[32m"round"[31m
          [33mstroke-linejoin[31m=[32m"round"[31m
          [33mstroke-width[31m=[32m"2"[31m
          [33mviewBox[31m=[32m"0 0 24 24"[31m
          [33mwidth[31m=[32m"24"[31m
          [33mxmlns[31m=[32m"http://www.w3.org/2000/svg"[31m
        [36m>[31m
          [36m<circle[31m
            [33mcx[31m=[32m"12"[31m
            [33mcy[31m=[32m"12"[31m
            [33mr[31m=[32m"10"[31m
          [36m/>[31m
          [36m<path[31m
            [33md[31m=[32m"m15 9-6 6"[31m
          [36m/>[31m
          [36m<path[31m
            [33md[31m=[32m"m9 9 6 6"[31m
          [36m/>[31m
        [36m</svg>[31m
        [36m<p[31m
          [33mclass[31m=[32m"text-xl font-semibold"[31m
        [36m>[31m
          [0mErreur de connexion au serveur[0m
        [36m</p>[31m
        [36m<button[31m
          [33mclass[31m=[32m"mt-4 px-4 py-2 bg-red-600 text-white rounded-lg hover:bg-red-700"[31m
        [36m>[31m
          [0mRéessayer[0m
        [36m</button>[31m
      [36m</div>[31m
    [36m</div>[31m
  [36m</div>[31m
[36m</body>[31m

Ignored nodes: comments, script, style
[36m<html>[31m
  [36m<head />[31m
  [36m<body>[31m
    [36m<div>[31m
      [36m<div[31m
        [33mclass[31m=[32m"flex items-center justify-center h-screen bg-gray-50"[31m
      [36m>[31m
        [36m<div[31m
          [33mclass[31m=[32m"text-center text-red-600"[31m
        [36m>[31m
          [36m<svg[31m
            [33mclass[31m=[32m"lucide lucide-xcircle w-16 h-16 mx-auto mb-4"[31m
            [33mfill[31m=[32m"none"[31m
            [33mheight[31m=[32m"24"[31m
            [33mstroke[31m=[32m"currentColor"[31m
            [33mstroke-linecap[31m=[32m"round"[31m
            [33mstroke-linejoin[31m=[32m"round"[31m
            [33mstroke-width[31m=[32m"2"[31m
            [33mviewBox[31m=[32m"0 0 24 24"[31m
            [33mwidth[31m=[32m"24"[31m
            [33mxmlns[31m=[32m"http://www.w3.org/2000/svg"[31m
          [36m>[31m
            [36m<circle[31m
              [33mcx[31m=[32m"12"[31m
              [33mcy[31m=[32m"12"[31m
              [33mr[31m=[32m"10"[31m
            [36m/>[31m
            [36m<path[31m
              [33md[31m=[32m"m15 9-6 6"[31m
            [36m/>[31m
            [36m<path[31m
              [33md[31m=[32m"m9 9 6 6"[31m
            [36m/>[31m
          [36m</svg>[31m
          [36m<p[31m
            [33mclass[31m=[32m"text-xl font-semibold"[31m
          [36m>[31m
            [0mErreur de connexion au serveur[0m
          [36m</p>[31m
          [36m<button[31m
            [33mclass[31m=[32m"mt-4 px-4 py-2 bg-red-600 text-white rounded-lg hover:bg-red-700"[31m
          [36m>[31m
            [0mRéessayer[0m
          [36m</button>[31m
        [36m</div>[31m
      [36m</div>[31m
    [36m</div>[31m
  [36m</body>[31m
[36m</html>[31m[39m
[90mstdout[2m | src/__tests__/Dashboard.test.jsx[2m > [22m[2mDashboard[2m > [22m[2mError Handling[2m > [22m[2mshould show retry button on error[22m[39m
🔍 Dashboard - Tickets bruts: [33m0[39m
🔍 Dashboard - Tickets filtrés: [33m0[39m
🔍 Dashboard - Filtres actifs: { filterPriority: [32m'all'[39m, filterStatus: [32m'all'[39m }

[90mstderr[2m | src/__tests__/Dashboard.test.jsx[2m > [22m[2mDashboard[2m > [22m[2mError Handling[2m > [22m[2mshould show retry button on error[22m[39m
[MSW] Warning: intercepted a request without a matching request handler:

  • GET /api/sav/tickets

If you still wish to intercept this unhandled request, please create a request handler for it.
Read more: https://mswjs.io/docs/http/intercepting-requests

[90mstdout[2m | src/__tests__/Dashboard.test.jsx[2m > [22m[2mDashboard[2m > [22m[2mError Handling[2m > [22m[2mshould show retry button on error[22m[39m
🔍 Dashboard - Tickets bruts: [33m0[39m
🔍 Dashboard - Tickets filtrés: [33m0[39m
🔍 Dashboard - Filtres actifs: { filterPriority: [32m'all'[39m, filterStatus: [32m'all'[39m }

[90mstderr[2m | src/__tests__/Dashboard.test.jsx[2m > [22m[2mDashboard[2m > [22m[2mError Handling[2m > [22m[2mshould show retry button on error[22m[39m
Erreur: TypeError: fetch failed
[90m    at node:internal/deps/undici/undici:13510:13[39m
[90m    at processTicksAndRejections (node:internal/process/task_queues:105:5)[39m
    at until [90m(file:///C:/Users/v-nbayonne/meuble-de-france-chatbot/frontend/[39mnode_modules/[4m@open-draft[24m/until/src/until.ts:23:18[90m)[39m
    at Object.passthrough [90m(file:///C:/Users/v-nbayonne/meuble-de-france-chatbot/frontend/[39mnode_modules/[4m@mswjs[24m/interceptors/src/interceptors/fetch/index.ts:78:68[90m)[39m
    at _RequestController.passthrough [90m(file:///C:/Users/v-nbayonne/meuble-de-france-chatbot/frontend/[39mnode_modules/[4m@mswjs[24m/interceptors/src/RequestController.ts:50:5[90m)[39m
    at handleRequest [90m(file:///C:/Users/v-nbayonne/meuble-de-france-chatbot/frontend/[39mnode_modules/[4m@mswjs[24m/interceptors/src/utils/handleRequest.ts:201:12[90m)[39m
    at globalThis.fetch [90m(file:///C:/Users/v-nbayonne/meuble-de-france-chatbot/frontend/[39mnode_modules/[4m@mswjs[24m/interceptors/src/interceptors/fetch/index.ts:185:7[90m)[39m
    at fetchTickets [90m(C:\Users\v-nbayonne\meuble-de-france-chatbot\frontend\[39msrc\components\Dashboard.jsx:24:24[90m)[39m {
  [cause]: AggregateError: 
  [90m    at internalConnectMultiple (node:net:1134:18)[39m
  [90m    at afterConnectMultiple (node:net:1715:7)[39m {
    code: [32m'ECONNREFUSED'[39m,
    [errors]: [ [36m[Error][39m, [36m[Error][39m ]
  }
}

 [32m✓[39m src/__tests__/Dashboard.test.jsx[2m > [22mDashboard[2m > [22mError Handling[2m > [22mshould show retry button on error
[90mstdout[2m | src/__tests__/Dashboard.test.jsx[2m > [22m[2mDashboard[2m > [22m[2mError Handling[2m > [22m[2mshould retry fetching tickets when retry button clicked[22m[39m
🔍 Dashboard - Tickets bruts: [33m0[39m
🔍 Dashboard - Tickets filtrés: [33m0[39m
🔍 Dashboard - Filtres actifs: { filterPriority: [32m'all'[39m, filterStatus: [32m'all'[39m }

[90mstderr[2m | src/__tests__/Dashboard.test.jsx[2m > [22m[2mDashboard[2m > [22m[2mError Handling[2m > [22m[2mshould retry fetching tickets when retry button clicked[22m[39m
[MSW] Warning: intercepted a request without a matching request handler:

  • GET /api/sav/tickets

If you still wish to intercept this unhandled request, please create a request handler for it.
Read more: https://mswjs.io/docs/http/intercepting-requests

[90mstderr[2m | src/__tests__/Dashboard.test.jsx[2m > [22m[2mDashboard[2m > [22m[2mError Handling[2m > [22m[2mshould retry fetching tickets when retry button clicked[22m[39m
Erreur: TypeError: fetch failed
[90m    at node:internal/deps/undici/undici:13510:13[39m
[90m    at processTicksAndRejections (node:internal/process/task_queues:105:5)[39m
    at until [90m(file:///C:/Users/v-nbayonne/meuble-de-france-chatbot/frontend/[39mnode_modules/[4m@open-draft[24m/until/src/until.ts:23:18[90m)[39m
    at Object.passthrough [90m(file:///C:/Users/v-nbayonne/meuble-de-france-chatbot/frontend/[39mnode_modules/[4m@mswjs[24m/interceptors/src/interceptors/fetch/index.ts:78:68[90m)[39m
    at _RequestController.passthrough [90m(file:///C:/Users/v-nbayonne/meuble-de-france-chatbot/frontend/[39mnode_modules/[4m@mswjs[24m/interceptors/src/RequestController.ts:50:5[90m)[39m
    at handleRequest [90m(file:///C:/Users/v-nbayonne/meuble-de-france-chatbot/frontend/[39mnode_modules/[4m@mswjs[24m/interceptors/src/utils/handleRequest.ts:201:12[90m)[39m
    at globalThis.fetch [90m(file:///C:/Users/v-nbayonne/meuble-de-france-chatbot/frontend/[39mnode_modules/[4m@mswjs[24m/interceptors/src/interceptors/fetch/index.ts:185:7[90m)[39m
    at fetchTickets [90m(C:\Users\v-nbayonne\meuble-de-france-chatbot\frontend\[39msrc\components\Dashboard.jsx:24:24[90m)[39m {
  [cause]: AggregateError: 
  [90m    at internalConnectMultiple (node:net:1134:18)[39m
  [90m    at afterConnectMultiple (node:net:1715:7)[39m {
    code: [32m'ECONNREFUSED'[39m,
    [errors]: [ [36m[Error][39m, [36m[Error][39m ]
  }
}

[90mstdout[2m | src/__tests__/Dashboard.test.jsx[2m > [22m[2mDashboard[2m > [22m[2mError Handling[2m > [22m[2mshould retry fetching tickets when retry button clicked[22m[39m
🔍 Dashboard - Tickets bruts: [33m0[39m
🔍 Dashboard - Tickets filtrés: [33m0[39m
🔍 Dashboard - Filtres actifs: { filterPriority: [32m'all'[39m, filterStatus: [32m'all'[39m }

[90mstdout[2m | src/__tests__/ChatInterface.test.jsx[2m > [22m[2mChatInterface[2m > [22m[2mSession Management[2m > [22m[2mshould maintain messages during session[22m[39m
<empty line>
[90mstderr[2m | src/__tests__/ChatInterface.test.jsx[2m > [22m[2mChatInterface[2m > [22m[2mSession Management[2m > [22m[2mshould maintain messages during session[22m[39m
[MSW] Warning: intercepted a request without a matching request handler:

  • POST /api/chat

  • Request body: {"message":"Message 2","session_id":"test-uuid-j2b82pz","photos":[]}

If you still wish to intercept this unhandled request, please create a request handler for it.
Read more: https://mswjs.io/docs/http/intercepting-requests

[90mstdout[2m | src/__tests__/Dashboard.test.jsx[2m > [22m[2mDashboard[2m > [22m[2mError Handling[2m > [22m[2mshould retry fetching tickets when retry button clicked[22m[39m
🔍 Dashboard - Tickets bruts: [33m0[39m
🔍 Dashboard - Tickets filtrés: [33m0[39m
🔍 Dashboard - Filtres actifs: { filterPriority: [32m'all'[39m, filterStatus: [32m'all'[39m }

[90mstderr[2m | src/__tests__/Dashboard.test.jsx[2m > [22m[2mDashboard[2m > [22m[2mError Handling[2m > [22m[2mshould retry fetching tickets when retry button clicked[22m[39m
[MSW] Warning: intercepted a request without a matching request handler:

  • GET /api/sav/tickets

If you still wish to intercept this unhandled request, please create a request handler for it.
Read more: https://mswjs.io/docs/http/intercepting-requests

[90mstderr[2m | src/__tests__/Dashboard.test.jsx[2m > [22m[2mDashboard[2m > [22m[2mError Handling[2m > [22m[2mshould retry fetching tickets when retry button clicked[22m[39m
Erreur: TypeError: fetch failed
[90m    at node:internal/deps/undici/undici:13510:13[39m
[90m    at processTicksAndRejections (node:internal/process/task_queues:105:5)[39m
    at until [90m(file:///C:/Users/v-nbayonne/meuble-de-france-chatbot/frontend/[39mnode_modules/[4m@open-draft[24m/until/src/until.ts:23:18[90m)[39m
    at Object.passthrough [90m(file:///C:/Users/v-nbayonne/meuble-de-france-chatbot/frontend/[39mnode_modules/[4m@mswjs[24m/interceptors/src/interceptors/fetch/index.ts:78:68[90m)[39m
    at _RequestController.passthrough [90m(file:///C:/Users/v-nbayonne/meuble-de-france-chatbot/frontend/[39mnode_modules/[4m@mswjs[24m/interceptors/src/RequestController.ts:50:5[90m)[39m
    at handleRequest [90m(file:///C:/Users/v-nbayonne/meuble-de-france-chatbot/frontend/[39mnode_modules/[4m@mswjs[24m/interceptors/src/utils/handleRequest.ts:201:12[90m)[39m
    at globalThis.fetch [90m(file:///C:/Users/v-nbayonne/meuble-de-france-chatbot/frontend/[39mnode_modules/[4m@mswjs[24m/interceptors/src/interceptors/fetch/index.ts:185:7[90m)[39m
    at fetchTickets [90m(C:\Users\v-nbayonne\meuble-de-france-chatbot\frontend\[39msrc\components\Dashboard.jsx:24:24[90m)[39m {
  [cause]: AggregateError: 
  [90m    at internalConnectMultiple (node:net:1134:18)[39m
  [90m    at afterConnectMultiple (node:net:1715:7)[39m {
    code: [32m'ECONNREFUSED'[39m,
    [errors]: [ [36m[Error][39m, [36m[Error][39m ]
  }
}

[90mstdout[2m | src/__tests__/Dashboard.test.jsx[2m > [22m[2mDashboard[2m > [22m[2mError Handling[2m > [22m[2mshould retry fetching tickets when retry button clicked[22m[39m
🔍 Dashboard - Tickets bruts: [33m0[39m
🔍 Dashboard - Tickets filtrés: [33m0[39m
🔍 Dashboard - Filtres actifs: { filterPriority: [32m'all'[39m, filterStatus: [32m'all'[39m }

 [32m✓[39m src/__tests__/ChatInterface.test.jsx[2m > [22mChatInterface[2m > [22mSession Management[2m > [22mshould maintain messages during session[33m 1140[2mms[22m[39m
[90mstdout[2m | src/__tests__/ChatInterface.test.jsx[2m > [22m[2mChatInterface[2m > [22m[2mUI Interactions[2m > [22m[2mshould auto-scroll to latest message[22m[39m
✅ Synthèse vocale disponible

[90mstderr[2m | src/__tests__/ChatInterface.test.jsx[2m > [22m[2mChatInterface[2m > [22m[2mUI Interactions[2m > [22m[2mshould auto-scroll to latest message[22m[39m
Erreur: TypeError: fetch failed
[90m    at node:internal/deps/undici/undici:13510:13[39m
[90m    at processTicksAndRejections (node:internal/process/task_queues:105:5)[39m
    at until [90m(file:///C:/Users/v-nbayonne/meuble-de-france-chatbot/frontend/[39mnode_modules/[4m@open-draft[24m/until/src/until.ts:23:18[90m)[39m
    at Object.passthrough [90m(file:///C:/Users/v-nbayonne/meuble-de-france-chatbot/frontend/[39mnode_modules/[4m@mswjs[24m/interceptors/src/interceptors/fetch/index.ts:78:68[90m)[39m
    at _RequestController.passthrough [90m(file:///C:/Users/v-nbayonne/meuble-de-france-chatbot/frontend/[39mnode_modules/[4m@mswjs[24m/interceptors/src/RequestController.ts:50:5[90m)[39m
    at handleRequest [90m(file:///C:/Users/v-nbayonne/meuble-de-france-chatbot/frontend/[39mnode_modules/[4m@mswjs[24m/interceptors/src/utils/handleRequest.ts:201:12[90m)[39m
    at globalThis.fetch [90m(file:///C:/Users/v-nbayonne/meuble-de-france-chatbot/frontend/[39mnode_modules/[4m@mswjs[24m/interceptors/src/interceptors/fetch/index.ts:185:7[90m)[39m
    at sendMessage [90m(C:\Users\v-nbayonne\meuble-de-france-chatbot\frontend\[39msrc\components\ChatInterface.jsx:275:24[90m)[39m {
  [cause]: AggregateError: 
  [90m    at internalConnectMultiple (node:net:1134:18)[39m
  [90m    at afterConnectMultiple (node:net:1715:7)[39m {
    code: [32m'ECONNREFUSED'[39m,
    [errors]: [ [36m[Error][39m, [36m[Error][39m ]
  }
}

[90mstdout[2m | src/__tests__/ChatInterface.test.jsx[2m > [22m[2mChatInterface[2m > [22m[2mUI Interactions[2m > [22m[2mshould auto-scroll to latest message[22m[39m
<empty line>
[90mstderr[2m | src/__tests__/ChatInterface.test.jsx[2m > [22m[2mChatInterface[2m > [22m[2mUI Interactions[2m > [22m[2mshould auto-scroll to latest message[22m[39m
[MSW] Warning: intercepted a request without a matching request handler:

  • POST /api/chat

  • Request body: {"message":"Message 1","session_id":"test-uuid-xbtvs8r","photos":[]}

If you still wish to intercept this unhandled request, please create a request handler for it.
Read more: https://mswjs.io/docs/http/intercepting-requests

[90mstdout[2m | src/__tests__/ChatInterface.test.jsx[2m > [22m[2mChatInterface[2m > [22m[2mUI Interactions[2m > [22m[2mshould auto-scroll to latest message[22m[39m
<empty line>
[90mstderr[2m | src/__tests__/ChatInterface.test.jsx[2m > [22m[2mChatInterface[2m > [22m[2mUI Interactions[2m > [22m[2mshould auto-scroll to latest message[22m[39m
Erreur: TypeError: fetch failed
[90m    at node:internal/deps/undici/undici:13510:13[39m
[90m    at processTicksAndRejections (node:internal/process/task_queues:105:5)[39m
    at until [90m(file:///C:/Users/v-nbayonne/meuble-de-france-chatbot/frontend/[39mnode_modules/[4m@open-draft[24m/until/src/until.ts:23:18[90m)[39m
    at Object.passthrough [90m(file:///C:/Users/v-nbayonne/meuble-de-france-chatbot/frontend/[39mnode_modules/[4m@mswjs[24m/interceptors/src/interceptors/fetch/index.ts:78:68[90m)[39m
    at _RequestController.passthrough [90m(file:///C:/Users/v-nbayonne/meuble-de-france-chatbot/frontend/[39mnode_modules/[4m@mswjs[24m/interceptors/src/RequestController.ts:50:5[90m)[39m
    at handleRequest [90m(file:///C:/Users/v-nbayonne/meuble-de-france-chatbot/frontend/[39mnode_modules/[4m@mswjs[24m/interceptors/src/utils/handleRequest.ts:201:12[90m)[39m
    at globalThis.fetch [90m(file:///C:/Users/v-nbayonne/meuble-de-france-chatbot/frontend/[39mnode_modules/[4m@mswjs[24m/interceptors/src/interceptors/fetch/index.ts:185:7[90m)[39m
    at sendMessage [90m(C:\Users\v-nbayonne\meuble-de-france-chatbot\frontend\[39msrc\components\ChatInterface.jsx:275:24[90m)[39m {
  [cause]: AggregateError: 
  [90m    at internalConnectMultiple (node:net:1134:18)[39m
  [90m    at afterConnectMultiple (node:net:1715:7)[39m {
    code: [32m'ECONNREFUSED'[39m,
    [errors]: [ [36m[Error][39m, [36m[Error][39m ]
  }
}

 [31m×[39m src/__tests__/Dashboard.test.jsx[2m > [22mDashboard[2m > [22mError Handling[2m > [22mshould retry fetching tickets when retry button clicked[33m 1324[2mms[22m[39m
[31m   → Unable to find an element with the text: /Tableau de Bord SAV/i. This could be because the text is broken up by multiple elements. In this case, you can provide a function for your text matcher to make your matcher more flexible.

Ignored nodes: comments, script, style
[36m<body>[31m
  [36m<div>[31m
    [36m<div[31m
      [33mclass[31m=[32m"flex items-center justify-center h-screen bg-gray-50"[31m
    [36m>[31m
      [36m<div[31m
        [33mclass[31m=[32m"text-center text-red-600"[31m
      [36m>[31m
        [36m<svg[31m
          [33mclass[31m=[32m"lucide lucide-xcircle w-16 h-16 mx-auto mb-4"[31m
          [33mfill[31m=[32m"none"[31m
          [33mheight[31m=[32m"24"[31m
          [33mstroke[31m=[32m"currentColor"[31m
          [33mstroke-linecap[31m=[32m"round"[31m
          [33mstroke-linejoin[31m=[32m"round"[31m
          [33mstroke-width[31m=[32m"2"[31m
          [33mviewBox[31m=[32m"0 0 24 24"[31m
          [33mwidth[31m=[32m"24"[31m
          [33mxmlns[31m=[32m"http://www.w3.org/2000/svg"[31m
        [36m>[31m
          [36m<circle[31m
            [33mcx[31m=[32m"12"[31m
            [33mcy[31m=[32m"12"[31m
            [33mr[31m=[32m"10"[31m
          [36m/>[31m
          [36m<path[31m
            [33md[31m=[32m"m15 9-6 6"[31m
          [36m/>[31m
          [36m<path[31m
            [33md[31m=[32m"m9 9 6 6"[31m
          [36m/>[31m
        [36m</svg>[31m
        [36m<p[31m
          [33mclass[31m=[32m"text-xl font-semibold"[31m
        [36m>[31m
          [0mErreur de connexion au serveur[0m
        [36m</p>[31m
        [36m<button[31m
          [33mclass[31m=[32m"mt-4 px-4 py-2 bg-red-600 text-white rounded-lg hover:bg-red-700"[31m
        [36m>[31m
          [0mRéessayer[0m
        [36m</button>[31m
      [36m</div>[31m
    [36m</div>[31m
  [36m</div>[31m
[36m</body>[31m

Ignored nodes: comments, script, style
[36m<html>[31m
  [36m<head />[31m
  [36m<body>[31m
    [36m<div>[31m
      [36m<div[31m
        [33mclass[31m=[32m"flex items-center justify-center h-screen bg-gray-50"[31m
      [36m>[31m
        [36m<div[31m
          [33mclass[31m=[32m"text-center text-red-600"[31m
        [36m>[31m
          [36m<svg[31m
            [33mclass[31m=[32m"lucide lucide-xcircle w-16 h-16 mx-auto mb-4"[31m
            [33mfill[31m=[32m"none"[31m
            [33mheight[31m=[32m"24"[31m
            [33mstroke[31m=[32m"currentColor"[31m
            [33mstroke-linecap[31m=[32m"round"[31m
            [33mstroke-linejoin[31m=[32m"round"[31m
            [33mstroke-width[31m=[32m"2"[31m
            [33mviewBox[31m=[32m"0 0 24 24"[31m
            [33mwidth[31m=[32m"24"[31m
            [33mxmlns[31m=[32m"http://www.w3.org/2000/svg"[31m
          [36m>[31m
            [36m<circle[31m
              [33mcx[31m=[32m"12"[31m
              [33mcy[31m=[32m"12"[31m
              [33mr[31m=[32m"10"[31m
            [36m/>[31m
            [36m<path[31m
              [33md[31m=[32m"m15 9-6 6"[31m
            [36m/>[31m
            [36m<path[31m
              [33md[31m=[32m"m9 9 6 6"[31m
            [36m/>[31m
          [36m</svg>[31m
          [36m<p[31m
            [33mclass[31m=[32m"text-xl font-semibold"[31m
          [36m>[31m
            [0mErreur de connexion au serveur[0m
          [36m</p>[31m
          [36m<button[31m
            [33mclass[31m=[32m"mt-4 px-4 py-2 bg-red-600 text-white rounded-lg hover:bg-red-700"[31m
          [36m>[31m
            [0mRéessayer[0m
          [36m</button>[31m
        [36m</div>[31m
      [36m</div>[31m
    [36m</div>[31m
  [36m</body>[31m
[36m</html>[31m[39m
[90mstdout[2m | src/__tests__/Dashboard.test.jsx[2m > [22m[2mDashboard[2m > [22m[2mTicket Actions[2m > [22m[2mshould have action buttons for each ticket[22m[39m
🔍 Dashboard - Tickets bruts: [33m0[39m
🔍 Dashboard - Tickets filtrés: [33m0[39m
🔍 Dashboard - Filtres actifs: { filterPriority: [32m'all'[39m, filterStatus: [32m'all'[39m }

[90mstderr[2m | src/__tests__/Dashboard.test.jsx[2m > [22m[2mDashboard[2m > [22m[2mTicket Actions[2m > [22m[2mshould have action buttons for each ticket[22m[39m
[MSW] Warning: intercepted a request without a matching request handler:

  • GET /api/sav/tickets

If you still wish to intercept this unhandled request, please create a request handler for it.
Read more: https://mswjs.io/docs/http/intercepting-requests

[90mstdout[2m | src/__tests__/ChatInterface.test.jsx[2m > [22m[2mChatInterface[2m > [22m[2mUI Interactions[2m > [22m[2mshould auto-scroll to latest message[22m[39m
<empty line>
[90mstderr[2m | src/__tests__/ChatInterface.test.jsx[2m > [22m[2mChatInterface[2m > [22m[2mUI Interactions[2m > [22m[2mshould auto-scroll to latest message[22m[39m
[MSW] Warning: intercepted a request without a matching request handler:

  • POST /api/chat

  • Request body: {"message":"Message 2","session_id":"test-uuid-xbtvs8r","photos":[]}

If you still wish to intercept this unhandled request, please create a request handler for it.
Read more: https://mswjs.io/docs/http/intercepting-requests

[90mstdout[2m | src/__tests__/Dashboard.test.jsx[2m > [22m[2mDashboard[2m > [22m[2mTicket Actions[2m > [22m[2mshould have action buttons for each ticket[22m[39m
🔍 Dashboard - Tickets bruts: [33m0[39m
🔍 Dashboard - Tickets filtrés: [33m0[39m
🔍 Dashboard - Filtres actifs: { filterPriority: [32m'all'[39m, filterStatus: [32m'all'[39m }
🔍 Dashboard - Tickets bruts: [33m0[39m
🔍 Dashboard - Tickets filtrés: [33m0[39m
🔍 Dashboard - Filtres actifs: { filterPriority: [32m'all'[39m, filterStatus: [32m'all'[39m }

[90mstderr[2m | src/__tests__/Dashboard.test.jsx[2m > [22m[2mDashboard[2m > [22m[2mTicket Actions[2m > [22m[2mshould have action buttons for each ticket[22m[39m
Erreur: TypeError: fetch failed
[90m    at node:internal/deps/undici/undici:13510:13[39m
[90m    at processTicksAndRejections (node:internal/process/task_queues:105:5)[39m
    at until [90m(file:///C:/Users/v-nbayonne/meuble-de-france-chatbot/frontend/[39mnode_modules/[4m@open-draft[24m/until/src/until.ts:23:18[90m)[39m
    at Object.passthrough [90m(file:///C:/Users/v-nbayonne/meuble-de-france-chatbot/frontend/[39mnode_modules/[4m@mswjs[24m/interceptors/src/interceptors/fetch/index.ts:78:68[90m)[39m
    at _RequestController.passthrough [90m(file:///C:/Users/v-nbayonne/meuble-de-france-chatbot/frontend/[39mnode_modules/[4m@mswjs[24m/interceptors/src/RequestController.ts:50:5[90m)[39m
    at handleRequest [90m(file:///C:/Users/v-nbayonne/meuble-de-france-chatbot/frontend/[39mnode_modules/[4m@mswjs[24m/interceptors/src/utils/handleRequest.ts:201:12[90m)[39m
    at globalThis.fetch [90m(file:///C:/Users/v-nbayonne/meuble-de-france-chatbot/frontend/[39mnode_modules/[4m@mswjs[24m/interceptors/src/interceptors/fetch/index.ts:185:7[90m)[39m
    at fetchTickets [90m(C:\Users\v-nbayonne\meuble-de-france-chatbot\frontend\[39msrc\components\Dashboard.jsx:24:24[90m)[39m {
  [cause]: AggregateError: 
  [90m    at internalConnectMultiple (node:net:1134:18)[39m
  [90m    at afterConnectMultiple (node:net:1715:7)[39m {
    code: [32m'ECONNREFUSED'[39m,
    [errors]: [ [36m[Error][39m, [36m[Error][39m ]
  }
}

[90mstdout[2m | src/__tests__/Dashboard.test.jsx[2m > [22m[2mDashboard[2m > [22m[2mTicket Actions[2m > [22m[2mshould handle dossier download[22m[39m
🔍 Dashboard - Tickets bruts: [33m0[39m
🔍 Dashboard - Tickets filtrés: [33m0[39m
🔍 Dashboard - Filtres actifs: { filterPriority: [32m'all'[39m, filterStatus: [32m'all'[39m }

[90mstderr[2m | src/__tests__/Dashboard.test.jsx[2m > [22m[2mDashboard[2m > [22m[2mTicket Actions[2m > [22m[2mshould handle dossier download[22m[39m
[MSW] Warning: intercepted a request without a matching request handler:

  • GET /api/sav/tickets

If you still wish to intercept this unhandled request, please create a request handler for it.
Read more: https://mswjs.io/docs/http/intercepting-requests

 [32m✓[39m src/__tests__/Dashboard.test.jsx[2m > [22mDashboard[2m > [22mTicket Actions[2m > [22mshould have action buttons for each ticket
[90mstderr[2m | src/__tests__/Dashboard.test.jsx[2m > [22m[2mDashboard[2m > [22m[2mTicket Actions[2m > [22m[2mshould handle dossier download[22m[39m
Erreur: TypeError: fetch failed
[90m    at node:internal/deps/undici/undici:13510:13[39m
[90m    at processTicksAndRejections (node:internal/process/task_queues:105:5)[39m
    at until [90m(file:///C:/Users/v-nbayonne/meuble-de-france-chatbot/frontend/[39mnode_modules/[4m@open-draft[24m/until/src/until.ts:23:18[90m)[39m
    at Object.passthrough [90m(file:///C:/Users/v-nbayonne/meuble-de-france-chatbot/frontend/[39mnode_modules/[4m@mswjs[24m/interceptors/src/interceptors/fetch/index.ts:78:68[90m)[39m
    at _RequestController.passthrough [90m(file:///C:/Users/v-nbayonne/meuble-de-france-chatbot/frontend/[39mnode_modules/[4m@mswjs[24m/interceptors/src/RequestController.ts:50:5[90m)[39m
    at handleRequest [90m(file:///C:/Users/v-nbayonne/meuble-de-france-chatbot/frontend/[39mnode_modules/[4m@mswjs[24m/interceptors/src/utils/handleRequest.ts:201:12[90m)[39m
    at globalThis.fetch [90m(file:///C:/Users/v-nbayonne/meuble-de-france-chatbot/frontend/[39mnode_modules/[4m@mswjs[24m/interceptors/src/interceptors/fetch/index.ts:185:7[90m)[39m
    at fetchTickets [90m(C:\Users\v-nbayonne\meuble-de-france-chatbot\frontend\[39msrc\components\Dashboard.jsx:24:24[90m)[39m {
  [cause]: AggregateError: 
  [90m    at internalConnectMultiple (node:net:1134:18)[39m
  [90m    at afterConnectMultiple (node:net:1715:7)[39m {
    code: [32m'ECONNREFUSED'[39m,
    [errors]: [ [36m[Error][39m, [36m[Error][39m ]
  }
}

[90mstdout[2m | src/__tests__/Dashboard.test.jsx[2m > [22m[2mDashboard[2m > [22m[2mTicket Actions[2m > [22m[2mshould handle dossier download[22m[39m
🔍 Dashboard - Tickets bruts: [33m0[39m
🔍 Dashboard - Tickets filtrés: [33m0[39m
🔍 Dashboard - Filtres actifs: { filterPriority: [32m'all'[39m, filterStatus: [32m'all'[39m }
🔍 Dashboard - Tickets bruts: [33m0[39m
🔍 Dashboard - Tickets filtrés: [33m0[39m
🔍 Dashboard - Filtres actifs: { filterPriority: [32m'all'[39m, filterStatus: [32m'all'[39m }

[90mstdout[2m | src/__tests__/ChatInterface.test.jsx[2m > [22m[2mChatInterface[2m > [22m[2mUI Interactions[2m > [22m[2mshould auto-scroll to latest message[22m[39m
<empty line>
[90mstderr[2m | src/__tests__/ChatInterface.test.jsx[2m > [22m[2mChatInterface[2m > [22m[2mUI Interactions[2m > [22m[2mshould auto-scroll to latest message[22m[39m
Erreur: TypeError: fetch failed
[90m    at node:internal/deps/undici/undici:13510:13[39m
[90m    at processTicksAndRejections (node:internal/process/task_queues:105:5)[39m
    at until [90m(file:///C:/Users/v-nbayonne/meuble-de-france-chatbot/frontend/[39mnode_modules/[4m@open-draft[24m/until/src/until.ts:23:18[90m)[39m
    at Object.passthrough [90m(file:///C:/Users/v-nbayonne/meuble-de-france-chatbot/frontend/[39mnode_modules/[4m@mswjs[24m/interceptors/src/interceptors/fetch/index.ts:78:68[90m)[39m
    at _RequestController.passthrough [90m(file:///C:/Users/v-nbayonne/meuble-de-france-chatbot/frontend/[39mnode_modules/[4m@mswjs[24m/interceptors/src/RequestController.ts:50:5[90m)[39m
    at handleRequest [90m(file:///C:/Users/v-nbayonne/meuble-de-france-chatbot/frontend/[39mnode_modules/[4m@mswjs[24m/interceptors/src/utils/handleRequest.ts:201:12[90m)[39m
    at globalThis.fetch [90m(file:///C:/Users/v-nbayonne/meuble-de-france-chatbot/frontend/[39mnode_modules/[4m@mswjs[24m/interceptors/src/interceptors/fetch/index.ts:185:7[90m)[39m
    at sendMessage [90m(C:\Users\v-nbayonne\meuble-de-france-chatbot\frontend\[39msrc\components\ChatInterface.jsx:275:24[90m)[39m {
  [cause]: AggregateError: 
  [90m    at internalConnectMultiple (node:net:1134:18)[39m
  [90m    at afterConnectMultiple (node:net:1715:7)[39m {
    code: [32m'ECONNREFUSED'[39m,
    [errors]: [ [36m[Error][39m, [36m[Error][39m ]
  }
}

[90mstdout[2m | src/__tests__/ChatInterface.test.jsx[2m > [22m[2mChatInterface[2m > [22m[2mUI Interactions[2m > [22m[2mshould auto-scroll to latest message[22m[39m
<empty line>
[90mstderr[2m | src/__tests__/ChatInterface.test.jsx[2m > [22m[2mChatInterface[2m > [22m[2mUI Interactions[2m > [22m[2mshould auto-scroll to latest message[22m[39m
[MSW] Warning: intercepted a request without a matching request handler:

  • POST /api/chat

  • Request body: {"message":"Message 3","session_id":"test-uuid-xbtvs8r","photos":[]}

If you still wish to intercept this unhandled request, please create a request handler for it.
Read more: https://mswjs.io/docs/http/intercepting-requests

[90mstdout[2m | src/__tests__/ChatInterface.test.jsx[2m > [22m[2mChatInterface[2m > [22m[2mUI Interactions[2m > [22m[2mshould auto-scroll to latest message[22m[39m
<empty line>
[90mstderr[2m | src/__tests__/ChatInterface.test.jsx[2m > [22m[2mChatInterface[2m > [22m[2mUI Interactions[2m > [22m[2mshould auto-scroll to latest message[22m[39m
Erreur: TypeError: fetch failed
[90m    at node:internal/deps/undici/undici:13510:13[39m
[90m    at processTicksAndRejections (node:internal/process/task_queues:105:5)[39m
    at until [90m(file:///C:/Users/v-nbayonne/meuble-de-france-chatbot/frontend/[39mnode_modules/[4m@open-draft[24m/until/src/until.ts:23:18[90m)[39m
    at Object.passthrough [90m(file:///C:/Users/v-nbayonne/meuble-de-france-chatbot/frontend/[39mnode_modules/[4m@mswjs[24m/interceptors/src/interceptors/fetch/index.ts:78:68[90m)[39m
    at _RequestController.passthrough [90m(file:///C:/Users/v-nbayonne/meuble-de-france-chatbot/frontend/[39mnode_modules/[4m@mswjs[24m/interceptors/src/RequestController.ts:50:5[90m)[39m
    at handleRequest [90m(file:///C:/Users/v-nbayonne/meuble-de-france-chatbot/frontend/[39mnode_modules/[4m@mswjs[24m/interceptors/src/utils/handleRequest.ts:201:12[90m)[39m
    at globalThis.fetch [90m(file:///C:/Users/v-nbayonne/meuble-de-france-chatbot/frontend/[39mnode_modules/[4m@mswjs[24m/interceptors/src/interceptors/fetch/index.ts:185:7[90m)[39m
    at sendMessage [90m(C:\Users\v-nbayonne\meuble-de-france-chatbot\frontend\[39msrc\components\ChatInterface.jsx:275:24[90m)[39m {
  [cause]: AggregateError: 
  [90m    at internalConnectMultiple (node:net:1134:18)[39m
  [90m    at afterConnectMultiple (node:net:1715:7)[39m {
    code: [32m'ECONNREFUSED'[39m,
    [errors]: [ [36m[Error][39m, [36m[Error][39m ]
  }
}

 [32m✓[39m src/__tests__/ChatInterface.test.jsx[2m > [22mChatInterface[2m > [22mUI Interactions[2m > [22mshould auto-scroll to latest message[33m 1903[2mms[22m[39m
[90mstdout[2m | src/__tests__/ChatInterface.test.jsx[2m > [22m[2mChatInterface[2m > [22m[2mMessage Formatting[2m > [22m[2mshould display user and assistant messages differently[22m[39m
✅ Synthèse vocale disponible

 [31m×[39m src/__tests__/Dashboard.test.jsx[2m > [22mDashboard[2m > [22mTicket Actions[2m > [22mshould handle dossier download[33m 1021[2mms[22m[39m
[31m   → Unable to find an element with the text: /Jean Dupont/i. This could be because the text is broken up by multiple elements. In this case, you can provide a function for your text matcher to make your matcher more flexible.

Ignored nodes: comments, script, style
[36m<body>[31m
  [36m<div>[31m
    [36m<div[31m
      [33mclass[31m=[32m"flex items-center justify-center h-screen bg-gray-50"[31m
    [36m>[31m
      [36m<div[31m
        [33mclass[31m=[32m"text-center text-red-600"[31m
      [36m>[31m
        [36m<svg[31m
          [33mclass[31m=[32m"lucide lucide-xcircle w-16 h-16 mx-auto mb-4"[31m
          [33mfill[31m=[32m"none"[31m
          [33mheight[31m=[32m"24"[31m
          [33mstroke[31m=[32m"currentColor"[31m
          [33mstroke-linecap[31m=[32m"round"[31m
          [33mstroke-linejoin[31m=[32m"round"[31m
          [33mstroke-width[31m=[32m"2"[31m
          [33mviewBox[31m=[32m"0 0 24 24"[31m
          [33mwidth[31m=[32m"24"[31m
          [33mxmlns[31m=[32m"http://www.w3.org/2000/svg"[31m
        [36m>[31m
          [36m<circle[31m
            [33mcx[31m=[32m"12"[31m
            [33mcy[31m=[32m"12"[31m
            [33mr[31m=[32m"10"[31m
          [36m/>[31m
          [36m<path[31m
            [33md[31m=[32m"m15 9-6 6"[31m
          [36m/>[31m
          [36m<path[31m
            [33md[31m=[32m"m9 9 6 6"[31m
          [36m/>[31m
        [36m</svg>[31m
        [36m<p[31m
          [33mclass[31m=[32m"text-xl font-semibold"[31m
        [36m>[31m
          [0mErreur de connexion au serveur[0m
        [36m</p>[31m
        [36m<button[31m
          [33mclass[31m=[32m"mt-4 px-4 py-2 bg-red-600 text-white rounded-lg hover:bg-red-700"[31m
        [36m>[31m
          [0mRéessayer[0m
        [36m</button>[31m
      [36m</div>[31m
    [36m</div>[31m
  [36m</div>[31m
[36m</body>[31m

Ignored nodes: comments, script, style
[36m<html>[31m
  [36m<head />[31m
  [36m<body>[31m
    [36m<div>[31m
      [36m<div[31m
        [33mclass[31m=[32m"flex items-center justify-center h-screen bg-gray-50"[31m
      [36m>[31m
        [36m<div[31m
          [33mclass[31m=[32m"text-center text-red-600"[31m
        [36m>[31m
          [36m<svg[31m
            [33mclass[31m=[32m"lucide lucide-xcircle w-16 h-16 mx-auto mb-4"[31m
            [33mfill[31m=[32m"none"[31m
            [33mheight[31m=[32m"24"[31m
            [33mstroke[31m=[32m"currentColor"[31m
            [33mstroke-linecap[31m=[32m"round"[31m
            [33mstroke-linejoin[31m=[32m"round"[31m
            [33mstroke-width[31m=[32m"2"[31m
            [33mviewBox[31m=[32m"0 0 24 24"[31m
            [33mwidth[31m=[32m"24"[31m
            [33mxmlns[31m=[32m"http://www.w3.org/2000/svg"[31m
          [36m>[31m
            [36m<circle[31m
              [33mcx[31m=[32m"12"[31m
              [33mcy[31m=[32m"12"[31m
              [33mr[31m=[32m"10"[31m
            [36m/>[31m
            [36m<path[31m
              [33md[31m=[32m"m15 9-6 6"[31m
            [36m/>[31m
            [36m<path[31m
              [33md[31m=[32m"m9 9 6 6"[31m
            [36m/>[31m
          [36m</svg>[31m
          [36m<p[31m
            [33mclass[31m=[32m"text-xl font-semibold"[31m
          [36m>[31m
            [0mErreur de connexion au serveur[0m
          [36m</p>[31m
          [36m<button[31m
            [33mclass[31m=[32m"mt-4 px-4 py-2 bg-red-600 text-white rounded-lg hover:bg-red-700"[31m
          [36m>[31m
            [0mRéessayer[0m
          [36m</button>[31m
        [36m</div>[31m
      [36m</div>[31m
    [36m</div>[31m
  [36m</body>[31m
[36m</html>[31m[39m
[90mstdout[2m | src/__tests__/Dashboard.test.jsx[2m > [22m[2mDashboard[2m > [22m[2mPriority Display[2m > [22m[2mshould show priority badges with correct colors[22m[39m
🔍 Dashboard - Tickets bruts: [33m0[39m
🔍 Dashboard - Tickets filtrés: [33m0[39m
🔍 Dashboard - Filtres actifs: { filterPriority: [32m'all'[39m, filterStatus: [32m'all'[39m }

[90mstderr[2m | src/__tests__/Dashboard.test.jsx[2m > [22m[2mDashboard[2m > [22m[2mPriority Display[2m > [22m[2mshould show priority badges with correct colors[22m[39m
[MSW] Warning: intercepted a request without a matching request handler:

  • GET /api/sav/tickets

If you still wish to intercept this unhandled request, please create a request handler for it.
Read more: https://mswjs.io/docs/http/intercepting-requests

[90mstderr[2m | src/__tests__/Dashboard.test.jsx[2m > [22m[2mDashboard[2m > [22m[2mPriority Display[2m > [22m[2mshould show priority badges with correct colors[22m[39m
Erreur: TypeError: fetch failed
[90m    at node:internal/deps/undici/undici:13510:13[39m
[90m    at processTicksAndRejections (node:internal/process/task_queues:105:5)[39m
    at until [90m(file:///C:/Users/v-nbayonne/meuble-de-france-chatbot/frontend/[39mnode_modules/[4m@open-draft[24m/until/src/until.ts:23:18[90m)[39m
    at Object.passthrough [90m(file:///C:/Users/v-nbayonne/meuble-de-france-chatbot/frontend/[39mnode_modules/[4m@mswjs[24m/interceptors/src/interceptors/fetch/index.ts:78:68[90m)[39m
    at _RequestController.passthrough [90m(file:///C:/Users/v-nbayonne/meuble-de-france-chatbot/frontend/[39mnode_modules/[4m@mswjs[24m/interceptors/src/RequestController.ts:50:5[90m)[39m
    at handleRequest [90m(file:///C:/Users/v-nbayonne/meuble-de-france-chatbot/frontend/[39mnode_modules/[4m@mswjs[24m/interceptors/src/utils/handleRequest.ts:201:12[90m)[39m
    at globalThis.fetch [90m(file:///C:/Users/v-nbayonne/meuble-de-france-chatbot/frontend/[39mnode_modules/[4m@mswjs[24m/interceptors/src/interceptors/fetch/index.ts:185:7[90m)[39m
    at fetchTickets [90m(C:\Users\v-nbayonne\meuble-de-france-chatbot\frontend\[39msrc\components\Dashboard.jsx:24:24[90m)[39m {
  [cause]: AggregateError: 
  [90m    at internalConnectMultiple (node:net:1134:18)[39m
  [90m    at afterConnectMultiple (node:net:1715:7)[39m {
    code: [32m'ECONNREFUSED'[39m,
    [errors]: [ [36m[Error][39m, [36m[Error][39m ]
  }
}

[90mstdout[2m | src/__tests__/Dashboard.test.jsx[2m > [22m[2mDashboard[2m > [22m[2mPriority Display[2m > [22m[2mshould show priority badges with correct colors[22m[39m
🔍 Dashboard - Tickets bruts: [33m0[39m
🔍 Dashboard - Tickets filtrés: [33m0[39m
🔍 Dashboard - Filtres actifs: { filterPriority: [32m'all'[39m, filterStatus: [32m'all'[39m }
🔍 Dashboard - Tickets bruts: [33m0[39m
🔍 Dashboard - Tickets filtrés: [33m0[39m
🔍 Dashboard - Filtres actifs: { filterPriority: [32m'all'[39m, filterStatus: [32m'all'[39m }

[90mstdout[2m | src/__tests__/ChatInterface.test.jsx[2m > [22m[2mChatInterface[2m > [22m[2mMessage Formatting[2m > [22m[2mshould display user and assistant messages differently[22m[39m
<empty line>
[90mstderr[2m | src/__tests__/ChatInterface.test.jsx[2m > [22m[2mChatInterface[2m > [22m[2mMessage Formatting[2m > [22m[2mshould display user and assistant messages differently[22m[39m
[MSW] Warning: intercepted a request without a matching request handler:

  • POST /api/chat

  • Request body: {"message":"User message","session_id":"test-uuid-dm2s4ca","photos":[]}

If you still wish to intercept this unhandled request, please create a request handler for it.
Read more: https://mswjs.io/docs/http/intercepting-requests

 [32m✓[39m src/__tests__/ChatInterface.test.jsx[2m > [22mChatInterface[2m > [22mMessage Formatting[2m > [22mshould display user and assistant messages differently[33m 725[2mms[22m[39m
[90mstdout[2m | src/__tests__/ChatInterface.test.jsx[2m > [22m[2mChatInterface[2m > [22m[2mMessage Formatting[2m > [22m[2mshould sanitize HTML in messages (XSS protection)[22m[39m
✅ Synthèse vocale disponible

[90mstderr[2m | src/__tests__/ChatInterface.test.jsx[2m > [22m[2mChatInterface[2m > [22m[2mMessage Formatting[2m > [22m[2mshould sanitize HTML in messages (XSS protection)[22m[39m
Erreur: TypeError: fetch failed
[90m    at node:internal/deps/undici/undici:13510:13[39m
[90m    at processTicksAndRejections (node:internal/process/task_queues:105:5)[39m
    at until [90m(file:///C:/Users/v-nbayonne/meuble-de-france-chatbot/frontend/[39mnode_modules/[4m@open-draft[24m/until/src/until.ts:23:18[90m)[39m
    at Object.passthrough [90m(file:///C:/Users/v-nbayonne/meuble-de-france-chatbot/frontend/[39mnode_modules/[4m@mswjs[24m/interceptors/src/interceptors/fetch/index.ts:78:68[90m)[39m
    at _RequestController.passthrough [90m(file:///C:/Users/v-nbayonne/meuble-de-france-chatbot/frontend/[39mnode_modules/[4m@mswjs[24m/interceptors/src/RequestController.ts:50:5[90m)[39m
    at handleRequest [90m(file:///C:/Users/v-nbayonne/meuble-de-france-chatbot/frontend/[39mnode_modules/[4m@mswjs[24m/interceptors/src/utils/handleRequest.ts:201:12[90m)[39m
    at globalThis.fetch [90m(file:///C:/Users/v-nbayonne/meuble-de-france-chatbot/frontend/[39mnode_modules/[4m@mswjs[24m/interceptors/src/interceptors/fetch/index.ts:185:7[90m)[39m
    at sendMessage [90m(C:\Users\v-nbayonne\meuble-de-france-chatbot\frontend\[39msrc\components\ChatInterface.jsx:275:24[90m)[39m {
  [cause]: AggregateError: 
  [90m    at internalConnectMultiple (node:net:1134:18)[39m
  [90m    at afterConnectMultiple (node:net:1715:7)[39m {
    code: [32m'ECONNREFUSED'[39m,
    [errors]: [ [36m[Error][39m, [36m[Error][39m ]
  }
}

[90mstdout[2m | src/__tests__/Dashboard.test.jsx[2m > [22m[2mDashboard[2m > [22m[2mPriority Display[2m > [22m[2mshould display P0 with critical styling[22m[39m
🔍 Dashboard - Tickets bruts: [33m0[39m
🔍 Dashboard - Tickets filtrés: [33m0[39m
🔍 Dashboard - Filtres actifs: { filterPriority: [32m'all'[39m, filterStatus: [32m'all'[39m }

[90mstderr[2m | src/__tests__/Dashboard.test.jsx[2m > [22m[2mDashboard[2m > [22m[2mPriority Display[2m > [22m[2mshould display P0 with critical styling[22m[39m
[MSW] Warning: intercepted a request without a matching request handler:

  • GET /api/sav/tickets

If you still wish to intercept this unhandled request, please create a request handler for it.
Read more: https://mswjs.io/docs/http/intercepting-requests

 [31m×[39m src/__tests__/Dashboard.test.jsx[2m > [22mDashboard[2m > [22mPriority Display[2m > [22mshould show priority badges with correct colors[33m 1022[2mms[22m[39m
[31m   → expected 0 to be greater than 0

Ignored nodes: comments, script, style
[36m<html>[31m
  [36m<head />[31m
  [36m<body>[31m
    [36m<div>[31m
      [36m<div[31m
        [33mclass[31m=[32m"flex items-center justify-center h-screen bg-gray-50"[31m
      [36m>[31m
        [36m<div[31m
          [33mclass[31m=[32m"text-center text-red-600"[31m
        [36m>[31m
          [36m<svg[31m
            [33mclass[31m=[32m"lucide lucide-xcircle w-16 h-16 mx-auto mb-4"[31m
            [33mfill[31m=[32m"none"[31m
            [33mheight[31m=[32m"24"[31m
            [33mstroke[31m=[32m"currentColor"[31m
            [33mstroke-linecap[31m=[32m"round"[31m
            [33mstroke-linejoin[31m=[32m"round"[31m
            [33mstroke-width[31m=[32m"2"[31m
            [33mviewBox[31m=[32m"0 0 24 24"[31m
            [33mwidth[31m=[32m"24"[31m
            [33mxmlns[31m=[32m"http://www.w3.org/2000/svg"[31m
          [36m>[31m
            [36m<circle[31m
              [33mcx[31m=[32m"12"[31m
              [33mcy[31m=[32m"12"[31m
              [33mr[31m=[32m"10"[31m
            [36m/>[31m
            [36m<path[31m
              [33md[31m=[32m"m15 9-6 6"[31m
            [36m/>[31m
            [36m<path[31m
              [33md[31m=[32m"m9 9 6 6"[31m
            [36m/>[31m
          [36m</svg>[31m
          [36m<p[31m
            [33mclass[31m=[32m"text-xl font-semibold"[31m
          [36m>[31m
            [0mErreur de connexion au serveur[0m
          [36m</p>[31m
          [36m<button[31m
            [33mclass[31m=[32m"mt-4 px-4 py-2 bg-red-600 text-white rounded-lg hover:bg-red-700"[31m
          [36m>[31m
            [0mRéessayer[0m
          [36m</button>[31m
        [36m</div>[31m
      [36m</div>[31m
    [36m</div>[31m
  [36m</body>[31m
[36m</html>[31m[39m
 [32m✓[39m src/__tests__/Dashboard.test.jsx[2m > [22mDashboard[2m > [22mPriority Display[2m > [22mshould display P0 with critical styling
[90mstdout[2m | src/__tests__/Dashboard.test.jsx[2m > [22m[2mDashboard[2m > [22m[2mStatus Display[2m > [22m[2mshould display status labels correctly[22m[39m
🔍 Dashboard - Tickets bruts: [33m0[39m
🔍 Dashboard - Tickets filtrés: [33m0[39m
🔍 Dashboard - Filtres actifs: { filterPriority: [32m'all'[39m, filterStatus: [32m'all'[39m }

[90mstderr[2m | src/__tests__/Dashboard.test.jsx[2m > [22m[2mDashboard[2m > [22m[2mStatus Display[2m > [22m[2mshould display status labels correctly[22m[39m
[MSW] Warning: intercepted a request without a matching request handler:

  • GET /api/sav/tickets

If you still wish to intercept this unhandled request, please create a request handler for it.
Read more: https://mswjs.io/docs/http/intercepting-requests

[90mstderr[2m | src/__tests__/Dashboard.test.jsx[2m > [22m[2mDashboard[2m > [22m[2mStatus Display[2m > [22m[2mshould display status labels correctly[22m[39m
Erreur: TypeError: fetch failed
[90m    at node:internal/deps/undici/undici:13510:13[39m
[90m    at processTicksAndRejections (node:internal/process/task_queues:105:5)[39m
    at until [90m(file:///C:/Users/v-nbayonne/meuble-de-france-chatbot/frontend/[39mnode_modules/[4m@open-draft[24m/until/src/until.ts:23:18[90m)[39m
    at Object.passthrough [90m(file:///C:/Users/v-nbayonne/meuble-de-france-chatbot/frontend/[39mnode_modules/[4m@mswjs[24m/interceptors/src/interceptors/fetch/index.ts:78:68[90m)[39m
    at _RequestController.passthrough [90m(file:///C:/Users/v-nbayonne/meuble-de-france-chatbot/frontend/[39mnode_modules/[4m@mswjs[24m/interceptors/src/RequestController.ts:50:5[90m)[39m
    at handleRequest [90m(file:///C:/Users/v-nbayonne/meuble-de-france-chatbot/frontend/[39mnode_modules/[4m@mswjs[24m/interceptors/src/utils/handleRequest.ts:201:12[90m)[39m
    at globalThis.fetch [90m(file:///C:/Users/v-nbayonne/meuble-de-france-chatbot/frontend/[39mnode_modules/[4m@mswjs[24m/interceptors/src/interceptors/fetch/index.ts:185:7[90m)[39m
    at fetchTickets [90m(C:\Users\v-nbayonne\meuble-de-france-chatbot\frontend\[39msrc\components\Dashboard.jsx:24:24[90m)[39m {
  [cause]: AggregateError: 
  [90m    at internalConnectMultiple (node:net:1134:18)[39m
  [90m    at afterConnectMultiple (node:net:1715:7)[39m {
    code: [32m'ECONNREFUSED'[39m,
    [errors]: [ [36m[Error][39m, [36m[Error][39m ]
  }
}
Erreur: TypeError: fetch failed
[90m    at node:internal/deps/undici/undici:13510:13[39m
[90m    at processTicksAndRejections (node:internal/process/task_queues:105:5)[39m
    at until [90m(file:///C:/Users/v-nbayonne/meuble-de-france-chatbot/frontend/[39mnode_modules/[4m@open-draft[24m/until/src/until.ts:23:18[90m)[39m
    at Object.passthrough [90m(file:///C:/Users/v-nbayonne/meuble-de-france-chatbot/frontend/[39mnode_modules/[4m@mswjs[24m/interceptors/src/interceptors/fetch/index.ts:78:68[90m)[39m
    at _RequestController.passthrough [90m(file:///C:/Users/v-nbayonne/meuble-de-france-chatbot/frontend/[39mnode_modules/[4m@mswjs[24m/interceptors/src/RequestController.ts:50:5[90m)[39m
    at handleRequest [90m(file:///C:/Users/v-nbayonne/meuble-de-france-chatbot/frontend/[39mnode_modules/[4m@mswjs[24m/interceptors/src/utils/handleRequest.ts:201:12[90m)[39m
    at globalThis.fetch [90m(file:///C:/Users/v-nbayonne/meuble-de-france-chatbot/frontend/[39mnode_modules/[4m@mswjs[24m/interceptors/src/interceptors/fetch/index.ts:185:7[90m)[39m
    at fetchTickets [90m(C:\Users\v-nbayonne\meuble-de-france-chatbot\frontend\[39msrc\components\Dashboard.jsx:24:24[90m)[39m {
  [cause]: AggregateError: 
  [90m    at internalConnectMultiple (node:net:1134:18)[39m
  [90m    at afterConnectMultiple (node:net:1715:7)[39m {
    code: [32m'ECONNREFUSED'[39m,
    [errors]: [ [36m[Error][39m, [36m[Error][39m ]
  }
}

[90mstdout[2m | src/__tests__/Dashboard.test.jsx[2m > [22m[2mDashboard[2m > [22m[2mStatus Display[2m > [22m[2mshould display status labels correctly[22m[39m
🔍 Dashboard - Tickets bruts: [33m0[39m
🔍 Dashboard - Tickets filtrés: [33m0[39m
🔍 Dashboard - Filtres actifs: { filterPriority: [32m'all'[39m, filterStatus: [32m'all'[39m }
🔍 Dashboard - Tickets bruts: [33m0[39m
🔍 Dashboard - Tickets filtrés: [33m0[39m
🔍 Dashboard - Filtres actifs: { filterPriority: [32m'all'[39m, filterStatus: [32m'all'[39m }

[90mstdout[2m | src/__tests__/ChatInterface.test.jsx[2m > [22m[2mChatInterface[2m > [22m[2mMessage Formatting[2m > [22m[2mshould sanitize HTML in messages (XSS protection)[22m[39m
<empty line>
[90mstderr[2m | src/__tests__/ChatInterface.test.jsx[2m > [22m[2mChatInterface[2m > [22m[2mMessage Formatting[2m > [22m[2mshould sanitize HTML in messages (XSS protection)[22m[39m
[MSW] Warning: intercepted a request without a matching request handler:

  • POST /api/chat

  • Request body: {"message":"<script>alert(\"xss\")</script>Safe text","session_id":"test-uuid-xgbz66h","photos":[]}

If you still wish to intercept this unhandled request, please create a request handler for it.
Read more: https://mswjs.io/docs/http/intercepting-requests

[90mstdout[2m | src/__tests__/ChatInterface.test.jsx[2m > [22m[2mChatInterface[2m > [22m[2mMessage Formatting[2m > [22m[2mshould sanitize HTML in messages (XSS protection)[22m[39m
<empty line>
[90mstderr[2m | src/__tests__/ChatInterface.test.jsx[2m > [22m[2mChatInterface[2m > [22m[2mMessage Formatting[2m > [22m[2mshould sanitize HTML in messages (XSS protection)[22m[39m
Erreur: TypeError: fetch failed
[90m    at node:internal/deps/undici/undici:13510:13[39m
[90m    at processTicksAndRejections (node:internal/process/task_queues:105:5)[39m
    at until [90m(file:///C:/Users/v-nbayonne/meuble-de-france-chatbot/frontend/[39mnode_modules/[4m@open-draft[24m/until/src/until.ts:23:18[90m)[39m
    at Object.passthrough [90m(file:///C:/Users/v-nbayonne/meuble-de-france-chatbot/frontend/[39mnode_modules/[4m@mswjs[24m/interceptors/src/interceptors/fetch/index.ts:78:68[90m)[39m
    at _RequestController.passthrough [90m(file:///C:/Users/v-nbayonne/meuble-de-france-chatbot/frontend/[39mnode_modules/[4m@mswjs[24m/interceptors/src/RequestController.ts:50:5[90m)[39m
    at handleRequest [90m(file:///C:/Users/v-nbayonne/meuble-de-france-chatbot/frontend/[39mnode_modules/[4m@mswjs[24m/interceptors/src/utils/handleRequest.ts:201:12[90m)[39m
    at globalThis.fetch [90m(file:///C:/Users/v-nbayonne/meuble-de-france-chatbot/frontend/[39mnode_modules/[4m@mswjs[24m/interceptors/src/interceptors/fetch/index.ts:185:7[90m)[39m
    at sendMessage [90m(C:\Users\v-nbayonne\meuble-de-france-chatbot\frontend\[39msrc\components\ChatInterface.jsx:275:24[90m)[39m {
  [cause]: AggregateError: 
  [90m    at internalConnectMultiple (node:net:1134:18)[39m
  [90m    at afterConnectMultiple (node:net:1715:7)[39m {
    code: [32m'ECONNREFUSED'[39m,
    [errors]: [ [36m[Error][39m, [36m[Error][39m ]
  }
}

 [32m✓[39m src/__tests__/ChatInterface.test.jsx[2m > [22mChatInterface[2m > [22mMessage Formatting[2m > [22mshould sanitize HTML in messages (XSS protection)[33m 1072[2mms[22m[39m
[90mstdout[2m | src/__tests__/ChatInterface.test.jsx[2m > [22m[2mChatInterface[2m > [22m[2mMessage Formatting[2m > [22m[2mshould display timestamps for messages[22m[39m
✅ Synthèse vocale disponible

 [31m×[39m src/__tests__/Dashboard.test.jsx[2m > [22mDashboard[2m > [22mStatus Display[2m > [22mshould display status labels correctly[33m 1020[2mms[22m[39m
[31m   → expected 0 to be greater than 0

Ignored nodes: comments, script, style
[36m<html>[31m
  [36m<head />[31m
  [36m<body>[31m
    [36m<div>[31m
      [36m<div[31m
        [33mclass[31m=[32m"flex items-center justify-center h-screen bg-gray-50"[31m
      [36m>[31m
        [36m<div[31m
          [33mclass[31m=[32m"text-center text-red-600"[31m
        [36m>[31m
          [36m<svg[31m
            [33mclass[31m=[32m"lucide lucide-xcircle w-16 h-16 mx-auto mb-4"[31m
            [33mfill[31m=[32m"none"[31m
            [33mheight[31m=[32m"24"[31m
            [33mstroke[31m=[32m"currentColor"[31m
            [33mstroke-linecap[31m=[32m"round"[31m
            [33mstroke-linejoin[31m=[32m"round"[31m
            [33mstroke-width[31m=[32m"2"[31m
            [33mviewBox[31m=[32m"0 0 24 24"[31m
            [33mwidth[31m=[32m"24"[31m
            [33mxmlns[31m=[32m"http://www.w3.org/2000/svg"[31m
          [36m>[31m
            [36m<circle[31m
              [33mcx[31m=[32m"12"[31m
              [33mcy[31m=[32m"12"[31m
              [33mr[31m=[32m"10"[31m
            [36m/>[31m
            [36m<path[31m
              [33md[31m=[32m"m15 9-6 6"[31m
            [36m/>[31m
            [36m<path[31m
              [33md[31m=[32m"m9 9 6 6"[31m
            [36m/>[31m
          [36m</svg>[31m
          [36m<p[31m
            [33mclass[31m=[32m"text-xl font-semibold"[31m
          [36m>[31m
            [0mErreur de connexion au serveur[0m
          [36m</p>[31m
          [36m<button[31m
            [33mclass[31m=[32m"mt-4 px-4 py-2 bg-red-600 text-white rounded-lg hover:bg-red-700"[31m
          [36m>[31m
            [0mRéessayer[0m
          [36m</button>[31m
        [36m</div>[31m
      [36m</div>[31m
    [36m</div>[31m
  [36m</body>[31m
[36m</html>[31m[39m
[90mstdout[2m | src/__tests__/Dashboard.test.jsx[2m > [22m[2mDashboard[2m > [22m[2mStatus Display[2m > [22m[2mshould show status icons[22m[39m
🔍 Dashboard - Tickets bruts: [33m0[39m
🔍 Dashboard - Tickets filtrés: [33m0[39m
🔍 Dashboard - Filtres actifs: { filterPriority: [32m'all'[39m, filterStatus: [32m'all'[39m }

[90mstderr[2m | src/__tests__/Dashboard.test.jsx[2m > [22m[2mDashboard[2m > [22m[2mStatus Display[2m > [22m[2mshould show status icons[22m[39m
[MSW] Warning: intercepted a request without a matching request handler:

  • GET /api/sav/tickets

If you still wish to intercept this unhandled request, please create a request handler for it.
Read more: https://mswjs.io/docs/http/intercepting-requests

[90mstderr[2m | src/__tests__/Dashboard.test.jsx[2m > [22m[2mDashboard[2m > [22m[2mStatus Display[2m > [22m[2mshould show status icons[22m[39m
Erreur: TypeError: fetch failed
[90m    at node:internal/deps/undici/undici:13510:13[39m
[90m    at processTicksAndRejections (node:internal/process/task_queues:105:5)[39m
    at until [90m(file:///C:/Users/v-nbayonne/meuble-de-france-chatbot/frontend/[39mnode_modules/[4m@open-draft[24m/until/src/until.ts:23:18[90m)[39m
    at Object.passthrough [90m(file:///C:/Users/v-nbayonne/meuble-de-france-chatbot/frontend/[39mnode_modules/[4m@mswjs[24m/interceptors/src/interceptors/fetch/index.ts:78:68[90m)[39m
    at _RequestController.passthrough [90m(file:///C:/Users/v-nbayonne/meuble-de-france-chatbot/frontend/[39mnode_modules/[4m@mswjs[24m/interceptors/src/RequestController.ts:50:5[90m)[39m
    at handleRequest [90m(file:///C:/Users/v-nbayonne/meuble-de-france-chatbot/frontend/[39mnode_modules/[4m@mswjs[24m/interceptors/src/utils/handleRequest.ts:201:12[90m)[39m
    at globalThis.fetch [90m(file:///C:/Users/v-nbayonne/meuble-de-france-chatbot/frontend/[39mnode_modules/[4m@mswjs[24m/interceptors/src/interceptors/fetch/index.ts:185:7[90m)[39m
    at fetchTickets [90m(C:\Users\v-nbayonne\meuble-de-france-chatbot\frontend\[39msrc\components\Dashboard.jsx:24:24[90m)[39m {
  [cause]: AggregateError: 
  [90m    at internalConnectMultiple (node:net:1134:18)[39m
  [90m    at afterConnectMultiple (node:net:1715:7)[39m {
    code: [32m'ECONNREFUSED'[39m,
    [errors]: [ [36m[Error][39m, [36m[Error][39m ]
  }
}

[90mstdout[2m | src/__tests__/Dashboard.test.jsx[2m > [22m[2mDashboard[2m > [22m[2mStatus Display[2m > [22m[2mshould show status icons[22m[39m
🔍 Dashboard - Tickets bruts: [33m0[39m
🔍 Dashboard - Tickets filtrés: [33m0[39m
🔍 Dashboard - Filtres actifs: { filterPriority: [32m'all'[39m, filterStatus: [32m'all'[39m }
🔍 Dashboard - Tickets bruts: [33m0[39m
🔍 Dashboard - Tickets filtrés: [33m0[39m
🔍 Dashboard - Filtres actifs: { filterPriority: [32m'all'[39m, filterStatus: [32m'all'[39m }

[90mstdout[2m | src/__tests__/ChatInterface.test.jsx[2m > [22m[2mChatInterface[2m > [22m[2mMessage Formatting[2m > [22m[2mshould display timestamps for messages[22m[39m
<empty line>
[90mstderr[2m | src/__tests__/ChatInterface.test.jsx[2m > [22m[2mChatInterface[2m > [22m[2mMessage Formatting[2m > [22m[2mshould display timestamps for messages[22m[39m
[MSW] Warning: intercepted a request without a matching request handler:

  • POST /api/chat

  • Request body: {"message":"Timestamped message","session_id":"test-uuid-w4zw18q","photos":[]}

If you still wish to intercept this unhandled request, please create a request handler for it.
Read more: https://mswjs.io/docs/http/intercepting-requests

[90mstdout[2m | src/__tests__/ChatInterface.test.jsx[2m > [22m[2mChatInterface[2m > [22m[2mText-to-Speech Integration[2m > [22m[2mshould have speech synthesis controls[22m[39m
✅ Synthèse vocale disponible

[90mstdout[2m | src/__tests__/ChatInterface.test.jsx[2m > [22m[2mChatInterface[2m > [22m[2mText-to-Speech Integration[2m > [22m[2mshould speak welcome message on mount when enabled[22m[39m
✅ Synthèse vocale disponible

[90mstderr[2m | src/__tests__/ChatInterface.test.jsx[2m > [22m[2mChatInterface[2m > [22m[2mText-to-Speech Integration[2m > [22m[2mshould speak welcome message on mount when enabled[22m[39m
Erreur: TypeError: fetch failed
[90m    at node:internal/deps/undici/undici:13510:13[39m
[90m    at processTicksAndRejections (node:internal/process/task_queues:105:5)[39m
    at until [90m(file:///C:/Users/v-nbayonne/meuble-de-france-chatbot/frontend/[39mnode_modules/[4m@open-draft[24m/until/src/until.ts:23:18[90m)[39m
    at Object.passthrough [90m(file:///C:/Users/v-nbayonne/meuble-de-france-chatbot/frontend/[39mnode_modules/[4m@mswjs[24m/interceptors/src/interceptors/fetch/index.ts:78:68[90m)[39m
    at _RequestController.passthrough [90m(file:///C:/Users/v-nbayonne/meuble-de-france-chatbot/frontend/[39mnode_modules/[4m@mswjs[24m/interceptors/src/RequestController.ts:50:5[90m)[39m
    at handleRequest [90m(file:///C:/Users/v-nbayonne/meuble-de-france-chatbot/frontend/[39mnode_modules/[4m@mswjs[24m/interceptors/src/utils/handleRequest.ts:201:12[90m)[39m
    at globalThis.fetch [90m(file:///C:/Users/v-nbayonne/meuble-de-france-chatbot/frontend/[39mnode_modules/[4m@mswjs[24m/interceptors/src/interceptors/fetch/index.ts:185:7[90m)[39m
    at sendMessage [90m(C:\Users\v-nbayonne\meuble-de-france-chatbot\frontend\[39msrc\components\ChatInterface.jsx:275:24[90m)[39m {
  [cause]: AggregateError: 
  [90m    at internalConnectMultiple (node:net:1134:18)[39m
  [90m    at afterConnectMultiple (node:net:1715:7)[39m {
    code: [32m'ECONNREFUSED'[39m,
    [errors]: [ [36m[Error][39m, [36m[Error][39m ]
  }
}

 [31m×[39m src/__tests__/ChatInterface.test.jsx[2m > [22mChatInterface[2m > [22mMessage Formatting[2m > [22mshould display timestamps for messages[33m 849[2mms[22m[39m
[31m   → Found multiple elements with the text: /\d{2}:\d{2}/

Here are the matching elements:

Ignored nodes: comments, script, style
[36m<span>[31m
  [0m13:03[0m
[36m</span>[31m

Ignored nodes: comments, script, style
[36m<span>[31m
  [0m13:03[0m
[36m</span>[31m

(If this is intentional, then use the `*AllBy*` variant of the query (like `queryAllByText`, `getAllByText`, or `findAllByText`)).

Ignored nodes: comments, script, style
[36m<body>[31m
  [36m<div>[31m
    [36m<div[31m
      [33mclass[31m=[32m"flex flex-col h-full max-w-5xl mx-auto bg-gradient-to-br from-amber-50 to-orange-50"[31m
    [36m>[31m
      [36m<div[31m
        [33mclass[31m=[32m"bg-gradient-to-r from-blue-600 to-blue-700 text-white p-6 shadow-lg"[31m
      [36m>[31m
        [36m<div[31m
          [33mclass[31m=[32m"flex items-center justify-between"[31m
        [36m>[31m
          [36m<div>[31m
            [36m<h1[31m
              [33mclass[31m=[32m"text-3xl font-bold"[31m
            [36m>[31m
              [0mService clientèle du groupe Mobilier de France[0m
            [36m</h1>[31m
            [36m<p[31m
              [33mclass[31m=[32m"text-sm opacity-90 mt-1"[31m
            [36m>[31m
              [0mService Après-Vente Intelligent • Traitement automatisé en temps réel[0m
            [36m</p>[31m
          [36m</div>[31m
          [36m<div[31m
            [33mclass[31m=[32m"flex items-center space-x-4"[31m
          [36m>[31m
            [36m<button[31m
              [33mclass[31m=[32m"flex items-center space-x-2 px-4 py-2 rounded-lg font-medium transition-all bg-white text-blue-600 hover:bg-gray-100"[31m
              [33mtitle[31m=[32m"Désactiver la voix du bot"[31m
            [36m>[31m
              [36m<svg[31m
                [33mclass[31m=[32m"lucide lucide-volume2 w-5 h-5 "[31m
                [33mfill[31m=[32m"none"[31m
                [33mheight[31m=[32m"24"[31m
                [33mstroke[31m=[32m"currentColor"[31m
                [33mstroke-linecap[31m=[32m"round"[31m
                [33mstroke-linejoin[31m=[32m"round"[31m
                [33mstroke-width[31m=[32m"2"[31m
                [33mviewBox[31m=[32m"0 0 24 24"[31m
                [33mwidth[31m=[32m"24"[31m
                [33mxmlns[31m=[32m"http://www.w3.org/2000/svg"[31m
              [36m>[31m
                [36m<polygon[31m
                  [33mpoints[31m=[32m"11 5 6 9 2 9 2 15 6 15 11 19 11 5"[31m
                [36m/>[31m
                [36m<path[31m
                  [33md[31m=[32m"M15.54 8.46a5 5 0 0 1 0 7.07"[31m
                [36m/>[31m
                [36m<path[31m
                  [33md[31m=[32m"M19.07 4.93a10 10 0 0 1 0 14.14"[31m
                [36m/>[31m
              [36m</svg>[31m
              [36m<span[31m
                [33mclass[31m=[32m"text-sm"[31m
              [36m>[31m
                [0mVoix ON[0m
              [36m</span>[31m
            [36m</button>[31m
            [36m<div[31m
              [33mclass[31m=[32m"text-right text-xs opacity-80 border-l border-white/30 pl-4"[31m
            [36m>[31m
              [36m<p[31m
                [33mclass[31m=[32m"font-semibold"[31m
              [36m>[31m
                [0m🎯 100% Automatisé[0m
              [36m</p>[31m
              [36m<p[31m
                [33mclass[31m=[32m"text-xs"[31m
              [36m>[31m
                [0m✅ Analyse TON • ✅ Garantie • ✅ Priorité[0m
              [36m</p>[31m
            [36m</div>[31m
          [36m</div>[31m
        [36m</div>[31m
      [36m</div>[31m
      [36m<div[31m
        [33mclass[31m=[32m"flex-1 overflow-y-auto p-6 space-y-4"[31m
      [36m>[31m
        [36m<div[31m
          [33mclass[31m=[32m"flex justify-start fade-in"[31m
        [36m>[31m
          [36m<div[31m
            [33mclass[31m=[32m"max-w-[75%] rounded-2xl p-4 shadow-md bg-white text-gray-800 border border-gray-200"[31m
          [36m>[31m
            [36m<div[31m
              [33mclass[31m=[32m"flex items-start space-x-3"[31m
            [36m>[31m
              [36m<div[31m
                [33mclass[31m=[32m"w-8 h-8 rounded-full bg-gradient-to-r from-amber-500 to-orange-500 flex items-center justify-center text-white font-bold flex-shrink-0"[31m
              [36m>[31m
                [0mM[0m
              [36m</div>[31m
              [36m<div[31m
                [33mclass[31m=[32m"flex-1"[31m
              [36m>[31m
                [36m<p[31m
                  [33mclass[31m=[32m"whitespace-pre-line leading-relaxed"[31m
                [36m>[31m
                  [0m👋 Bonjour ! Je suis votre assistant SAV Mobilier de France.

Décrivez-moi votre problème avec votre numéro de commande, je m'occupe du reste !

💡 **Exemple** : "Bonjour, je m'appelle Marie Martin. Mon canapé OSLO a le pied cassé, commande CMD-2024-12345"[0m
                [36m</p>[31m
                [36m<div[31m
                  [33mclass[31m=[32m"flex items-center justify-between mt-2 text-xs text-gray-500"[31m
                [36m>[31m
                  [36m<span>[31m
                    [0m13:03[0m
                  [36m</span>[31m
                [36m</div>[31m
              [36m</div>[31m
            [36m</div>[31m
          [36m</div>[31m
        [36m</div>[31m
        [36m<div[31m
          [33mclass[31m=[32m"flex justify-end fade-in"[31m
        [36m>[31m
          [36m<div[31m
            [33mclass[31m=[32m"max-w-[75%] rounded-2xl p-4 shadow-md bg-gradient-to-r from-amber-500 to-orange-500 text-white"[31m
          [36m>[31m
            [36m<div[31m
              [33mclass[31m=[32m"flex items-start space-x-3"[31m
            [36m>[31m
              [36m<div[31m
                [33mclass[31m=[32m"flex-1"[31m
              [36m>[31m
                [36m<p[31m
                  [33mclass[31m=[32m"whitespace-pre-line leading-relaxed"[31m
                [36m>[31m
                  [0mTimestamped message[0m
                [36m</p>[31m
                [36m<div[31m
                  [33mclass[31m=[32m"flex items-center justify-between mt-2 text-xs text-white/70"[31m
                [36m>[31m
                  [36m<span>[31m
                    [0m13:03[0m
                  [36m</span>[31m
                [36m</div>[31m
              [36m</div>[31m
              [36m<div[31m
                [33mclass[31m=[32m"w-8 h-8 rounded-full bg-white flex items-center justify-center text-amber-600 font-bold flex-shrink-0"[31m
              [36m>[31m
                [0mV[0m
              [36m</div>[31m
            [36m</div>[31m
          [36m</div>[31m
        [36m</div>[31m
        [36m<div[31m
          [33mclass[31m=[32m"flex justify-start fade-in"[31m
        [36m>[31m
          [36m<div[31m
            [33mclass[31m=[32m"bg-white rounded-2xl p-4 shadow-md border border-gray-200"[31m
          [36m>[31m
            [36m<div[31m
              [33mclass[31m=[32m"flex items-center space-x-3"[31m
            [36m>[31m
              [36m<div[31m
                [33mclass[31m=[32m"w-8 h-8 rounded-full bg-gradient-to-r from-amber-500 to-orange-500 flex items-center justify-center text-white font-bold"[31m
              [36m>[31m
                [0mM[0m
              [36m</div>[31m
              [36m<div[31m
                [33mclass[31m=[32m"flex space-x-2"[31m
              [36m>[31m
                [36m<div[31m
                  [33mclass[31m=[32m"w-2 h-2 bg-amber-500 rounded-full animate-bounce"[31m
                [36m/>[31m
                [36m<div[31m
                  [33mclass[31m=[32m"w-2 h-2 bg-amber-500 rounded-full animate-bounce"[31m
                  [33mstyle[31m=[32m"animation-delay: 0.1s;"[31m
                [36m/>[31m
                [36m<div[31m
                  [33mclass[31m=[32m"w-2 h-2 bg-amber-500 rounded-full animate-bounce"[31m
                  [33mstyle[31m=[32m"animation-delay: 0.2s;"[31m
                [36m/>[31m
              [36m</div>[31m
            [36m</div>[31m
          [36m</div>[31m
        [36m</div>[31m
        [36m<div />[31m
      [36m</div>[31m
      [36m<div[31m
        [33mclass[31m=[32m"bg-white p-6 border-t border-gray-200 shadow-lg"[31m
      [36m>[31m
        [36m<div[31m
          [33mclass[31m=[32m"flex items-end space-x-3"[31m
        [36m>[31m
          [36m<button[31m
            [33mclass[31m=[32m"bg-amber-100 hover:bg-amber-200 text-amber-700 p-3 rounded-full transition-colors flex-shrink-0"[31m
            [33mtitle[31m=[32m"Ajouter des photos"[31m
          [36m>[31m
            [36m<svg[31m
              [33mclass[31m=[32m"lucide lucide-camera w-6 h-6"[31m
              [33mfill[31m=[32m"none"[31m
              [33mheight[31m=[32m"24"[31m
              [33mstroke[31m=[32m"currentColor"[31m
              [33mstroke-linecap[31m=[32m"round"[31m
              [33mstroke-linejoin[31m=[32m"round"[31m
              [33mstroke-width[31m=[32m"2"[31m
              [33mviewBox[31m=[32m"0 0 24 24"[31m
              [33mwidth[31m=[32m"24"[31m
              [33mxmlns[31m=[32m"http://www.w3.org/2000/svg"[31m
            [36m>[31m
              [36m<path[31m
                [33md[31m=[32m"M14.5 4h-5L7 7H4a2 2 0 0 0-2 2v9a2 2 0 0 0 2 2h16a2 2 0 0 0 2-2V9a2 2 0 0 0-2-2h-3l-2.5-3z"[31m
              [36m/>[31m
              [36m<circle[31m
                [33mcx[31m=[32m"12"[31m
                [33mcy[31m=[32m"13"[31m
                [33mr[31m=[32m"3"[31m
              [36m/>[31m
            [36m</svg>[31m
          [36m</button>[31m
          [36m<input[31m
            [33maccept[31m=[32m"image/*,video/*"[31m
            [33mclass[31m=[32m"hidden"[31m
            [33mmultiple[31m=[32m""[31m
            [33mtype[31m=[32m"file"[31m
          [36m/>[31m
          [36m<button[31m
            [33mclass[31m=[32m"relative p-3 rounded-full transition-all flex-shrink-0 shadow-lg bg-gradient-to-r from-blue-500 to-purple-500 hover:from-blue-600 hover:to-purple-600 text-white"[31m
            [33mtitle[31m=[32m"🎤 Parler au lieu de taper"[31m
          [36m>[31m
            [36m<svg[31m
              [33mclass[31m=[32m"lucide lucide-mic w-6 h-6"[31m
              [33mfill[31m=[32m"none"[31m
              [33mheight[31m=[32m"24"[31m
              [33mstroke[31m=[32m"currentColor"[31m
              [33mstroke-linecap[31m=[32m"round"[31m
              [33mstroke-linejoin[31m=[32m"round"[31m
              [33mstroke-width[31m=[32m"2"[31m
              [33mviewBox[31m=[32m"0 0 24 24"[31m
              [33mwidth[31m=[32m"24"[31m
              [33mxmlns[31m=[32m"http://www.w3.org/2000/svg"[31m
            [36m>[31m
              [36m<path[31m
                [33md[31m=[32m"M12 2a3 3 0 0 0-3 3v7a3 3 0 0 0 6 0V5a3 3 0 0 0-3-3Z"[31m
              [36m/>[31m
              [36m<path[31m
                [33md[31m=[32m"M19 10v2a7 7 0 0 1-14 0v-2"[31m
              [36m/>[31m
              [36m<line[31m
                [33mx1[31m=[32m"12"[31m
                [33mx2[31m=[32m"12"[31m
                [33my1[31m=[32m"19"[31m
                [33my2[31m=[32m"22"[31m
              [36m/>[31m
            [36m</svg>[31m
          [36m</button>[31m
          [36m<div[31m
            [33mclass[31m=[32m"flex-1"[31m
          [36m>[31m
            [36m<textarea[31m
              [33mclass[31m=[32m"w-full border-2 border-gray-300 rounded-2xl px-4 py-3 focus:outline-none focus:ring-2 focus:ring-red-500 focus:border-transparent resize-none"[31m
              [33mplaceholder[31m=[32m"Nom complet + Problème + N° commande... (Ex: Jean Dupont, mon canapé OSLO a un pied cassé, CMD-2024-12345)"[31m
              [33mrows[31m=[32m"1"[31m
              [33mstyle[31m=[32m"min-height: 50px; max-height: 150px;"[31m
            [36m/>[31m
          [36m</div>[31m
          [36m<button[31m
            [33mclass[31m=[32m"p-3 rounded-full flex-shrink-0 transition-all bg-gray-300 text-gray-500 cursor-not-allowed"[31m
            [33mdisabled[31m=[32m""[31m
          [36m>[31m
            [36m<svg[31m
              [33mclass[31m=[32m"lucide lucide-loader2 w-6 h-6 animate-spin"[31m
              [33mfill[31m=[32m"none"[31m
              [33mheight[31m=[32m"24"[31m
              [33mstroke[31m=[32m"currentColor"[31m
              [33mstroke-linecap[31m=[32m"round"[31m
              [33mstroke-linejoin[31m=[32m"round"[31m
              [33mstroke-width[31m=[32m"2"[31m
              [33mviewBox[31m=[32m"0 0 24 24"[31m
              [33mwidth[31m=[32m"24"[31m
              [33mxmlns[31m=[32m"http://www.w3.org/2000/svg"[31m
            [36m>[31m
              [36m<path[31m
                [33md[31m=[32m"M21 12a9 9 0 1 1-6.219-8.56"[31m
              [36m/>[31m
            [36m</svg>[31m
          [36m</button>[31m
        [36m</div>[31m
        [36m<p[31m
          [33mclass[31m=[32m"text-xs text-gray-500 mt-3 text-center"[31m
        [36m>[31m
          [0m🔒 Données sécurisées • ⚡ Réponse immédiate • 🎤 Conversation vocale complète • 🔊 Le bot vous parle • 🎯 Analyse automatique du TON et PRIORITÉ • 🛡️ Vérification garantie instantanée[0m
        [36m</p>[31m
      [36m</div>[31m
    [36m</div>[31m
  [36m</div>[31m
[36m</body>[31m[39m
 [32m✓[39m src/__tests__/ChatInterface.test.jsx[2m > [22mChatInterface[2m > [22mText-to-Speech Integration[2m > [22mshould have speech synthesis controls
[90mstdout[2m | src/__tests__/ChatInterface.test.jsx[2m > [22m[2mChatInterface[2m > [22m[2mAccessibility[2m > [22m[2mshould have proper form structure[22m[39m
✅ Synthèse vocale disponible

[90mstdout[2m | src/__tests__/ChatInterface.test.jsx[2m > [22m[2mChatInterface[2m > [22m[2mAccessibility[2m > [22m[2mshould be keyboard navigable[22m[39m
✅ Synthèse vocale disponible

 [32m✓[39m src/__tests__/ChatInterface.test.jsx[2m > [22mChatInterface[2m > [22mText-to-Speech Integration[2m > [22mshould speak welcome message on mount when enabled
 [32m✓[39m src/__tests__/ChatInterface.test.jsx[2m > [22mChatInterface[2m > [22mAccessibility[2m > [22mshould have proper form structure[33m 302[2mms[22m[39m
 [31m×[39m src/__tests__/Dashboard.test.jsx[2m > [22mDashboard[2m > [22mStatus Display[2m > [22mshould show status icons[33m 1022[2mms[22m[39m
[31m   → Unable to find role="table"

Ignored nodes: comments, script, style
[36m<body>[31m
  [36m<div>[31m
    [36m<div[31m
      [33mclass[31m=[32m"flex items-center justify-center h-screen bg-gray-50"[31m
    [36m>[31m
      [36m<div[31m
        [33mclass[31m=[32m"text-center text-red-600"[31m
      [36m>[31m
        [36m<svg[31m
          [33mclass[31m=[32m"lucide lucide-xcircle w-16 h-16 mx-auto mb-4"[31m
          [33mfill[31m=[32m"none"[31m
          [33mheight[31m=[32m"24"[31m
          [33mstroke[31m=[32m"currentColor"[31m
          [33mstroke-linecap[31m=[32m"round"[31m
          [33mstroke-linejoin[31m=[32m"round"[31m
          [33mstroke-width[31m=[32m"2"[31m
          [33mviewBox[31m=[32m"0 0 24 24"[31m
          [33mwidth[31m=[32m"24"[31m
          [33mxmlns[31m=[32m"http://www.w3.org/2000/svg"[31m
        [36m>[31m
          [36m<circle[31m
            [33mcx[31m=[32m"12"[31m
            [33mcy[31m=[32m"12"[31m
            [33mr[31m=[32m"10"[31m
          [36m/>[31m
          [36m<path[31m
            [33md[31m=[32m"m15 9-6 6"[31m
          [36m/>[31m
          [36m<path[31m
            [33md[31m=[32m"m9 9 6 6"[31m
          [36m/>[31m
        [36m</svg>[31m
        [36m<p[31m
          [33mclass[31m=[32m"text-xl font-semibold"[31m
        [36m>[31m
          [0mErreur de connexion au serveur[0m
        [36m</p>[31m
        [36m<button[31m
          [33mclass[31m=[32m"mt-4 px-4 py-2 bg-red-600 text-white rounded-lg hover:bg-red-700"[31m
        [36m>[31m
          [0mRéessayer[0m
        [36m</button>[31m
      [36m</div>[31m
    [36m</div>[31m
  [36m</div>[31m
[36m</body>[31m

Ignored nodes: comments, script, style
[36m<html>[31m
  [36m<head />[31m
  [36m<body>[31m
    [36m<div>[31m
      [36m<div[31m
        [33mclass[31m=[32m"flex items-center justify-center h-screen bg-gray-50"[31m
      [36m>[31m
        [36m<div[31m
          [33mclass[31m=[32m"text-center text-red-600"[31m
        [36m>[31m
          [36m<svg[31m
            [33mclass[31m=[32m"lucide lucide-xcircle w-16 h-16 mx-auto mb-4"[31m
            [33mfill[31m=[32m"none"[31m
            [33mheight[31m=[32m"24"[31m
            [33mstroke[31m=[32m"currentColor"[31m
            [33mstroke-linecap[31m=[32m"round"[31m
            [33mstroke-linejoin[31m=[32m"round"[31m
            [33mstroke-width[31m=[32m"2"[31m
            [33mviewBox[31m=[32m"0 0 24 24"[31m
            [33mwidth[31m=[32m"24"[31m
            [33mxmlns[31m=[32m"http://www.w3.org/2000/svg"[31m
          [36m>[31m
            [36m<circle[31m
              [33mcx[31m=[32m"12"[31m
              [33mcy[31m=[32m"12"[31m
              [33mr[31m=[32m"10"[31m
            [36m/>[31m
            [36m<path[31m
              [33md[31m=[32m"m15 9-6 6"[31m
            [36m/>[31m
            [36m<path[31m
              [33md[31m=[32m"m9 9 6 6"[31m
            [36m/>[31m
          [36m</svg>[31m
          [36m<p[31m
            [33mclass[31m=[32m"text-xl font-semibold"[31m
          [36m>[31m
            [0mErreur de connexion au serveur[0m
          [36m</p>[31m
          [36m<button[31m
            [33mclass[31m=[32m"mt-4 px-4 py-2 bg-red-600 text-white rounded-lg hover:bg-red-700"[31m
          [36m>[31m
            [0mRéessayer[0m
          [36m</button>[31m
        [36m</div>[31m
      [36m</div>[31m
    [36m</div>[31m
  [36m</body>[31m
[36m</html>[31m[39m
[90mstdout[2m | src/__tests__/Dashboard.test.jsx[2m > [22m[2mDashboard[2m > [22m[2mDate Display[2m > [22m[2mshould display creation dates for tickets[22m[39m
🔍 Dashboard - Tickets bruts: [33m0[39m
🔍 Dashboard - Tickets filtrés: [33m0[39m
🔍 Dashboard - Filtres actifs: { filterPriority: [32m'all'[39m, filterStatus: [32m'all'[39m }

[90mstderr[2m | src/__tests__/Dashboard.test.jsx[2m > [22m[2mDashboard[2m > [22m[2mDate Display[2m > [22m[2mshould display creation dates for tickets[22m[39m
[MSW] Warning: intercepted a request without a matching request handler:

  • GET /api/sav/tickets

If you still wish to intercept this unhandled request, please create a request handler for it.
Read more: https://mswjs.io/docs/http/intercepting-requests

[90mstdout[2m | src/__tests__/Dashboard.test.jsx[2m > [22m[2mDashboard[2m > [22m[2mDate Display[2m > [22m[2mshould display creation dates for tickets[22m[39m
🔍 Dashboard - Tickets bruts: [33m0[39m
🔍 Dashboard - Tickets filtrés: [33m0[39m
🔍 Dashboard - Filtres actifs: { filterPriority: [32m'all'[39m, filterStatus: [32m'all'[39m }
🔍 Dashboard - Tickets bruts: [33m0[39m
🔍 Dashboard - Tickets filtrés: [33m0[39m
🔍 Dashboard - Filtres actifs: { filterPriority: [32m'all'[39m, filterStatus: [32m'all'[39m }

[90mstderr[2m | src/__tests__/Dashboard.test.jsx[2m > [22m[2mDashboard[2m > [22m[2mDate Display[2m > [22m[2mshould display creation dates for tickets[22m[39m
Erreur: TypeError: fetch failed
[90m    at node:internal/deps/undici/undici:13510:13[39m
[90m    at processTicksAndRejections (node:internal/process/task_queues:105:5)[39m
    at until [90m(file:///C:/Users/v-nbayonne/meuble-de-france-chatbot/frontend/[39mnode_modules/[4m@open-draft[24m/until/src/until.ts:23:18[90m)[39m
    at Object.passthrough [90m(file:///C:/Users/v-nbayonne/meuble-de-france-chatbot/frontend/[39mnode_modules/[4m@mswjs[24m/interceptors/src/interceptors/fetch/index.ts:78:68[90m)[39m
    at _RequestController.passthrough [90m(file:///C:/Users/v-nbayonne/meuble-de-france-chatbot/frontend/[39mnode_modules/[4m@mswjs[24m/interceptors/src/RequestController.ts:50:5[90m)[39m
    at handleRequest [90m(file:///C:/Users/v-nbayonne/meuble-de-france-chatbot/frontend/[39mnode_modules/[4m@mswjs[24m/interceptors/src/utils/handleRequest.ts:201:12[90m)[39m
    at globalThis.fetch [90m(file:///C:/Users/v-nbayonne/meuble-de-france-chatbot/frontend/[39mnode_modules/[4m@mswjs[24m/interceptors/src/interceptors/fetch/index.ts:185:7[90m)[39m
    at fetchTickets [90m(C:\Users\v-nbayonne\meuble-de-france-chatbot\frontend\[39msrc\components\Dashboard.jsx:24:24[90m)[39m {
  [cause]: AggregateError: 
  [90m    at internalConnectMultiple (node:net:1134:18)[39m
  [90m    at afterConnectMultiple (node:net:1715:7)[39m {
    code: [32m'ECONNREFUSED'[39m,
    [errors]: [ [36m[Error][39m, [36m[Error][39m ]
  }
}

[90mstdout[2m | src/__tests__/ChatInterface.test.jsx[2m > [22m[2mChatInterface[2m > [22m[2mAccessibility[2m > [22m[2mshould be keyboard navigable[22m[39m
<empty line>
[90mstderr[2m | src/__tests__/ChatInterface.test.jsx[2m > [22m[2mChatInterface[2m > [22m[2mAccessibility[2m > [22m[2mshould be keyboard navigable[22m[39m
[MSW] Warning: intercepted a request without a matching request handler:

  • POST /api/chat

  • Request body: {"message":"Test","session_id":"test-uuid-qha0s8l","photos":[]}

If you still wish to intercept this unhandled request, please create a request handler for it.
Read more: https://mswjs.io/docs/http/intercepting-requests

 [32m✓[39m src/__tests__/ChatInterface.test.jsx[2m > [22mChatInterface[2m > [22mAccessibility[2m > [22mshould be keyboard navigable[33m 465[2mms[22m[39m
[90mstderr[2m | sendMessage (C:\Users\v-nbayonne\meuble-de-france-chatbot\frontend\src\components\ChatInterface.jsx:392:15)[22m[39m
Erreur: TypeError: fetch failed
[90m    at node:internal/deps/undici/undici:13510:13[39m
[90m    at processTicksAndRejections (node:internal/process/task_queues:105:5)[39m
    at until [90m(file:///C:/Users/v-nbayonne/meuble-de-france-chatbot/frontend/[39mnode_modules/[4m@open-draft[24m/until/src/until.ts:23:18[90m)[39m
    at Object.passthrough [90m(file:///C:/Users/v-nbayonne/meuble-de-france-chatbot/frontend/[39mnode_modules/[4m@mswjs[24m/interceptors/src/interceptors/fetch/index.ts:78:68[90m)[39m
    at _RequestController.passthrough [90m(file:///C:/Users/v-nbayonne/meuble-de-france-chatbot/frontend/[39mnode_modules/[4m@mswjs[24m/interceptors/src/RequestController.ts:50:5[90m)[39m
    at handleRequest [90m(file:///C:/Users/v-nbayonne/meuble-de-france-chatbot/frontend/[39mnode_modules/[4m@mswjs[24m/interceptors/src/utils/handleRequest.ts:201:12[90m)[39m
    at globalThis.fetch [90m(file:///C:/Users/v-nbayonne/meuble-de-france-chatbot/frontend/[39mnode_modules/[4m@mswjs[24m/interceptors/src/interceptors/fetch/index.ts:185:7[90m)[39m
    at sendMessage [90m(C:\Users\v-nbayonne\meuble-de-france-chatbot\frontend\[39msrc\components\ChatInterface.jsx:275:24[90m)[39m {
  [cause]: AggregateError: 
  [90m    at internalConnectMultiple (node:net:1134:18)[39m
  [90m    at afterConnectMultiple (node:net:1715:7)[39m {
    code: [32m'ECONNREFUSED'[39m,
    [errors]: [ [36m[Error][39m, [36m[Error][39m ]
  }
}

 [31m×[39m src/__tests__/Dashboard.test.jsx[2m > [22mDashboard[2m > [22mDate Display[2m > [22mshould display creation dates for tickets[33m 1014[2mms[22m[39m
[31m   → Unable to find an element with the text: /Date/i. This could be because the text is broken up by multiple elements. In this case, you can provide a function for your text matcher to make your matcher more flexible.

Ignored nodes: comments, script, style
[36m<body>[31m
  [36m<div>[31m
    [36m<div[31m
      [33mclass[31m=[32m"flex items-center justify-center h-screen bg-gray-50"[31m
    [36m>[31m
      [36m<div[31m
        [33mclass[31m=[32m"text-center text-red-600"[31m
      [36m>[31m
        [36m<svg[31m
          [33mclass[31m=[32m"lucide lucide-xcircle w-16 h-16 mx-auto mb-4"[31m
          [33mfill[31m=[32m"none"[31m
          [33mheight[31m=[32m"24"[31m
          [33mstroke[31m=[32m"currentColor"[31m
          [33mstroke-linecap[31m=[32m"round"[31m
          [33mstroke-linejoin[31m=[32m"round"[31m
          [33mstroke-width[31m=[32m"2"[31m
          [33mviewBox[31m=[32m"0 0 24 24"[31m
          [33mwidth[31m=[32m"24"[31m
          [33mxmlns[31m=[32m"http://www.w3.org/2000/svg"[31m
        [36m>[31m
          [36m<circle[31m
            [33mcx[31m=[32m"12"[31m
            [33mcy[31m=[32m"12"[31m
            [33mr[31m=[32m"10"[31m
          [36m/>[31m
          [36m<path[31m
            [33md[31m=[32m"m15 9-6 6"[31m
          [36m/>[31m
          [36m<path[31m
            [33md[31m=[32m"m9 9 6 6"[31m
          [36m/>[31m
        [36m</svg>[31m
        [36m<p[31m
          [33mclass[31m=[32m"text-xl font-semibold"[31m
        [36m>[31m
          [0mErreur de connexion au serveur[0m
        [36m</p>[31m
        [36m<button[31m
          [33mclass[31m=[32m"mt-4 px-4 py-2 bg-red-600 text-white rounded-lg hover:bg-red-700"[31m
        [36m>[31m
          [0mRéessayer[0m
        [36m</button>[31m
      [36m</div>[31m
    [36m</div>[31m
  [36m</div>[31m
[36m</body>[31m

Ignored nodes: comments, script, style
[36m<html>[31m
  [36m<head />[31m
  [36m<body>[31m
    [36m<div>[31m
      [36m<div[31m
        [33mclass[31m=[32m"flex items-center justify-center h-screen bg-gray-50"[31m
      [36m>[31m
        [36m<div[31m
          [33mclass[31m=[32m"text-center text-red-600"[31m
        [36m>[31m
          [36m<svg[31m
            [33mclass[31m=[32m"lucide lucide-xcircle w-16 h-16 mx-auto mb-4"[31m
            [33mfill[31m=[32m"none"[31m
            [33mheight[31m=[32m"24"[31m
            [33mstroke[31m=[32m"currentColor"[31m
            [33mstroke-linecap[31m=[32m"round"[31m
            [33mstroke-linejoin[31m=[32m"round"[31m
            [33mstroke-width[31m=[32m"2"[31m
            [33mviewBox[31m=[32m"0 0 24 24"[31m
            [33mwidth[31m=[32m"24"[31m
            [33mxmlns[31m=[32m"http://www.w3.org/2000/svg"[31m
          [36m>[31m
            [36m<circle[31m
              [33mcx[31m=[32m"12"[31m
              [33mcy[31m=[32m"12"[31m
              [33mr[31m=[32m"10"[31m
            [36m/>[31m
            [36m<path[31m
              [33md[31m=[32m"m15 9-6 6"[31m
            [36m/>[31m
            [36m<path[31m
              [33md[31m=[32m"m9 9 6 6"[31m
            [36m/>[31m
          [36m</svg>[31m
          [36m<p[31m
            [33mclass[31m=[32m"text-xl font-semibold"[31m
          [36m>[31m
            [0mErreur de connexion au serveur[0m
          [36m</p>[31m
          [36m<button[31m
            [33mclass[31m=[32m"mt-4 px-4 py-2 bg-red-600 text-white rounded-lg hover:bg-red-700"[31m
          [36m>[31m
            [0mRéessayer[0m
          [36m</button>[31m
        [36m</div>[31m
      [36m</div>[31m
    [36m</div>[31m
  [36m</body>[31m
[36m</html>[31m[39m
[90mstdout[2m | src/__tests__/Dashboard.test.jsx[2m > [22m[2mDashboard[2m > [22m[2mDate Display[2m > [22m[2mshould format dates correctly[22m[39m
🔍 Dashboard - Tickets bruts: [33m0[39m
🔍 Dashboard - Tickets filtrés: [33m0[39m
🔍 Dashboard - Filtres actifs: { filterPriority: [32m'all'[39m, filterStatus: [32m'all'[39m }

[90mstderr[2m | src/__tests__/Dashboard.test.jsx[2m > [22m[2mDashboard[2m > [22m[2mDate Display[2m > [22m[2mshould format dates correctly[22m[39m
[MSW] Warning: intercepted a request without a matching request handler:

  • GET /api/sav/tickets

If you still wish to intercept this unhandled request, please create a request handler for it.
Read more: https://mswjs.io/docs/http/intercepting-requests

[90mstdout[2m | src/__tests__/Dashboard.test.jsx[2m > [22m[2mDashboard[2m > [22m[2mDate Display[2m > [22m[2mshould format dates correctly[22m[39m
🔍 Dashboard - Tickets bruts: [33m0[39m
🔍 Dashboard - Tickets filtrés: [33m0[39m
🔍 Dashboard - Filtres actifs: { filterPriority: [32m'all'[39m, filterStatus: [32m'all'[39m }
🔍 Dashboard - Tickets bruts: [33m0[39m
🔍 Dashboard - Tickets filtrés: [33m0[39m
🔍 Dashboard - Filtres actifs: { filterPriority: [32m'all'[39m, filterStatus: [32m'all'[39m }

[90mstderr[2m | src/__tests__/Dashboard.test.jsx[2m > [22m[2mDashboard[2m > [22m[2mDate Display[2m > [22m[2mshould format dates correctly[22m[39m
Erreur: TypeError: fetch failed
[90m    at node:internal/deps/undici/undici:13510:13[39m
[90m    at processTicksAndRejections (node:internal/process/task_queues:105:5)[39m
    at until [90m(file:///C:/Users/v-nbayonne/meuble-de-france-chatbot/frontend/[39mnode_modules/[4m@open-draft[24m/until/src/until.ts:23:18[90m)[39m
    at Object.passthrough [90m(file:///C:/Users/v-nbayonne/meuble-de-france-chatbot/frontend/[39mnode_modules/[4m@mswjs[24m/interceptors/src/interceptors/fetch/index.ts:78:68[90m)[39m
    at _RequestController.passthrough [90m(file:///C:/Users/v-nbayonne/meuble-de-france-chatbot/frontend/[39mnode_modules/[4m@mswjs[24m/interceptors/src/RequestController.ts:50:5[90m)[39m
    at handleRequest [90m(file:///C:/Users/v-nbayonne/meuble-de-france-chatbot/frontend/[39mnode_modules/[4m@mswjs[24m/interceptors/src/utils/handleRequest.ts:201:12[90m)[39m
    at globalThis.fetch [90m(file:///C:/Users/v-nbayonne/meuble-de-france-chatbot/frontend/[39mnode_modules/[4m@mswjs[24m/interceptors/src/interceptors/fetch/index.ts:185:7[90m)[39m
    at fetchTickets [90m(C:\Users\v-nbayonne\meuble-de-france-chatbot\frontend\[39msrc\components\Dashboard.jsx:24:24[90m)[39m {
  [cause]: AggregateError: 
  [90m    at internalConnectMultiple (node:net:1134:18)[39m
  [90m    at afterConnectMultiple (node:net:1715:7)[39m {
    code: [32m'ECONNREFUSED'[39m,
    [errors]: [ [36m[Error][39m, [36m[Error][39m ]
  }
}

 [31m×[39m src/__tests__/Dashboard.test.jsx[2m > [22mDashboard[2m > [22mDate Display[2m > [22mshould format dates correctly[33m 1014[2mms[22m[39m
[31m   → Unable to find role="table"

Ignored nodes: comments, script, style
[36m<body>[31m
  [36m<div>[31m
    [36m<div[31m
      [33mclass[31m=[32m"flex items-center justify-center h-screen bg-gray-50"[31m
    [36m>[31m
      [36m<div[31m
        [33mclass[31m=[32m"text-center text-red-600"[31m
      [36m>[31m
        [36m<svg[31m
          [33mclass[31m=[32m"lucide lucide-xcircle w-16 h-16 mx-auto mb-4"[31m
          [33mfill[31m=[32m"none"[31m
          [33mheight[31m=[32m"24"[31m
          [33mstroke[31m=[32m"currentColor"[31m
          [33mstroke-linecap[31m=[32m"round"[31m
          [33mstroke-linejoin[31m=[32m"round"[31m
          [33mstroke-width[31m=[32m"2"[31m
          [33mviewBox[31m=[32m"0 0 24 24"[31m
          [33mwidth[31m=[32m"24"[31m
          [33mxmlns[31m=[32m"http://www.w3.org/2000/svg"[31m
        [36m>[31m
          [36m<circle[31m
            [33mcx[31m=[32m"12"[31m
            [33mcy[31m=[32m"12"[31m
            [33mr[31m=[32m"10"[31m
          [36m/>[31m
          [36m<path[31m
            [33md[31m=[32m"m15 9-6 6"[31m
          [36m/>[31m
          [36m<path[31m
            [33md[31m=[32m"m9 9 6 6"[31m
          [36m/>[31m
        [36m</svg>[31m
        [36m<p[31m
          [33mclass[31m=[32m"text-xl font-semibold"[31m
        [36m>[31m
          [0mErreur de connexion au serveur[0m
        [36m</p>[31m
        [36m<button[31m
          [33mclass[31m=[32m"mt-4 px-4 py-2 bg-red-600 text-white rounded-lg hover:bg-red-700"[31m
        [36m>[31m
          [0mRéessayer[0m
        [36m</button>[31m
      [36m</div>[31m
    [36m</div>[31m
  [36m</div>[31m
[36m</body>[31m

Ignored nodes: comments, script, style
[36m<html>[31m
  [36m<head />[31m
  [36m<body>[31m
    [36m<div>[31m
      [36m<div[31m
        [33mclass[31m=[32m"flex items-center justify-center h-screen bg-gray-50"[31m
      [36m>[31m
        [36m<div[31m
          [33mclass[31m=[32m"text-center text-red-600"[31m
        [36m>[31m
          [36m<svg[31m
            [33mclass[31m=[32m"lucide lucide-xcircle w-16 h-16 mx-auto mb-4"[31m
            [33mfill[31m=[32m"none"[31m
            [33mheight[31m=[32m"24"[31m
            [33mstroke[31m=[32m"currentColor"[31m
            [33mstroke-linecap[31m=[32m"round"[31m
            [33mstroke-linejoin[31m=[32m"round"[31m
            [33mstroke-width[31m=[32m"2"[31m
            [33mviewBox[31m=[32m"0 0 24 24"[31m
            [33mwidth[31m=[32m"24"[31m
            [33mxmlns[31m=[32m"http://www.w3.org/2000/svg"[31m
          [36m>[31m
            [36m<circle[31m
              [33mcx[31m=[32m"12"[31m
              [33mcy[31m=[32m"12"[31m
              [33mr[31m=[32m"10"[31m
            [36m/>[31m
            [36m<path[31m
              [33md[31m=[32m"m15 9-6 6"[31m
            [36m/>[31m
            [36m<path[31m
              [33md[31m=[32m"m9 9 6 6"[31m
            [36m/>[31m
          [36m</svg>[31m
          [36m<p[31m
            [33mclass[31m=[32m"text-xl font-semibold"[31m
          [36m>[31m
            [0mErreur de connexion au serveur[0m
          [36m</p>[31m
          [36m<button[31m
            [33mclass[31m=[32m"mt-4 px-4 py-2 bg-red-600 text-white rounded-lg hover:bg-red-700"[31m
          [36m>[31m
            [0mRéessayer[0m
          [36m</button>[31m
        [36m</div>[31m
      [36m</div>[31m
    [36m</div>[31m
  [36m</body>[31m
[36m</html>[31m[39m
[90mstdout[2m | src/__tests__/Dashboard.test.jsx[2m > [22m[2mDashboard[2m > [22m[2mResponsive Layout[2m > [22m[2mshould render statistics grid[22m[39m
🔍 Dashboard - Tickets bruts: [33m0[39m
🔍 Dashboard - Tickets filtrés: [33m0[39m
🔍 Dashboard - Filtres actifs: { filterPriority: [32m'all'[39m, filterStatus: [32m'all'[39m }

[90mstderr[2m | src/__tests__/Dashboard.test.jsx[2m > [22m[2mDashboard[2m > [22m[2mResponsive Layout[2m > [22m[2mshould render statistics grid[22m[39m
[MSW] Warning: intercepted a request without a matching request handler:

  • GET /api/sav/tickets

If you still wish to intercept this unhandled request, please create a request handler for it.
Read more: https://mswjs.io/docs/http/intercepting-requests

[90mstderr[2m | src/__tests__/Dashboard.test.jsx[2m > [22m[2mDashboard[2m > [22m[2mResponsive Layout[2m > [22m[2mshould render statistics grid[22m[39m
Erreur: TypeError: fetch failed
[90m    at node:internal/deps/undici/undici:13510:13[39m
[90m    at processTicksAndRejections (node:internal/process/task_queues:105:5)[39m
    at until [90m(file:///C:/Users/v-nbayonne/meuble-de-france-chatbot/frontend/[39mnode_modules/[4m@open-draft[24m/until/src/until.ts:23:18[90m)[39m
    at Object.passthrough [90m(file:///C:/Users/v-nbayonne/meuble-de-france-chatbot/frontend/[39mnode_modules/[4m@mswjs[24m/interceptors/src/interceptors/fetch/index.ts:78:68[90m)[39m
    at _RequestController.passthrough [90m(file:///C:/Users/v-nbayonne/meuble-de-france-chatbot/frontend/[39mnode_modules/[4m@mswjs[24m/interceptors/src/RequestController.ts:50:5[90m)[39m
    at handleRequest [90m(file:///C:/Users/v-nbayonne/meuble-de-france-chatbot/frontend/[39mnode_modules/[4m@mswjs[24m/interceptors/src/utils/handleRequest.ts:201:12[90m)[39m
    at globalThis.fetch [90m(file:///C:/Users/v-nbayonne/meuble-de-france-chatbot/frontend/[39mnode_modules/[4m@mswjs[24m/interceptors/src/interceptors/fetch/index.ts:185:7[90m)[39m
    at fetchTickets [90m(C:\Users\v-nbayonne\meuble-de-france-chatbot\frontend\[39msrc\components\Dashboard.jsx:24:24[90m)[39m {
  [cause]: AggregateError: 
  [90m    at internalConnectMultiple (node:net:1134:18)[39m
  [90m    at afterConnectMultiple (node:net:1715:7)[39m {
    code: [32m'ECONNREFUSED'[39m,
    [errors]: [ [36m[Error][39m, [36m[Error][39m ]
  }
}

[90mstdout[2m | src/__tests__/Dashboard.test.jsx[2m > [22m[2mDashboard[2m > [22m[2mResponsive Layout[2m > [22m[2mshould render statistics grid[22m[39m
🔍 Dashboard - Tickets bruts: [33m0[39m
🔍 Dashboard - Tickets filtrés: [33m0[39m
🔍 Dashboard - Filtres actifs: { filterPriority: [32m'all'[39m, filterStatus: [32m'all'[39m }
🔍 Dashboard - Tickets bruts: [33m0[39m
🔍 Dashboard - Tickets filtrés: [33m0[39m
🔍 Dashboard - Filtres actifs: { filterPriority: [32m'all'[39m, filterStatus: [32m'all'[39m }

 [31m×[39m src/__tests__/Dashboard.test.jsx[2m > [22mDashboard[2m > [22mResponsive Layout[2m > [22mshould render statistics grid[33m 1025[2mms[22m[39m
[31m   → Unable to find an element with the text: /Total Tickets/i. This could be because the text is broken up by multiple elements. In this case, you can provide a function for your text matcher to make your matcher more flexible.

Ignored nodes: comments, script, style
[36m<body>[31m
  [36m<div>[31m
    [36m<div[31m
      [33mclass[31m=[32m"flex items-center justify-center h-screen bg-gray-50"[31m
    [36m>[31m
      [36m<div[31m
        [33mclass[31m=[32m"text-center text-red-600"[31m
      [36m>[31m
        [36m<svg[31m
          [33mclass[31m=[32m"lucide lucide-xcircle w-16 h-16 mx-auto mb-4"[31m
          [33mfill[31m=[32m"none"[31m
          [33mheight[31m=[32m"24"[31m
          [33mstroke[31m=[32m"currentColor"[31m
          [33mstroke-linecap[31m=[32m"round"[31m
          [33mstroke-linejoin[31m=[32m"round"[31m
          [33mstroke-width[31m=[32m"2"[31m
          [33mviewBox[31m=[32m"0 0 24 24"[31m
          [33mwidth[31m=[32m"24"[31m
          [33mxmlns[31m=[32m"http://www.w3.org/2000/svg"[31m
        [36m>[31m
          [36m<circle[31m
            [33mcx[31m=[32m"12"[31m
            [33mcy[31m=[32m"12"[31m
            [33mr[31m=[32m"10"[31m
          [36m/>[31m
          [36m<path[31m
            [33md[31m=[32m"m15 9-6 6"[31m
          [36m/>[31m
          [36m<path[31m
            [33md[31m=[32m"m9 9 6 6"[31m
          [36m/>[31m
        [36m</svg>[31m
        [36m<p[31m
          [33mclass[31m=[32m"text-xl font-semibold"[31m
        [36m>[31m
          [0mErreur de connexion au serveur[0m
        [36m</p>[31m
        [36m<button[31m
          [33mclass[31m=[32m"mt-4 px-4 py-2 bg-red-600 text-white rounded-lg hover:bg-red-700"[31m
        [36m>[31m
          [0mRéessayer[0m
        [36m</button>[31m
      [36m</div>[31m
    [36m</div>[31m
  [36m</div>[31m
[36m</body>[31m

Ignored nodes: comments, script, style
[36m<html>[31m
  [36m<head />[31m
  [36m<body>[31m
    [36m<div>[31m
      [36m<div[31m
        [33mclass[31m=[32m"flex items-center justify-center h-screen bg-gray-50"[31m
      [36m>[31m
        [36m<div[31m
          [33mclass[31m=[32m"text-center text-red-600"[31m
        [36m>[31m
          [36m<svg[31m
            [33mclass[31m=[32m"lucide lucide-xcircle w-16 h-16 mx-auto mb-4"[31m
            [33mfill[31m=[32m"none"[31m
            [33mheight[31m=[32m"24"[31m
            [33mstroke[31m=[32m"currentColor"[31m
            [33mstroke-linecap[31m=[32m"round"[31m
            [33mstroke-linejoin[31m=[32m"round"[31m
            [33mstroke-width[31m=[32m"2"[31m
            [33mviewBox[31m=[32m"0 0 24 24"[31m
            [33mwidth[31m=[32m"24"[31m
            [33mxmlns[31m=[32m"http://www.w3.org/2000/svg"[31m
          [36m>[31m
            [36m<circle[31m
              [33mcx[31m=[32m"12"[31m
              [33mcy[31m=[32m"12"[31m
              [33mr[31m=[32m"10"[31m
            [36m/>[31m
            [36m<path[31m
              [33md[31m=[32m"m15 9-6 6"[31m
            [36m/>[31m
            [36m<path[31m
              [33md[31m=[32m"m9 9 6 6"[31m
            [36m/>[31m
          [36m</svg>[31m
          [36m<p[31m
            [33mclass[31m=[32m"text-xl font-semibold"[31m
          [36m>[31m
            [0mErreur de connexion au serveur[0m
          [36m</p>[31m
          [36m<button[31m
            [33mclass[31m=[32m"mt-4 px-4 py-2 bg-red-600 text-white rounded-lg hover:bg-red-700"[31m
          [36m>[31m
            [0mRéessayer[0m
          [36m</button>[31m
        [36m</div>[31m
      [36m</div>[31m
    [36m</div>[31m
  [36m</body>[31m
[36m</html>[31m[39m
[90mstdout[2m | src/__tests__/Dashboard.test.jsx[2m > [22m[2mDashboard[2m > [22m[2mResponsive Layout[2m > [22m[2mshould render filters section[22m[39m
🔍 Dashboard - Tickets bruts: [33m0[39m
🔍 Dashboard - Tickets filtrés: [33m0[39m
🔍 Dashboard - Filtres actifs: { filterPriority: [32m'all'[39m, filterStatus: [32m'all'[39m }

[90mstderr[2m | src/__tests__/Dashboard.test.jsx[2m > [22m[2mDashboard[2m > [22m[2mResponsive Layout[2m > [22m[2mshould render filters section[22m[39m
[MSW] Warning: intercepted a request without a matching request handler:

  • GET /api/sav/tickets

If you still wish to intercept this unhandled request, please create a request handler for it.
Read more: https://mswjs.io/docs/http/intercepting-requests

[90mstdout[2m | src/__tests__/Dashboard.test.jsx[2m > [22m[2mDashboard[2m > [22m[2mResponsive Layout[2m > [22m[2mshould render filters section[22m[39m
🔍 Dashboard - Tickets bruts: [33m0[39m
🔍 Dashboard - Tickets filtrés: [33m0[39m
🔍 Dashboard - Filtres actifs: { filterPriority: [32m'all'[39m, filterStatus: [32m'all'[39m }
🔍 Dashboard - Tickets bruts: [33m0[39m
🔍 Dashboard - Tickets filtrés: [33m0[39m
🔍 Dashboard - Filtres actifs: { filterPriority: [32m'all'[39m, filterStatus: [32m'all'[39m }

[90mstderr[2m | src/__tests__/Dashboard.test.jsx[2m > [22m[2mDashboard[2m > [22m[2mResponsive Layout[2m > [22m[2mshould render filters section[22m[39m
Erreur: TypeError: fetch failed
[90m    at node:internal/deps/undici/undici:13510:13[39m
[90m    at processTicksAndRejections (node:internal/process/task_queues:105:5)[39m
    at until [90m(file:///C:/Users/v-nbayonne/meuble-de-france-chatbot/frontend/[39mnode_modules/[4m@open-draft[24m/until/src/until.ts:23:18[90m)[39m
    at Object.passthrough [90m(file:///C:/Users/v-nbayonne/meuble-de-france-chatbot/frontend/[39mnode_modules/[4m@mswjs[24m/interceptors/src/interceptors/fetch/index.ts:78:68[90m)[39m
    at _RequestController.passthrough [90m(file:///C:/Users/v-nbayonne/meuble-de-france-chatbot/frontend/[39mnode_modules/[4m@mswjs[24m/interceptors/src/RequestController.ts:50:5[90m)[39m
    at handleRequest [90m(file:///C:/Users/v-nbayonne/meuble-de-france-chatbot/frontend/[39mnode_modules/[4m@mswjs[24m/interceptors/src/utils/handleRequest.ts:201:12[90m)[39m
    at globalThis.fetch [90m(file:///C:/Users/v-nbayonne/meuble-de-france-chatbot/frontend/[39mnode_modules/[4m@mswjs[24m/interceptors/src/interceptors/fetch/index.ts:185:7[90m)[39m
    at fetchTickets [90m(C:\Users\v-nbayonne\meuble-de-france-chatbot\frontend\[39msrc\components\Dashboard.jsx:24:24[90m)[39m {
  [cause]: AggregateError: 
  [90m    at internalConnectMultiple (node:net:1134:18)[39m
  [90m    at afterConnectMultiple (node:net:1715:7)[39m {
    code: [32m'ECONNREFUSED'[39m,
    [errors]: [ [36m[Error][39m, [36m[Error][39m ]
  }
}

 [31m×[39m src/__tests__/Dashboard.test.jsx[2m > [22mDashboard[2m > [22mResponsive Layout[2m > [22mshould render filters section[33m 1019[2mms[22m[39m
[31m   → Unable to find a label with the text of: /Priorité:/i

Ignored nodes: comments, script, style
[36m<body>[31m
  [36m<div>[31m
    [36m<div[31m
      [33mclass[31m=[32m"flex items-center justify-center h-screen bg-gray-50"[31m
    [36m>[31m
      [36m<div[31m
        [33mclass[31m=[32m"text-center text-red-600"[31m
      [36m>[31m
        [36m<svg[31m
          [33mclass[31m=[32m"lucide lucide-xcircle w-16 h-16 mx-auto mb-4"[31m
          [33mfill[31m=[32m"none"[31m
          [33mheight[31m=[32m"24"[31m
          [33mstroke[31m=[32m"currentColor"[31m
          [33mstroke-linecap[31m=[32m"round"[31m
          [33mstroke-linejoin[31m=[32m"round"[31m
          [33mstroke-width[31m=[32m"2"[31m
          [33mviewBox[31m=[32m"0 0 24 24"[31m
          [33mwidth[31m=[32m"24"[31m
          [33mxmlns[31m=[32m"http://www.w3.org/2000/svg"[31m
        [36m>[31m
          [36m<circle[31m
            [33mcx[31m=[32m"12"[31m
            [33mcy[31m=[32m"12"[31m
            [33mr[31m=[32m"10"[31m
          [36m/>[31m
          [36m<path[31m
            [33md[31m=[32m"m15 9-6 6"[31m
          [36m/>[31m
          [36m<path[31m
            [33md[31m=[32m"m9 9 6 6"[31m
          [36m/>[31m
        [36m</svg>[31m
        [36m<p[31m
          [33mclass[31m=[32m"text-xl font-semibold"[31m
        [36m>[31m
          [0mErreur de connexion au serveur[0m
        [36m</p>[31m
        [36m<button[31m
          [33mclass[31m=[32m"mt-4 px-4 py-2 bg-red-600 text-white rounded-lg hover:bg-red-700"[31m
        [36m>[31m
          [0mRéessayer[0m
        [36m</button>[31m
      [36m</div>[31m
    [36m</div>[31m
  [36m</div>[31m
[36m</body>[31m

Ignored nodes: comments, script, style
[36m<html>[31m
  [36m<head />[31m
  [36m<body>[31m
    [36m<div>[31m
      [36m<div[31m
        [33mclass[31m=[32m"flex items-center justify-center h-screen bg-gray-50"[31m
      [36m>[31m
        [36m<div[31m
          [33mclass[31m=[32m"text-center text-red-600"[31m
        [36m>[31m
          [36m<svg[31m
            [33mclass[31m=[32m"lucide lucide-xcircle w-16 h-16 mx-auto mb-4"[31m
            [33mfill[31m=[32m"none"[31m
            [33mheight[31m=[32m"24"[31m
            [33mstroke[31m=[32m"currentColor"[31m
            [33mstroke-linecap[31m=[32m"round"[31m
            [33mstroke-linejoin[31m=[32m"round"[31m
            [33mstroke-width[31m=[32m"2"[31m
            [33mviewBox[31m=[32m"0 0 24 24"[31m
            [33mwidth[31m=[32m"24"[31m
            [33mxmlns[31m=[32m"http://www.w3.org/2000/svg"[31m
          [36m>[31m
            [36m<circle[31m
              [33mcx[31m=[32m"12"[31m
              [33mcy[31m=[32m"12"[31m
              [33mr[31m=[32m"10"[31m
            [36m/>[31m
            [36m<path[31m
              [33md[31m=[32m"m15 9-6 6"[31m
            [36m/>[31m
            [36m<path[31m
              [33md[31m=[32m"m9 9 6 6"[31m
            [36m/>[31m
          [36m</svg>[31m
          [36m<p[31m
            [33mclass[31m=[32m"text-xl font-semibold"[31m
          [36m>[31m
            [0mErreur de connexion au serveur[0m
          [36m</p>[31m
          [36m<button[31m
            [33mclass[31m=[32m"mt-4 px-4 py-2 bg-red-600 text-white rounded-lg hover:bg-red-700"[31m
          [36m>[31m
            [0mRéessayer[0m
          [36m</button>[31m
        [36m</div>[31m
      [36m</div>[31m
    [36m</div>[31m
  [36m</body>[31m
[36m</html>[31m[39m
[90mstdout[2m | src/__tests__/Dashboard.test.jsx[2m > [22m[2mDashboard[2m > [22m[2mData Integrity[2m > [22m[2mshould display all ticket fields[22m[39m
🔍 Dashboard - Tickets bruts: [33m0[39m
🔍 Dashboard - Tickets filtrés: [33m0[39m
🔍 Dashboard - Filtres actifs: { filterPriority: [32m'all'[39m, filterStatus: [32m'all'[39m }

[90mstderr[2m | src/__tests__/Dashboard.test.jsx[2m > [22m[2mDashboard[2m > [22m[2mData Integrity[2m > [22m[2mshould display all ticket fields[22m[39m
[MSW] Warning: intercepted a request without a matching request handler:

  • GET /api/sav/tickets

If you still wish to intercept this unhandled request, please create a request handler for it.
Read more: https://mswjs.io/docs/http/intercepting-requests

[90mstderr[2m | src/__tests__/Dashboard.test.jsx[2m > [22m[2mDashboard[2m > [22m[2mData Integrity[2m > [22m[2mshould display all ticket fields[22m[39m
Erreur: TypeError: fetch failed
[90m    at node:internal/deps/undici/undici:13510:13[39m
[90m    at processTicksAndRejections (node:internal/process/task_queues:105:5)[39m
    at until [90m(file:///C:/Users/v-nbayonne/meuble-de-france-chatbot/frontend/[39mnode_modules/[4m@open-draft[24m/until/src/until.ts:23:18[90m)[39m
    at Object.passthrough [90m(file:///C:/Users/v-nbayonne/meuble-de-france-chatbot/frontend/[39mnode_modules/[4m@mswjs[24m/interceptors/src/interceptors/fetch/index.ts:78:68[90m)[39m
    at _RequestController.passthrough [90m(file:///C:/Users/v-nbayonne/meuble-de-france-chatbot/frontend/[39mnode_modules/[4m@mswjs[24m/interceptors/src/RequestController.ts:50:5[90m)[39m
    at handleRequest [90m(file:///C:/Users/v-nbayonne/meuble-de-france-chatbot/frontend/[39mnode_modules/[4m@mswjs[24m/interceptors/src/utils/handleRequest.ts:201:12[90m)[39m
    at globalThis.fetch [90m(file:///C:/Users/v-nbayonne/meuble-de-france-chatbot/frontend/[39mnode_modules/[4m@mswjs[24m/interceptors/src/interceptors/fetch/index.ts:185:7[90m)[39m
    at fetchTickets [90m(C:\Users\v-nbayonne\meuble-de-france-chatbot\frontend\[39msrc\components\Dashboard.jsx:24:24[90m)[39m {
  [cause]: AggregateError: 
  [90m    at internalConnectMultiple (node:net:1134:18)[39m
  [90m    at afterConnectMultiple (node:net:1715:7)[39m {
    code: [32m'ECONNREFUSED'[39m,
    [errors]: [ [36m[Error][39m, [36m[Error][39m ]
  }
}

[90mstdout[2m | src/__tests__/Dashboard.test.jsx[2m > [22m[2mDashboard[2m > [22m[2mData Integrity[2m > [22m[2mshould display all ticket fields[22m[39m
🔍 Dashboard - Tickets bruts: [33m0[39m
🔍 Dashboard - Tickets filtrés: [33m0[39m
🔍 Dashboard - Filtres actifs: { filterPriority: [32m'all'[39m, filterStatus: [32m'all'[39m }
🔍 Dashboard - Tickets bruts: [33m0[39m
🔍 Dashboard - Tickets filtrés: [33m0[39m
🔍 Dashboard - Filtres actifs: { filterPriority: [32m'all'[39m, filterStatus: [32m'all'[39m }

 [31m×[39m src/__tests__/Dashboard.test.jsx[2m > [22mDashboard[2m > [22mData Integrity[2m > [22mshould display all ticket fields[33m 1010[2mms[22m[39m
[31m   → Unable to find an element with the text: /Jean Dupont/i. This could be because the text is broken up by multiple elements. In this case, you can provide a function for your text matcher to make your matcher more flexible.

Ignored nodes: comments, script, style
[36m<body>[31m
  [36m<div>[31m
    [36m<div[31m
      [33mclass[31m=[32m"flex items-center justify-center h-screen bg-gray-50"[31m
    [36m>[31m
      [36m<div[31m
        [33mclass[31m=[32m"text-center text-red-600"[31m
      [36m>[31m
        [36m<svg[31m
          [33mclass[31m=[32m"lucide lucide-xcircle w-16 h-16 mx-auto mb-4"[31m
          [33mfill[31m=[32m"none"[31m
          [33mheight[31m=[32m"24"[31m
          [33mstroke[31m=[32m"currentColor"[31m
          [33mstroke-linecap[31m=[32m"round"[31m
          [33mstroke-linejoin[31m=[32m"round"[31m
          [33mstroke-width[31m=[32m"2"[31m
          [33mviewBox[31m=[32m"0 0 24 24"[31m
          [33mwidth[31m=[32m"24"[31m
          [33mxmlns[31m=[32m"http://www.w3.org/2000/svg"[31m
        [36m>[31m
          [36m<circle[31m
            [33mcx[31m=[32m"12"[31m
            [33mcy[31m=[32m"12"[31m
            [33mr[31m=[32m"10"[31m
          [36m/>[31m
          [36m<path[31m
            [33md[31m=[32m"m15 9-6 6"[31m
          [36m/>[31m
          [36m<path[31m
            [33md[31m=[32m"m9 9 6 6"[31m
          [36m/>[31m
        [36m</svg>[31m
        [36m<p[31m
          [33mclass[31m=[32m"text-xl font-semibold"[31m
        [36m>[31m
          [0mErreur de connexion au serveur[0m
        [36m</p>[31m
        [36m<button[31m
          [33mclass[31m=[32m"mt-4 px-4 py-2 bg-red-600 text-white rounded-lg hover:bg-red-700"[31m
        [36m>[31m
          [0mRéessayer[0m
        [36m</button>[31m
      [36m</div>[31m
    [36m</div>[31m
  [36m</div>[31m
[36m</body>[31m

Ignored nodes: comments, script, style
[36m<html>[31m
  [36m<head />[31m
  [36m<body>[31m
    [36m<div>[31m
      [36m<div[31m
        [33mclass[31m=[32m"flex items-center justify-center h-screen bg-gray-50"[31m
      [36m>[31m
        [36m<div[31m
          [33mclass[31m=[32m"text-center text-red-600"[31m
        [36m>[31m
          [36m<svg[31m
            [33mclass[31m=[32m"lucide lucide-xcircle w-16 h-16 mx-auto mb-4"[31m
            [33mfill[31m=[32m"none"[31m
            [33mheight[31m=[32m"24"[31m
            [33mstroke[31m=[32m"currentColor"[31m
            [33mstroke-linecap[31m=[32m"round"[31m
            [33mstroke-linejoin[31m=[32m"round"[31m
            [33mstroke-width[31m=[32m"2"[31m
            [33mviewBox[31m=[32m"0 0 24 24"[31m
            [33mwidth[31m=[32m"24"[31m
            [33mxmlns[31m=[32m"http://www.w3.org/2000/svg"[31m
          [36m>[31m
            [36m<circle[31m
              [33mcx[31m=[32m"12"[31m
              [33mcy[31m=[32m"12"[31m
              [33mr[31m=[32m"10"[31m
            [36m/>[31m
            [36m<path[31m
              [33md[31m=[32m"m15 9-6 6"[31m
            [36m/>[31m
            [36m<path[31m
              [33md[31m=[32m"m9 9 6 6"[31m
            [36m/>[31m
          [36m</svg>[31m
          [36m<p[31m
            [33mclass[31m=[32m"text-xl font-semibold"[31m
          [36m>[31m
            [0mErreur de connexion au serveur[0m
          [36m</p>[31m
          [36m<button[31m
            [33mclass[31m=[32m"mt-4 px-4 py-2 bg-red-600 text-white rounded-lg hover:bg-red-700"[31m
          [36m>[31m
            [0mRéessayer[0m
          [36m</button>[31m
        [36m</div>[31m
      [36m</div>[31m
    [36m</div>[31m
  [36m</body>[31m
[36m</html>[31m[39m
[90mstdout[2m | src/__tests__/Dashboard.test.jsx[2m > [22m[2mDashboard[2m > [22m[2mData Integrity[2m > [22m[2mshould handle missing ticket data gracefully[22m[39m
🔍 Dashboard - Tickets bruts: [33m0[39m
🔍 Dashboard - Tickets filtrés: [33m0[39m
🔍 Dashboard - Filtres actifs: { filterPriority: [32m'all'[39m, filterStatus: [32m'all'[39m }

[90mstderr[2m | src/__tests__/Dashboard.test.jsx[2m > [22m[2mDashboard[2m > [22m[2mData Integrity[2m > [22m[2mshould handle missing ticket data gracefully[22m[39m
[MSW] Warning: intercepted a request without a matching request handler:

  • GET /api/sav/tickets

If you still wish to intercept this unhandled request, please create a request handler for it.
Read more: https://mswjs.io/docs/http/intercepting-requests

[90mstderr[2m | src/__tests__/Dashboard.test.jsx[2m > [22m[2mDashboard[2m > [22m[2mData Integrity[2m > [22m[2mshould handle missing ticket data gracefully[22m[39m
Erreur: TypeError: fetch failed
[90m    at node:internal/deps/undici/undici:13510:13[39m
[90m    at processTicksAndRejections (node:internal/process/task_queues:105:5)[39m
    at until [90m(file:///C:/Users/v-nbayonne/meuble-de-france-chatbot/frontend/[39mnode_modules/[4m@open-draft[24m/until/src/until.ts:23:18[90m)[39m
    at Object.passthrough [90m(file:///C:/Users/v-nbayonne/meuble-de-france-chatbot/frontend/[39mnode_modules/[4m@mswjs[24m/interceptors/src/interceptors/fetch/index.ts:78:68[90m)[39m
    at _RequestController.passthrough [90m(file:///C:/Users/v-nbayonne/meuble-de-france-chatbot/frontend/[39mnode_modules/[4m@mswjs[24m/interceptors/src/RequestController.ts:50:5[90m)[39m
    at handleRequest [90m(file:///C:/Users/v-nbayonne/meuble-de-france-chatbot/frontend/[39mnode_modules/[4m@mswjs[24m/interceptors/src/utils/handleRequest.ts:201:12[90m)[39m
    at globalThis.fetch [90m(file:///C:/Users/v-nbayonne/meuble-de-france-chatbot/frontend/[39mnode_modules/[4m@mswjs[24m/interceptors/src/interceptors/fetch/index.ts:185:7[90m)[39m
    at fetchTickets [90m(C:\Users\v-nbayonne\meuble-de-france-chatbot\frontend\[39msrc\components\Dashboard.jsx:24:24[90m)[39m {
  [cause]: AggregateError: 
  [90m    at internalConnectMultiple (node:net:1134:18)[39m
  [90m    at afterConnectMultiple (node:net:1715:7)[39m {
    code: [32m'ECONNREFUSED'[39m,
    [errors]: [ [36m[Error][39m, [36m[Error][39m ]
  }
}

[90mstdout[2m | src/__tests__/Dashboard.test.jsx[2m > [22m[2mDashboard[2m > [22m[2mData Integrity[2m > [22m[2mshould handle missing ticket data gracefully[22m[39m
🔍 Dashboard - Tickets bruts: [33m0[39m
🔍 Dashboard - Tickets filtrés: [33m0[39m
🔍 Dashboard - Filtres actifs: { filterPriority: [32m'all'[39m, filterStatus: [32m'all'[39m }
🔍 Dashboard - Tickets bruts: [33m0[39m
🔍 Dashboard - Tickets filtrés: [33m0[39m
🔍 Dashboard - Filtres actifs: { filterPriority: [32m'all'[39m, filterStatus: [32m'all'[39m }

 [31m×[39m src/__tests__/Dashboard.test.jsx[2m > [22mDashboard[2m > [22mData Integrity[2m > [22mshould handle missing ticket data gracefully[33m 1027[2mms[22m[39m
[31m   → Unable to find an element with the text: /Tableau de Bord SAV/i. This could be because the text is broken up by multiple elements. In this case, you can provide a function for your text matcher to make your matcher more flexible.

Ignored nodes: comments, script, style
[36m<body>[31m
  [36m<div>[31m
    [36m<div[31m
      [33mclass[31m=[32m"flex items-center justify-center h-screen bg-gray-50"[31m
    [36m>[31m
      [36m<div[31m
        [33mclass[31m=[32m"text-center text-red-600"[31m
      [36m>[31m
        [36m<svg[31m
          [33mclass[31m=[32m"lucide lucide-xcircle w-16 h-16 mx-auto mb-4"[31m
          [33mfill[31m=[32m"none"[31m
          [33mheight[31m=[32m"24"[31m
          [33mstroke[31m=[32m"currentColor"[31m
          [33mstroke-linecap[31m=[32m"round"[31m
          [33mstroke-linejoin[31m=[32m"round"[31m
          [33mstroke-width[31m=[32m"2"[31m
          [33mviewBox[31m=[32m"0 0 24 24"[31m
          [33mwidth[31m=[32m"24"[31m
          [33mxmlns[31m=[32m"http://www.w3.org/2000/svg"[31m
        [36m>[31m
          [36m<circle[31m
            [33mcx[31m=[32m"12"[31m
            [33mcy[31m=[32m"12"[31m
            [33mr[31m=[32m"10"[31m
          [36m/>[31m
          [36m<path[31m
            [33md[31m=[32m"m15 9-6 6"[31m
          [36m/>[31m
          [36m<path[31m
            [33md[31m=[32m"m9 9 6 6"[31m
          [36m/>[31m
        [36m</svg>[31m
        [36m<p[31m
          [33mclass[31m=[32m"text-xl font-semibold"[31m
        [36m>[31m
          [0mErreur de connexion au serveur[0m
        [36m</p>[31m
        [36m<button[31m
          [33mclass[31m=[32m"mt-4 px-4 py-2 bg-red-600 text-white rounded-lg hover:bg-red-700"[31m
        [36m>[31m
          [0mRéessayer[0m
        [36m</button>[31m
      [36m</div>[31m
    [36m</div>[31m
  [36m</div>[31m
[36m</body>[31m

Ignored nodes: comments, script, style
[36m<html>[31m
  [36m<head />[31m
  [36m<body>[31m
    [36m<div>[31m
      [36m<div[31m
        [33mclass[31m=[32m"flex items-center justify-center h-screen bg-gray-50"[31m
      [36m>[31m
        [36m<div[31m
          [33mclass[31m=[32m"text-center text-red-600"[31m
        [36m>[31m
          [36m<svg[31m
            [33mclass[31m=[32m"lucide lucide-xcircle w-16 h-16 mx-auto mb-4"[31m
            [33mfill[31m=[32m"none"[31m
            [33mheight[31m=[32m"24"[31m
            [33mstroke[31m=[32m"currentColor"[31m
            [33mstroke-linecap[31m=[32m"round"[31m
            [33mstroke-linejoin[31m=[32m"round"[31m
            [33mstroke-width[31m=[32m"2"[31m
            [33mviewBox[31m=[32m"0 0 24 24"[31m
            [33mwidth[31m=[32m"24"[31m
            [33mxmlns[31m=[32m"http://www.w3.org/2000/svg"[31m
          [36m>[31m
            [36m<circle[31m
              [33mcx[31m=[32m"12"[31m
              [33mcy[31m=[32m"12"[31m
              [33mr[31m=[32m"10"[31m
            [36m/>[31m
            [36m<path[31m
              [33md[31m=[32m"m15 9-6 6"[31m
            [36m/>[31m
            [36m<path[31m
              [33md[31m=[32m"m9 9 6 6"[31m
            [36m/>[31m
          [36m</svg>[31m
          [36m<p[31m
            [33mclass[31m=[32m"text-xl font-semibold"[31m
          [36m>[31m
            [0mErreur de connexion au serveur[0m
          [36m</p>[31m
          [36m<button[31m
            [33mclass[31m=[32m"mt-4 px-4 py-2 bg-red-600 text-white rounded-lg hover:bg-red-700"[31m
          [36m>[31m
            [0mRéessayer[0m
          [36m</button>[31m
        [36m</div>[31m
      [36m</div>[31m
    [36m</div>[31m
  [36m</body>[31m
[36m</html>[31m[39m
[90mstdout[2m | src/__tests__/Dashboard.test.jsx[2m > [22m[2mDashboard[2m > [22m[2mUser Interactions[2m > [22m[2mshould allow filter reset to "all"[22m[39m
🔍 Dashboard - Tickets bruts: [33m0[39m
🔍 Dashboard - Tickets filtrés: [33m0[39m
🔍 Dashboard - Filtres actifs: { filterPriority: [32m'all'[39m, filterStatus: [32m'all'[39m }

[90mstderr[2m | src/__tests__/Dashboard.test.jsx[2m > [22m[2mDashboard[2m > [22m[2mUser Interactions[2m > [22m[2mshould allow filter reset to "all"[22m[39m
[MSW] Warning: intercepted a request without a matching request handler:

  • GET /api/sav/tickets

If you still wish to intercept this unhandled request, please create a request handler for it.
Read more: https://mswjs.io/docs/http/intercepting-requests

[90mstdout[2m | src/__tests__/Dashboard.test.jsx[2m > [22m[2mDashboard[2m > [22m[2mUser Interactions[2m > [22m[2mshould allow filter reset to "all"[22m[39m
🔍 Dashboard - Tickets bruts: [33m0[39m
🔍 Dashboard - Tickets filtrés: [33m0[39m
🔍 Dashboard - Filtres actifs: { filterPriority: [32m'all'[39m, filterStatus: [32m'all'[39m }
🔍 Dashboard - Tickets bruts: [33m0[39m
🔍 Dashboard - Tickets filtrés: [33m0[39m
🔍 Dashboard - Filtres actifs: { filterPriority: [32m'all'[39m, filterStatus: [32m'all'[39m }

[90mstderr[2m | src/__tests__/Dashboard.test.jsx[2m > [22m[2mDashboard[2m > [22m[2mUser Interactions[2m > [22m[2mshould allow filter reset to "all"[22m[39m
Erreur: TypeError: fetch failed
[90m    at node:internal/deps/undici/undici:13510:13[39m
[90m    at processTicksAndRejections (node:internal/process/task_queues:105:5)[39m
    at until [90m(file:///C:/Users/v-nbayonne/meuble-de-france-chatbot/frontend/[39mnode_modules/[4m@open-draft[24m/until/src/until.ts:23:18[90m)[39m
    at Object.passthrough [90m(file:///C:/Users/v-nbayonne/meuble-de-france-chatbot/frontend/[39mnode_modules/[4m@mswjs[24m/interceptors/src/interceptors/fetch/index.ts:78:68[90m)[39m
    at _RequestController.passthrough [90m(file:///C:/Users/v-nbayonne/meuble-de-france-chatbot/frontend/[39mnode_modules/[4m@mswjs[24m/interceptors/src/RequestController.ts:50:5[90m)[39m
    at handleRequest [90m(file:///C:/Users/v-nbayonne/meuble-de-france-chatbot/frontend/[39mnode_modules/[4m@mswjs[24m/interceptors/src/utils/handleRequest.ts:201:12[90m)[39m
    at globalThis.fetch [90m(file:///C:/Users/v-nbayonne/meuble-de-france-chatbot/frontend/[39mnode_modules/[4m@mswjs[24m/interceptors/src/interceptors/fetch/index.ts:185:7[90m)[39m
    at fetchTickets [90m(C:\Users\v-nbayonne\meuble-de-france-chatbot\frontend\[39msrc\components\Dashboard.jsx:24:24[90m)[39m {
  [cause]: AggregateError: 
  [90m    at internalConnectMultiple (node:net:1134:18)[39m
  [90m    at afterConnectMultiple (node:net:1715:7)[39m {
    code: [32m'ECONNREFUSED'[39m,
    [errors]: [ [36m[Error][39m, [36m[Error][39m ]
  }
}

 [31m×[39m src/__tests__/Dashboard.test.jsx[2m > [22mDashboard[2m > [22mUser Interactions[2m > [22mshould allow filter reset to "all"[33m 1023[2mms[22m[39m
[31m   → Unable to find an element with the text: /Jean Dupont/i. This could be because the text is broken up by multiple elements. In this case, you can provide a function for your text matcher to make your matcher more flexible.

Ignored nodes: comments, script, style
[36m<body>[31m
  [36m<div>[31m
    [36m<div[31m
      [33mclass[31m=[32m"flex items-center justify-center h-screen bg-gray-50"[31m
    [36m>[31m
      [36m<div[31m
        [33mclass[31m=[32m"text-center text-red-600"[31m
      [36m>[31m
        [36m<svg[31m
          [33mclass[31m=[32m"lucide lucide-xcircle w-16 h-16 mx-auto mb-4"[31m
          [33mfill[31m=[32m"none"[31m
          [33mheight[31m=[32m"24"[31m
          [33mstroke[31m=[32m"currentColor"[31m
          [33mstroke-linecap[31m=[32m"round"[31m
          [33mstroke-linejoin[31m=[32m"round"[31m
          [33mstroke-width[31m=[32m"2"[31m
          [33mviewBox[31m=[32m"0 0 24 24"[31m
          [33mwidth[31m=[32m"24"[31m
          [33mxmlns[31m=[32m"http://www.w3.org/2000/svg"[31m
        [36m>[31m
          [36m<circle[31m
            [33mcx[31m=[32m"12"[31m
            [33mcy[31m=[32m"12"[31m
            [33mr[31m=[32m"10"[31m
          [36m/>[31m
          [36m<path[31m
            [33md[31m=[32m"m15 9-6 6"[31m
          [36m/>[31m
          [36m<path[31m
            [33md[31m=[32m"m9 9 6 6"[31m
          [36m/>[31m
        [36m</svg>[31m
        [36m<p[31m
          [33mclass[31m=[32m"text-xl font-semibold"[31m
        [36m>[31m
          [0mErreur de connexion au serveur[0m
        [36m</p>[31m
        [36m<button[31m
          [33mclass[31m=[32m"mt-4 px-4 py-2 bg-red-600 text-white rounded-lg hover:bg-red-700"[31m
        [36m>[31m
          [0mRéessayer[0m
        [36m</button>[31m
      [36m</div>[31m
    [36m</div>[31m
  [36m</div>[31m
[36m</body>[31m

Ignored nodes: comments, script, style
[36m<html>[31m
  [36m<head />[31m
  [36m<body>[31m
    [36m<div>[31m
      [36m<div[31m
        [33mclass[31m=[32m"flex items-center justify-center h-screen bg-gray-50"[31m
      [36m>[31m
        [36m<div[31m
          [33mclass[31m=[32m"text-center text-red-600"[31m
        [36m>[31m
          [36m<svg[31m
            [33mclass[31m=[32m"lucide lucide-xcircle w-16 h-16 mx-auto mb-4"[31m
            [33mfill[31m=[32m"none"[31m
            [33mheight[31m=[32m"24"[31m
            [33mstroke[31m=[32m"currentColor"[31m
            [33mstroke-linecap[31m=[32m"round"[31m
            [33mstroke-linejoin[31m=[32m"round"[31m
            [33mstroke-width[31m=[32m"2"[31m
            [33mviewBox[31m=[32m"0 0 24 24"[31m
            [33mwidth[31m=[32m"24"[31m
            [33mxmlns[31m=[32m"http://www.w3.org/2000/svg"[31m
          [36m>[31m
            [36m<circle[31m
              [33mcx[31m=[32m"12"[31m
              [33mcy[31m=[32m"12"[31m
              [33mr[31m=[32m"10"[31m
            [36m/>[31m
            [36m<path[31m
              [33md[31m=[32m"m15 9-6 6"[31m
            [36m/>[31m
            [36m<path[31m
              [33md[31m=[32m"m9 9 6 6"[31m
            [36m/>[31m
          [36m</svg>[31m
          [36m<p[31m
            [33mclass[31m=[32m"text-xl font-semibold"[31m
          [36m>[31m
            [0mErreur de connexion au serveur[0m
          [36m</p>[31m
          [36m<button[31m
            [33mclass[31m=[32m"mt-4 px-4 py-2 bg-red-600 text-white rounded-lg hover:bg-red-700"[31m
          [36m>[31m
            [0mRéessayer[0m
          [36m</button>[31m
        [36m</div>[31m
      [36m</div>[31m
    [36m</div>[31m
  [36m</body>[31m
[36m</html>[31m[39m
[90mstdout[2m | src/__tests__/Dashboard.test.jsx[2m > [22m[2mDashboard[2m > [22m[2mUser Interactions[2m > [22m[2mshould maintain filter state during interactions[22m[39m
🔍 Dashboard - Tickets bruts: [33m0[39m
🔍 Dashboard - Tickets filtrés: [33m0[39m
🔍 Dashboard - Filtres actifs: { filterPriority: [32m'all'[39m, filterStatus: [32m'all'[39m }

[90mstderr[2m | src/__tests__/Dashboard.test.jsx[2m > [22m[2mDashboard[2m > [22m[2mUser Interactions[2m > [22m[2mshould maintain filter state during interactions[22m[39m
[MSW] Warning: intercepted a request without a matching request handler:

  • GET /api/sav/tickets

If you still wish to intercept this unhandled request, please create a request handler for it.
Read more: https://mswjs.io/docs/http/intercepting-requests

[90mstderr[2m | src/__tests__/Dashboard.test.jsx[2m > [22m[2mDashboard[2m > [22m[2mUser Interactions[2m > [22m[2mshould maintain filter state during interactions[22m[39m
Erreur: TypeError: fetch failed
[90m    at node:internal/deps/undici/undici:13510:13[39m
[90m    at processTicksAndRejections (node:internal/process/task_queues:105:5)[39m
    at until [90m(file:///C:/Users/v-nbayonne/meuble-de-france-chatbot/frontend/[39mnode_modules/[4m@open-draft[24m/until/src/until.ts:23:18[90m)[39m
    at Object.passthrough [90m(file:///C:/Users/v-nbayonne/meuble-de-france-chatbot/frontend/[39mnode_modules/[4m@mswjs[24m/interceptors/src/interceptors/fetch/index.ts:78:68[90m)[39m
    at _RequestController.passthrough [90m(file:///C:/Users/v-nbayonne/meuble-de-france-chatbot/frontend/[39mnode_modules/[4m@mswjs[24m/interceptors/src/RequestController.ts:50:5[90m)[39m
    at handleRequest [90m(file:///C:/Users/v-nbayonne/meuble-de-france-chatbot/frontend/[39mnode_modules/[4m@mswjs[24m/interceptors/src/utils/handleRequest.ts:201:12[90m)[39m
    at globalThis.fetch [90m(file:///C:/Users/v-nbayonne/meuble-de-france-chatbot/frontend/[39mnode_modules/[4m@mswjs[24m/interceptors/src/interceptors/fetch/index.ts:185:7[90m)[39m
    at fetchTickets [90m(C:\Users\v-nbayonne\meuble-de-france-chatbot\frontend\[39msrc\components\Dashboard.jsx:24:24[90m)[39m {
  [cause]: AggregateError: 
  [90m    at internalConnectMultiple (node:net:1134:18)[39m
  [90m    at afterConnectMultiple (node:net:1715:7)[39m {
    code: [32m'ECONNREFUSED'[39m,
    [errors]: [ [36m[Error][39m, [36m[Error][39m ]
  }
}

[90mstdout[2m | src/__tests__/Dashboard.test.jsx[2m > [22m[2mDashboard[2m > [22m[2mUser Interactions[2m > [22m[2mshould maintain filter state during interactions[22m[39m
🔍 Dashboard - Tickets bruts: [33m0[39m
🔍 Dashboard - Tickets filtrés: [33m0[39m
🔍 Dashboard - Filtres actifs: { filterPriority: [32m'all'[39m, filterStatus: [32m'all'[39m }
🔍 Dashboard - Tickets bruts: [33m0[39m
🔍 Dashboard - Tickets filtrés: [33m0[39m
🔍 Dashboard - Filtres actifs: { filterPriority: [32m'all'[39m, filterStatus: [32m'all'[39m }

 [31m×[39m src/__tests__/Dashboard.test.jsx[2m > [22mDashboard[2m > [22mUser Interactions[2m > [22mshould maintain filter state during interactions[33m 1018[2mms[22m[39m
[31m   → Unable to find an element with the text: /Jean Dupont/i. This could be because the text is broken up by multiple elements. In this case, you can provide a function for your text matcher to make your matcher more flexible.

Ignored nodes: comments, script, style
[36m<body>[31m
  [36m<div>[31m
    [36m<div[31m
      [33mclass[31m=[32m"flex items-center justify-center h-screen bg-gray-50"[31m
    [36m>[31m
      [36m<div[31m
        [33mclass[31m=[32m"text-center text-red-600"[31m
      [36m>[31m
        [36m<svg[31m
          [33mclass[31m=[32m"lucide lucide-xcircle w-16 h-16 mx-auto mb-4"[31m
          [33mfill[31m=[32m"none"[31m
          [33mheight[31m=[32m"24"[31m
          [33mstroke[31m=[32m"currentColor"[31m
          [33mstroke-linecap[31m=[32m"round"[31m
          [33mstroke-linejoin[31m=[32m"round"[31m
          [33mstroke-width[31m=[32m"2"[31m
          [33mviewBox[31m=[32m"0 0 24 24"[31m
          [33mwidth[31m=[32m"24"[31m
          [33mxmlns[31m=[32m"http://www.w3.org/2000/svg"[31m
        [36m>[31m
          [36m<circle[31m
            [33mcx[31m=[32m"12"[31m
            [33mcy[31m=[32m"12"[31m
            [33mr[31m=[32m"10"[31m
          [36m/>[31m
          [36m<path[31m
            [33md[31m=[32m"m15 9-6 6"[31m
          [36m/>[31m
          [36m<path[31m
            [33md[31m=[32m"m9 9 6 6"[31m
          [36m/>[31m
        [36m</svg>[31m
        [36m<p[31m
          [33mclass[31m=[32m"text-xl font-semibold"[31m
        [36m>[31m
          [0mErreur de connexion au serveur[0m
        [36m</p>[31m
        [36m<button[31m
          [33mclass[31m=[32m"mt-4 px-4 py-2 bg-red-600 text-white rounded-lg hover:bg-red-700"[31m
        [36m>[31m
          [0mRéessayer[0m
        [36m</button>[31m
      [36m</div>[31m
    [36m</div>[31m
  [36m</div>[31m
[36m</body>[31m

Ignored nodes: comments, script, style
[36m<html>[31m
  [36m<head />[31m
  [36m<body>[31m
    [36m<div>[31m
      [36m<div[31m
        [33mclass[31m=[32m"flex items-center justify-center h-screen bg-gray-50"[31m
      [36m>[31m
        [36m<div[31m
          [33mclass[31m=[32m"text-center text-red-600"[31m
        [36m>[31m
          [36m<svg[31m
            [33mclass[31m=[32m"lucide lucide-xcircle w-16 h-16 mx-auto mb-4"[31m
            [33mfill[31m=[32m"none"[31m
            [33mheight[31m=[32m"24"[31m
            [33mstroke[31m=[32m"currentColor"[31m
            [33mstroke-linecap[31m=[32m"round"[31m
            [33mstroke-linejoin[31m=[32m"round"[31m
            [33mstroke-width[31m=[32m"2"[31m
            [33mviewBox[31m=[32m"0 0 24 24"[31m
            [33mwidth[31m=[32m"24"[31m
            [33mxmlns[31m=[32m"http://www.w3.org/2000/svg"[31m
          [36m>[31m
            [36m<circle[31m
              [33mcx[31m=[32m"12"[31m
              [33mcy[31m=[32m"12"[31m
              [33mr[31m=[32m"10"[31m
            [36m/>[31m
            [36m<path[31m
              [33md[31m=[32m"m15 9-6 6"[31m
            [36m/>[31m
            [36m<path[31m
              [33md[31m=[32m"m9 9 6 6"[31m
            [36m/>[31m
          [36m</svg>[31m
          [36m<p[31m
            [33mclass[31m=[32m"text-xl font-semibold"[31m
          [36m>[31m
            [0mErreur de connexion au serveur[0m
          [36m</p>[31m
          [36m<button[31m
            [33mclass[31m=[32m"mt-4 px-4 py-2 bg-red-600 text-white rounded-lg hover:bg-red-700"[31m
          [36m>[31m
            [0mRéessayer[0m
          [36m</button>[31m
        [36m</div>[31m
      [36m</div>[31m
    [36m</div>[31m
  [36m</body>[31m
[36m</html>[31m[39m
[90mstdout[2m | src/__tests__/Dashboard.test.jsx[2m > [22m[2mDashboard[2m > [22m[2mAccessibility[2m > [22m[2mshould have proper table structure[22m[39m
🔍 Dashboard - Tickets bruts: [33m0[39m
🔍 Dashboard - Tickets filtrés: [33m0[39m
🔍 Dashboard - Filtres actifs: { filterPriority: [32m'all'[39m, filterStatus: [32m'all'[39m }

[90mstderr[2m | src/__tests__/Dashboard.test.jsx[2m > [22m[2mDashboard[2m > [22m[2mAccessibility[2m > [22m[2mshould have proper table structure[22m[39m
[MSW] Warning: intercepted a request without a matching request handler:

  • GET /api/sav/tickets

If you still wish to intercept this unhandled request, please create a request handler for it.
Read more: https://mswjs.io/docs/http/intercepting-requests

[90mstdout[2m | src/__tests__/Dashboard.test.jsx[2m > [22m[2mDashboard[2m > [22m[2mAccessibility[2m > [22m[2mshould have proper table structure[22m[39m
🔍 Dashboard - Tickets bruts: [33m0[39m
🔍 Dashboard - Tickets filtrés: [33m0[39m
🔍 Dashboard - Filtres actifs: { filterPriority: [32m'all'[39m, filterStatus: [32m'all'[39m }
🔍 Dashboard - Tickets bruts: [33m0[39m
🔍 Dashboard - Tickets filtrés: [33m0[39m
🔍 Dashboard - Filtres actifs: { filterPriority: [32m'all'[39m, filterStatus: [32m'all'[39m }

[90mstderr[2m | src/__tests__/Dashboard.test.jsx[2m > [22m[2mDashboard[2m > [22m[2mAccessibility[2m > [22m[2mshould have proper table structure[22m[39m
Erreur: TypeError: fetch failed
[90m    at node:internal/deps/undici/undici:13510:13[39m
[90m    at processTicksAndRejections (node:internal/process/task_queues:105:5)[39m
    at until [90m(file:///C:/Users/v-nbayonne/meuble-de-france-chatbot/frontend/[39mnode_modules/[4m@open-draft[24m/until/src/until.ts:23:18[90m)[39m
    at Object.passthrough [90m(file:///C:/Users/v-nbayonne/meuble-de-france-chatbot/frontend/[39mnode_modules/[4m@mswjs[24m/interceptors/src/interceptors/fetch/index.ts:78:68[90m)[39m
    at _RequestController.passthrough [90m(file:///C:/Users/v-nbayonne/meuble-de-france-chatbot/frontend/[39mnode_modules/[4m@mswjs[24m/interceptors/src/RequestController.ts:50:5[90m)[39m
    at handleRequest [90m(file:///C:/Users/v-nbayonne/meuble-de-france-chatbot/frontend/[39mnode_modules/[4m@mswjs[24m/interceptors/src/utils/handleRequest.ts:201:12[90m)[39m
    at globalThis.fetch [90m(file:///C:/Users/v-nbayonne/meuble-de-france-chatbot/frontend/[39mnode_modules/[4m@mswjs[24m/interceptors/src/interceptors/fetch/index.ts:185:7[90m)[39m
    at fetchTickets [90m(C:\Users\v-nbayonne\meuble-de-france-chatbot\frontend\[39msrc\components\Dashboard.jsx:24:24[90m)[39m {
  [cause]: AggregateError: 
  [90m    at internalConnectMultiple (node:net:1134:18)[39m
  [90m    at afterConnectMultiple (node:net:1715:7)[39m {
    code: [32m'ECONNREFUSED'[39m,
    [errors]: [ [36m[Error][39m, [36m[Error][39m ]
  }
}

 [31m×[39m src/__tests__/Dashboard.test.jsx[2m > [22mDashboard[2m > [22mAccessibility[2m > [22mshould have proper table structure[33m 1015[2mms[22m[39m
[31m   → Unable to find role="table"

Ignored nodes: comments, script, style
[36m<body>[31m
  [36m<div>[31m
    [36m<div[31m
      [33mclass[31m=[32m"flex items-center justify-center h-screen bg-gray-50"[31m
    [36m>[31m
      [36m<div[31m
        [33mclass[31m=[32m"text-center text-red-600"[31m
      [36m>[31m
        [36m<svg[31m
          [33mclass[31m=[32m"lucide lucide-xcircle w-16 h-16 mx-auto mb-4"[31m
          [33mfill[31m=[32m"none"[31m
          [33mheight[31m=[32m"24"[31m
          [33mstroke[31m=[32m"currentColor"[31m
          [33mstroke-linecap[31m=[32m"round"[31m
          [33mstroke-linejoin[31m=[32m"round"[31m
          [33mstroke-width[31m=[32m"2"[31m
          [33mviewBox[31m=[32m"0 0 24 24"[31m
          [33mwidth[31m=[32m"24"[31m
          [33mxmlns[31m=[32m"http://www.w3.org/2000/svg"[31m
        [36m>[31m
          [36m<circle[31m
            [33mcx[31m=[32m"12"[31m
            [33mcy[31m=[32m"12"[31m
            [33mr[31m=[32m"10"[31m
          [36m/>[31m
          [36m<path[31m
            [33md[31m=[32m"m15 9-6 6"[31m
          [36m/>[31m
          [36m<path[31m
            [33md[31m=[32m"m9 9 6 6"[31m
          [36m/>[31m
        [36m</svg>[31m
        [36m<p[31m
          [33mclass[31m=[32m"text-xl font-semibold"[31m
        [36m>[31m
          [0mErreur de connexion au serveur[0m
        [36m</p>[31m
        [36m<button[31m
          [33mclass[31m=[32m"mt-4 px-4 py-2 bg-red-600 text-white rounded-lg hover:bg-red-700"[31m
        [36m>[31m
          [0mRéessayer[0m
        [36m</button>[31m
      [36m</div>[31m
    [36m</div>[31m
  [36m</div>[31m
[36m</body>[31m

Ignored nodes: comments, script, style
[36m<html>[31m
  [36m<head />[31m
  [36m<body>[31m
    [36m<div>[31m
      [36m<div[31m
        [33mclass[31m=[32m"flex items-center justify-center h-screen bg-gray-50"[31m
      [36m>[31m
        [36m<div[31m
          [33mclass[31m=[32m"text-center text-red-600"[31m
        [36m>[31m
          [36m<svg[31m
            [33mclass[31m=[32m"lucide lucide-xcircle w-16 h-16 mx-auto mb-4"[31m
            [33mfill[31m=[32m"none"[31m
            [33mheight[31m=[32m"24"[31m
            [33mstroke[31m=[32m"currentColor"[31m
            [33mstroke-linecap[31m=[32m"round"[31m
            [33mstroke-linejoin[31m=[32m"round"[31m
            [33mstroke-width[31m=[32m"2"[31m
            [33mviewBox[31m=[32m"0 0 24 24"[31m
            [33mwidth[31m=[32m"24"[31m
            [33mxmlns[31m=[32m"http://www.w3.org/2000/svg"[31m
          [36m>[31m
            [36m<circle[31m
              [33mcx[31m=[32m"12"[31m
              [33mcy[31m=[32m"12"[31m
              [33mr[31m=[32m"10"[31m
            [36m/>[31m
            [36m<path[31m
              [33md[31m=[32m"m15 9-6 6"[31m
            [36m/>[31m
            [36m<path[31m
              [33md[31m=[32m"m9 9 6 6"[31m
            [36m/>[31m
          [36m</svg>[31m
          [36m<p[31m
            [33mclass[31m=[32m"text-xl font-semibold"[31m
          [36m>[31m
            [0mErreur de connexion au serveur[0m
          [36m</p>[31m
          [36m<button[31m
            [33mclass[31m=[32m"mt-4 px-4 py-2 bg-red-600 text-white rounded-lg hover:bg-red-700"[31m
          [36m>[31m
            [0mRéessayer[0m
          [36m</button>[31m
        [36m</div>[31m
      [36m</div>[31m
    [36m</div>[31m
  [36m</body>[31m
[36m</html>[31m[39m
[90mstdout[2m | src/__tests__/Dashboard.test.jsx[2m > [22m[2mDashboard[2m > [22m[2mAccessibility[2m > [22m[2mshould have labeled form controls[22m[39m
🔍 Dashboard - Tickets bruts: [33m0[39m
🔍 Dashboard - Tickets filtrés: [33m0[39m
🔍 Dashboard - Filtres actifs: { filterPriority: [32m'all'[39m, filterStatus: [32m'all'[39m }

[90mstderr[2m | src/__tests__/Dashboard.test.jsx[2m > [22m[2mDashboard[2m > [22m[2mAccessibility[2m > [22m[2mshould have labeled form controls[22m[39m
[MSW] Warning: intercepted a request without a matching request handler:

  • GET /api/sav/tickets

If you still wish to intercept this unhandled request, please create a request handler for it.
Read more: https://mswjs.io/docs/http/intercepting-requests

[90mstdout[2m | src/__tests__/Dashboard.test.jsx[2m > [22m[2mDashboard[2m > [22m[2mAccessibility[2m > [22m[2mshould have labeled form controls[22m[39m
🔍 Dashboard - Tickets bruts: [33m0[39m
🔍 Dashboard - Tickets filtrés: [33m0[39m
🔍 Dashboard - Filtres actifs: { filterPriority: [32m'all'[39m, filterStatus: [32m'all'[39m }
🔍 Dashboard - Tickets bruts: [33m0[39m
🔍 Dashboard - Tickets filtrés: [33m0[39m
🔍 Dashboard - Filtres actifs: { filterPriority: [32m'all'[39m, filterStatus: [32m'all'[39m }

[90mstderr[2m | src/__tests__/Dashboard.test.jsx[2m > [22m[2mDashboard[2m > [22m[2mAccessibility[2m > [22m[2mshould have labeled form controls[22m[39m
Erreur: TypeError: fetch failed
[90m    at node:internal/deps/undici/undici:13510:13[39m
[90m    at processTicksAndRejections (node:internal/process/task_queues:105:5)[39m
    at until [90m(file:///C:/Users/v-nbayonne/meuble-de-france-chatbot/frontend/[39mnode_modules/[4m@open-draft[24m/until/src/until.ts:23:18[90m)[39m
    at Object.passthrough [90m(file:///C:/Users/v-nbayonne/meuble-de-france-chatbot/frontend/[39mnode_modules/[4m@mswjs[24m/interceptors/src/interceptors/fetch/index.ts:78:68[90m)[39m
    at _RequestController.passthrough [90m(file:///C:/Users/v-nbayonne/meuble-de-france-chatbot/frontend/[39mnode_modules/[4m@mswjs[24m/interceptors/src/RequestController.ts:50:5[90m)[39m
    at handleRequest [90m(file:///C:/Users/v-nbayonne/meuble-de-france-chatbot/frontend/[39mnode_modules/[4m@mswjs[24m/interceptors/src/utils/handleRequest.ts:201:12[90m)[39m
    at globalThis.fetch [90m(file:///C:/Users/v-nbayonne/meuble-de-france-chatbot/frontend/[39mnode_modules/[4m@mswjs[24m/interceptors/src/interceptors/fetch/index.ts:185:7[90m)[39m
    at fetchTickets [90m(C:\Users\v-nbayonne\meuble-de-france-chatbot\frontend\[39msrc\components\Dashboard.jsx:24:24[90m)[39m {
  [cause]: AggregateError: 
  [90m    at internalConnectMultiple (node:net:1134:18)[39m
  [90m    at afterConnectMultiple (node:net:1715:7)[39m {
    code: [32m'ECONNREFUSED'[39m,
    [errors]: [ [36m[Error][39m, [36m[Error][39m ]
  }
}

 [31m×[39m src/__tests__/Dashboard.test.jsx[2m > [22mDashboard[2m > [22mAccessibility[2m > [22mshould have labeled form controls[33m 1025[2mms[22m[39m
[31m   → Unable to find a label with the text of: /Priorité:/i

Ignored nodes: comments, script, style
[36m<body>[31m
  [36m<div>[31m
    [36m<div[31m
      [33mclass[31m=[32m"flex items-center justify-center h-screen bg-gray-50"[31m
    [36m>[31m
      [36m<div[31m
        [33mclass[31m=[32m"text-center text-red-600"[31m
      [36m>[31m
        [36m<svg[31m
          [33mclass[31m=[32m"lucide lucide-xcircle w-16 h-16 mx-auto mb-4"[31m
          [33mfill[31m=[32m"none"[31m
          [33mheight[31m=[32m"24"[31m
          [33mstroke[31m=[32m"currentColor"[31m
          [33mstroke-linecap[31m=[32m"round"[31m
          [33mstroke-linejoin[31m=[32m"round"[31m
          [33mstroke-width[31m=[32m"2"[31m
          [33mviewBox[31m=[32m"0 0 24 24"[31m
          [33mwidth[31m=[32m"24"[31m
          [33mxmlns[31m=[32m"http://www.w3.org/2000/svg"[31m
        [36m>[31m
          [36m<circle[31m
            [33mcx[31m=[32m"12"[31m
            [33mcy[31m=[32m"12"[31m
            [33mr[31m=[32m"10"[31m
          [36m/>[31m
          [36m<path[31m
            [33md[31m=[32m"m15 9-6 6"[31m
          [36m/>[31m
          [36m<path[31m
            [33md[31m=[32m"m9 9 6 6"[31m
          [36m/>[31m
        [36m</svg>[31m
        [36m<p[31m
          [33mclass[31m=[32m"text-xl font-semibold"[31m
        [36m>[31m
          [0mErreur de connexion au serveur[0m
        [36m</p>[31m
        [36m<button[31m
          [33mclass[31m=[32m"mt-4 px-4 py-2 bg-red-600 text-white rounded-lg hover:bg-red-700"[31m
        [36m>[31m
          [0mRéessayer[0m
        [36m</button>[31m
      [36m</div>[31m
    [36m</div>[31m
  [36m</div>[31m
[36m</body>[31m

Ignored nodes: comments, script, style
[36m<html>[31m
  [36m<head />[31m
  [36m<body>[31m
    [36m<div>[31m
      [36m<div[31m
        [33mclass[31m=[32m"flex items-center justify-center h-screen bg-gray-50"[31m
      [36m>[31m
        [36m<div[31m
          [33mclass[31m=[32m"text-center text-red-600"[31m
        [36m>[31m
          [36m<svg[31m
            [33mclass[31m=[32m"lucide lucide-xcircle w-16 h-16 mx-auto mb-4"[31m
            [33mfill[31m=[32m"none"[31m
            [33mheight[31m=[32m"24"[31m
            [33mstroke[31m=[32m"currentColor"[31m
            [33mstroke-linecap[31m=[32m"round"[31m
            [33mstroke-linejoin[31m=[32m"round"[31m
            [33mstroke-width[31m=[32m"2"[31m
            [33mviewBox[31m=[32m"0 0 24 24"[31m
            [33mwidth[31m=[32m"24"[31m
            [33mxmlns[31m=[32m"http://www.w3.org/2000/svg"[31m
          [36m>[31m
            [36m<circle[31m
              [33mcx[31m=[32m"12"[31m
              [33mcy[31m=[32m"12"[31m
              [33mr[31m=[32m"10"[31m
            [36m/>[31m
            [36m<path[31m
              [33md[31m=[32m"m15 9-6 6"[31m
            [36m/>[31m
            [36m<path[31m
              [33md[31m=[32m"m9 9 6 6"[31m
            [36m/>[31m
          [36m</svg>[31m
          [36m<p[31m
            [33mclass[31m=[32m"text-xl font-semibold"[31m
          [36m>[31m
            [0mErreur de connexion au serveur[0m
          [36m</p>[31m
          [36m<button[31m
            [33mclass[31m=[32m"mt-4 px-4 py-2 bg-red-600 text-white rounded-lg hover:bg-red-700"[31m
          [36m>[31m
            [0mRéessayer[0m
          [36m</button>[31m
        [36m</div>[31m
      [36m</div>[31m
    [36m</div>[31m
  [36m</body>[31m
[36m</html>[31m[39m
[90mstdout[2m | src/__tests__/Dashboard.test.jsx[2m > [22m[2mDashboard[2m > [22m[2mAccessibility[2m > [22m[2mshould have accessible buttons[22m[39m
🔍 Dashboard - Tickets bruts: [33m0[39m
🔍 Dashboard - Tickets filtrés: [33m0[39m
🔍 Dashboard - Filtres actifs: { filterPriority: [32m'all'[39m, filterStatus: [32m'all'[39m }

[90mstderr[2m | src/__tests__/Dashboard.test.jsx[2m > [22m[2mDashboard[2m > [22m[2mAccessibility[2m > [22m[2mshould have accessible buttons[22m[39m
[MSW] Warning: intercepted a request without a matching request handler:

  • GET /api/sav/tickets

If you still wish to intercept this unhandled request, please create a request handler for it.
Read more: https://mswjs.io/docs/http/intercepting-requests

[90mstderr[2m | src/__tests__/Dashboard.test.jsx[2m > [22m[2mDashboard[2m > [22m[2mAccessibility[2m > [22m[2mshould have accessible buttons[22m[39m
Erreur: TypeError: fetch failed
[90m    at node:internal/deps/undici/undici:13510:13[39m
[90m    at processTicksAndRejections (node:internal/process/task_queues:105:5)[39m
    at until [90m(file:///C:/Users/v-nbayonne/meuble-de-france-chatbot/frontend/[39mnode_modules/[4m@open-draft[24m/until/src/until.ts:23:18[90m)[39m
    at Object.passthrough [90m(file:///C:/Users/v-nbayonne/meuble-de-france-chatbot/frontend/[39mnode_modules/[4m@mswjs[24m/interceptors/src/interceptors/fetch/index.ts:78:68[90m)[39m
    at _RequestController.passthrough [90m(file:///C:/Users/v-nbayonne/meuble-de-france-chatbot/frontend/[39mnode_modules/[4m@mswjs[24m/interceptors/src/RequestController.ts:50:5[90m)[39m
    at handleRequest [90m(file:///C:/Users/v-nbayonne/meuble-de-france-chatbot/frontend/[39mnode_modules/[4m@mswjs[24m/interceptors/src/utils/handleRequest.ts:201:12[90m)[39m
    at globalThis.fetch [90m(file:///C:/Users/v-nbayonne/meuble-de-france-chatbot/frontend/[39mnode_modules/[4m@mswjs[24m/interceptors/src/interceptors/fetch/index.ts:185:7[90m)[39m
    at fetchTickets [90m(C:\Users\v-nbayonne\meuble-de-france-chatbot\frontend\[39msrc\components\Dashboard.jsx:24:24[90m)[39m {
  [cause]: AggregateError: 
  [90m    at internalConnectMultiple (node:net:1134:18)[39m
  [90m    at afterConnectMultiple (node:net:1715:7)[39m {
    code: [32m'ECONNREFUSED'[39m,
    [errors]: [ [36m[Error][39m, [36m[Error][39m ]
  }
}

[90mstdout[2m | src/__tests__/Dashboard.test.jsx[2m > [22m[2mDashboard[2m > [22m[2mAccessibility[2m > [22m[2mshould have accessible buttons[22m[39m
🔍 Dashboard - Tickets bruts: [33m0[39m
🔍 Dashboard - Tickets filtrés: [33m0[39m
🔍 Dashboard - Filtres actifs: { filterPriority: [32m'all'[39m, filterStatus: [32m'all'[39m }
🔍 Dashboard - Tickets bruts: [33m0[39m
🔍 Dashboard - Tickets filtrés: [33m0[39m
🔍 Dashboard - Filtres actifs: { filterPriority: [32m'all'[39m, filterStatus: [32m'all'[39m }

 [32m✓[39m src/__tests__/Dashboard.test.jsx[2m > [22mDashboard[2m > [22mAccessibility[2m > [22mshould have accessible buttons

[31m⎯⎯⎯⎯⎯⎯[1m[7m Failed Tests 61 [27m[22m⎯⎯⎯⎯⎯⎯⎯[39m

[31m[1m[7m FAIL [27m[22m[39m src/__tests__/App.test.jsx[2m > [22mApp[2m > [22mInitial Rendering[2m > [22mshould render navigation bar
[31m[1m[7m FAIL [27m[22m[39m src/__tests__/App.test.jsx[2m > [22mApp[2m > [22mInitial Rendering[2m > [22mshould render chat view by default
[31m[1m[7m FAIL [27m[22m[39m src/__tests__/App.test.jsx[2m > [22mApp[2m > [22mInitial Rendering[2m > [22mshould have navigation buttons
[31m[1m[7m FAIL [27m[22m[39m src/__tests__/App.test.jsx[2m > [22mApp[2m > [22mNavigation[2m > [22mshould switch to dashboard view when dashboard button clicked
[31m[1m[7m FAIL [27m[22m[39m src/__tests__/App.test.jsx[2m > [22mApp[2m > [22mNavigation[2m > [22mshould switch to voice view when voice button clicked
[31m[1m[7m FAIL [27m[22m[39m src/__tests__/App.test.jsx[2m > [22mApp[2m > [22mNavigation[2m > [22mshould switch back to chat view
[31m[1m[7m FAIL [27m[22m[39m src/__tests__/App.test.jsx[2m > [22mApp[2m > [22mNavigation[2m > [22mshould highlight active navigation button
[31m[1m[7m FAIL [27m[22m[39m src/__tests__/App.test.jsx[2m > [22mApp[2m > [22mComponent Persistence[2m > [22mshould preserve component state when switching views
[31m[1m[7m FAIL [27m[22m[39m src/__tests__/App.test.jsx[2m > [22mApp[2m > [22mLayout[2m > [22mshould have full-screen layout
[31m[1m[7m FAIL [27m[22m[39m src/__tests__/App.test.jsx[2m > [22mApp[2m > [22mLayout[2m > [22mshould have navigation at top
[31m[1m[7m FAIL [27m[22m[39m src/__tests__/App.test.jsx[2m > [22mApp[2m > [22mLayout[2m > [22mshould only show one view at a time
[31m[1m[7m FAIL [27m[22m[39m src/__tests__/App.test.jsx[2m > [22mApp[2m > [22mAccessibility[2m > [22mshould have navigation buttons with text
[31m[1m[7m FAIL [27m[22m[39m src/__tests__/App.test.jsx[2m > [22mApp[2m > [22mAccessibility[2m > [22mshould have clickable navigation buttons
[31m[1mTypeError[22m: (window.AudioContext || window.webkitAudioContext) is not a constructor[39m
[36m [2m❯[22m src/components/VoiceChatWhisper.jsx:[2m41:31[22m[39m
    [90m 39| [39m  [90m// Initialiser le contexte audio et nettoyer lors du démontage[39m
    [90m 40| [39m  [34museEffect[39m(() [33m=>[39m {
    [90m 41| [39m    audioContextRef[33m.[39mcurrent [33m=[39m [35mnew[39m (window[33m.[39m[33mAudioContext[39m [33m||[39m window[33m.[39mwebki…
    [90m   | [39m                              [31m^[39m
    [90m 42| [39m    [35mreturn[39m () [33m=>[39m {
    [90m 43| [39m      [90m// Nettoyer tous les timers et animations[39m
[90m [2m❯[22m commitHookEffectListMount node_modules/react-dom/cjs/react-dom.development.js:[2m23189:26[22m[39m
[90m [2m❯[22m commitPassiveMountOnFiber node_modules/react-dom/cjs/react-dom.development.js:[2m24970:11[22m[39m
[90m [2m❯[22m commitPassiveMountEffects_complete node_modules/react-dom/cjs/react-dom.development.js:[2m24930:9[22m[39m
[90m [2m❯[22m commitPassiveMountEffects_begin node_modules/react-dom/cjs/react-dom.development.js:[2m24917:7[22m[39m
[90m [2m❯[22m commitPassiveMountEffects node_modules/react-dom/cjs/react-dom.development.js:[2m24905:3[22m[39m
[90m [2m❯[22m flushPassiveEffectsImpl node_modules/react-dom/cjs/react-dom.development.js:[2m27078:3[22m[39m
[90m [2m❯[22m flushPassiveEffects node_modules/react-dom/cjs/react-dom.development.js:[2m27023:14[22m[39m
[90m [2m❯[22m node_modules/react-dom/cjs/react-dom.development.js:[2m26808:9[22m[39m
[90m [2m❯[22m flushActQueue node_modules/react/cjs/react.development.js:[2m2667:24[22m[39m

[31m[2m⎯⎯⎯⎯⎯⎯⎯⎯⎯⎯⎯⎯⎯⎯⎯⎯⎯⎯⎯⎯⎯⎯⎯[1/61]⎯[22m[39m

[31m[1m[7m FAIL [27m[22m[39m src/__tests__/ChatInterface.test.jsx[2m > [22mChatInterface[2m > [22mMessage Sending[2m > [22mshould display API response message
[31m[1mTestingLibraryElementError[22m[39m: Unable to find an element with the text: /Comment puis-je vous aider/i. This could be because the text is broken up by multiple elements. In this case, you can provide a function for your text matcher to make your matcher more flexible.

Ignored nodes: comments, script, style
[36m<body>[39m
  [36m<div>[39m
    [36m<div[39m
      [33mclass[39m=[32m"flex flex-col h-full max-w-5xl mx-auto bg-gradient-to-br from-amber-50 to-orange-50"[39m
    [36m>[39m
      [36m<div[39m
        [33mclass[39m=[32m"bg-gradient-to-r from-blue-600 to-blue-700 text-white p-6 shadow-lg"[39m
      [36m>[39m
        [36m<div[39m
          [33mclass[39m=[32m"flex items-center justify-between"[39m
        [36m>[39m
          [36m<div>[39m
            [36m<h1[39m
              [33mclass[39m=[32m"text-3xl font-bold"[39m
            [36m>[39m
              [0mService clientèle du groupe Mobilier de France[0m
            [36m</h1>[39m
            [36m<p[39m
              [33mclass[39m=[32m"text-sm opacity-90 mt-1"[39m
            [36m>[39m
              [0mService Après-Vente Intelligent • Traitement automatisé en temps réel[0m
            [36m</p>[39m
          [36m</div>[39m
          [36m<div[39m
            [33mclass[39m=[32m"flex items-center space-x-4"[39m
          [36m>[39m
            [36m<button[39m
              [33mclass[39m=[32m"flex items-center space-x-2 px-4 py-2 rounded-lg font-medium transition-all bg-white text-blue-600 hover:bg-gray-100"[39m
              [33mtitle[39m=[32m"Désactiver la voix du bot"[39m
            [36m>[39m
              [36m<svg[39m
                [33mclass[39m=[32m"lucide lucide-volume2 w-5 h-5 "[39m
                [33mfill[39m=[32m"none"[39m
                [33mheight[39m=[32m"24"[39m
                [33mstroke[39m=[32m"currentColor"[39m
                [33mstroke-linecap[39m=[32m"round"[39m
                [33mstroke-linejoin[39m=[32m"round"[39m
                [33mstroke-width[39m=[32m"2"[39m
                [33mviewBox[39m=[32m"0 0 24 24"[39m
                [33mwidth[39m=[32m"24"[39m
                [33mxmlns[39m=[32m"http://www.w3.org/2000/svg"[39m
              [36m>[39m
                [36m<polygon[39m
                  [33mpoints[39m=[32m"11 5 6 9 2 9 2 15 6 15 11 19 11 5"[39m
                [36m/>[39m
                [36m<path[39m
                  [33md[39m=[32m"M15.54 8.46a5 5 0 0 1 0 7.07"[39m
                [36m/>[39m
                [36m<path[39m
                  [33md[39m=[32m"M19.07 4.93a10 10 0 0 1 0 14.14"[39m
                [36m/>[39m
              [36m</svg>[39m
              [36m<span[39m
                [33mclass[39m=[32m"text-sm"[39m
              [36m>[39m
                [0mVoix ON[0m
              [36m</span>[39m
            [36m</button>[39m
            [36m<div[39m
              [33mclass[39m=[32m"text-right text-xs opacity-80 border-l border-white/30 pl-4"[39m
            [36m>[39m
              [36m<p[39m
                [33mclass[39m=[32m"font-semibold"[39m
              [36m>[39m
                [0m🎯 100% Automatisé[0m
              [36m</p>[39m
              [36m<p[39m
                [33mclass[39m=[32m"text-xs"[39m
              [36m>[39m
                [0m✅ Analyse TON • ✅ Garantie • ✅ Priorité[0m
              [36m</p>[39m
            [36m</div>[39m
          [36m</div>[39m
        [36m</div>[39m
      [36m</div>[39m
      [36m<div[39m
        [33mclass[39m=[32m"flex-1 overflow-y-auto p-6 space-y-4"[39m
      [36m>[39m
        [36m<div[39m
          [33mclass[39m=[32m"flex justify-start fade-in"[39m
        [36m>[39m
          [36m<div[39m
            [33mclass[39m=[32m"max-w-[75%] rounded-2xl p-4 shadow-md bg-white text-gray-800 border border-gray-200"[39m
          [36m>[39m
            [36m<div[39m
              [33mclass[39m=[32m"flex items-start space-x-3"[39m
            [36m>[39m
              [36m<div[39m
                [33mclass[39m=[32m"w-8 h-8 rounded-full bg-gradient-to-r from-amber-500 to-orange-500 flex items-center justify-center text-white font-bold flex-shrink-0"[39m
              [36m>[39m
                [0mM[0m
              [36m</div>[39m
              [36m<div[39m
                [33mclass[39m=[32m"flex-1"[39m
              [36m>[39m
                [36m<p[39m
                  [33mclass[39m=[32m"whitespace-pre-line leading-relaxed"[39m
                [36m>[39m
                  [0m👋 Bonjour ! Je suis votre assistant SAV Mobilier de France.

Décrivez-moi votre problème avec votre numéro de commande, je m'occupe du reste !

💡 **Exemple** : "Bonjour, je m'appelle Marie Martin. Mon canapé OSLO a le pied cassé, commande CMD-2024-12345"[0m
                [36m</p>[39m
                [36m<div[39m
                  [33mclass[39m=[32m"flex items-center justify-between mt-2 text-xs text-gray-500"[39m
                [36m>[39m
                  [36m<span>[39m
                    [0m13:02[0m
                  [36m</span>[39m
                [36m</div>[39m
              [36m</div>[39m
            [36m</div>[39m
          [36m</div>[39m
        [36m</div>[39m
        [36m<div[39m
          [33mclass[39m=[32m"flex justify-end fade-in"[39m
        [36m>[39m
          [36m<div[39m
            [33mclass[39m=[32m"max-w-[75%] rounded-2xl p-4 shadow-md bg-gradient-to-r from-amber-500 to-orange-500 text-white"[39m
          [36m>[39m
            [36m<div[39m
              [33mclass[39m=[32m"flex items-start space-x-3"[39m
            [36m>[39m
              [36m<div[39m
                [33mclass[39m=[32m"flex-1"[39m
              [36m>[39m
                [36m<p[39m
                  [33mclass[39m=[32m"whitespace-pre-line leading-relaxed"[39m
                [36m>[39m
                  [0mBonjour[0m
                [36m</p>[39m
                [36m<div[39m
                  [33mclass[39m=[32m"flex items-center justify-between mt-2 text-xs text-white/70"[39m
                [36m>[39m
                  [36m<span>[39m
                    [0m13:02[0m
                  [36m</span>[39m
                [36m</div>[39m
              [36m</div>[39m
              [36m<div[39m
                [33mclass[39m=[32m"w-8 h-8 rounded-full bg-white flex items-center justify-center text-amber-600 font-bold flex-shrink-0"[39m
              [36m>[39m
                [0mV[0m
              [36m</div>[39m
            [36m</div>[39m
          [36m</div>[39m
        [36m</div>[39m
        [36m<div[39m
          [33mclass[39m=[32m"flex justify-start fade-in"[39m
        [36m>[39m
          [36m<div[39m
            [33mclass[39m=[32m"max-w-[75%] rounded-2xl p-4 shadow-md bg-white text-gray-800 border border-gray-200"[39m
          [36m>[39m
            [36m<div[39m
              [33mclass[39m=[32m"flex items-start space-x-3"[39m
            [36m>[39m
              [36m<div[39m
                [33mclass[39m=[32m"w-8 h-8 rounded-full bg-gradient-to-r from-amber-500 to-orange-500 flex items-center justify-center text-white font-bold flex-shrink-0"[39m
              [36m>[39m
                [0mM[0m
              [36m</div>[39m
              [36m<div[39m
                [33mclass[39m=[32m"flex-1"[39m
              [36m>[39m
                [36m<p[39m
                  [33mclass[39m=[32m"whitespace-pre-line leading-relaxed"[39m
                [36m>[39m
                  [0mDésolé, j'ai rencontré un problème technique. Pouvez-vous réessayer ?[0m
                [36m</p>[39m
                [36m<div[39m
                  [33mclass[39m=[32m"flex items-center justify-between mt-2 text-xs text-gray-500"[39m
                [36m>[39m
                  [36m<span>[39m
                    [0m13:02[0m
                  [36m</span>[39m
                [36m</div>[39m
              [36m</div>[39m
            [36m</div>[39m
          [36m</div>[39m
        [36m</div>[39m
        [36m<div />[39m
      [36m</div>[39m
      [36m<div[39m
        [33mclass[39m=[32m"bg-white p-6 border-t border-gray-200 shadow-lg"[39m
      [36m>[39m
        [36m<div[39m
          [33mclass[39m=[32m"flex items-end space-x-3"[39m
        [36m>[39m
          [36m<button[39m
            [33mclass[39m=[32m"bg-amber-100 hover:bg-amber-200 text-amber-700 p-3 rounded-full transition-colors flex-shrink-0"[39m
            [33mtitle[39m=[32m"Ajouter des photos"[39m
          [36m>[39m
            [36m<svg[39m
              [33mclass[39m=[32m"lucide lucide-camera w-6 h-6"[39m
              [33mfill[39m=[32m"none"[39m
              [33mheight[39m=[32m"24"[39m
              [33mstroke[39m=[32m"currentColor"[39m
              [33mstroke-linecap[39m=[32m"round"[39m
              [33mstroke-linejoin[39m=[32m"round"[39m
              [33mstroke-width[39m=[32m"2"[39m
              [33mviewBox[39m=[32m"0 0 24 24"[39m
              [33mwidth[39m=[32m"24"[39m
              [33mxmlns[39m=[32m"http://www.w3.org/2000/svg"[39m
            [36m>[39m
              [36m<path[39m
                [33md[39m=[32m"M14.5 4h-5L7 7H4a2 2 0 0 0-2 2v9a2 2 0 0 0 2 2h16a2 2 0 0 0 2-2V9a2 2 0 0 0-2-2h-3l-2.5-3z"[39m
              [36m/>[39m
              [36m<circle[39m
                [33mcx[39m=[32m"12"[39m
                [33mcy[39m=[32m"13"[39m
                [33mr[39m=[32m"3"[39m
              [36m/>[39m
            [36m</svg>[39m
          [36m</button>[39m
          [36m<input[39m
            [33maccept[39m=[32m"image/*,video/*"[39m
            [33mclass[39m=[32m"hidden"[39m
            [33mmultiple[39m=[32m""[39m
            [33mtype[39m=[32m"file"[39m
          [36m/>[39m
          [36m<button[39m
            [33mclass[39m=[32m"relative p-3 rounded-full transition-all flex-shrink-0 shadow-lg bg-gradient-to-r from-blue-500 to-purple-500 hover:from-blue-600 hover:to-purple-600 text-white"[39m
            [33mtitle[39m=[32m"🎤 Parler au lieu de taper"[39m
          [36m>[39m
            [36m<svg[39m
              [33mclass[39m=[32m"lucide lucide-mic w-6 h-6"[39m
              [33mfill[39m=[32m"none"[39m
              [33mheight[39m=[32m"24"[39m
              [33mstroke[39m=[32m"currentColor"[39m
              [33mstroke-linecap[39m=[32m"round"[39m
              [33mstroke-linejoin[39m=[32m"round"[39m
              [33mstroke-width[39m=[32m"2"[39m
              [33mviewBox[39m=[32m"0 0 24 24"[39m
              [33mwidth[39m=[32m"24"[39m
              [33mxmlns[39m=[32m"http://www.w3.org/2000/svg"[39m
            [36m>[39m
              [36m<path[39m
                [33md[39m=[32m"M12 2a3 3 0 0 0-3 3v7a3 3 0 0 0 6 0V5a3 3 0 0 0-3-3Z"[39m
              [36m/>[39m
              [36m<path[39m
                [33md[39m=[32m"M19 10v2a7 7 0 0 1-14 0v-2"[39m
              [36m/>[39m
              [36m<line[39m
                [33mx1[39m=[32m"12"[39m
                [33mx2[39m=[32m"12"[39m
                [33my1[39m=[32m"19"[39m
                [33my2[39m=[32m"22"[39m
              [36m/>[39m
            [36m</svg>[39m
          [36m</button>[39m
          [36m<div[39m
            [33mclass[39m=[32m"flex-1"[39m
          [36m>[39m
            [36m<textarea[39m
              [33mclass[39m=[32m"w-full border-2 border-gray-300 rounded-2xl px-4 py-3 focus:outline-none focus:ring-2 focus:ring-red-500 focus:border-transparent resize-none"[39m
              [33mplaceholder[39m=[32m"Nom complet + Problème + N° commande... (Ex: Jean Dupont, mon canapé OSLO a un pied cassé, CMD-2024-12345)"[39m
              [33mrows[39m=[32m"1"[39m
              [33mstyle[39m=[32m"min-height: 50px; max-height: 150px;"[39m
            [36m/>[39m
          [36m</div>[39m
          [36m<button[39m
            [33mclass[39m=[32m"p-3 rounded-full flex-shrink-0 transition-all bg-gray-300 text-gray-500 cursor-not-allowed"[39m
            [33mdisabled[39m=[32m""[39m
          [36m>[39m
            [36m<svg[39m
              [33mclass[39m=[32m"lucide lucide-send w-6 h-6"[39m
              [33mfill[39m=[32m"none"[39m
              [33mheight[39m=[32m"24"[39m
              [33mstroke[39m=[32m"currentColor"[39m
              [33mstroke-linecap[39m=[32m"round"[39m
              [33mstroke-linejoin[39m=[32m"round"[39m
              [33mstroke-width[39m=[32m"2"[39m
              [33mviewBox[39m=[32m"0 0 24 24"[39m
              [33mwidth[39m=[32m"24"[39m
              [33mxmlns[39m=[32m"http://www.w3.org/2000/svg"[39m
            [36m>[39m
              [36m<path[39m
                [33md[39m=[32m"m22 2-7 20-4-9-9-4Z"[39m
              [36m/>[39m
              [36m<path[39m
                [33md[39m=[32m"M22 2 11 13"[39m
              [36m/>[39m
            [36m</svg>[39m
          [36m</button>[39m
        [36m</div>[39m
        [36m<p[39m
          [33mclass[39m=[32m"text-xs text-gray-500 mt-3 text-center"[39m
        [36m>[39m
          [0m🔒 Données sécurisées • ⚡ Réponse immédiate • 🎤 Conversation vocale complète • 🔊 Le bot vous parle • 🎯 Analyse automatique du TON et PRIORITÉ • 🛡️ Vérification garantie instantanée[0m
        [36m</p>[39m
      [36m</div>[39m
    [36m</div>[39m
  [36m</div>[39m
[36m</body>[39m

Ignored nodes: comments, script, style
[36m<html>[39m
  [36m<head />[39m
  [36m<body>[39m
    [36m<div>[39m
      [36m<div[39m
        [33mclass[39m=[32m"flex flex-col h-full max-w-5xl mx-auto bg-gradient-to-br from-amber-50 to-orange-50"[39m
      [36m>[39m
        [36m<div[39m
          [33mclass[39m=[32m"bg-gradient-to-r from-blue-600 to-blue-700 text-white p-6 shadow-lg"[39m
        [36m>[39m
          [36m<div[39m
            [33mclass[39m=[32m"flex items-center justify-between"[39m
          [36m>[39m
            [36m<div>[39m
              [36m<h1[39m
                [33mclass[39m=[32m"text-3xl font-bold"[39m
              [36m>[39m
                [0mService clientèle du groupe Mobilier de France[0m
              [36m</h1>[39m
              [36m<p[39m
                [33mclass[39m=[32m"text-sm opacity-90 mt-1"[39m
              [36m>[39m
                [0mService Après-Vente Intelligent • Traitement automatisé en temps réel[0m
              [36m</p>[39m
            [36m</div>[39m
            [36m<div[39m
              [33mclass[39m=[32m"flex items-center space-x-4"[39m
            [36m>[39m
              [36m<button[39m
                [33mclass[39m=[32m"flex items-center space-x-2 px-4 py-2 rounded-lg font-medium transition-all bg-white text-blue-600 hover:bg-gray-100"[39m
                [33mtitle[39m=[32m"Désactiver la voix du bot"[39m
              [36m>[39m
                [36m<svg[39m
                  [33mclass[39m=[32m"lucide lucide-volume2 w-5 h-5 "[39m
                  [33mfill[39m=[32m"none"[39m
                  [33mheight[39m=[32m"24"[39m
                  [33mstroke[39m=[32m"currentColor"[39m
                  [33mstroke-linecap[39m=[32m"round"[39m
                  [33mstroke-linejoin[39m=[32m"round"[39m
                  [33mstroke-width[39m=[32m"2"[39m
                  [33mviewBox[39m=[32m"0 0 24 24"[39m
                  [33mwidth[39m=[32m"24"[39m
                  [33mxmlns[39m=[32m"http://www.w3.org/2000/svg"[39m
                [36m>[39m
                  [36m<polygon[39m
                    [33mpoints[39m=[32m"11 5 6 9 2 9 2 15 6 15 11 19 11 5"[39m
                  [36m/>[39m
                  [36m<path[39m
                    [33md[39m=[32m"M15.54 8.46a5 5 0 0 1 0 7.07"[39m
                  [36m/>[39m
                  [36m<path[39m
                    [33md[39m=[32m"M19.07 4.93a10 10 0 0 1 0 14.14"[39m
                  [36m/>[39m
                [36m</svg>[39m
                [36m<span[39m
                  [33mclass[39m=[32m"text-sm"[39m
                [36m>[39m
                  [0mVoix ON[0m
                [36m</span>[39m
              [36m</button>[39m
              [36m<div[39m
                [33mclass[39m=[32m"text-right text-xs opacity-80 border-l border-white/30 pl-4"[39m
              [36m>[39m
                [36m<p[39m
                  [33mclass[39m=[32m"font-semibold"[39m
                [36m>[39m
                  [0m🎯 100% Automatisé[0m
                [36m</p>[39m
                [36m<p[39m
                  [33mclass[39m=[32m"text-xs"[39m
                [36m>[39m
                  [0m✅ Analyse TON • ✅ Garantie • ✅ Priorité[0m
                [36m</p>[39m
              [36m</div>[39m
            [36m</div>[39m
          [36m</div>[39m
        [36m</div>[39m
        [36m<div[39m
          [33mclass[39m=[32m"flex-1 overflow-y-auto p-6 space-y-4"[39m
        [36m>[39m
          [36m<div[39m
            [33mclass[39m=[32m"flex justify-start fade-in"[39m
          [36m>[39m
            [36m<div[39m
              [33mclass[39m=[32m"max-w-[75%] rounded-2xl p-4 shadow-md bg-white text-gray-800 border border-gray-200"[39m
            [36m>[39m
              [36m<div[39m
                [33mclass[39m=[32m"flex items-start space-x-3"[39m
              [36m>[39m
                [36m<div[39m
                  [33mclass[39m=[32m"w-8 h-8 rounded-full bg-gradient-to-r from-amber-500 to-orange-500 flex items-center justify-center text-white font-bold flex-shrink-0"[39m
                [36m>[39m
                  [0mM[0m
                [36m</div>[39m
                [36m<div[39m
                  [33mclass[39m=[32m"flex-1"[39m
                [36m>[39m
                  [36m<p[39m
                    [33mclass[39m=[32m"whitespace-pre-line leading-relaxed"[39m
                  [36m>[39m
                    [0m👋 Bonjour ! Je suis votre assistant SAV Mobilier de France.

Décrivez-moi votre problème avec votre numéro de commande, je m'occupe du reste !

💡 **Exemple** : "Bonjour, je m'appelle Marie Martin. Mon canapé OSLO a le pied cassé, commande CMD-2024-12345"[0m
                  [36m</p>[39m
                  [36m<div[39m
                    [33mclass[39m=[32m"flex items-center justify-between mt-2 text-xs text-gray-500"[39m
                  [36m>[39m
                    [36m<span>[39m
                      [0m13:02[0m
                    [36m</span>[39m
                  [36m</div>[39m
                [36m</div>[39m
              [36m</div>[39m
            [36m</div>[39m
          [36m</div>[39m
          [36m<div[39m
            [33mclass[39m=[32m"flex justify-end fade-in"[39m
          [36m>[39m
            [36m<div[39m
              [33mclass[39m=[32m"max-w-[75%] rounded-2xl p-4 shadow-md bg-gradient-to-r from-amber-500 to-orange-500 text-white"[39m
            [36m>[39m
              [36m<div[39m
                [33mclass[39m=[32m"flex items-start space-x-3"[39m
              [36m>[39m
                [36m<div[39m
                  [33mclass[39m=[32m"flex-1"[39m
                [36m>[39m
                  [36m<p[39m
                    [33mclass[39m=[32m"whitespace-pre-line leading-relaxed"[39m
                  [36m>[39m
                    [0mBonjour[0m
                  [36m</p>[39m
                  [36m<div[39m
                    [33mclass[39m=[32m"flex items-center justify-between mt-2 text-xs text-white/70"[39m
                  [36m>[39m
                    [36m<span>[39m
                      [0m13:02[0m
                    [36m</span>[39m
                  [36m</div>[39m
                [36m</div>[39m
                [36m<div[39m
                  [33mclass[39m=[32m"w-8 h-8 rounded-full bg-white flex items-center justify-center text-amber-600 font-bold flex-shrink-0"[39m
                [36m>[39m
                  [0mV[0m
                [36m</div>[39m
              [36m</div>[39m
            [36m</div>[39m
          [36m</div>[39m
          [36m<div[39m
            [33mclass[39m=[32m"flex justify-start fade-in"[39m
          [36m>[39m
            [36m<div[39m
              [33mclass[39m=[32m"max-w-[75%] rounded-2xl p-4 shadow-md bg-white text-gray-800 border border-gray-200"[39m
            [36m>[39m
              [36m<div[39m
                [33mclass[39m=[32m"flex items-start space-x-3"[39m
              [36m>[39m
                [36m<div[39m
                  [33mclass[39m=[32m"w-8 h-8 rounded-full bg-gradient-to-r from-amber-500 to-orange-500 flex items-center justify-center text-white font-bold flex-shrink-0"[39m
                [36m>[39m
                  [0mM[0m
                [36m</div>[39m
                [36m<div[39m
                  [33mclass[39m=[32m"flex-1"[39m
                [36m>[39m
                  [36m<p[39m
                    [33mclass[39m=[32m"whitespace-pre-line leading-relaxed"[39m
                  [36m>[39m
                    [0mDésolé, j'ai rencontré un problème technique. Pouvez-vous réessayer ?[0m
                  [36m</p>[39m
                  [36m<div[39m
                    [33mclass[39m=[32m"flex items-center justify-between mt-2 text-xs text-gray-500"[39m
                  [36m>[39m
                    [36m<span>[39m
                      [0m13:02[0m
                    [36m</span>[39m
                  [36m</div>[39m
                [36m</div>[39m
              [36m</div>[39m
            [36m</div>[39m
          [36m</div>[39m
          [36m<div />[39m
        [36m</div>[39m
        [36m<div[39m
          [33mclass[39m=[32m"bg-white p-6 border-t border-gray-200 shadow-lg"[39m
        [36m>[39m
          [36m<div[39m
            [33mclass[39m=[32m"flex items-end space-x-3"[39m
          [36m>[39m
            [36m<button[39m
              [33mclass[39m=[32m"bg-amber-100 hover:bg-amber-200 text-amber-700 p-3 rounded-full transition-colors flex-shrink-0"[39m
              [33mtitle[39m=[32m"Ajouter des photos"[39m
            [36m>[39m
              [36m<svg[39m
                [33mclass[39m=[32m"lucide lucide-camera w-6 h-6"[39m
                [33mfill[39m=[32m"none"[39m
                [33mheight[39m=[32m"24"[39m
                [33mstroke[39m=[32m"currentColor"[39m
                [33mstroke-linecap[39m=[32m"round"[39m
                [33mstroke-linejoin[39m=[32m"round"[39m
                [33mstroke-width[39m=[32m"2"[39m
                [33mviewBox[39m=[32m"0 0 24 24"[39m
                [33mwidth[39m=[32m"24"[39m
                [33mxmlns[39m=[32m"http://www.w3.org/2000/svg"[39m
              [36m>[39m
                [36m<path[39m
                  [33md[39m=[32m"M14.5 4h-5L7 7H4a2 2 0 0 0-2 2v9a2 2 0 0 0 2 2h16a2 2 0 0 0 2-2V9a2 2 0 0 0-2-2h-3l-2.5-3z"[39m
                [36m/>[39m
                [36m<circle[39m
                  [33mcx[39m=[32m"12"[39m
                  [33mcy[39m=[32m"13"[39m
                  [33mr[39m=[32m"3"[39m
                [36m/>[39m
              [36m</svg>[39m
            [36m</button>[39m
            [36m<input[39m
              [33maccept[39m=[32m"image/*,video/*"[39m
              [33mclass[39m=[32m"hidden"[39m
              [33mmultiple[39m=[32m""[39m
              [33mtype[39m=[32m"file"[39m
            [36m/>[39m
            [36m<button[39m
              [33mclass[39m=[32m"relative p-3 rounded-full transition-all flex-shrink-0 shadow-lg bg-gradient-to-r from-blue-500 to-purple-500 hover:from-blue-600 hover:to-purple-600 text-white"[39m
              [33mtitle[39m=[32m"🎤 Parler au lieu de taper"[39m
            [36m>[39m
              [36m<svg[39m
                [33mclass[39m=[32m"lucide lucide-mic w-6 h-6"[39m
                [33mfill[39m=[32m"none"[39m
                [33mheight[39m=[32m"24"[39m
                [33mstroke[39m=[32m"currentColor"[39m
                [33mstroke-linecap[39m=[32m"round"[39m
                [33mstroke-linejoin[39m=[32m"round"[39m
                [33mstroke-width[39m=[32m"2"[39m
                [33mviewBox[39m=[32m"0 0 24 24"[39m
                [33mwidth[39m=[32m"24"[39m
                [33mxmlns[39m=[32m"http://www.w3.org/2000/svg"[39m
              [36m>[39m
                [36m<path[39m
                  [33md[39m=[32m"M12 2a3 3 0 0 0-3 3v7a3 3 0 0 0 6 0V5a3 3 0 0 0-3-3Z"[39m
                [36m/>[39m
                [36m<path[39m
                  [33md[39m=[32m"M19 10v2a7 7 0 0 1-14 0v-2"[39m
                [36m/>[39m
                [36m<line[39m
                  [33mx1[39m=[32m"12"[39m
                  [33mx2[39m=[32m"12"[39m
                  [33my1[39m=[32m"19"[39m
                  [33my2[39m=[32m"22"[39m
                [36m/>[39m
              [36m</svg>[39m
            [36m</button>[39m
            [36m<div[39m
              [33mclass[39m=[32m"flex-1"[39m
            [36m>[39m
              [36m<textarea[39m
                [33mclass[39m=[32m"w-full border-2 border-gray-300 rounded-2xl px-4 py-3 focus:outline-none focus:ring-2 focus:ring-red-500 focus:border-transparent resize-none"[39m
                [33mplaceholder[39m=[32m"Nom complet + Problème + N° commande... (Ex: Jean Dupont, mon canapé OSLO a un pied cassé, CMD-2024-12345)"[39m
                [33mrows[39m=[32m"1"[39m
                [33mstyle[39m=[32m"min-height: 50px; max-height: 150px;"[39m
              [36m/>[39m
            [36m</div>[39m
            [36m<button[39m
              [33mclass[39m=[32m"p-3 rounded-full flex-shrink-0 transition-all bg-gray-300 text-gray-500 cursor-not-allowed"[39m
              [33mdisabled[39m=[32m""[39m
            [36m>[39m
              [36m<svg[39m
                [33mclass[39m=[32m"lucide lucide-send w-6 h-6"[39m
                [33mfill[39m=[32m"none"[39m
                [33mheight[39m=[32m"24"[39m
                [33mstroke[39m=[32m"currentColor"[39m
                [33mstroke-linecap[39m=[32m"round"[39m
                [33mstroke-linejoin[39m=[32m"round"[39m
                [33mstroke-width[39m=[32m"2"[39m
                [33mviewBox[39m=[32m"0 0 24 24"[39m
                [33mwidth[39m=[32m"24"[39m
                [33mxmlns[39m=[32m"http://www.w3.org/2000/svg"[39m
              [36m>[39m
                [36m<path[39m
                  [33md[39m=[32m"m22 2-7 20-4-9-9-4Z"[39m
                [36m/>[39m
                [36m<path[39m
                  [33md[39m=[32m"M22 2 11 13"[39m
                [36m/>[39m
              [36m</svg>[39m
            [36m</button>[39m
          [36m</div>[39m
          [36m<p[39m
            [33mclass[39m=[32m"text-xs text-gray-500 mt-3 text-center"[39m
          [36m>[39m
            [0m🔒 Données sécurisées • ⚡ Réponse immédiate • 🎤 Conversation vocale complète • 🔊 Le bot vous parle • 🎯 Analyse automatique du TON et PRIORITÉ • 🛡️ Vérification garantie instantanée[0m
          [36m</p>[39m
        [36m</div>[39m
      [36m</div>[39m
    [36m</div>[39m
  [36m</body>[39m
[36m</html>[39m
[90m [2m❯[22m Proxy.waitForWrapper node_modules/@testing-library/dom/dist/wait-for.js:[2m163:27[22m[39m
[36m [2m❯[22m src/__tests__/ChatInterface.test.jsx:[2m90:13[22m[39m
    [90m 88| [39m      [35mawait[39m user[33m.[39m[34mclick[39m(buttons[buttons[33m.[39mlength [33m-[39m [34m1[39m])[33m;[39m
    [90m 89| [39m
    [90m 90| [39m      [35mawait[39m [34mwaitFor[39m(() [33m=>[39m {
    [90m   | [39m            [31m^[39m
    [90m 91| [39m        [34mexpect[39m(screen[33m.[39m[34mgetByText[39m([36m/Comment puis-je vous aider/i[39m))[33m.[39m[34mtoBeIn[39m…
    [90m 92| [39m      })[33m;[39m

[31m[2m⎯⎯⎯⎯⎯⎯⎯⎯⎯⎯⎯⎯⎯⎯⎯⎯⎯⎯⎯⎯⎯⎯⎯[2/61]⎯[22m[39m

[31m[1m[7m FAIL [27m[22m[39m src/__tests__/ChatInterface.test.jsx[2m > [22mChatInterface[2m > [22mMessage Sending[2m > [22mshould show typing indicator while processing
[31m[1mTypeError[22m[39m: element?.className?.includes is not a function

Ignored nodes: comments, script, style
[36m<body>[39m
  [36m<div>[39m
    [36m<div[39m
      [33mclass[39m=[32m"flex flex-col h-full max-w-5xl mx-auto bg-gradient-to-br from-amber-50 to-orange-50"[39m
    [36m>[39m
      [36m<div[39m
        [33mclass[39m=[32m"bg-gradient-to-r from-blue-600 to-blue-700 text-white p-6 shadow-lg"[39m
      [36m>[39m
        [36m<div[39m
          [33mclass[39m=[32m"flex items-center justify-between"[39m
        [36m>[39m
          [36m<div>[39m
            [36m<h1[39m
              [33mclass[39m=[32m"text-3xl font-bold"[39m
            [36m>[39m
              [0mService clientèle du groupe Mobilier de France[0m
            [36m</h1>[39m
            [36m<p[39m
              [33mclass[39m=[32m"text-sm opacity-90 mt-1"[39m
            [36m>[39m
              [0mService Après-Vente Intelligent • Traitement automatisé en temps réel[0m
            [36m</p>[39m
          [36m</div>[39m
          [36m<div[39m
            [33mclass[39m=[32m"flex items-center space-x-4"[39m
          [36m>[39m
            [36m<button[39m
              [33mclass[39m=[32m"flex items-center space-x-2 px-4 py-2 rounded-lg font-medium transition-all bg-white text-blue-600 hover:bg-gray-100"[39m
              [33mtitle[39m=[32m"Désactiver la voix du bot"[39m
            [36m>[39m
              [36m<svg[39m
                [33mclass[39m=[32m"lucide lucide-volume2 w-5 h-5 "[39m
                [33mfill[39m=[32m"none"[39m
                [33mheight[39m=[32m"24"[39m
                [33mstroke[39m=[32m"currentColor"[39m
                [33mstroke-linecap[39m=[32m"round"[39m
                [33mstroke-linejoin[39m=[32m"round"[39m
                [33mstroke-width[39m=[32m"2"[39m
                [33mviewBox[39m=[32m"0 0 24 24"[39m
                [33mwidth[39m=[32m"24"[39m
                [33mxmlns[39m=[32m"http://www.w3.org/2000/svg"[39m
              [36m>[39m
                [36m<polygon[39m
                  [33mpoints[39m=[32m"11 5 6 9 2 9 2 15 6 15 11 19 11 5"[39m
                [36m/>[39m
                [36m<path[39m
                  [33md[39m=[32m"M15.54 8.46a5 5 0 0 1 0 7.07"[39m
                [36m/>[39m
                [36m<path[39m
                  [33md[39m=[32m"M19.07 4.93a10 10 0 0 1 0 14.14"[39m
                [36m/>[39m
              [36m</svg>[39m
              [36m<span[39m
                [33mclass[39m=[32m"text-sm"[39m
              [36m>[39m
                [0mVoix ON[0m
              [36m</span>[39m
            [36m</button>[39m
            [36m<div[39m
              [33mclass[39m=[32m"text-right text-xs opacity-80 border-l border-white/30 pl-4"[39m
            [36m>[39m
              [36m<p[39m
                [33mclass[39m=[32m"font-semibold"[39m
              [36m>[39m
                [0m🎯 100% Automatisé[0m
              [36m</p>[39m
              [36m<p[39m
                [33mclass[39m=[32m"text-xs"[39m
              [36m>[39m
                [0m✅ Analyse TON • ✅ Garantie • ✅ Priorité[0m
              [36m</p>[39m
            [36m</div>[39m
          [36m</div>[39m
        [36m</div>[39m
      [36m</div>[39m
      [36m<div[39m
        [33mclass[39m=[32m"flex-1 overflow-y-auto p-6 space-y-4"[39m
      [36m>[39m
        [36m<div[39m
          [33mclass[39m=[32m"flex justify-start fade-in"[39m
        [36m>[39m
          [36m<div[39m
            [33mclass[39m=[32m"max-w-[75%] rounded-2xl p-4 shadow-md bg-white text-gray-800 border border-gray-200"[39m
          [36m>[39m
            [36m<div[39m
              [33mclass[39m=[32m"flex items-start space-x-3"[39m
            [36m>[39m
              [36m<div[39m
                [33mclass[39m=[32m"w-8 h-8 rounded-full bg-gradient-to-r from-amber-500 to-orange-500 flex items-center justify-center text-white font-bold flex-shrink-0"[39m
              [36m>[39m
                [0mM[0m
              [36m</div>[39m
              [36m<div[39m
                [33mclass[39m=[32m"flex-1"[39m
              [36m>[39m
                [36m<p[39m
                  [33mclass[39m=[32m"whitespace-pre-line leading-relaxed"[39m
                [36m>[39m
                  [0m👋 Bonjour ! Je suis votre assistant SAV Mobilier de France.

Décrivez-moi votre problème avec votre numéro de commande, je m'occupe du reste !

💡 **Exemple** : "Bonjour, je m'appelle Marie Martin. Mon canapé OSLO a le pied cassé, commande CMD-2024-12345"[0m
                [36m</p>[39m
                [36m<div[39m
                  [33mclass[39m=[32m"flex items-center justify-between mt-2 text-xs text-gray-500"[39m
                [36m>[39m
                  [36m<span>[39m
                    [0m13:02[0m
                  [36m</span>[39m
                [36m</div>[39m
              [36m</div>[39m
            [36m</div>[39m
          [36m</div>[39m
        [36m</div>[39m
        [36m<div[39m
          [33mclass[39m=[32m"flex justify-end fade-in"[39m
        [36m>[39m
          [36m<div[39m
            [33mclass[39m=[32m"max-w-[75%] rounded-2xl p-4 shadow-md bg-gradient-to-r from-amber-500 to-orange-500 text-white"[39m
          [36m>[39m
            [36m<div[39m
              [33mclass[39m=[32m"flex items-start space-x-3"[39m
            [36m>[39m
              [36m<div[39m
                [33mclass[39m=[32m"flex-1"[39m
              [36m>[39m
                [36m<p[39m
                  [33mclass[39m=[32m"whitespace-pre-line leading-relaxed"[39m
                [36m>[39m
                  [0mTest[0m
                [36m</p>[39m
                [36m<div[39m
                  [33mclass[39m=[32m"flex items-center justify-between mt-2 text-xs text-white/70"[39m
                [36m>[39m
                  [36m<span>[39m
                    [0m13:02[0m
                  [36m</span>[39m
                [36m</div>[39m
              [36m</div>[39m
              [36m<div[39m
                [33mclass[39m=[32m"w-8 h-8 rounded-full bg-white flex items-center justify-center text-amber-600 font-bold flex-shrink-0"[39m
              [36m>[39m
                [0mV[0m
              [36m</div>[39m
            [36m</div>[39m
          [36m</div>[39m
        [36m</div>[39m
        [36m<div[39m
          [33mclass[39m=[32m"flex justify-start fade-in"[39m
        [36m>[39m
          [36m<div[39m
            [33mclass[39m=[32m"max-w-[75%] rounded-2xl p-4 shadow-md bg-white text-gray-800 border border-gray-200"[39m
          [36m>[39m
            [36m<div[39m
              [33mclass[39m=[32m"flex items-start space-x-3"[39m
            [36m>[39m
              [36m<div[39m
                [33mclass[39m=[32m"w-8 h-8 rounded-full bg-gradient-to-r from-amber-500 to-orange-500 flex items-center justify-center text-white font-bold flex-shrink-0"[39m
              [36m>[39m
                [0mM[0m
              [36m</div>[39m
              [36m<div[39m
                [33mclass[39m=[32m"flex-1"[39m
              [36m>[39m
                [36m<p[39m
                  [33mclass[39m=[32m"whitespace-pre-line leading-relaxed"[39m
                [36m>[39m
                  [0mDésolé, j'ai rencontré un problème technique. Pouvez-vous réessayer ?[0m
                [36m</p>[39m
                [36m<div[39m
                  [33mclass[39m=[32m"flex items-center justify-between mt-2 text-xs text-gray-500"[39m
                [36m>[39m
                  [36m<span>[39m
                    [0m13:02[0m
                  [36m</span>[39m
                [36m</div>[39m
              [36m</div>[39m
            [36m</div>[39m
          [36m</div>[39m
        [36m</div>[39m
        [36m<div />[39m
      [36m</div>[39m
      [36m<div[39m
        [33mclass[39m=[32m"bg-white p-6 border-t border-gray-200 shadow-lg"[39m
      [36m>[39m
        [36m<div[39m
          [33mclass[39m=[32m"flex items-end space-x-3"[39m
        [36m>[39m
          [36m<button[39m
            [33mclass[39m=[32m"bg-amber-100 hover:bg-amber-200 text-amber-700 p-3 rounded-full transition-colors flex-shrink-0"[39m
            [33mtitle[39m=[32m"Ajouter des photos"[39m
          [36m>[39m
            [36m<svg[39m
              [33mclass[39m=[32m"lucide lucide-camera w-6 h-6"[39m
              [33mfill[39m=[32m"none"[39m
              [33mheight[39m=[32m"24"[39m
              [33mstroke[39m=[32m"currentColor"[39m
              [33mstroke-linecap[39m=[32m"round"[39m
              [33mstroke-linejoin[39m=[32m"round"[39m
              [33mstroke-width[39m=[32m"2"[39m
              [33mviewBox[39m=[32m"0 0 24 24"[39m
              [33mwidth[39m=[32m"24"[39m
              [33mxmlns[39m=[32m"http://www.w3.org/2000/svg"[39m
            [36m>[39m
              [36m<path[39m
                [33md[39m=[32m"M14.5 4h-5L7 7H4a2 2 0 0 0-2 2v9a2 2 0 0 0 2 2h16a2 2 0 0 0 2-2V9a2 2 0 0 0-2-2h-3l-2.5-3z"[39m
              [36m/>[39m
              [36m<circle[39m
                [33mcx[39m=[32m"12"[39m
                [33mcy[39m=[32m"13"[39m
                [33mr[39m=[32m"3"[39m
              [36m/>[39m
            [36m</svg>[39m
          [36m</button>[39m
          [36m<input[39m
            [33maccept[39m=[32m"image/*,video/*"[39m
            [33mclass[39m=[32m"hidden"[39m
            [33mmultiple[39m=[32m""[39m
            [33mtype[39m=[32m"file"[39m
          [36m/>[39m
          [36m<button[39m
            [33mclass[39m=[32m"relative p-3 rounded-full transition-all flex-shrink-0 shadow-lg bg-gradient-to-r from-blue-500 to-purple-500 hover:from-blue-600 hover:to-purple-600 text-white"[39m
            [33mtitle[39m=[32m"🎤 Parler au lieu de taper"[39m
          [36m>[39m
            [36m<svg[39m
              [33mclass[39m=[32m"lucide lucide-mic w-6 h-6"[39m
              [33mfill[39m=[32m"none"[39m
              [33mheight[39m=[32m"24"[39m
              [33mstroke[39m=[32m"currentColor"[39m
              [33mstroke-linecap[39m=[32m"round"[39m
              [33mstroke-linejoin[39m=[32m"round"[39m
              [33mstroke-width[39m=[32m"2"[39m
              [33mviewBox[39m=[32m"0 0 24 24"[39m
              [33mwidth[39m=[32m"24"[39m
              [33mxmlns[39m=[32m"http://www.w3.org/2000/svg"[39m
            [36m>[39m
              [36m<path[39m
                [33md[39m=[32m"M12 2a3 3 0 0 0-3 3v7a3 3 0 0 0 6 0V5a3 3 0 0 0-3-3Z"[39m
              [36m/>[39m
              [36m<path[39m
                [33md[39m=[32m"M19 10v2a7 7 0 0 1-14 0v-2"[39m
              [36m/>[39m
              [36m<line[39m
                [33mx1[39m=[32m"12"[39m
                [33mx2[39m=[32m"12"[39m
                [33my1[39m=[32m"19"[39m
                [33my2[39m=[32m"22"[39m
              [36m/>[39m
            [36m</svg>[39m
          [36m</button>[39m
          [36m<div[39m
            [33mclass[39m=[32m"flex-1"[39m
          [36m>[39m
            [36m<textarea[39m
              [33mclass[39m=[32m"w-full border-2 border-gray-300 rounded-2xl px-4 py-3 focus:outline-none focus:ring-2 focus:ring-red-500 focus:border-transparent resize-none"[39m
              [33mplaceholder[39m=[32m"Nom complet + Problème + N° commande... (Ex: Jean Dupont, mon canapé OSLO a un pied cassé, CMD-2024-12345)"[39m
              [33mrows[39m=[32m"1"[39m
              [33mstyle[39m=[32m"min-height: 50px; max-height: 150px;"[39m
            [36m/>[39m
          [36m</div>[39m
          [36m<button[39m
            [33mclass[39m=[32m"p-3 rounded-full flex-shrink-0 transition-all bg-gray-300 text-gray-500 cursor-not-allowed"[39m
            [33mdisabled[39m=[32m""[39m
          [36m>[39m
            [36m<svg[39m
              [33mclass[39m=[32m"lucide lucide-send w-6 h-6"[39m
              [33mfill[39m=[32m"none"[39m
              [33mheight[39m=[32m"24"[39m
              [33mstroke[39m=[32m"currentColor"[39m
              [33mstroke-linecap[39m=[32m"round"[39m
              [33mstroke-linejoin[39m=[32m"round"[39m
              [33mstroke-width[39m=[32m"2"[39m
              [33mviewBox[39m=[32m"0 0 24 24"[39m
              [33mwidth[39m=[32m"24"[39m
              [33mxmlns[39m=[32m"http://www.w3.org/2000/svg"[39m
            [36m>[39m
              [36m<path[39m
                [33md[39m=[32m"m22 2-7 20-4-9-9-4Z"[39m
              [36m/>[39m
              [36m<path[39m
                [33md[39m=[32m"M22 2 11 13"[39m
              [36m/>[39m
            [36m</svg>[39m
          [36m</button>[39m
        [36m</div>[39m
        [36m<p[39m
          [33mclass[39m=[32m"text-xs text-gray-500 mt-3 text-center"[39m
        [36m>[39m
          [0m🔒 Données sécurisées • ⚡ Réponse immédiate • 🎤 Conversation vocale complète • 🔊 Le bot vous parle • 🎯 Analyse automatique du TON et PRIORITÉ • 🛡️ Vérification garantie instantanée[0m
        [36m</p>[39m
      [36m</div>[39m
    [36m</div>[39m
  [36m</div>[39m
[36m</body>[39m
[36m [2m❯[22m src/__tests__/ChatInterface.test.jsx:[2m105:36[22m[39m
    [90m103| [39m      [90m// Check for animated dots (typing indicator)[39m
    [90m104| [39m      [35mconst[39m typingIndicator [33m=[39m [35mawait[39m screen[33m.[39m[34mfindByText[39m((content[33m,[39m elemen…
    [90m105| [39m        [35mreturn[39m element[33m?.[39mclassName[33m?.[39m[34mincludes[39m([32m'animate-bounce'[39m)[33m;[39m
    [90m   | [39m                                   [31m^[39m
    [90m106| [39m      })[33m;[39m
    [90m107| [39m      [34mexpect[39m(typingIndicator)[33m.[39m[34mtoBeInTheDocument[39m()[33m;[39m
[90m [2m❯[22m matches node_modules/@testing-library/dom/dist/matches.js:[2m38:12[22m[39m
[90m [2m❯[22m node_modules/@testing-library/dom/dist/queries/text.js:[2m31:68[22m[39m
[90m [2m❯[22m queryAllByText node_modules/@testing-library/dom/dist/queries/text.js:[2m31:53[22m[39m
[90m [2m❯[22m node_modules/@testing-library/dom/dist/query-helpers.js:[2m74:17[22m[39m
[90m [2m❯[22m node_modules/@testing-library/dom/dist/query-helpers.js:[2m52:17[22m[39m
[90m [2m❯[22m node_modules/@testing-library/dom/dist/query-helpers.js:[2m95:19[22m[39m
[90m [2m❯[22m container.container node_modules/@testing-library/dom/dist/query-helpers.js:[2m87:14[22m[39m
[90m [2m❯[22m runWithExpensiveErrorDiagnosticsDisabled node_modules/@testing-library/dom/dist/config.js:[2m47:12[22m[39m

[31m[2m⎯⎯⎯⎯⎯⎯⎯⎯⎯⎯⎯⎯⎯⎯⎯⎯⎯⎯⎯⎯⎯⎯⎯[3/61]⎯[22m[39m

[31m[1m[7m FAIL [27m[22m[39m src/__tests__/ChatInterface.test.jsx[2m > [22mChatInterface[2m > [22mFile Upload[2m > [22mshould upload a single photo
[31m[1mTestingLibraryElementError[22m[39m: Unable to find an element with the text: /Fichiers à envoyer/i. This could be because the text is broken up by multiple elements. In this case, you can provide a function for your text matcher to make your matcher more flexible.

Ignored nodes: comments, script, style
[36m<body>[39m
  [36m<div>[39m
    [36m<div[39m
      [33mclass[39m=[32m"flex flex-col h-full max-w-5xl mx-auto bg-gradient-to-br from-amber-50 to-orange-50"[39m
    [36m>[39m
      [36m<div[39m
        [33mclass[39m=[32m"bg-gradient-to-r from-blue-600 to-blue-700 text-white p-6 shadow-lg"[39m
      [36m>[39m
        [36m<div[39m
          [33mclass[39m=[32m"flex items-center justify-between"[39m
        [36m>[39m
          [36m<div>[39m
            [36m<h1[39m
              [33mclass[39m=[32m"text-3xl font-bold"[39m
            [36m>[39m
              [0mService clientèle du groupe Mobilier de France[0m
            [36m</h1>[39m
            [36m<p[39m
              [33mclass[39m=[32m"text-sm opacity-90 mt-1"[39m
            [36m>[39m
              [0mService Après-Vente Intelligent • Traitement automatisé en temps réel[0m
            [36m</p>[39m
          [36m</div>[39m
          [36m<div[39m
            [33mclass[39m=[32m"flex items-center space-x-4"[39m
          [36m>[39m
            [36m<button[39m
              [33mclass[39m=[32m"flex items-center space-x-2 px-4 py-2 rounded-lg font-medium transition-all bg-white text-blue-600 hover:bg-gray-100"[39m
              [33mtitle[39m=[32m"Désactiver la voix du bot"[39m
            [36m>[39m
              [36m<svg[39m
                [33mclass[39m=[32m"lucide lucide-volume2 w-5 h-5 "[39m
                [33mfill[39m=[32m"none"[39m
                [33mheight[39m=[32m"24"[39m
                [33mstroke[39m=[32m"currentColor"[39m
                [33mstroke-linecap[39m=[32m"round"[39m
                [33mstroke-linejoin[39m=[32m"round"[39m
                [33mstroke-width[39m=[32m"2"[39m
                [33mviewBox[39m=[32m"0 0 24 24"[39m
                [33mwidth[39m=[32m"24"[39m
                [33mxmlns[39m=[32m"http://www.w3.org/2000/svg"[39m
              [36m>[39m
                [36m<polygon[39m
                  [33mpoints[39m=[32m"11 5 6 9 2 9 2 15 6 15 11 19 11 5"[39m
                [36m/>[39m
                [36m<path[39m
                  [33md[39m=[32m"M15.54 8.46a5 5 0 0 1 0 7.07"[39m
                [36m/>[39m
                [36m<path[39m
                  [33md[39m=[32m"M19.07 4.93a10 10 0 0 1 0 14.14"[39m
                [36m/>[39m
              [36m</svg>[39m
              [36m<span[39m
                [33mclass[39m=[32m"text-sm"[39m
              [36m>[39m
                [0mVoix ON[0m
              [36m</span>[39m
            [36m</button>[39m
            [36m<div[39m
              [33mclass[39m=[32m"text-right text-xs opacity-80 border-l border-white/30 pl-4"[39m
            [36m>[39m
              [36m<p[39m
                [33mclass[39m=[32m"font-semibold"[39m
              [36m>[39m
                [0m🎯 100% Automatisé[0m
              [36m</p>[39m
              [36m<p[39m
                [33mclass[39m=[32m"text-xs"[39m
              [36m>[39m
                [0m✅ Analyse TON • ✅ Garantie • ✅ Priorité[0m
              [36m</p>[39m
            [36m</div>[39m
          [36m</div>[39m
        [36m</div>[39m
      [36m</div>[39m
      [36m<div[39m
        [33mclass[39m=[32m"flex-1 overflow-y-auto p-6 space-y-4"[39m
      [36m>[39m
        [36m<div[39m
          [33mclass[39m=[32m"flex justify-start fade-in"[39m
        [36m>[39m
          [36m<div[39m
            [33mclass[39m=[32m"max-w-[75%] rounded-2xl p-4 shadow-md bg-white text-gray-800 border border-gray-200"[39m
          [36m>[39m
            [36m<div[39m
              [33mclass[39m=[32m"flex items-start space-x-3"[39m
            [36m>[39m
              [36m<div[39m
                [33mclass[39m=[32m"w-8 h-8 rounded-full bg-gradient-to-r from-amber-500 to-orange-500 flex items-center justify-center text-white font-bold flex-shrink-0"[39m
              [36m>[39m
                [0mM[0m
              [36m</div>[39m
              [36m<div[39m
                [33mclass[39m=[32m"flex-1"[39m
              [36m>[39m
                [36m<p[39m
                  [33mclass[39m=[32m"whitespace-pre-line leading-relaxed"[39m
                [36m>[39m
                  [0m👋 Bonjour ! Je suis votre assistant SAV Mobilier de France.

Décrivez-moi votre problème avec votre numéro de commande, je m'occupe du reste !

💡 **Exemple** : "Bonjour, je m'appelle Marie Martin. Mon canapé OSLO a le pied cassé, commande CMD-2024-12345"[0m
                [36m</p>[39m
                [36m<div[39m
                  [33mclass[39m=[32m"flex items-center justify-between mt-2 text-xs text-gray-500"[39m
                [36m>[39m
                  [36m<span>[39m
                    [0m13:02[0m
                  [36m</span>[39m
                [36m</div>[39m
              [36m</div>[39m
            [36m</div>[39m
          [36m</div>[39m
        [36m</div>[39m
        [36m<div />[39m
      [36m</div>[39m
      [36m<div[39m
        [33mclass[39m=[32m"bg-white p-6 border-t border-gray-200 shadow-lg"[39m
      [36m>[39m
        [36m<div[39m
          [33mclass[39m=[32m"flex items-end space-x-3"[39m
        [36m>[39m
          [36m<button[39m
            [33mclass[39m=[32m"bg-amber-100 hover:bg-amber-200 text-amber-700 p-3 rounded-full transition-colors flex-shrink-0"[39m
            [33mtitle[39m=[32m"Ajouter des photos"[39m
          [36m>[39m
            [36m<svg[39m
              [33mclass[39m=[32m"lucide lucide-camera w-6 h-6"[39m
              [33mfill[39m=[32m"none"[39m
              [33mheight[39m=[32m"24"[39m
              [33mstroke[39m=[32m"currentColor"[39m
              [33mstroke-linecap[39m=[32m"round"[39m
              [33mstroke-linejoin[39m=[32m"round"[39m
              [33mstroke-width[39m=[32m"2"[39m
              [33mviewBox[39m=[32m"0 0 24 24"[39m
              [33mwidth[39m=[32m"24"[39m
              [33mxmlns[39m=[32m"http://www.w3.org/2000/svg"[39m
            [36m>[39m
              [36m<path[39m
                [33md[39m=[32m"M14.5 4h-5L7 7H4a2 2 0 0 0-2 2v9a2 2 0 0 0 2 2h16a2 2 0 0 0 2-2V9a2 2 0 0 0-2-2h-3l-2.5-3z"[39m
              [36m/>[39m
              [36m<circle[39m
                [33mcx[39m=[32m"12"[39m
                [33mcy[39m=[32m"13"[39m
                [33mr[39m=[32m"3"[39m
              [36m/>[39m
            [36m</svg>[39m
          [36m</button>[39m
          [36m<input[39m
            [33maccept[39m=[32m"image/*,video/*"[39m
            [33mclass[39m=[32m"hidden"[39m
            [33mmultiple[39m=[32m""[39m
            [33mtype[39m=[32m"file"[39m
          [36m/>[39m
          [36m<button[39m
            [33mclass[39m=[32m"relative p-3 rounded-full transition-all flex-shrink-0 shadow-lg bg-gradient-to-r from-blue-500 to-purple-500 hover:from-blue-600 hover:to-purple-600 text-white"[39m
            [33mtitle[39m=[32m"🎤 Parler au lieu de taper"[39m
          [36m>[39m
            [36m<svg[39m
              [33mclass[39m=[32m"lucide lucide-mic w-6 h-6"[39m
              [33mfill[39m=[32m"none"[39m
              [33mheight[39m=[32m"24"[39m
              [33mstroke[39m=[32m"currentColor"[39m
              [33mstroke-linecap[39m=[32m"round"[39m
              [33mstroke-linejoin[39m=[32m"round"[39m
              [33mstroke-width[39m=[32m"2"[39m
              [33mviewBox[39m=[32m"0 0 24 24"[39m
              [33mwidth[39m=[32m"24"[39m
              [33mxmlns[39m=[32m"http://www.w3.org/2000/svg"[39m
            [36m>[39m
              [36m<path[39m
                [33md[39m=[32m"M12 2a3 3 0 0 0-3 3v7a3 3 0 0 0 6 0V5a3 3 0 0 0-3-3Z"[39m
              [36m/>[39m
              [36m<path[39m
                [33md[39m=[32m"M19 10v2a7 7 0 0 1-14 0v-2"[39m
              [36m/>[39m
              [36m<line[39m
                [33mx1[39m=[32m"12"[39m
                [33mx2[39m=[32m"12"[39m
                [33my1[39m=[32m"19"[39m
                [33my2[39m=[32m"22"[39m
              [36m/>[39m
            [36m</svg>[39m
          [36m</button>[39m
          [36m<div[39m
            [33mclass[39m=[32m"flex-1"[39m
          [36m>[39m
            [36m<textarea[39m
              [33mclass[39m=[32m"w-full border-2 border-gray-300 rounded-2xl px-4 py-3 focus:outline-none focus:ring-2 focus:ring-red-500 focus:border-transparent resize-none"[39m
              [33mplaceholder[39m=[32m"Nom complet + Problème + N° commande... (Ex: Jean Dupont, mon canapé OSLO a un pied cassé, CMD-2024-12345)"[39m
              [33mrows[39m=[32m"1"[39m
              [33mstyle[39m=[32m"min-height: 50px; max-height: 150px;"[39m
            [36m/>[39m
          [36m</div>[39m
          [36m<button[39m
            [33mclass[39m=[32m"p-3 rounded-full flex-shrink-0 transition-all bg-gray-300 text-gray-500 cursor-not-allowed"[39m
            [33mdisabled[39m=[32m""[39m
          [36m>[39m
            [36m<svg[39m
              [33mclass[39m=[32m"lucide lucide-send w-6 h-6"[39m
              [33mfill[39m=[32m"none"[39m
              [33mheight[39m=[32m"24"[39m
              [33mstroke[39m=[32m"currentColor"[39m
              [33mstroke-linecap[39m=[32m"round"[39m
              [33mstroke-linejoin[39m=[32m"round"[39m
              [33mstroke-width[39m=[32m"2"[39m
              [33mviewBox[39m=[32m"0 0 24 24"[39m
              [33mwidth[39m=[32m"24"[39m
              [33mxmlns[39m=[32m"http://www.w3.org/2000/svg"[39m
            [36m>[39m
              [36m<path[39m
                [33md[39m=[32m"m22 2-7 20-4-9-9-4Z"[39m
              [36m/>[39m
              [36m<path[39m
                [33md[39m=[32m"M22 2 11 13"[39m
              [36m/>[39m
            [36m</svg>[39m
          [36m</button>[39m
        [36m</div>[39m
        [36m<p[39m
          [33mclass[39m=[32m"text-xs text-gray-500 mt-3 text-center"[39m
        [36m>[39m
          [0m🔒 Données sécurisées • ⚡ Réponse immédiate • 🎤 Conversation vocale complète • 🔊 Le bot vous parle • 🎯 Analyse automatique du TON et PRIORITÉ • 🛡️ Vérification garantie instantanée[0m
        [36m</p>[39m
      [36m</div>[39m
    [36m</div>[39m
  [36m</div>[39m
[36m</body>[39m

Ignored nodes: comments, script, style
[36m<html>[39m
  [36m<head />[39m
  [36m<body>[39m
    [36m<div>[39m
      [36m<div[39m
        [33mclass[39m=[32m"flex flex-col h-full max-w-5xl mx-auto bg-gradient-to-br from-amber-50 to-orange-50"[39m
      [36m>[39m
        [36m<div[39m
          [33mclass[39m=[32m"bg-gradient-to-r from-blue-600 to-blue-700 text-white p-6 shadow-lg"[39m
        [36m>[39m
          [36m<div[39m
            [33mclass[39m=[32m"flex items-center justify-between"[39m
          [36m>[39m
            [36m<div>[39m
              [36m<h1[39m
                [33mclass[39m=[32m"text-3xl font-bold"[39m
              [36m>[39m
                [0mService clientèle du groupe Mobilier de France[0m
              [36m</h1>[39m
              [36m<p[39m
                [33mclass[39m=[32m"text-sm opacity-90 mt-1"[39m
              [36m>[39m
                [0mService Après-Vente Intelligent • Traitement automatisé en temps réel[0m
              [36m</p>[39m
            [36m</div>[39m
            [36m<div[39m
              [33mclass[39m=[32m"flex items-center space-x-4"[39m
            [36m>[39m
              [36m<button[39m
                [33mclass[39m=[32m"flex items-center space-x-2 px-4 py-2 rounded-lg font-medium transition-all bg-white text-blue-600 hover:bg-gray-100"[39m
                [33mtitle[39m=[32m"Désactiver la voix du bot"[39m
              [36m>[39m
                [36m<svg[39m
                  [33mclass[39m=[32m"lucide lucide-volume2 w-5 h-5 "[39m
                  [33mfill[39m=[32m"none"[39m
                  [33mheight[39m=[32m"24"[39m
                  [33mstroke[39m=[32m"currentColor"[39m
                  [33mstroke-linecap[39m=[32m"round"[39m
                  [33mstroke-linejoin[39m=[32m"round"[39m
                  [33mstroke-width[39m=[32m"2"[39m
                  [33mviewBox[39m=[32m"0 0 24 24"[39m
                  [33mwidth[39m=[32m"24"[39m
                  [33mxmlns[39m=[32m"http://www.w3.org/2000/svg"[39m
                [36m>[39m
                  [36m<polygon[39m
                    [33mpoints[39m=[32m"11 5 6 9 2 9 2 15 6 15 11 19 11 5"[39m
                  [36m/>[39m
                  [36m<path[39m
                    [33md[39m=[32m"M15.54 8.46a5 5 0 0 1 0 7.07"[39m
                  [36m/>[39m
                  [36m<path[39m
                    [33md[39m=[32m"M19.07 4.93a10 10 0 0 1 0 14.14"[39m
                  [36m/>[39m
                [36m</svg>[39m
                [36m<span[39m
                  [33mclass[39m=[32m"text-sm"[39m
                [36m>[39m
                  [0mVoix ON[0m
                [36m</span>[39m
              [36m</button>[39m
              [36m<div[39m
                [33mclass[39m=[32m"text-right text-xs opacity-80 border-l border-white/30 pl-4"[39m
              [36m>[39m
                [36m<p[39m
                  [33mclass[39m=[32m"font-semibold"[39m
                [36m>[39m
                  [0m🎯 100% Automatisé[0m
                [36m</p>[39m
                [36m<p[39m
                  [33mclass[39m=[32m"text-xs"[39m
                [36m>[39m
                  [0m✅ Analyse TON • ✅ Garantie • ✅ Priorité[0m
                [36m</p>[39m
              [36m</div>[39m
            [36m</div>[39m
          [36m</div>[39m
        [36m</div>[39m
        [36m<div[39m
          [33mclass[39m=[32m"flex-1 overflow-y-auto p-6 space-y-4"[39m
        [36m>[39m
          [36m<div[39m
            [33mclass[39m=[32m"flex justify-start fade-in"[39m
          [36m>[39m
            [36m<div[39m
              [33mclass[39m=[32m"max-w-[75%] rounded-2xl p-4 shadow-md bg-white text-gray-800 border border-gray-200"[39m
            [36m>[39m
              [36m<div[39m
                [33mclass[39m=[32m"flex items-start space-x-3"[39m
              [36m>[39m
                [36m<div[39m
                  [33mclass[39m=[32m"w-8 h-8 rounded-full bg-gradient-to-r from-amber-500 to-orange-500 flex items-center justify-center text-white font-bold flex-shrink-0"[39m
                [36m>[39m
                  [0mM[0m
                [36m</div>[39m
                [36m<div[39m
                  [33mclass[39m=[32m"flex-1"[39m
                [36m>[39m
                  [36m<p[39m
                    [33mclass[39m=[32m"whitespace-pre-line leading-relaxed"[39m
                  [36m>[39m
                    [0m👋 Bonjour ! Je suis votre assistant SAV Mobilier de France.

Décrivez-moi votre problème avec votre numéro de commande, je m'occupe du reste !

💡 **Exemple** : "Bonjour, je m'appelle Marie Martin. Mon canapé OSLO a le pied cassé, commande CMD-2024-12345"[0m
                  [36m</p>[39m
                  [36m<div[39m
                    [33mclass[39m=[32m"flex items-center justify-between mt-2 text-xs text-gray-500"[39m
                  [36m>[39m
                    [36m<span>[39m
                      [0m13:02[0m
                    [36m</span>[39m
                  [36m</div>[39m
                [36m</div>[39m
              [36m</div>[39m
            [36m</div>[39m
          [36m</div>[39m
          [36m<div />[39m
        [36m</div>[39m
        [36m<div[39m
          [33mclass[39m=[32m"bg-white p-6 border-t border-gray-200 shadow-lg"[39m
        [36m>[39m
          [36m<div[39m
            [33mclass[39m=[32m"flex items-end space-x-3"[39m
          [36m>[39m
            [36m<button[39m
              [33mclass[39m=[32m"bg-amber-100 hover:bg-amber-200 text-amber-700 p-3 rounded-full transition-colors flex-shrink-0"[39m
              [33mtitle[39m=[32m"Ajouter des photos"[39m
            [36m>[39m
              [36m<svg[39m
                [33mclass[39m=[32m"lucide lucide-camera w-6 h-6"[39m
                [33mfill[39m=[32m"none"[39m
                [33mheight[39m=[32m"24"[39m
                [33mstroke[39m=[32m"currentColor"[39m
                [33mstroke-linecap[39m=[32m"round"[39m
                [33mstroke-linejoin[39m=[32m"round"[39m
                [33mstroke-width[39m=[32m"2"[39m
                [33mviewBox[39m=[32m"0 0 24 24"[39m
                [33mwidth[39m=[32m"24"[39m
                [33mxmlns[39m=[32m"http://www.w3.org/2000/svg"[39m
              [36m>[39m
                [36m<path[39m
                  [33md[39m=[32m"M14.5 4h-5L7 7H4a2 2 0 0 0-2 2v9a2 2 0 0 0 2 2h16a2 2 0 0 0 2-2V9a2 2 0 0 0-2-2h-3l-2.5-3z"[39m
                [36m/>[39m
                [36m<circle[39m
                  [33mcx[39m=[32m"12"[39m
                  [33mcy[39m=[32m"13"[39m
                  [33mr[39m=[32m"3"[39m
                [36m/>[39m
              [36m</svg>[39m
            [36m</button>[39m
            [36m<input[39m
              [33maccept[39m=[32m"image/*,video/*"[39m
              [33mclass[39m=[32m"hidden"[39m
              [33mmultiple[39m=[32m""[39m
              [33mtype[39m=[32m"file"[39m
            [36m/>[39m
            [36m<button[39m
              [33mclass[39m=[32m"relative p-3 rounded-full transition-all flex-shrink-0 shadow-lg bg-gradient-to-r from-blue-500 to-purple-500 hover:from-blue-600 hover:to-purple-600 text-white"[39m
              [33mtitle[39m=[32m"🎤 Parler au lieu de taper"[39m
            [36m>[39m
              [36m<svg[39m
                [33mclass[39m=[32m"lucide lucide-mic w-6 h-6"[39m
                [33mfill[39m=[32m"none"[39m
                [33mheight[39m=[32m"24"[39m
                [33mstroke[39m=[32m"currentColor"[39m
                [33mstroke-linecap[39m=[32m"round"[39m
                [33mstroke-linejoin[39m=[32m"round"[39m
                [33mstroke-width[39m=[32m"2"[39m
                [33mviewBox[39m=[32m"0 0 24 24"[39m
                [33mwidth[39m=[32m"24"[39m
                [33mxmlns[39m=[32m"http://www.w3.org/2000/svg"[39m
              [36m>[39m
                [36m<path[39m
                  [33md[39m=[32m"M12 2a3 3 0 0 0-3 3v7a3 3 0 0 0 6 0V5a3 3 0 0 0-3-3Z"[39m
                [36m/>[39m
                [36m<path[39m
                  [33md[39m=[32m"M19 10v2a7 7 0 0 1-14 0v-2"[39m
                [36m/>[39m
                [36m<line[39m
                  [33mx1[39m=[32m"12"[39m
                  [33mx2[39m=[32m"12"[39m
                  [33my1[39m=[32m"19"[39m
                  [33my2[39m=[32m"22"[39m
                [36m/>[39m
              [36m</svg>[39m
            [36m</button>[39m
            [36m<div[39m
              [33mclass[39m=[32m"flex-1"[39m
            [36m>[39m
              [36m<textarea[39m
                [33mclass[39m=[32m"w-full border-2 border-gray-300 rounded-2xl px-4 py-3 focus:outline-none focus:ring-2 focus:ring-red-500 focus:border-transparent resize-none"[39m
                [33mplaceholder[39m=[32m"Nom complet + Problème + N° commande... (Ex: Jean Dupont, mon canapé OSLO a un pied cassé, CMD-2024-12345)"[39m
                [33mrows[39m=[32m"1"[39m
                [33mstyle[39m=[32m"min-height: 50px; max-height: 150px;"[39m
              [36m/>[39m
            [36m</div>[39m
            [36m<button[39m
              [33mclass[39m=[32m"p-3 rounded-full flex-shrink-0 transition-all bg-gray-300 text-gray-500 cursor-not-allowed"[39m
              [33mdisabled[39m=[32m""[39m
            [36m>[39m
              [36m<svg[39m
                [33mclass[39m=[32m"lucide lucide-send w-6 h-6"[39m
                [33mfill[39m=[32m"none"[39m
                [33mheight[39m=[32m"24"[39m
                [33mstroke[39m=[32m"currentColor"[39m
                [33mstroke-linecap[39m=[32m"round"[39m
                [33mstroke-linejoin[39m=[32m"round"[39m
                [33mstroke-width[39m=[32m"2"[39m
                [33mviewBox[39m=[32m"0 0 24 24"[39m
                [33mwidth[39m=[32m"24"[39m
                [33mxmlns[39m=[32m"http://www.w3.org/2000/svg"[39m
              [36m>[39m
                [36m<path[39m
                  [33md[39m=[32m"m22 2-7 20-4-9-9-4Z"[39m
                [36m/>[39m
                [36m<path[39m
                  [33md[39m=[32m"M22 2 11 13"[39m
                [36m/>[39m
              [36m</svg>[39m
            [36m</button>[39m
          [36m</div>[39m
          [36m<p[39m
            [33mclass[39m=[32m"text-xs text-gray-500 mt-3 text-center"[39m
          [36m>[39m
            [0m🔒 Données sécurisées • ⚡ Réponse immédiate • 🎤 Conversation vocale complète • 🔊 Le bot vous parle • 🎯 Analyse automatique du TON et PRIORITÉ • 🛡️ Vérification garantie instantanée[0m
          [36m</p>[39m
        [36m</div>[39m
      [36m</div>[39m
    [36m</div>[39m
  [36m</body>[39m
[36m</html>[39m
[90m [2m❯[22m Proxy.waitForWrapper node_modules/@testing-library/dom/dist/wait-for.js:[2m163:27[22m[39m
[36m [2m❯[22m src/__tests__/ChatInterface.test.jsx:[2m119:13[22m[39m
    [90m117| [39m      [35mawait[39m user[33m.[39m[34mupload[39m(fileInput[33m,[39m file)[33m;[39m
    [90m118| [39m
    [90m119| [39m      [35mawait[39m [34mwaitFor[39m(() [33m=>[39m {
    [90m   | [39m            [31m^[39m
    [90m120| [39m        [34mexpect[39m(screen[33m.[39m[34mgetByText[39m([36m/Fichiers à envoyer/i[39m))[33m.[39m[34mtoBeInTheDocum[39m…
    [90m121| [39m      })[33m;[39m

[31m[2m⎯⎯⎯⎯⎯⎯⎯⎯⎯⎯⎯⎯⎯⎯⎯⎯⎯⎯⎯⎯⎯⎯⎯[4/61]⎯[22m[39m

[31m[1m[7m FAIL [27m[22m[39m src/__tests__/ChatInterface.test.jsx[2m > [22mChatInterface[2m > [22mFile Upload[2m > [22mshould display uploaded file preview
[31m[1mTestingLibraryElementError[22m[39m: Unable to find an element with the text: /test-photo/i. This could be because the text is broken up by multiple elements. In this case, you can provide a function for your text matcher to make your matcher more flexible.

Ignored nodes: comments, script, style
[36m<body>[39m
  [36m<div>[39m
    [36m<div[39m
      [33mclass[39m=[32m"flex flex-col h-full max-w-5xl mx-auto bg-gradient-to-br from-amber-50 to-orange-50"[39m
    [36m>[39m
      [36m<div[39m
        [33mclass[39m=[32m"bg-gradient-to-r from-blue-600 to-blue-700 text-white p-6 shadow-lg"[39m
      [36m>[39m
        [36m<div[39m
          [33mclass[39m=[32m"flex items-center justify-between"[39m
        [36m>[39m
          [36m<div>[39m
            [36m<h1[39m
              [33mclass[39m=[32m"text-3xl font-bold"[39m
            [36m>[39m
              [0mService clientèle du groupe Mobilier de France[0m
            [36m</h1>[39m
            [36m<p[39m
              [33mclass[39m=[32m"text-sm opacity-90 mt-1"[39m
            [36m>[39m
              [0mService Après-Vente Intelligent • Traitement automatisé en temps réel[0m
            [36m</p>[39m
          [36m</div>[39m
          [36m<div[39m
            [33mclass[39m=[32m"flex items-center space-x-4"[39m
          [36m>[39m
            [36m<button[39m
              [33mclass[39m=[32m"flex items-center space-x-2 px-4 py-2 rounded-lg font-medium transition-all bg-white text-blue-600 hover:bg-gray-100"[39m
              [33mtitle[39m=[32m"Désactiver la voix du bot"[39m
            [36m>[39m
              [36m<svg[39m
                [33mclass[39m=[32m"lucide lucide-volume2 w-5 h-5 "[39m
                [33mfill[39m=[32m"none"[39m
                [33mheight[39m=[32m"24"[39m
                [33mstroke[39m=[32m"currentColor"[39m
                [33mstroke-linecap[39m=[32m"round"[39m
                [33mstroke-linejoin[39m=[32m"round"[39m
                [33mstroke-width[39m=[32m"2"[39m
                [33mviewBox[39m=[32m"0 0 24 24"[39m
                [33mwidth[39m=[32m"24"[39m
                [33mxmlns[39m=[32m"http://www.w3.org/2000/svg"[39m
              [36m>[39m
                [36m<polygon[39m
                  [33mpoints[39m=[32m"11 5 6 9 2 9 2 15 6 15 11 19 11 5"[39m
                [36m/>[39m
                [36m<path[39m
                  [33md[39m=[32m"M15.54 8.46a5 5 0 0 1 0 7.07"[39m
                [36m/>[39m
                [36m<path[39m
                  [33md[39m=[32m"M19.07 4.93a10 10 0 0 1 0 14.14"[39m
                [36m/>[39m
              [36m</svg>[39m
              [36m<span[39m
                [33mclass[39m=[32m"text-sm"[39m
              [36m>[39m
                [0mVoix ON[0m
              [36m</span>[39m
            [36m</button>[39m
            [36m<div[39m
              [33mclass[39m=[32m"text-right text-xs opacity-80 border-l border-white/30 pl-4"[39m
            [36m>[39m
              [36m<p[39m
                [33mclass[39m=[32m"font-semibold"[39m
              [36m>[39m
                [0m🎯 100% Automatisé[0m
              [36m</p>[39m
              [36m<p[39m
                [33mclass[39m=[32m"text-xs"[39m
              [36m>[39m
                [0m✅ Analyse TON • ✅ Garantie • ✅ Priorité[0m
              [36m</p>[39m
            [36m</div>[39m
          [36m</div>[39m
        [36m</div>[39m
      [36m</div>[39m
      [36m<div[39m
        [33mclass[39m=[32m"flex-1 overflow-y-auto p-6 space-y-4"[39m
      [36m>[39m
        [36m<div[39m
          [33mclass[39m=[32m"flex justify-start fade-in"[39m
        [36m>[39m
          [36m<div[39m
            [33mclass[39m=[32m"max-w-[75%] rounded-2xl p-4 shadow-md bg-white text-gray-800 border border-gray-200"[39m
          [36m>[39m
            [36m<div[39m
              [33mclass[39m=[32m"flex items-start space-x-3"[39m
            [36m>[39m
              [36m<div[39m
                [33mclass[39m=[32m"w-8 h-8 rounded-full bg-gradient-to-r from-amber-500 to-orange-500 flex items-center justify-center text-white font-bold flex-shrink-0"[39m
              [36m>[39m
                [0mM[0m
              [36m</div>[39m
              [36m<div[39m
                [33mclass[39m=[32m"flex-1"[39m
              [36m>[39m
                [36m<p[39m
                  [33mclass[39m=[32m"whitespace-pre-line leading-relaxed"[39m
                [36m>[39m
                  [0m👋 Bonjour ! Je suis votre assistant SAV Mobilier de France.

Décrivez-moi votre problème avec votre numéro de commande, je m'occupe du reste !

💡 **Exemple** : "Bonjour, je m'appelle Marie Martin. Mon canapé OSLO a le pied cassé, commande CMD-2024-12345"[0m
                [36m</p>[39m
                [36m<div[39m
                  [33mclass[39m=[32m"flex items-center justify-between mt-2 text-xs text-gray-500"[39m
                [36m>[39m
                  [36m<span>[39m
                    [0m13:02[0m
                  [36m</span>[39m
                [36m</div>[39m
              [36m</div>[39m
            [36m</div>[39m
          [36m</div>[39m
        [36m</div>[39m
        [36m<div />[39m
      [36m</div>[39m
      [36m<div[39m
        [33mclass[39m=[32m"bg-white p-6 border-t border-gray-200 shadow-lg"[39m
      [36m>[39m
        [36m<div[39m
          [33mclass[39m=[32m"flex items-end space-x-3"[39m
        [36m>[39m
          [36m<button[39m
            [33mclass[39m=[32m"bg-amber-100 hover:bg-amber-200 text-amber-700 p-3 rounded-full transition-colors flex-shrink-0"[39m
            [33mtitle[39m=[32m"Ajouter des photos"[39m
          [36m>[39m
            [36m<svg[39m
              [33mclass[39m=[32m"lucide lucide-camera w-6 h-6"[39m
              [33mfill[39m=[32m"none"[39m
              [33mheight[39m=[32m"24"[39m
              [33mstroke[39m=[32m"currentColor"[39m
              [33mstroke-linecap[39m=[32m"round"[39m
              [33mstroke-linejoin[39m=[32m"round"[39m
              [33mstroke-width[39m=[32m"2"[39m
              [33mviewBox[39m=[32m"0 0 24 24"[39m
              [33mwidth[39m=[32m"24"[39m
              [33mxmlns[39m=[32m"http://www.w3.org/2000/svg"[39m
            [36m>[39m
              [36m<path[39m
                [33md[39m=[32m"M14.5 4h-5L7 7H4a2 2 0 0 0-2 2v9a2 2 0 0 0 2 2h16a2 2 0 0 0 2-2V9a2 2 0 0 0-2-2h-3l-2.5-3z"[39m
              [36m/>[39m
              [36m<circle[39m
                [33mcx[39m=[32m"12"[39m
                [33mcy[39m=[32m"13"[39m
                [33mr[39m=[32m"3"[39m
              [36m/>[39m
            [36m</svg>[39m
          [36m</button>[39m
          [36m<input[39m
            [33maccept[39m=[32m"image/*,video/*"[39m
            [33mclass[39m=[32m"hidden"[39m
            [33mmultiple[39m=[32m""[39m
            [33mtype[39m=[32m"file"[39m
          [36m/>[39m
          [36m<button[39m
            [33mclass[39m=[32m"relative p-3 rounded-full transition-all flex-shrink-0 shadow-lg bg-gradient-to-r from-blue-500 to-purple-500 hover:from-blue-600 hover:to-purple-600 text-white"[39m
            [33mtitle[39m=[32m"🎤 Parler au lieu de taper"[39m
          [36m>[39m
            [36m<svg[39m
              [33mclass[39m=[32m"lucide lucide-mic w-6 h-6"[39m
              [33mfill[39m=[32m"none"[39m
              [33mheight[39m=[32m"24"[39m
              [33mstroke[39m=[32m"currentColor"[39m
              [33mstroke-linecap[39m=[32m"round"[39m
              [33mstroke-linejoin[39m=[32m"round"[39m
              [33mstroke-width[39m=[32m"2"[39m
              [33mviewBox[39m=[32m"0 0 24 24"[39m
              [33mwidth[39m=[32m"24"[39m
              [33mxmlns[39m=[32m"http://www.w3.org/2000/svg"[39m
            [36m>[39m
              [36m<path[39m
                [33md[39m=[32m"M12 2a3 3 0 0 0-3 3v7a3 3 0 0 0 6 0V5a3 3 0 0 0-3-3Z"[39m
              [36m/>[39m
              [36m<path[39m
                [33md[39m=[32m"M19 10v2a7 7 0 0 1-14 0v-2"[39m
              [36m/>[39m
              [36m<line[39m
                [33mx1[39m=[32m"12"[39m
                [33mx2[39m=[32m"12"[39m
                [33my1[39m=[32m"19"[39m
                [33my2[39m=[32m"22"[39m
              [36m/>[39m
            [36m</svg>[39m
          [36m</button>[39m
          [36m<div[39m
            [33mclass[39m=[32m"flex-1"[39m
          [36m>[39m
            [36m<textarea[39m
              [33mclass[39m=[32m"w-full border-2 border-gray-300 rounded-2xl px-4 py-3 focus:outline-none focus:ring-2 focus:ring-red-500 focus:border-transparent resize-none"[39m
              [33mplaceholder[39m=[32m"Nom complet + Problème + N° commande... (Ex: Jean Dupont, mon canapé OSLO a un pied cassé, CMD-2024-12345)"[39m
              [33mrows[39m=[32m"1"[39m
              [33mstyle[39m=[32m"min-height: 50px; max-height: 150px;"[39m
            [36m/>[39m
          [36m</div>[39m
          [36m<button[39m
            [33mclass[39m=[32m"p-3 rounded-full flex-shrink-0 transition-all bg-gray-300 text-gray-500 cursor-not-allowed"[39m
            [33mdisabled[39m=[32m""[39m
          [36m>[39m
            [36m<svg[39m
              [33mclass[39m=[32m"lucide lucide-send w-6 h-6"[39m
              [33mfill[39m=[32m"none"[39m
              [33mheight[39m=[32m"24"[39m
              [33mstroke[39m=[32m"currentColor"[39m
              [33mstroke-linecap[39m=[32m"round"[39m
              [33mstroke-linejoin[39m=[32m"round"[39m
              [33mstroke-width[39m=[32m"2"[39m
              [33mviewBox[39m=[32m"0 0 24 24"[39m
              [33mwidth[39m=[32m"24"[39m
              [33mxmlns[39m=[32m"http://www.w3.org/2000/svg"[39m
            [36m>[39m
              [36m<path[39m
                [33md[39m=[32m"m22 2-7 20-4-9-9-4Z"[39m
              [36m/>[39m
              [36m<path[39m
                [33md[39m=[32m"M22 2 11 13"[39m
              [36m/>[39m
            [36m</svg>[39m
          [36m</button>[39m
        [36m</div>[39m
        [36m<p[39m
          [33mclass[39m=[32m"text-xs text-gray-500 mt-3 text-center"[39m
        [36m>[39m
          [0m🔒 Données sécurisées • ⚡ Réponse immédiate • 🎤 Conversation vocale complète • 🔊 Le bot vous parle • 🎯 Analyse automatique du TON et PRIORITÉ • 🛡️ Vérification garantie instantanée[0m
        [36m</p>[39m
      [36m</div>[39m
    [36m</div>[39m
  [36m</div>[39m
[36m</body>[39m

Ignored nodes: comments, script, style
[36m<html>[39m
  [36m<head />[39m
  [36m<body>[39m
    [36m<div>[39m
      [36m<div[39m
        [33mclass[39m=[32m"flex flex-col h-full max-w-5xl mx-auto bg-gradient-to-br from-amber-50 to-orange-50"[39m
      [36m>[39m
        [36m<div[39m
          [33mclass[39m=[32m"bg-gradient-to-r from-blue-600 to-blue-700 text-white p-6 shadow-lg"[39m
        [36m>[39m
          [36m<div[39m
            [33mclass[39m=[32m"flex items-center justify-between"[39m
          [36m>[39m
            [36m<div>[39m
              [36m<h1[39m
                [33mclass[39m=[32m"text-3xl font-bold"[39m
              [36m>[39m
                [0mService clientèle du groupe Mobilier de France[0m
              [36m</h1>[39m
              [36m<p[39m
                [33mclass[39m=[32m"text-sm opacity-90 mt-1"[39m
              [36m>[39m
                [0mService Après-Vente Intelligent • Traitement automatisé en temps réel[0m
              [36m</p>[39m
            [36m</div>[39m
            [36m<div[39m
              [33mclass[39m=[32m"flex items-center space-x-4"[39m
            [36m>[39m
              [36m<button[39m
                [33mclass[39m=[32m"flex items-center space-x-2 px-4 py-2 rounded-lg font-medium transition-all bg-white text-blue-600 hover:bg-gray-100"[39m
                [33mtitle[39m=[32m"Désactiver la voix du bot"[39m
              [36m>[39m
                [36m<svg[39m
                  [33mclass[39m=[32m"lucide lucide-volume2 w-5 h-5 "[39m
                  [33mfill[39m=[32m"none"[39m
                  [33mheight[39m=[32m"24"[39m
                  [33mstroke[39m=[32m"currentColor"[39m
                  [33mstroke-linecap[39m=[32m"round"[39m
                  [33mstroke-linejoin[39m=[32m"round"[39m
                  [33mstroke-width[39m=[32m"2"[39m
                  [33mviewBox[39m=[32m"0 0 24 24"[39m
                  [33mwidth[39m=[32m"24"[39m
                  [33mxmlns[39m=[32m"http://www.w3.org/2000/svg"[39m
                [36m>[39m
                  [36m<polygon[39m
                    [33mpoints[39m=[32m"11 5 6 9 2 9 2 15 6 15 11 19 11 5"[39m
                  [36m/>[39m
                  [36m<path[39m
                    [33md[39m=[32m"M15.54 8.46a5 5 0 0 1 0 7.07"[39m
                  [36m/>[39m
                  [36m<path[39m
                    [33md[39m=[32m"M19.07 4.93a10 10 0 0 1 0 14.14"[39m
                  [36m/>[39m
                [36m</svg>[39m
                [36m<span[39m
                  [33mclass[39m=[32m"text-sm"[39m
                [36m>[39m
                  [0mVoix ON[0m
                [36m</span>[39m
              [36m</button>[39m
              [36m<div[39m
                [33mclass[39m=[32m"text-right text-xs opacity-80 border-l border-white/30 pl-4"[39m
              [36m>[39m
                [36m<p[39m
                  [33mclass[39m=[32m"font-semibold"[39m
                [36m>[39m
                  [0m🎯 100% Automatisé[0m
                [36m</p>[39m
                [36m<p[39m
                  [33mclass[39m=[32m"text-xs"[39m
                [36m>[39m
                  [0m✅ Analyse TON • ✅ Garantie • ✅ Priorité[0m
                [36m</p>[39m
              [36m</div>[39m
            [36m</div>[39m
          [36m</div>[39m
        [36m</div>[39m
        [36m<div[39m
          [33mclass[39m=[32m"flex-1 overflow-y-auto p-6 space-y-4"[39m
        [36m>[39m
          [36m<div[39m
            [33mclass[39m=[32m"flex justify-start fade-in"[39m
          [36m>[39m
            [36m<div[39m
              [33mclass[39m=[32m"max-w-[75%] rounded-2xl p-4 shadow-md bg-white text-gray-800 border border-gray-200"[39m
            [36m>[39m
              [36m<div[39m
                [33mclass[39m=[32m"flex items-start space-x-3"[39m
              [36m>[39m
                [36m<div[39m
                  [33mclass[39m=[32m"w-8 h-8 rounded-full bg-gradient-to-r from-amber-500 to-orange-500 flex items-center justify-center text-white font-bold flex-shrink-0"[39m
                [36m>[39m
                  [0mM[0m
                [36m</div>[39m
                [36m<div[39m
                  [33mclass[39m=[32m"flex-1"[39m
                [36m>[39m
                  [36m<p[39m
                    [33mclass[39m=[32m"whitespace-pre-line leading-relaxed"[39m
                  [36m>[39m
                    [0m👋 Bonjour ! Je suis votre assistant SAV Mobilier de France.

Décrivez-moi votre problème avec votre numéro de commande, je m'occupe du reste !

💡 **Exemple** : "Bonjour, je m'appelle Marie Martin. Mon canapé OSLO a le pied cassé, commande CMD-2024-12345"[0m
                  [36m</p>[39m
                  [36m<div[39m
                    [33mclass[39m=[32m"flex items-center justify-between mt-2 text-xs text-gray-500"[39m
                  [36m>[39m
                    [36m<span>[39m
                      [0m13:02[0m
                    [36m</span>[39m
                  [36m</div>[39m
                [36m</div>[39m
              [36m</div>[39m
            [36m</div>[39m
          [36m</div>[39m
          [36m<div />[39m
        [36m</div>[39m
        [36m<div[39m
          [33mclass[39m=[32m"bg-white p-6 border-t border-gray-200 shadow-lg"[39m
        [36m>[39m
          [36m<div[39m
            [33mclass[39m=[32m"flex items-end space-x-3"[39m
          [36m>[39m
            [36m<button[39m
              [33mclass[39m=[32m"bg-amber-100 hover:bg-amber-200 text-amber-700 p-3 rounded-full transition-colors flex-shrink-0"[39m
              [33mtitle[39m=[32m"Ajouter des photos"[39m
            [36m>[39m
              [36m<svg[39m
                [33mclass[39m=[32m"lucide lucide-camera w-6 h-6"[39m
                [33mfill[39m=[32m"none"[39m
                [33mheight[39m=[32m"24"[39m
                [33mstroke[39m=[32m"currentColor"[39m
                [33mstroke-linecap[39m=[32m"round"[39m
                [33mstroke-linejoin[39m=[32m"round"[39m
                [33mstroke-width[39m=[32m"2"[39m
                [33mviewBox[39m=[32m"0 0 24 24"[39m
                [33mwidth[39m=[32m"24"[39m
                [33mxmlns[39m=[32m"http://www.w3.org/2000/svg"[39m
              [36m>[39m
                [36m<path[39m
                  [33md[39m=[32m"M14.5 4h-5L7 7H4a2 2 0 0 0-2 2v9a2 2 0 0 0 2 2h16a2 2 0 0 0 2-2V9a2 2 0 0 0-2-2h-3l-2.5-3z"[39m
                [36m/>[39m
                [36m<circle[39m
                  [33mcx[39m=[32m"12"[39m
                  [33mcy[39m=[32m"13"[39m
                  [33mr[39m=[32m"3"[39m
                [36m/>[39m
              [36m</svg>[39m
            [36m</button>[39m
            [36m<input[39m
              [33maccept[39m=[32m"image/*,video/*"[39m
              [33mclass[39m=[32m"hidden"[39m
              [33mmultiple[39m=[32m""[39m
              [33mtype[39m=[32m"file"[39m
            [36m/>[39m
            [36m<button[39m
              [33mclass[39m=[32m"relative p-3 rounded-full transition-all flex-shrink-0 shadow-lg bg-gradient-to-r from-blue-500 to-purple-500 hover:from-blue-600 hover:to-purple-600 text-white"[39m
              [33mtitle[39m=[32m"🎤 Parler au lieu de taper"[39m
            [36m>[39m
              [36m<svg[39m
                [33mclass[39m=[32m"lucide lucide-mic w-6 h-6"[39m
                [33mfill[39m=[32m"none"[39m
                [33mheight[39m=[32m"24"[39m
                [33mstroke[39m=[32m"currentColor"[39m
                [33mstroke-linecap[39m=[32m"round"[39m
                [33mstroke-linejoin[39m=[32m"round"[39m
                [33mstroke-width[39m=[32m"2"[39m
                [33mviewBox[39m=[32m"0 0 24 24"[39m
                [33mwidth[39m=[32m"24"[39m
                [33mxmlns[39m=[32m"http://www.w3.org/2000/svg"[39m
              [36m>[39m
                [36m<path[39m
                  [33md[39m=[32m"M12 2a3 3 0 0 0-3 3v7a3 3 0 0 0 6 0V5a3 3 0 0 0-3-3Z"[39m
                [36m/>[39m
                [36m<path[39m
                  [33md[39m=[32m"M19 10v2a7 7 0 0 1-14 0v-2"[39m
                [36m/>[39m
                [36m<line[39m
                  [33mx1[39m=[32m"12"[39m
                  [33mx2[39m=[32m"12"[39m
                  [33my1[39m=[32m"19"[39m
                  [33my2[39m=[32m"22"[39m
                [36m/>[39m
              [36m</svg>[39m
            [36m</button>[39m
            [36m<div[39m
              [33mclass[39m=[32m"flex-1"[39m
            [36m>[39m
              [36m<textarea[39m
                [33mclass[39m=[32m"w-full border-2 border-gray-300 rounded-2xl px-4 py-3 focus:outline-none focus:ring-2 focus:ring-red-500 focus:border-transparent resize-none"[39m
                [33mplaceholder[39m=[32m"Nom complet + Problème + N° commande... (Ex: Jean Dupont, mon canapé OSLO a un pied cassé, CMD-2024-12345)"[39m
                [33mrows[39m=[32m"1"[39m
                [33mstyle[39m=[32m"min-height: 50px; max-height: 150px;"[39m
              [36m/>[39m
            [36m</div>[39m
            [36m<button[39m
              [33mclass[39m=[32m"p-3 rounded-full flex-shrink-0 transition-all bg-gray-300 text-gray-500 cursor-not-allowed"[39m
              [33mdisabled[39m=[32m""[39m
            [36m>[39m
              [36m<svg[39m
                [33mclass[39m=[32m"lucide lucide-send w-6 h-6"[39m
                [33mfill[39m=[32m"none"[39m
                [33mheight[39m=[32m"24"[39m
                [33mstroke[39m=[32m"currentColor"[39m
                [33mstroke-linecap[39m=[32m"round"[39m
                [33mstroke-linejoin[39m=[32m"round"[39m
                [33mstroke-width[39m=[32m"2"[39m
                [33mviewBox[39m=[32m"0 0 24 24"[39m
                [33mwidth[39m=[32m"24"[39m
                [33mxmlns[39m=[32m"http://www.w3.org/2000/svg"[39m
              [36m>[39m
                [36m<path[39m
                  [33md[39m=[32m"m22 2-7 20-4-9-9-4Z"[39m
                [36m/>[39m
                [36m<path[39m
                  [33md[39m=[32m"M22 2 11 13"[39m
                [36m/>[39m
              [36m</svg>[39m
            [36m</button>[39m
          [36m</div>[39m
          [36m<p[39m
            [33mclass[39m=[32m"text-xs text-gray-500 mt-3 text-center"[39m
          [36m>[39m
            [0m🔒 Données sécurisées • ⚡ Réponse immédiate • 🎤 Conversation vocale complète • 🔊 Le bot vous parle • 🎯 Analyse automatique du TON et PRIORITÉ • 🛡️ Vérification garantie instantanée[0m
          [36m</p>[39m
        [36m</div>[39m
      [36m</div>[39m
    [36m</div>[39m
  [36m</body>[39m
[36m</html>[39m
[90m [2m❯[22m Proxy.waitForWrapper node_modules/@testing-library/dom/dist/wait-for.js:[2m163:27[22m[39m
[36m [2m❯[22m src/__tests__/ChatInterface.test.jsx:[2m131:13[22m[39m
    [90m129| [39m      [35mawait[39m user[33m.[39m[34mupload[39m(fileInput[33m,[39m file)[33m;[39m
    [90m130| [39m
    [90m131| [39m      [35mawait[39m [34mwaitFor[39m(() [33m=>[39m {
    [90m   | [39m            [31m^[39m
    [90m132| [39m        [34mexpect[39m(screen[33m.[39m[34mgetByText[39m([36m/test-photo/i[39m))[33m.[39m[34mtoBeInTheDocument[39m()[33m;[39m
    [90m133| [39m      })[33m;[39m

[31m[2m⎯⎯⎯⎯⎯⎯⎯⎯⎯⎯⎯⎯⎯⎯⎯⎯⎯⎯⎯⎯⎯⎯⎯[5/61]⎯[22m[39m

[31m[1m[7m FAIL [27m[22m[39m src/__tests__/ChatInterface.test.jsx[2m > [22mChatInterface[2m > [22mFile Upload[2m > [22mshould remove uploaded file when clicking X button
[31m[1mTestingLibraryElementError[22m[39m: Unable to find an element with the text: /test/i. This could be because the text is broken up by multiple elements. In this case, you can provide a function for your text matcher to make your matcher more flexible.

Ignored nodes: comments, script, style
[36m<body>[39m
  [36m<div>[39m
    [36m<div[39m
      [33mclass[39m=[32m"flex flex-col h-full max-w-5xl mx-auto bg-gradient-to-br from-amber-50 to-orange-50"[39m
    [36m>[39m
      [36m<div[39m
        [33mclass[39m=[32m"bg-gradient-to-r from-blue-600 to-blue-700 text-white p-6 shadow-lg"[39m
      [36m>[39m
        [36m<div[39m
          [33mclass[39m=[32m"flex items-center justify-between"[39m
        [36m>[39m
          [36m<div>[39m
            [36m<h1[39m
              [33mclass[39m=[32m"text-3xl font-bold"[39m
            [36m>[39m
              [0mService clientèle du groupe Mobilier de France[0m
            [36m</h1>[39m
            [36m<p[39m
              [33mclass[39m=[32m"text-sm opacity-90 mt-1"[39m
            [36m>[39m
              [0mService Après-Vente Intelligent • Traitement automatisé en temps réel[0m
            [36m</p>[39m
          [36m</div>[39m
          [36m<div[39m
            [33mclass[39m=[32m"flex items-center space-x-4"[39m
          [36m>[39m
            [36m<button[39m
              [33mclass[39m=[32m"flex items-center space-x-2 px-4 py-2 rounded-lg font-medium transition-all bg-white text-blue-600 hover:bg-gray-100"[39m
              [33mtitle[39m=[32m"Désactiver la voix du bot"[39m
            [36m>[39m
              [36m<svg[39m
                [33mclass[39m=[32m"lucide lucide-volume2 w-5 h-5 "[39m
                [33mfill[39m=[32m"none"[39m
                [33mheight[39m=[32m"24"[39m
                [33mstroke[39m=[32m"currentColor"[39m
                [33mstroke-linecap[39m=[32m"round"[39m
                [33mstroke-linejoin[39m=[32m"round"[39m
                [33mstroke-width[39m=[32m"2"[39m
                [33mviewBox[39m=[32m"0 0 24 24"[39m
                [33mwidth[39m=[32m"24"[39m
                [33mxmlns[39m=[32m"http://www.w3.org/2000/svg"[39m
              [36m>[39m
                [36m<polygon[39m
                  [33mpoints[39m=[32m"11 5 6 9 2 9 2 15 6 15 11 19 11 5"[39m
                [36m/>[39m
                [36m<path[39m
                  [33md[39m=[32m"M15.54 8.46a5 5 0 0 1 0 7.07"[39m
                [36m/>[39m
                [36m<path[39m
                  [33md[39m=[32m"M19.07 4.93a10 10 0 0 1 0 14.14"[39m
                [36m/>[39m
              [36m</svg>[39m
              [36m<span[39m
                [33mclass[39m=[32m"text-sm"[39m
              [36m>[39m
                [0mVoix ON[0m
              [36m</span>[39m
            [36m</button>[39m
            [36m<div[39m
              [33mclass[39m=[32m"text-right text-xs opacity-80 border-l border-white/30 pl-4"[39m
            [36m>[39m
              [36m<p[39m
                [33mclass[39m=[32m"font-semibold"[39m
              [36m>[39m
                [0m🎯 100% Automatisé[0m
              [36m</p>[39m
              [36m<p[39m
                [33mclass[39m=[32m"text-xs"[39m
              [36m>[39m
                [0m✅ Analyse TON • ✅ Garantie • ✅ Priorité[0m
              [36m</p>[39m
            [36m</div>[39m
          [36m</div>[39m
        [36m</div>[39m
      [36m</div>[39m
      [36m<div[39m
        [33mclass[39m=[32m"flex-1 overflow-y-auto p-6 space-y-4"[39m
      [36m>[39m
        [36m<div[39m
          [33mclass[39m=[32m"flex justify-start fade-in"[39m
        [36m>[39m
          [36m<div[39m
            [33mclass[39m=[32m"max-w-[75%] rounded-2xl p-4 shadow-md bg-white text-gray-800 border border-gray-200"[39m
          [36m>[39m
            [36m<div[39m
              [33mclass[39m=[32m"flex items-start space-x-3"[39m
            [36m>[39m
              [36m<div[39m
                [33mclass[39m=[32m"w-8 h-8 rounded-full bg-gradient-to-r from-amber-500 to-orange-500 flex items-center justify-center text-white font-bold flex-shrink-0"[39m
              [36m>[39m
                [0mM[0m
              [36m</div>[39m
              [36m<div[39m
                [33mclass[39m=[32m"flex-1"[39m
              [36m>[39m
                [36m<p[39m
                  [33mclass[39m=[32m"whitespace-pre-line leading-relaxed"[39m
                [36m>[39m
                  [0m👋 Bonjour ! Je suis votre assistant SAV Mobilier de France.

Décrivez-moi votre problème avec votre numéro de commande, je m'occupe du reste !

💡 **Exemple** : "Bonjour, je m'appelle Marie Martin. Mon canapé OSLO a le pied cassé, commande CMD-2024-12345"[0m
                [36m</p>[39m
                [36m<div[39m
                  [33mclass[39m=[32m"flex items-center justify-between mt-2 text-xs text-gray-500"[39m
                [36m>[39m
                  [36m<span>[39m
                    [0m13:02[0m
                  [36m</span>[39m
                [36m</div>[39m
              [36m</div>[39m
            [36m</div>[39m
          [36m</div>[39m
        [36m</div>[39m
        [36m<div />[39m
      [36m</div>[39m
      [36m<div[39m
        [33mclass[39m=[32m"bg-white p-6 border-t border-gray-200 shadow-lg"[39m
      [36m>[39m
        [36m<div[39m
          [33mclass[39m=[32m"flex items-end space-x-3"[39m
        [36m>[39m
          [36m<button[39m
            [33mclass[39m=[32m"bg-amber-100 hover:bg-amber-200 text-amber-700 p-3 rounded-full transition-colors flex-shrink-0"[39m
            [33mtitle[39m=[32m"Ajouter des photos"[39m
          [36m>[39m
            [36m<svg[39m
              [33mclass[39m=[32m"lucide lucide-camera w-6 h-6"[39m
              [33mfill[39m=[32m"none"[39m
              [33mheight[39m=[32m"24"[39m
              [33mstroke[39m=[32m"currentColor"[39m
              [33mstroke-linecap[39m=[32m"round"[39m
              [33mstroke-linejoin[39m=[32m"round"[39m
              [33mstroke-width[39m=[32m"2"[39m
              [33mviewBox[39m=[32m"0 0 24 24"[39m
              [33mwidth[39m=[32m"24"[39m
              [33mxmlns[39m=[32m"http://www.w3.org/2000/svg"[39m
            [36m>[39m
              [36m<path[39m
                [33md[39m=[32m"M14.5 4h-5L7 7H4a2 2 0 0 0-2 2v9a2 2 0 0 0 2 2h16a2 2 0 0 0 2-2V9a2 2 0 0 0-2-2h-3l-2.5-3z"[39m
              [36m/>[39m
              [36m<circle[39m
                [33mcx[39m=[32m"12"[39m
                [33mcy[39m=[32m"13"[39m
                [33mr[39m=[32m"3"[39m
              [36m/>[39m
            [36m</svg>[39m
          [36m</button>[39m
          [36m<input[39m
            [33maccept[39m=[32m"image/*,video/*"[39m
            [33mclass[39m=[32m"hidden"[39m
            [33mmultiple[39m=[32m""[39m
            [33mtype[39m=[32m"file"[39m
          [36m/>[39m
          [36m<button[39m
            [33mclass[39m=[32m"relative p-3 rounded-full transition-all flex-shrink-0 shadow-lg bg-gradient-to-r from-blue-500 to-purple-500 hover:from-blue-600 hover:to-purple-600 text-white"[39m
            [33mtitle[39m=[32m"🎤 Parler au lieu de taper"[39m
          [36m>[39m
            [36m<svg[39m
              [33mclass[39m=[32m"lucide lucide-mic w-6 h-6"[39m
              [33mfill[39m=[32m"none"[39m
              [33mheight[39m=[32m"24"[39m
              [33mstroke[39m=[32m"currentColor"[39m
              [33mstroke-linecap[39m=[32m"round"[39m
              [33mstroke-linejoin[39m=[32m"round"[39m
              [33mstroke-width[39m=[32m"2"[39m
              [33mviewBox[39m=[32m"0 0 24 24"[39m
              [33mwidth[39m=[32m"24"[39m
              [33mxmlns[39m=[32m"http://www.w3.org/2000/svg"[39m
            [36m>[39m
              [36m<path[39m
                [33md[39m=[32m"M12 2a3 3 0 0 0-3 3v7a3 3 0 0 0 6 0V5a3 3 0 0 0-3-3Z"[39m
              [36m/>[39m
              [36m<path[39m
                [33md[39m=[32m"M19 10v2a7 7 0 0 1-14 0v-2"[39m
              [36m/>[39m
              [36m<line[39m
                [33mx1[39m=[32m"12"[39m
                [33mx2[39m=[32m"12"[39m
                [33my1[39m=[32m"19"[39m
                [33my2[39m=[32m"22"[39m
              [36m/>[39m
            [36m</svg>[39m
          [36m</button>[39m
          [36m<div[39m
            [33mclass[39m=[32m"flex-1"[39m
          [36m>[39m
            [36m<textarea[39m
              [33mclass[39m=[32m"w-full border-2 border-gray-300 rounded-2xl px-4 py-3 focus:outline-none focus:ring-2 focus:ring-red-500 focus:border-transparent resize-none"[39m
              [33mplaceholder[39m=[32m"Nom complet + Problème + N° commande... (Ex: Jean Dupont, mon canapé OSLO a un pied cassé, CMD-2024-12345)"[39m
              [33mrows[39m=[32m"1"[39m
              [33mstyle[39m=[32m"min-height: 50px; max-height: 150px;"[39m
            [36m/>[39m
          [36m</div>[39m
          [36m<button[39m
            [33mclass[39m=[32m"p-3 rounded-full flex-shrink-0 transition-all bg-gray-300 text-gray-500 cursor-not-allowed"[39m
            [33mdisabled[39m=[32m""[39m
          [36m>[39m
            [36m<svg[39m
              [33mclass[39m=[32m"lucide lucide-send w-6 h-6"[39m
              [33mfill[39m=[32m"none"[39m
              [33mheight[39m=[32m"24"[39m
              [33mstroke[39m=[32m"currentColor"[39m
              [33mstroke-linecap[39m=[32m"round"[39m
              [33mstroke-linejoin[39m=[32m"round"[39m
              [33mstroke-width[39m=[32m"2"[39m
              [33mviewBox[39m=[32m"0 0 24 24"[39m
              [33mwidth[39m=[32m"24"[39m
              [33mxmlns[39m=[32m"http://www.w3.org/2000/svg"[39m
            [36m>[39m
              [36m<path[39m
                [33md[39m=[32m"m22 2-7 20-4-9-9-4Z"[39m
              [36m/>[39m
              [36m<path[39m
                [33md[39m=[32m"M22 2 11 13"[39m
              [36m/>[39m
            [36m</svg>[39m
          [36m</button>[39m
        [36m</div>[39m
        [36m<p[39m
          [33mclass[39m=[32m"text-xs text-gray-500 mt-3 text-center"[39m
        [36m>[39m
          [0m🔒 Données sécurisées • ⚡ Réponse immédiate • 🎤 Conversation vocale complète • 🔊 Le bot vous parle • 🎯 Analyse automatique du TON et PRIORITÉ • 🛡️ Vérification garantie instantanée[0m
        [36m</p>[39m
      [36m</div>[39m
    [36m</div>[39m
  [36m</div>[39m
[36m</body>[39m

Ignored nodes: comments, script, style
[36m<html>[39m
  [36m<head />[39m
  [36m<body>[39m
    [36m<div>[39m
      [36m<div[39m
        [33mclass[39m=[32m"flex flex-col h-full max-w-5xl mx-auto bg-gradient-to-br from-amber-50 to-orange-50"[39m
      [36m>[39m
        [36m<div[39m
          [33mclass[39m=[32m"bg-gradient-to-r from-blue-600 to-blue-700 text-white p-6 shadow-lg"[39m
        [36m>[39m
          [36m<div[39m
            [33mclass[39m=[32m"flex items-center justify-between"[39m
          [36m>[39m
            [36m<div>[39m
              [36m<h1[39m
                [33mclass[39m=[32m"text-3xl font-bold"[39m
              [36m>[39m
                [0mService clientèle du groupe Mobilier de France[0m
              [36m</h1>[39m
              [36m<p[39m
                [33mclass[39m=[32m"text-sm opacity-90 mt-1"[39m
              [36m>[39m
                [0mService Après-Vente Intelligent • Traitement automatisé en temps réel[0m
              [36m</p>[39m
            [36m</div>[39m
            [36m<div[39m
              [33mclass[39m=[32m"flex items-center space-x-4"[39m
            [36m>[39m
              [36m<button[39m
                [33mclass[39m=[32m"flex items-center space-x-2 px-4 py-2 rounded-lg font-medium transition-all bg-white text-blue-600 hover:bg-gray-100"[39m
                [33mtitle[39m=[32m"Désactiver la voix du bot"[39m
              [36m>[39m
                [36m<svg[39m
                  [33mclass[39m=[32m"lucide lucide-volume2 w-5 h-5 "[39m
                  [33mfill[39m=[32m"none"[39m
                  [33mheight[39m=[32m"24"[39m
                  [33mstroke[39m=[32m"currentColor"[39m
                  [33mstroke-linecap[39m=[32m"round"[39m
                  [33mstroke-linejoin[39m=[32m"round"[39m
                  [33mstroke-width[39m=[32m"2"[39m
                  [33mviewBox[39m=[32m"0 0 24 24"[39m
                  [33mwidth[39m=[32m"24"[39m
                  [33mxmlns[39m=[32m"http://www.w3.org/2000/svg"[39m
                [36m>[39m
                  [36m<polygon[39m
                    [33mpoints[39m=[32m"11 5 6 9 2 9 2 15 6 15 11 19 11 5"[39m
                  [36m/>[39m
                  [36m<path[39m
                    [33md[39m=[32m"M15.54 8.46a5 5 0 0 1 0 7.07"[39m
                  [36m/>[39m
                  [36m<path[39m
                    [33md[39m=[32m"M19.07 4.93a10 10 0 0 1 0 14.14"[39m
                  [36m/>[39m
                [36m</svg>[39m
                [36m<span[39m
                  [33mclass[39m=[32m"text-sm"[39m
                [36m>[39m
                  [0mVoix ON[0m
                [36m</span>[39m
              [36m</button>[39m
              [36m<div[39m
                [33mclass[39m=[32m"text-right text-xs opacity-80 border-l border-white/30 pl-4"[39m
              [36m>[39m
                [36m<p[39m
                  [33mclass[39m=[32m"font-semibold"[39m
                [36m>[39m
                  [0m🎯 100% Automatisé[0m
                [36m</p>[39m
                [36m<p[39m
                  [33mclass[39m=[32m"text-xs"[39m
                [36m>[39m
                  [0m✅ Analyse TON • ✅ Garantie • ✅ Priorité[0m
                [36m</p>[39m
              [36m</div>[39m
            [36m</div>[39m
          [36m</div>[39m
        [36m</div>[39m
        [36m<div[39m
          [33mclass[39m=[32m"flex-1 overflow-y-auto p-6 space-y-4"[39m
        [36m>[39m
          [36m<div[39m
            [33mclass[39m=[32m"flex justify-start fade-in"[39m
          [36m>[39m
            [36m<div[39m
              [33mclass[39m=[32m"max-w-[75%] rounded-2xl p-4 shadow-md bg-white text-gray-800 border border-gray-200"[39m
            [36m>[39m
              [36m<div[39m
                [33mclass[39m=[32m"flex items-start space-x-3"[39m
              [36m>[39m
                [36m<div[39m
                  [33mclass[39m=[32m"w-8 h-8 rounded-full bg-gradient-to-r from-amber-500 to-orange-500 flex items-center justify-center text-white font-bold flex-shrink-0"[39m
                [36m>[39m
                  [0mM[0m
                [36m</div>[39m
                [36m<div[39m
                  [33mclass[39m=[32m"flex-1"[39m
                [36m>[39m
                  [36m<p[39m
                    [33mclass[39m=[32m"whitespace-pre-line leading-relaxed"[39m
                  [36m>[39m
                    [0m👋 Bonjour ! Je suis votre assistant SAV Mobilier de France.

Décrivez-moi votre problème avec votre numéro de commande, je m'occupe du reste !

💡 **Exemple** : "Bonjour, je m'appelle Marie Martin. Mon canapé OSLO a le pied cassé, commande CMD-2024-12345"[0m
                  [36m</p>[39m
                  [36m<div[39m
                    [33mclass[39m=[32m"flex items-center justify-between mt-2 text-xs text-gray-500"[39m
                  [36m>[39m
                    [36m<span>[39m
                      [0m13:02[0m
                    [36m</span>[39m
                  [36m</div>[39m
                [36m</div>[39m
              [36m</div>[39m
            [36m</div>[39m
          [36m</div>[39m
          [36m<div />[39m
        [36m</div>[39m
        [36m<div[39m
          [33mclass[39m=[32m"bg-white p-6 border-t border-gray-200 shadow-lg"[39m
        [36m>[39m
          [36m<div[39m
            [33mclass[39m=[32m"flex items-end space-x-3"[39m
          [36m>[39m
            [36m<button[39m
              [33mclass[39m=[32m"bg-amber-100 hover:bg-amber-200 text-amber-700 p-3 rounded-full transition-colors flex-shrink-0"[39m
              [33mtitle[39m=[32m"Ajouter des photos"[39m
            [36m>[39m
              [36m<svg[39m
                [33mclass[39m=[32m"lucide lucide-camera w-6 h-6"[39m
                [33mfill[39m=[32m"none"[39m
                [33mheight[39m=[32m"24"[39m
                [33mstroke[39m=[32m"currentColor"[39m
                [33mstroke-linecap[39m=[32m"round"[39m
                [33mstroke-linejoin[39m=[32m"round"[39m
                [33mstroke-width[39m=[32m"2"[39m
                [33mviewBox[39m=[32m"0 0 24 24"[39m
                [33mwidth[39m=[32m"24"[39m
                [33mxmlns[39m=[32m"http://www.w3.org/2000/svg"[39m
              [36m>[39m
                [36m<path[39m
                  [33md[39m=[32m"M14.5 4h-5L7 7H4a2 2 0 0 0-2 2v9a2 2 0 0 0 2 2h16a2 2 0 0 0 2-2V9a2 2 0 0 0-2-2h-3l-2.5-3z"[39m
                [36m/>[39m
                [36m<circle[39m
                  [33mcx[39m=[32m"12"[39m
                  [33mcy[39m=[32m"13"[39m
                  [33mr[39m=[32m"3"[39m
                [36m/>[39m
              [36m</svg>[39m
            [36m</button>[39m
            [36m<input[39m
              [33maccept[39m=[32m"image/*,video/*"[39m
              [33mclass[39m=[32m"hidden"[39m
              [33mmultiple[39m=[32m""[39m
              [33mtype[39m=[32m"file"[39m
            [36m/>[39m
            [36m<button[39m
              [33mclass[39m=[32m"relative p-3 rounded-full transition-all flex-shrink-0 shadow-lg bg-gradient-to-r from-blue-500 to-purple-500 hover:from-blue-600 hover:to-purple-600 text-white"[39m
              [33mtitle[39m=[32m"🎤 Parler au lieu de taper"[39m
            [36m>[39m
              [36m<svg[39m
                [33mclass[39m=[32m"lucide lucide-mic w-6 h-6"[39m
                [33mfill[39m=[32m"none"[39m
                [33mheight[39m=[32m"24"[39m
                [33mstroke[39m=[32m"currentColor"[39m
                [33mstroke-linecap[39m=[32m"round"[39m
                [33mstroke-linejoin[39m=[32m"round"[39m
                [33mstroke-width[39m=[32m"2"[39m
                [33mviewBox[39m=[32m"0 0 24 24"[39m
                [33mwidth[39m=[32m"24"[39m
                [33mxmlns[39m=[32m"http://www.w3.org/2000/svg"[39m
              [36m>[39m
                [36m<path[39m
                  [33md[39m=[32m"M12 2a3 3 0 0 0-3 3v7a3 3 0 0 0 6 0V5a3 3 0 0 0-3-3Z"[39m
                [36m/>[39m
                [36m<path[39m
                  [33md[39m=[32m"M19 10v2a7 7 0 0 1-14 0v-2"[39m
                [36m/>[39m
                [36m<line[39m
                  [33mx1[39m=[32m"12"[39m
                  [33mx2[39m=[32m"12"[39m
                  [33my1[39m=[32m"19"[39m
                  [33my2[39m=[32m"22"[39m
                [36m/>[39m
              [36m</svg>[39m
            [36m</button>[39m
            [36m<div[39m
              [33mclass[39m=[32m"flex-1"[39m
            [36m>[39m
              [36m<textarea[39m
                [33mclass[39m=[32m"w-full border-2 border-gray-300 rounded-2xl px-4 py-3 focus:outline-none focus:ring-2 focus:ring-red-500 focus:border-transparent resize-none"[39m
                [33mplaceholder[39m=[32m"Nom complet + Problème + N° commande... (Ex: Jean Dupont, mon canapé OSLO a un pied cassé, CMD-2024-12345)"[39m
                [33mrows[39m=[32m"1"[39m
                [33mstyle[39m=[32m"min-height: 50px; max-height: 150px;"[39m
              [36m/>[39m
            [36m</div>[39m
            [36m<button[39m
              [33mclass[39m=[32m"p-3 rounded-full flex-shrink-0 transition-all bg-gray-300 text-gray-500 cursor-not-allowed"[39m
              [33mdisabled[39m=[32m""[39m
            [36m>[39m
              [36m<svg[39m
                [33mclass[39m=[32m"lucide lucide-send w-6 h-6"[39m
                [33mfill[39m=[32m"none"[39m
                [33mheight[39m=[32m"24"[39m
                [33mstroke[39m=[32m"currentColor"[39m
                [33mstroke-linecap[39m=[32m"round"[39m
                [33mstroke-linejoin[39m=[32m"round"[39m
                [33mstroke-width[39m=[32m"2"[39m
                [33mviewBox[39m=[32m"0 0 24 24"[39m
                [33mwidth[39m=[32m"24"[39m
                [33mxmlns[39m=[32m"http://www.w3.org/2000/svg"[39m
              [36m>[39m
                [36m<path[39m
                  [33md[39m=[32m"m22 2-7 20-4-9-9-4Z"[39m
                [36m/>[39m
                [36m<path[39m
                  [33md[39m=[32m"M22 2 11 13"[39m
                [36m/>[39m
              [36m</svg>[39m
            [36m</button>[39m
          [36m</div>[39m
          [36m<p[39m
            [33mclass[39m=[32m"text-xs text-gray-500 mt-3 text-center"[39m
          [36m>[39m
            [0m🔒 Données sécurisées • ⚡ Réponse immédiate • 🎤 Conversation vocale complète • 🔊 Le bot vous parle • 🎯 Analyse automatique du TON et PRIORITÉ • 🛡️ Vérification garantie instantanée[0m
          [36m</p>[39m
        [36m</div>[39m
      [36m</div>[39m
    [36m</div>[39m
  [36m</body>[39m
[36m</html>[39m
[90m [2m❯[22m Proxy.waitForWrapper node_modules/@testing-library/dom/dist/wait-for.js:[2m163:27[22m[39m
[36m [2m❯[22m src/__tests__/ChatInterface.test.jsx:[2m143:13[22m[39m
    [90m141| [39m      [35mawait[39m user[33m.[39m[34mupload[39m(fileInput[33m,[39m file)[33m;[39m
    [90m142| [39m
    [90m143| [39m      [35mawait[39m [34mwaitFor[39m(() [33m=>[39m {
    [90m   | [39m            [31m^[39m
    [90m144| [39m        [34mexpect[39m(screen[33m.[39m[34mgetByText[39m([36m/test/i[39m))[33m.[39m[34mtoBeInTheDocument[39m()[33m;[39m
    [90m145| [39m      })[33m;[39m

[31m[2m⎯⎯⎯⎯⎯⎯⎯⎯⎯⎯⎯⎯⎯⎯⎯⎯⎯⎯⎯⎯⎯⎯⎯[6/61]⎯[22m[39m

[31m[1m[7m FAIL [27m[22m[39m src/__tests__/ChatInterface.test.jsx[2m > [22mChatInterface[2m > [22mFile Upload[2m > [22mshould handle upload error
[31m[1mAssertionError[22m[39m: expected "bound " to be called with arguments: [ StringContaining "Erreur" ][90m

Received: 

[39m[90m

Number of calls: [1m0[22m
[39m

Ignored nodes: comments, script, style
[36m<html>[39m
  [36m<head />[39m
  [36m<body>[39m
    [36m<div>[39m
      [36m<div[39m
        [33mclass[39m=[32m"flex flex-col h-full max-w-5xl mx-auto bg-gradient-to-br from-amber-50 to-orange-50"[39m
      [36m>[39m
        [36m<div[39m
          [33mclass[39m=[32m"bg-gradient-to-r from-blue-600 to-blue-700 text-white p-6 shadow-lg"[39m
        [36m>[39m
          [36m<div[39m
            [33mclass[39m=[32m"flex items-center justify-between"[39m
          [36m>[39m
            [36m<div>[39m
              [36m<h1[39m
                [33mclass[39m=[32m"text-3xl font-bold"[39m
              [36m>[39m
                [0mService clientèle du groupe Mobilier de France[0m
              [36m</h1>[39m
              [36m<p[39m
                [33mclass[39m=[32m"text-sm opacity-90 mt-1"[39m
              [36m>[39m
                [0mService Après-Vente Intelligent • Traitement automatisé en temps réel[0m
              [36m</p>[39m
            [36m</div>[39m
            [36m<div[39m
              [33mclass[39m=[32m"flex items-center space-x-4"[39m
            [36m>[39m
              [36m<button[39m
                [33mclass[39m=[32m"flex items-center space-x-2 px-4 py-2 rounded-lg font-medium transition-all bg-white text-blue-600 hover:bg-gray-100"[39m
                [33mtitle[39m=[32m"Désactiver la voix du bot"[39m
              [36m>[39m
                [36m<svg[39m
                  [33mclass[39m=[32m"lucide lucide-volume2 w-5 h-5 "[39m
                  [33mfill[39m=[32m"none"[39m
                  [33mheight[39m=[32m"24"[39m
                  [33mstroke[39m=[32m"currentColor"[39m
                  [33mstroke-linecap[39m=[32m"round"[39m
                  [33mstroke-linejoin[39m=[32m"round"[39m
                  [33mstroke-width[39m=[32m"2"[39m
                  [33mviewBox[39m=[32m"0 0 24 24"[39m
                  [33mwidth[39m=[32m"24"[39m
                  [33mxmlns[39m=[32m"http://www.w3.org/2000/svg"[39m
                [36m>[39m
                  [36m<polygon[39m
                    [33mpoints[39m=[32m"11 5 6 9 2 9 2 15 6 15 11 19 11 5"[39m
                  [36m/>[39m
                  [36m<path[39m
                    [33md[39m=[32m"M15.54 8.46a5 5 0 0 1 0 7.07"[39m
                  [36m/>[39m
                  [36m<path[39m
                    [33md[39m=[32m"M19.07 4.93a10 10 0 0 1 0 14.14"[39m
                  [36m/>[39m
                [36m</svg>[39m
                [36m<span[39m
                  [33mclass[39m=[32m"text-sm"[39m
                [36m>[39m
                  [0mVoix ON[0m
                [36m</span>[39m
              [36m</button>[39m
              [36m<div[39m
                [33mclass[39m=[32m"text-right text-xs opacity-80 border-l border-white/30 pl-4"[39m
              [36m>[39m
                [36m<p[39m
                  [33mclass[39m=[32m"font-semibold"[39m
                [36m>[39m
                  [0m🎯 100% Automatisé[0m
                [36m</p>[39m
                [36m<p[39m
                  [33mclass[39m=[32m"text-xs"[39m
                [36m>[39m
                  [0m✅ Analyse TON • ✅ Garantie • ✅ Priorité[0m
                [36m</p>[39m
              [36m</div>[39m
            [36m</div>[39m
          [36m</div>[39m
        [36m</div>[39m
        [36m<div[39m
          [33mclass[39m=[32m"flex-1 overflow-y-auto p-6 space-y-4"[39m
        [36m>[39m
          [36m<div[39m
            [33mclass[39m=[32m"flex justify-start fade-in"[39m
          [36m>[39m
            [36m<div[39m
              [33mclass[39m=[32m"max-w-[75%] rounded-2xl p-4 shadow-md bg-white text-gray-800 border border-gray-200"[39m
            [36m>[39m
              [36m<div[39m
                [33mclass[39m=[32m"flex items-start space-x-3"[39m
              [36m>[39m
                [36m<div[39m
                  [33mclass[39m=[32m"w-8 h-8 rounded-full bg-gradient-to-r from-amber-500 to-orange-500 flex items-center justify-center text-white font-bold flex-shrink-0"[39m
                [36m>[39m
                  [0mM[0m
                [36m</div>[39m
                [36m<div[39m
                  [33mclass[39m=[32m"flex-1"[39m
                [36m>[39m
                  [36m<p[39m
                    [33mclass[39m=[32m"whitespace-pre-line leading-relaxed"[39m
                  [36m>[39m
                    [0m👋 Bonjour ! Je suis votre assistant SAV Mobilier de France.

Décrivez-moi votre problème avec votre numéro de commande, je m'occupe du reste !

💡 **Exemple** : "Bonjour, je m'appelle Marie Martin. Mon canapé OSLO a le pied cassé, commande CMD-2024-12345"[0m
                  [36m</p>[39m
                  [36m<div[39m
                    [33mclass[39m=[32m"flex items-center justify-between mt-2 text-xs text-gray-500"[39m
                  [36m>[39m
                    [36m<span>[39m
                      [0m13:02[0m
                    [36m</span>[39m
                  [36m</div>[39m
                [36m</div>[39m
              [36m</div>[39m
            [36m</div>[39m
          [36m</div>[39m
          [36m<div />[39m
        [36m</div>[39m
        [36m<div[39m
          [33mclass[39m=[32m"bg-white p-6 border-t border-gray-200 shadow-lg"[39m
        [36m>[39m
          [36m<div[39m
            [33mclass[39m=[32m"flex items-end space-x-3"[39m
          [36m>[39m
            [36m<button[39m
              [33mclass[39m=[32m"bg-amber-100 hover:bg-amber-200 text-amber-700 p-3 rounded-full transition-colors flex-shrink-0"[39m
              [33mtitle[39m=[32m"Ajouter des photos"[39m
            [36m>[39m
              [36m<svg[39m
                [33mclass[39m=[32m"lucide lucide-camera w-6 h-6"[39m
                [33mfill[39m=[32m"none"[39m
                [33mheight[39m=[32m"24"[39m
                [33mstroke[39m=[32m"currentColor"[39m
                [33mstroke-linecap[39m=[32m"round"[39m
                [33mstroke-linejoin[39m=[32m"round"[39m
                [33mstroke-width[39m=[32m"2"[39m
                [33mviewBox[39m=[32m"0 0 24 24"[39m
                [33mwidth[39m=[32m"24"[39m
                [33mxmlns[39m=[32m"http://www.w3.org/2000/svg"[39m
              [36m>[39m
                [36m<path[39m
                  [33md[39m=[32m"M14.5 4h-5L7 7H4a2 2 0 0 0-2 2v9a2 2 0 0 0 2 2h16a2 2 0 0 0 2-2V9a2 2 0 0 0-2-2h-3l-2.5-3z"[39m
                [36m/>[39m
                [36m<circle[39m
                  [33mcx[39m=[32m"12"[39m
                  [33mcy[39m=[32m"13"[39m
                  [33mr[39m=[32m"3"[39m
                [36m/>[39m
              [36m</svg>[39m
            [36m</button>[39m
            [36m<input[39m
              [33maccept[39m=[32m"image/*,video/*"[39m
              [33mclass[39m=[32m"hidden"[39m
              [33mmultiple[39m=[32m""[39m
              [33mtype[39m=[32m"file"[39m
            [36m/>[39m
            [36m<button[39m
              [33mclass[39m=[32m"relative p-3 rounded-full transition-all flex-shrink-0 shadow-lg bg-gradient-to-r from-blue-500 to-purple-500 hover:from-blue-600 hover:to-purple-600 text-white"[39m
              [33mtitle[39m=[32m"🎤 Parler au lieu de taper"[39m
            [36m>[39m
              [36m<svg[39m
                [33mclass[39m=[32m"lucide lucide-mic w-6 h-6"[39m
                [33mfill[39m=[32m"none"[39m
                [33mheight[39m=[32m"24"[39m
                [33mstroke[39m=[32m"currentColor"[39m
                [33mstroke-linecap[39m=[32m"round"[39m
                [33mstroke-linejoin[39m=[32m"round"[39m
                [33mstroke-width[39m=[32m"2"[39m
                [33mviewBox[39m=[32m"0 0 24 24"[39m
                [33mwidth[39m=[32m"24"[39m
                [33mxmlns[39m=[32m"http://www.w3.org/2000/svg"[39m
              [36m>[39m
                [36m<path[39m
                  [33md[39m=[32m"M12 2a3 3 0 0 0-3 3v7a3 3 0 0 0 6 0V5a3 3 0 0 0-3-3Z"[39m
                [36m/>[39m
                [36m<path[39m
                  [33md[39m=[32m"M19 10v2a7 7 0 0 1-14 0v-2"[39m
                [36m/>[39m
                [36m<line[39m
                  [33mx1[39m=[32m"12"[39m
                  [33mx2[39m=[32m"12"[39m
                  [33my1[39m=[32m"19"[39m
                  [33my2[39m=[32m"22"[39m
                [36m/>[39m
              [36m</svg>[39m
            [36m</button>[39m
            [36m<div[39m
              [33mclass[39m=[32m"flex-1"[39m
            [36m>[39m
              [36m<textarea[39m
                [33mclass[39m=[32m"w-full border-2 border-gray-300 rounded-2xl px-4 py-3 focus:outline-none focus:ring-2 focus:ring-red-500 focus:border-transparent resize-none"[39m
                [33mplaceholder[39m=[32m"Nom complet + Problème + N° commande... (Ex: Jean Dupont, mon canapé OSLO a un pied cassé, CMD-2024-12345)"[39m
                [33mrows[39m=[32m"1"[39m
                [33mstyle[39m=[32m"min-height: 50px; max-height: 150px;"[39m
              [36m/>[39m
            [36m</div>[39m
            [36m<button[39m
              [33mclass[39m=[32m"p-3 rounded-full flex-shrink-0 transition-all bg-gray-300 text-gray-500 cursor-not-allowed"[39m
              [33mdisabled[39m=[32m""[39m
            [36m>[39m
              [36m<svg[39m
                [33mclass[39m=[32m"lucide lucide-send w-6 h-6"[39m
                [33mfill[39m=[32m"none"[39m
                [33mheight[39m=[32m"24"[39m
                [33mstroke[39m=[32m"currentColor"[39m
                [33mstroke-linecap[39m=[32m"round"[39m
                [33mstroke-linejoin[39m=[32m"round"[39m
                [33mstroke-width[39m=[32m"2"[39m
                [33mviewBox[39m=[32m"0 0 24 24"[39m
                [33mwidth[39m=[32m"24"[39m
                [33mxmlns[39m=[32m"http://www.w3.org/2000/svg"[39m
              [36m>[39m
                [36m<path[39m
                  [33md[39m=[32m"m22 2-7 20-4-9-9-4Z"[39m
                [36m/>[39m
                [36m<path[39m
                  [33md[39m=[32m"M22 2 11 13"[39m
                [36m/>[39m
              [36m</svg>[39m
            [36m</button>[39m
          [36m</div>[39m
          [36m<p[39m
            [33mclass[39m=[32m"text-xs text-gray-500 mt-3 text-center"[39m
          [36m>[39m
            [0m🔒 Données sécurisées • ⚡ Réponse immédiate • 🎤 Conversation vocale complète • 🔊 Le bot vous parle • 🎯 Analyse automatique du TON et PRIORITÉ • 🛡️ Vérification garantie instantanée[0m
          [36m</p>[39m
        [36m</div>[39m
      [36m</div>[39m
    [36m</div>[39m
  [36m</body>[39m
[36m</html>[39m
[36m [2m❯[22m src/__tests__/ChatInterface.test.jsx:[2m171:26[22m[39m
    [90m169| [39m
    [90m170| [39m      [35mawait[39m [34mwaitFor[39m(() [33m=>[39m {
    [90m171| [39m        [34mexpect[39m(alertSpy)[33m.[39m[34mtoHaveBeenCalledWith[39m(expect[33m.[39m[34mstringContaining[39m(…
    [90m   | [39m                         [31m^[39m
    [90m172| [39m      })[33m;[39m
    [90m173| [39m      alertSpy[33m.[39m[34mmockRestore[39m()[33m;[39m
[90m [2m❯[22m runWithExpensiveErrorDiagnosticsDisabled node_modules/@testing-library/dom/dist/config.js:[2m47:12[22m[39m
[90m [2m❯[22m checkCallback node_modules/@testing-library/dom/dist/wait-for.js:[2m124:77[22m[39m
[90m [2m❯[22m Timeout.checkRealTimersCallback node_modules/@testing-library/dom/dist/wait-for.js:[2m118:16[22m[39m

[31m[2m⎯⎯⎯⎯⎯⎯⎯⎯⎯⎯⎯⎯⎯⎯⎯⎯⎯⎯⎯⎯⎯⎯⎯[7/61]⎯[22m[39m

[31m[1m[7m FAIL [27m[22m[39m src/__tests__/ChatInterface.test.jsx[2m > [22mChatInterface[2m > [22mVoice Features[2m > [22mshould show recording indicator when voice recording active
[31m[1mTestingLibraryElementError[22m[39m: Unable to find an element with the text: /Écoute en cours/i. This could be because the text is broken up by multiple elements. In this case, you can provide a function for your text matcher to make your matcher more flexible.

Ignored nodes: comments, script, style
[36m<body>[39m
  [36m<div>[39m
    [36m<div[39m
      [33mclass[39m=[32m"flex flex-col h-full max-w-5xl mx-auto bg-gradient-to-br from-amber-50 to-orange-50"[39m
    [36m>[39m
      [36m<div[39m
        [33mclass[39m=[32m"bg-gradient-to-r from-blue-600 to-blue-700 text-white p-6 shadow-lg"[39m
      [36m>[39m
        [36m<div[39m
          [33mclass[39m=[32m"flex items-center justify-between"[39m
        [36m>[39m
          [36m<div>[39m
            [36m<h1[39m
              [33mclass[39m=[32m"text-3xl font-bold"[39m
            [36m>[39m
              [0mService clientèle du groupe Mobilier de France[0m
            [36m</h1>[39m
            [36m<p[39m
              [33mclass[39m=[32m"text-sm opacity-90 mt-1"[39m
            [36m>[39m
              [0mService Après-Vente Intelligent • Traitement automatisé en temps réel[0m
            [36m</p>[39m
          [36m</div>[39m
          [36m<div[39m
            [33mclass[39m=[32m"flex items-center space-x-4"[39m
          [36m>[39m
            [36m<button[39m
              [33mclass[39m=[32m"flex items-center space-x-2 px-4 py-2 rounded-lg font-medium transition-all bg-white text-blue-600 hover:bg-gray-100"[39m
              [33mtitle[39m=[32m"Désactiver la voix du bot"[39m
            [36m>[39m
              [36m<svg[39m
                [33mclass[39m=[32m"lucide lucide-volume2 w-5 h-5 "[39m
                [33mfill[39m=[32m"none"[39m
                [33mheight[39m=[32m"24"[39m
                [33mstroke[39m=[32m"currentColor"[39m
                [33mstroke-linecap[39m=[32m"round"[39m
                [33mstroke-linejoin[39m=[32m"round"[39m
                [33mstroke-width[39m=[32m"2"[39m
                [33mviewBox[39m=[32m"0 0 24 24"[39m
                [33mwidth[39m=[32m"24"[39m
                [33mxmlns[39m=[32m"http://www.w3.org/2000/svg"[39m
              [36m>[39m
                [36m<polygon[39m
                  [33mpoints[39m=[32m"11 5 6 9 2 9 2 15 6 15 11 19 11 5"[39m
                [36m/>[39m
                [36m<path[39m
                  [33md[39m=[32m"M15.54 8.46a5 5 0 0 1 0 7.07"[39m
                [36m/>[39m
                [36m<path[39m
                  [33md[39m=[32m"M19.07 4.93a10 10 0 0 1 0 14.14"[39m
                [36m/>[39m
              [36m</svg>[39m
              [36m<span[39m
                [33mclass[39m=[32m"text-sm"[39m
              [36m>[39m
                [0mVoix ON[0m
              [36m</span>[39m
            [36m</button>[39m
            [36m<div[39m
              [33mclass[39m=[32m"text-right text-xs opacity-80 border-l border-white/30 pl-4"[39m
            [36m>[39m
              [36m<p[39m
                [33mclass[39m=[32m"font-semibold"[39m
              [36m>[39m
                [0m🎯 100% Automatisé[0m
              [36m</p>[39m
              [36m<p[39m
                [33mclass[39m=[32m"text-xs"[39m
              [36m>[39m
                [0m✅ Analyse TON • ✅ Garantie • ✅ Priorité[0m
              [36m</p>[39m
            [36m</div>[39m
          [36m</div>[39m
        [36m</div>[39m
      [36m</div>[39m
      [36m<div[39m
        [33mclass[39m=[32m"flex-1 overflow-y-auto p-6 space-y-4"[39m
      [36m>[39m
        [36m<div[39m
          [33mclass[39m=[32m"flex justify-start fade-in"[39m
        [36m>[39m
          [36m<div[39m
            [33mclass[39m=[32m"max-w-[75%] rounded-2xl p-4 shadow-md bg-white text-gray-800 border border-gray-200"[39m
          [36m>[39m
            [36m<div[39m
              [33mclass[39m=[32m"flex items-start space-x-3"[39m
            [36m>[39m
              [36m<div[39m
                [33mclass[39m=[32m"w-8 h-8 rounded-full bg-gradient-to-r from-amber-500 to-orange-500 flex items-center justify-center text-white font-bold flex-shrink-0"[39m
              [36m>[39m
                [0mM[0m
              [36m</div>[39m
              [36m<div[39m
                [33mclass[39m=[32m"flex-1"[39m
              [36m>[39m
                [36m<p[39m
                  [33mclass[39m=[32m"whitespace-pre-line leading-relaxed"[39m
                [36m>[39m
                  [0m👋 Bonjour ! Je suis votre assistant SAV Mobilier de France.

Décrivez-moi votre problème avec votre numéro de commande, je m'occupe du reste !

💡 **Exemple** : "Bonjour, je m'appelle Marie Martin. Mon canapé OSLO a le pied cassé, commande CMD-2024-12345"[0m
                [36m</p>[39m
                [36m<div[39m
                  [33mclass[39m=[32m"flex items-center justify-between mt-2 text-xs text-gray-500"[39m
                [36m>[39m
                  [36m<span>[39m
                    [0m13:02[0m
                  [36m</span>[39m
                [36m</div>[39m
              [36m</div>[39m
            [36m</div>[39m
          [36m</div>[39m
        [36m</div>[39m
        [36m<div />[39m
      [36m</div>[39m
      [36m<div[39m
        [33mclass[39m=[32m"bg-white p-6 border-t border-gray-200 shadow-lg"[39m
      [36m>[39m
        [36m<div[39m
          [33mclass[39m=[32m"flex items-end space-x-3"[39m
        [36m>[39m
          [36m<button[39m
            [33mclass[39m=[32m"bg-amber-100 hover:bg-amber-200 text-amber-700 p-3 rounded-full transition-colors flex-shrink-0"[39m
            [33mtitle[39m=[32m"Ajouter des photos"[39m
          [36m>[39m
            [36m<svg[39m
              [33mclass[39m=[32m"lucide lucide-camera w-6 h-6"[39m
              [33mfill[39m=[32m"none"[39m
              [33mheight[39m=[32m"24"[39m
              [33mstroke[39m=[32m"currentColor"[39m
              [33mstroke-linecap[39m=[32m"round"[39m
              [33mstroke-linejoin[39m=[32m"round"[39m
              [33mstroke-width[39m=[32m"2"[39m
              [33mviewBox[39m=[32m"0 0 24 24"[39m
              [33mwidth[39m=[32m"24"[39m
              [33mxmlns[39m=[32m"http://www.w3.org/2000/svg"[39m
            [36m>[39m
              [36m<path[39m
                [33md[39m=[32m"M14.5 4h-5L7 7H4a2 2 0 0 0-2 2v9a2 2 0 0 0 2 2h16a2 2 0 0 0 2-2V9a2 2 0 0 0-2-2h-3l-2.5-3z"[39m
              [36m/>[39m
              [36m<circle[39m
                [33mcx[39m=[32m"12"[39m
                [33mcy[39m=[32m"13"[39m
                [33mr[39m=[32m"3"[39m
              [36m/>[39m
            [36m</svg>[39m
          [36m</button>[39m
          [36m<input[39m
            [33maccept[39m=[32m"image/*,video/*"[39m
            [33mclass[39m=[32m"hidden"[39m
            [33mmultiple[39m=[32m""[39m
            [33mtype[39m=[32m"file"[39m
          [36m/>[39m
          [36m<button[39m
            [33mclass[39m=[32m"relative p-3 rounded-full transition-all flex-shrink-0 shadow-lg bg-gradient-to-r from-blue-500 to-purple-500 hover:from-blue-600 hover:to-purple-600 text-white"[39m
            [33mtitle[39m=[32m"🎤 Parler au lieu de taper"[39m
          [36m>[39m
            [36m<svg[39m
              [33mclass[39m=[32m"lucide lucide-mic w-6 h-6"[39m
              [33mfill[39m=[32m"none"[39m
              [33mheight[39m=[32m"24"[39m
              [33mstroke[39m=[32m"currentColor"[39m
              [33mstroke-linecap[39m=[32m"round"[39m
              [33mstroke-linejoin[39m=[32m"round"[39m
              [33mstroke-width[39m=[32m"2"[39m
              [33mviewBox[39m=[32m"0 0 24 24"[39m
              [33mwidth[39m=[32m"24"[39m
              [33mxmlns[39m=[32m"http://www.w3.org/2000/svg"[39m
            [36m>[39m
              [36m<path[39m
                [33md[39m=[32m"M12 2a3 3 0 0 0-3 3v7a3 3 0 0 0 6 0V5a3 3 0 0 0-3-3Z"[39m
              [36m/>[39m
              [36m<path[39m
                [33md[39m=[32m"M19 10v2a7 7 0 0 1-14 0v-2"[39m
              [36m/>[39m
              [36m<line[39m
                [33mx1[39m=[32m"12"[39m
                [33mx2[39m=[32m"12"[39m
                [33my1[39m=[32m"19"[39m
                [33my2[39m=[32m"22"[39m
              [36m/>[39m
            [36m</svg>[39m
          [36m</button>[39m
          [36m<div[39m
            [33mclass[39m=[32m"flex-1"[39m
          [36m>[39m
            [36m<textarea[39m
              [33mclass[39m=[32m"w-full border-2 border-gray-300 rounded-2xl px-4 py-3 focus:outline-none focus:ring-2 focus:ring-red-500 focus:border-transparent resize-none"[39m
              [33mplaceholder[39m=[32m"Nom complet + Problème + N° commande... (Ex: Jean Dupont, mon canapé OSLO a un pied cassé, CMD-2024-12345)"[39m
              [33mrows[39m=[32m"1"[39m
              [33mstyle[39m=[32m"min-height: 50px; max-height: 150px;"[39m
            [36m/>[39m
          [36m</div>[39m
          [36m<button[39m
            [33mclass[39m=[32m"p-3 rounded-full flex-shrink-0 transition-all bg-gray-300 text-gray-500 cursor-not-allowed"[39m
            [33mdisabled[39m=[32m""[39m
          [36m>[39m
            [36m<svg[39m
              [33mclass[39m=[32m"lucide lucide-send w-6 h-6"[39m
              [33mfill[39m=[32m"none"[39m
              [33mheight[39m=[32m"24"[39m
              [33mstroke[39m=[32m"currentColor"[39m
              [33mstroke-linecap[39m=[32m"round"[39m
              [33mstroke-linejoin[39m=[32m"round"[39m
              [33mstroke-width[39m=[32m"2"[39m
              [33mviewBox[39m=[32m"0 0 24 24"[39m
              [33mwidth[39m=[32m"24"[39m
              [33mxmlns[39m=[32m"http://www.w3.org/2000/svg"[39m
            [36m>[39m
              [36m<path[39m
                [33md[39m=[32m"m22 2-7 20-4-9-9-4Z"[39m
              [36m/>[39m
              [36m<path[39m
                [33md[39m=[32m"M22 2 11 13"[39m
              [36m/>[39m
            [36m</svg>[39m
          [36m</button>[39m
        [36m</div>[39m
        [36m<p[39m
          [33mclass[39m=[32m"text-xs text-gray-500 mt-3 text-center"[39m
        [36m>[39m
          [0m🔒 Données sécurisées • ⚡ Réponse immédiate • 🎤 Conversation vocale complète • 🔊 Le bot vous parle • 🎯 Analyse automatique du TON et PRIORITÉ • 🛡️ Vérification garantie instantanée[0m
        [36m</p>[39m
      [36m</div>[39m
    [36m</div>[39m
  [36m</div>[39m
[36m</body>[39m

Ignored nodes: comments, script, style
[36m<html>[39m
  [36m<head />[39m
  [36m<body>[39m
    [36m<div>[39m
      [36m<div[39m
        [33mclass[39m=[32m"flex flex-col h-full max-w-5xl mx-auto bg-gradient-to-br from-amber-50 to-orange-50"[39m
      [36m>[39m
        [36m<div[39m
          [33mclass[39m=[32m"bg-gradient-to-r from-blue-600 to-blue-700 text-white p-6 shadow-lg"[39m
        [36m>[39m
          [36m<div[39m
            [33mclass[39m=[32m"flex items-center justify-between"[39m
          [36m>[39m
            [36m<div>[39m
              [36m<h1[39m
                [33mclass[39m=[32m"text-3xl font-bold"[39m
              [36m>[39m
                [0mService clientèle du groupe Mobilier de France[0m
              [36m</h1>[39m
              [36m<p[39m
                [33mclass[39m=[32m"text-sm opacity-90 mt-1"[39m
              [36m>[39m
                [0mService Après-Vente Intelligent • Traitement automatisé en temps réel[0m
              [36m</p>[39m
            [36m</div>[39m
            [36m<div[39m
              [33mclass[39m=[32m"flex items-center space-x-4"[39m
            [36m>[39m
              [36m<button[39m
                [33mclass[39m=[32m"flex items-center space-x-2 px-4 py-2 rounded-lg font-medium transition-all bg-white text-blue-600 hover:bg-gray-100"[39m
                [33mtitle[39m=[32m"Désactiver la voix du bot"[39m
              [36m>[39m
                [36m<svg[39m
                  [33mclass[39m=[32m"lucide lucide-volume2 w-5 h-5 "[39m
                  [33mfill[39m=[32m"none"[39m
                  [33mheight[39m=[32m"24"[39m
                  [33mstroke[39m=[32m"currentColor"[39m
                  [33mstroke-linecap[39m=[32m"round"[39m
                  [33mstroke-linejoin[39m=[32m"round"[39m
                  [33mstroke-width[39m=[32m"2"[39m
                  [33mviewBox[39m=[32m"0 0 24 24"[39m
                  [33mwidth[39m=[32m"24"[39m
                  [33mxmlns[39m=[32m"http://www.w3.org/2000/svg"[39m
                [36m>[39m
                  [36m<polygon[39m
                    [33mpoints[39m=[32m"11 5 6 9 2 9 2 15 6 15 11 19 11 5"[39m
                  [36m/>[39m
                  [36m<path[39m
                    [33md[39m=[32m"M15.54 8.46a5 5 0 0 1 0 7.07"[39m
                  [36m/>[39m
                  [36m<path[39m
                    [33md[39m=[32m"M19.07 4.93a10 10 0 0 1 0 14.14"[39m
                  [36m/>[39m
                [36m</svg>[39m
                [36m<span[39m
                  [33mclass[39m=[32m"text-sm"[39m
                [36m>[39m
                  [0mVoix ON[0m
                [36m</span>[39m
              [36m</button>[39m
              [36m<div[39m
                [33mclass[39m=[32m"text-right text-xs opacity-80 border-l border-white/30 pl-4"[39m
              [36m>[39m
                [36m<p[39m
                  [33mclass[39m=[32m"font-semibold"[39m
                [36m>[39m
                  [0m🎯 100% Automatisé[0m
                [36m</p>[39m
                [36m<p[39m
                  [33mclass[39m=[32m"text-xs"[39m
                [36m>[39m
                  [0m✅ Analyse TON • ✅ Garantie • ✅ Priorité[0m
                [36m</p>[39m
              [36m</div>[39m
            [36m</div>[39m
          [36m</div>[39m
        [36m</div>[39m
        [36m<div[39m
          [33mclass[39m=[32m"flex-1 overflow-y-auto p-6 space-y-4"[39m
        [36m>[39m
          [36m<div[39m
            [33mclass[39m=[32m"flex justify-start fade-in"[39m
          [36m>[39m
            [36m<div[39m
              [33mclass[39m=[32m"max-w-[75%] rounded-2xl p-4 shadow-md bg-white text-gray-800 border border-gray-200"[39m
            [36m>[39m
              [36m<div[39m
                [33mclass[39m=[32m"flex items-start space-x-3"[39m
              [36m>[39m
                [36m<div[39m
                  [33mclass[39m=[32m"w-8 h-8 rounded-full bg-gradient-to-r from-amber-500 to-orange-500 flex items-center justify-center text-white font-bold flex-shrink-0"[39m
                [36m>[39m
                  [0mM[0m
                [36m</div>[39m
                [36m<div[39m
                  [33mclass[39m=[32m"flex-1"[39m
                [36m>[39m
                  [36m<p[39m
                    [33mclass[39m=[32m"whitespace-pre-line leading-relaxed"[39m
                  [36m>[39m
                    [0m👋 Bonjour ! Je suis votre assistant SAV Mobilier de France.

Décrivez-moi votre problème avec votre numéro de commande, je m'occupe du reste !

💡 **Exemple** : "Bonjour, je m'appelle Marie Martin. Mon canapé OSLO a le pied cassé, commande CMD-2024-12345"[0m
                  [36m</p>[39m
                  [36m<div[39m
                    [33mclass[39m=[32m"flex items-center justify-between mt-2 text-xs text-gray-500"[39m
                  [36m>[39m
                    [36m<span>[39m
                      [0m13:02[0m
                    [36m</span>[39m
                  [36m</div>[39m
                [36m</div>[39m
              [36m</div>[39m
            [36m</div>[39m
          [36m</div>[39m
          [36m<div />[39m
        [36m</div>[39m
        [36m<div[39m
          [33mclass[39m=[32m"bg-white p-6 border-t border-gray-200 shadow-lg"[39m
        [36m>[39m
          [36m<div[39m
            [33mclass[39m=[32m"flex items-end space-x-3"[39m
          [36m>[39m
            [36m<button[39m
              [33mclass[39m=[32m"bg-amber-100 hover:bg-amber-200 text-amber-700 p-3 rounded-full transition-colors flex-shrink-0"[39m
              [33mtitle[39m=[32m"Ajouter des photos"[39m
            [36m>[39m
              [36m<svg[39m
                [33mclass[39m=[32m"lucide lucide-camera w-6 h-6"[39m
                [33mfill[39m=[32m"none"[39m
                [33mheight[39m=[32m"24"[39m
                [33mstroke[39m=[32m"currentColor"[39m
                [33mstroke-linecap[39m=[32m"round"[39m
                [33mstroke-linejoin[39m=[32m"round"[39m
                [33mstroke-width[39m=[32m"2"[39m
                [33mviewBox[39m=[32m"0 0 24 24"[39m
                [33mwidth[39m=[32m"24"[39m
                [33mxmlns[39m=[32m"http://www.w3.org/2000/svg"[39m
              [36m>[39m
                [36m<path[39m
                  [33md[39m=[32m"M14.5 4h-5L7 7H4a2 2 0 0 0-2 2v9a2 2 0 0 0 2 2h16a2 2 0 0 0 2-2V9a2 2 0 0 0-2-2h-3l-2.5-3z"[39m
                [36m/>[39m
                [36m<circle[39m
                  [33mcx[39m=[32m"12"[39m
                  [33mcy[39m=[32m"13"[39m
                  [33mr[39m=[32m"3"[39m
                [36m/>[39m
              [36m</svg>[39m
            [36m</button>[39m
            [36m<input[39m
              [33maccept[39m=[32m"image/*,video/*"[39m
              [33mclass[39m=[32m"hidden"[39m
              [33mmultiple[39m=[32m""[39m
              [33mtype[39m=[32m"file"[39m
            [36m/>[39m
            [36m<button[39m
              [33mclass[39m=[32m"relative p-3 rounded-full transition-all flex-shrink-0 shadow-lg bg-gradient-to-r from-blue-500 to-purple-500 hover:from-blue-600 hover:to-purple-600 text-white"[39m
              [33mtitle[39m=[32m"🎤 Parler au lieu de taper"[39m
            [36m>[39m
              [36m<svg[39m
                [33mclass[39m=[32m"lucide lucide-mic w-6 h-6"[39m
                [33mfill[39m=[32m"none"[39m
                [33mheight[39m=[32m"24"[39m
                [33mstroke[39m=[32m"currentColor"[39m
                [33mstroke-linecap[39m=[32m"round"[39m
                [33mstroke-linejoin[39m=[32m"round"[39m
                [33mstroke-width[39m=[32m"2"[39m
                [33mviewBox[39m=[32m"0 0 24 24"[39m
                [33mwidth[39m=[32m"24"[39m
                [33mxmlns[39m=[32m"http://www.w3.org/2000/svg"[39m
              [36m>[39m
                [36m<path[39m
                  [33md[39m=[32m"M12 2a3 3 0 0 0-3 3v7a3 3 0 0 0 6 0V5a3 3 0 0 0-3-3Z"[39m
                [36m/>[39m
                [36m<path[39m
                  [33md[39m=[32m"M19 10v2a7 7 0 0 1-14 0v-2"[39m
                [36m/>[39m
                [36m<line[39m
                  [33mx1[39m=[32m"12"[39m
                  [33mx2[39m=[32m"12"[39m
                  [33my1[39m=[32m"19"[39m
                  [33my2[39m=[32m"22"[39m
                [36m/>[39m
              [36m</svg>[39m
            [36m</button>[39m
            [36m<div[39m
              [33mclass[39m=[32m"flex-1"[39m
            [36m>[39m
              [36m<textarea[39m
                [33mclass[39m=[32m"w-full border-2 border-gray-300 rounded-2xl px-4 py-3 focus:outline-none focus:ring-2 focus:ring-red-500 focus:border-transparent resize-none"[39m
                [33mplaceholder[39m=[32m"Nom complet + Problème + N° commande... (Ex: Jean Dupont, mon canapé OSLO a un pied cassé, CMD-2024-12345)"[39m
                [33mrows[39m=[32m"1"[39m
                [33mstyle[39m=[32m"min-height: 50px; max-height: 150px;"[39m
              [36m/>[39m
            [36m</div>[39m
            [36m<button[39m
              [33mclass[39m=[32m"p-3 rounded-full flex-shrink-0 transition-all bg-gray-300 text-gray-500 cursor-not-allowed"[39m
              [33mdisabled[39m=[32m""[39m
            [36m>[39m
              [36m<svg[39m
                [33mclass[39m=[32m"lucide lucide-send w-6 h-6"[39m
                [33mfill[39m=[32m"none"[39m
                [33mheight[39m=[32m"24"[39m
                [33mstroke[39m=[32m"currentColor"[39m
                [33mstroke-linecap[39m=[32m"round"[39m
                [33mstroke-linejoin[39m=[32m"round"[39m
                [33mstroke-width[39m=[32m"2"[39m
                [33mviewBox[39m=[32m"0 0 24 24"[39m
                [33mwidth[39m=[32m"24"[39m
                [33mxmlns[39m=[32m"http://www.w3.org/2000/svg"[39m
              [36m>[39m
                [36m<path[39m
                  [33md[39m=[32m"m22 2-7 20-4-9-9-4Z"[39m
                [36m/>[39m
                [36m<path[39m
                  [33md[39m=[32m"M22 2 11 13"[39m
                [36m/>[39m
              [36m</svg>[39m
            [36m</button>[39m
          [36m</div>[39m
          [36m<p[39m
            [33mclass[39m=[32m"text-xs text-gray-500 mt-3 text-center"[39m
          [36m>[39m
            [0m🔒 Données sécurisées • ⚡ Réponse immédiate • 🎤 Conversation vocale complète • 🔊 Le bot vous parle • 🎯 Analyse automatique du TON et PRIORITÉ • 🛡️ Vérification garantie instantanée[0m
          [36m</p>[39m
        [36m</div>[39m
      [36m</div>[39m
    [36m</div>[39m
  [36m</body>[39m
[36m</html>[39m
[90m [2m❯[22m Proxy.waitForWrapper node_modules/@testing-library/dom/dist/wait-for.js:[2m163:27[22m[39m
[36m [2m❯[22m src/__tests__/ChatInterface.test.jsx:[2m207:15[22m[39m
    [90m205| [39m        [35mawait[39m user[33m.[39m[34mclick[39m(micButton)[33m;[39m
    [90m206| [39m
    [90m207| [39m        [35mawait[39m [34mwaitFor[39m(() [33m=>[39m {
    [90m   | [39m              [31m^[39m
    [90m208| [39m          [34mexpect[39m(screen[33m.[39m[34mgetByText[39m([36m/Écoute en cours/i[39m))[33m.[39m[34mtoBeInTheDocume[39m…
    [90m209| [39m        })[33m;[39m

[31m[2m⎯⎯⎯⎯⎯⎯⎯⎯⎯⎯⎯⎯⎯⎯⎯⎯⎯⎯⎯⎯⎯⎯⎯[8/61]⎯[22m[39m

[31m[1m[7m FAIL [27m[22m[39m src/__tests__/ChatInterface.test.jsx[2m > [22mChatInterface[2m > [22mTicket Confirmation Flow[2m > [22mshould display ticket confirmation buttons when ticket data received
[31m[1mTestingLibraryElementError[22m[39m: Unable to find an element with the text: /Valider le ticket/i. This could be because the text is broken up by multiple elements. In this case, you can provide a function for your text matcher to make your matcher more flexible.

Ignored nodes: comments, script, style
[36m<body>[39m
  [36m<div>[39m
    [36m<div[39m
      [33mclass[39m=[32m"flex flex-col h-full max-w-5xl mx-auto bg-gradient-to-br from-amber-50 to-orange-50"[39m
    [36m>[39m
      [36m<div[39m
        [33mclass[39m=[32m"bg-gradient-to-r from-blue-600 to-blue-700 text-white p-6 shadow-lg"[39m
      [36m>[39m
        [36m<div[39m
          [33mclass[39m=[32m"flex items-center justify-between"[39m
        [36m>[39m
          [36m<div>[39m
            [36m<h1[39m
              [33mclass[39m=[32m"text-3xl font-bold"[39m
            [36m>[39m
              [0mService clientèle du groupe Mobilier de France[0m
            [36m</h1>[39m
            [36m<p[39m
              [33mclass[39m=[32m"text-sm opacity-90 mt-1"[39m
            [36m>[39m
              [0mService Après-Vente Intelligent • Traitement automatisé en temps réel[0m
            [36m</p>[39m
          [36m</div>[39m
          [36m<div[39m
            [33mclass[39m=[32m"flex items-center space-x-4"[39m
          [36m>[39m
            [36m<button[39m
              [33mclass[39m=[32m"flex items-center space-x-2 px-4 py-2 rounded-lg font-medium transition-all bg-white text-blue-600 hover:bg-gray-100"[39m
              [33mtitle[39m=[32m"Désactiver la voix du bot"[39m
            [36m>[39m
              [36m<svg[39m
                [33mclass[39m=[32m"lucide lucide-volume2 w-5 h-5 "[39m
                [33mfill[39m=[32m"none"[39m
                [33mheight[39m=[32m"24"[39m
                [33mstroke[39m=[32m"currentColor"[39m
                [33mstroke-linecap[39m=[32m"round"[39m
                [33mstroke-linejoin[39m=[32m"round"[39m
                [33mstroke-width[39m=[32m"2"[39m
                [33mviewBox[39m=[32m"0 0 24 24"[39m
                [33mwidth[39m=[32m"24"[39m
                [33mxmlns[39m=[32m"http://www.w3.org/2000/svg"[39m
              [36m>[39m
                [36m<polygon[39m
                  [33mpoints[39m=[32m"11 5 6 9 2 9 2 15 6 15 11 19 11 5"[39m
                [36m/>[39m
                [36m<path[39m
                  [33md[39m=[32m"M15.54 8.46a5 5 0 0 1 0 7.07"[39m
                [36m/>[39m
                [36m<path[39m
                  [33md[39m=[32m"M19.07 4.93a10 10 0 0 1 0 14.14"[39m
                [36m/>[39m
              [36m</svg>[39m
              [36m<span[39m
                [33mclass[39m=[32m"text-sm"[39m
              [36m>[39m
                [0mVoix ON[0m
              [36m</span>[39m
            [36m</button>[39m
            [36m<div[39m
              [33mclass[39m=[32m"text-right text-xs opacity-80 border-l border-white/30 pl-4"[39m
            [36m>[39m
              [36m<p[39m
                [33mclass[39m=[32m"font-semibold"[39m
              [36m>[39m
                [0m🎯 100% Automatisé[0m
              [36m</p>[39m
              [36m<p[39m
                [33mclass[39m=[32m"text-xs"[39m
              [36m>[39m
                [0m✅ Analyse TON • ✅ Garantie • ✅ Priorité[0m
              [36m</p>[39m
            [36m</div>[39m
          [36m</div>[39m
        [36m</div>[39m
      [36m</div>[39m
      [36m<div[39m
        [33mclass[39m=[32m"flex-1 overflow-y-auto p-6 space-y-4"[39m
      [36m>[39m
        [36m<div[39m
          [33mclass[39m=[32m"flex justify-start fade-in"[39m
        [36m>[39m
          [36m<div[39m
            [33mclass[39m=[32m"max-w-[75%] rounded-2xl p-4 shadow-md bg-white text-gray-800 border border-gray-200"[39m
          [36m>[39m
            [36m<div[39m
              [33mclass[39m=[32m"flex items-start space-x-3"[39m
            [36m>[39m
              [36m<div[39m
                [33mclass[39m=[32m"w-8 h-8 rounded-full bg-gradient-to-r from-amber-500 to-orange-500 flex items-center justify-center text-white font-bold flex-shrink-0"[39m
              [36m>[39m
                [0mM[0m
              [36m</div>[39m
              [36m<div[39m
                [33mclass[39m=[32m"flex-1"[39m
              [36m>[39m
                [36m<p[39m
                  [33mclass[39m=[32m"whitespace-pre-line leading-relaxed"[39m
                [36m>[39m
                  [0m👋 Bonjour ! Je suis votre assistant SAV Mobilier de France.

Décrivez-moi votre problème avec votre numéro de commande, je m'occupe du reste !

💡 **Exemple** : "Bonjour, je m'appelle Marie Martin. Mon canapé OSLO a le pied cassé, commande CMD-2024-12345"[0m
                [36m</p>[39m
                [36m<div[39m
                  [33mclass[39m=[32m"flex items-center justify-between mt-2 text-xs text-gray-500"[39m
                [36m>[39m
                  [36m<span>[39m
                    [0m13:02[0m
                  [36m</span>[39m
                [36m</div>[39m
              [36m</div>[39m
            [36m</div>[39m
          [36m</div>[39m
        [36m</div>[39m
        [36m<div[39m
          [33mclass[39m=[32m"flex justify-end fade-in"[39m
        [36m>[39m
          [36m<div[39m
            [33mclass[39m=[32m"max-w-[75%] rounded-2xl p-4 shadow-md bg-gradient-to-r from-amber-500 to-orange-500 text-white"[39m
          [36m>[39m
            [36m<div[39m
              [33mclass[39m=[32m"flex items-start space-x-3"[39m
            [36m>[39m
              [36m<div[39m
                [33mclass[39m=[32m"flex-1"[39m
              [36m>[39m
                [36m<p[39m
                  [33mclass[39m=[32m"whitespace-pre-line leading-relaxed"[39m
                [36m>[39m
                  [0mJe confirme[0m
                [36m</p>[39m
                [36m<div[39m
                  [33mclass[39m=[32m"flex items-center justify-between mt-2 text-xs text-white/70"[39m
                [36m>[39m
                  [36m<span>[39m
                    [0m13:02[0m
                  [36m</span>[39m
                [36m</div>[39m
              [36m</div>[39m
              [36m<div[39m
                [33mclass[39m=[32m"w-8 h-8 rounded-full bg-white flex items-center justify-center text-amber-600 font-bold flex-shrink-0"[39m
              [36m>[39m
                [0mV[0m
              [36m</div>[39m
            [36m</div>[39m
          [36m</div>[39m
        [36m</div>[39m
        [36m<div[39m
          [33mclass[39m=[32m"flex justify-start fade-in"[39m
        [36m>[39m
          [36m<div[39m
            [33mclass[39m=[32m"max-w-[75%] rounded-2xl p-4 shadow-md bg-white text-gray-800 border border-gray-200"[39m
          [36m>[39m
            [36m<div[39m
              [33mclass[39m=[32m"flex items-start space-x-3"[39m
            [36m>[39m
              [36m<div[39m
                [33mclass[39m=[32m"w-8 h-8 rounded-full bg-gradient-to-r from-amber-500 to-orange-500 flex items-center justify-center text-white font-bold flex-shrink-0"[39m
              [36m>[39m
                [0mM[0m
              [36m</div>[39m
              [36m<div[39m
                [33mclass[39m=[32m"flex-1"[39m
              [36m>[39m
                [36m<p[39m
                  [33mclass[39m=[32m"whitespace-pre-line leading-relaxed"[39m
                [36m>[39m
                  [0mDésolé, j'ai rencontré un problème technique. Pouvez-vous réessayer ?[0m
                [36m</p>[39m
                [36m<div[39m
                  [33mclass[39m=[32m"flex items-center justify-between mt-2 text-xs text-gray-500"[39m
                [36m>[39m
                  [36m<span>[39m
                    [0m13:02[0m
                  [36m</span>[39m
                [36m</div>[39m
              [36m</div>[39m
            [36m</div>[39m
          [36m</div>[39m
        [36m</div>[39m
        [36m<div />[39m
      [36m</div>[39m
      [36m<div[39m
        [33mclass[39m=[32m"bg-white p-6 border-t border-gray-200 shadow-lg"[39m
      [36m>[39m
        [36m<div[39m
          [33mclass[39m=[32m"flex items-end space-x-3"[39m
        [36m>[39m
          [36m<button[39m
            [33mclass[39m=[32m"bg-amber-100 hover:bg-amber-200 text-amber-700 p-3 rounded-full transition-colors flex-shrink-0"[39m
            [33mtitle[39m=[32m"Ajouter des photos"[39m
          [36m>[39m
            [36m<svg[39m
              [33mclass[39m=[32m"lucide lucide-camera w-6 h-6"[39m
              [33mfill[39m=[32m"none"[39m
              [33mheight[39m=[32m"24"[39m
              [33mstroke[39m=[32m"currentColor"[39m
              [33mstroke-linecap[39m=[32m"round"[39m
              [33mstroke-linejoin[39m=[32m"round"[39m
              [33mstroke-width[39m=[32m"2"[39m
              [33mviewBox[39m=[32m"0 0 24 24"[39m
              [33mwidth[39m=[32m"24"[39m
              [33mxmlns[39m=[32m"http://www.w3.org/2000/svg"[39m
            [36m>[39m
              [36m<path[39m
                [33md[39m=[32m"M14.5 4h-5L7 7H4a2 2 0 0 0-2 2v9a2 2 0 0 0 2 2h16a2 2 0 0 0 2-2V9a2 2 0 0 0-2-2h-3l-2.5-3z"[39m
              [36m/>[39m
              [36m<circle[39m
                [33mcx[39m=[32m"12"[39m
                [33mcy[39m=[32m"13"[39m
                [33mr[39m=[32m"3"[39m
              [36m/>[39m
            [36m</svg>[39m
          [36m</button>[39m
          [36m<input[39m
            [33maccept[39m=[32m"image/*,video/*"[39m
            [33mclass[39m=[32m"hidden"[39m
            [33mmultiple[39m=[32m""[39m
            [33mtype[39m=[32m"file"[39m
          [36m/>[39m
          [36m<button[39m
            [33mclass[39m=[32m"relative p-3 rounded-full transition-all flex-shrink-0 shadow-lg bg-gradient-to-r from-blue-500 to-purple-500 hover:from-blue-600 hover:to-purple-600 text-white"[39m
            [33mtitle[39m=[32m"🎤 Parler au lieu de taper"[39m
          [36m>[39m
            [36m<svg[39m
              [33mclass[39m=[32m"lucide lucide-mic w-6 h-6"[39m
              [33mfill[39m=[32m"none"[39m
              [33mheight[39m=[32m"24"[39m
              [33mstroke[39m=[32m"currentColor"[39m
              [33mstroke-linecap[39m=[32m"round"[39m
              [33mstroke-linejoin[39m=[32m"round"[39m
              [33mstroke-width[39m=[32m"2"[39m
              [33mviewBox[39m=[32m"0 0 24 24"[39m
              [33mwidth[39m=[32m"24"[39m
              [33mxmlns[39m=[32m"http://www.w3.org/2000/svg"[39m
            [36m>[39m
              [36m<path[39m
                [33md[39m=[32m"M12 2a3 3 0 0 0-3 3v7a3 3 0 0 0 6 0V5a3 3 0 0 0-3-3Z"[39m
              [36m/>[39m
              [36m<path[39m
                [33md[39m=[32m"M19 10v2a7 7 0 0 1-14 0v-2"[39m
              [36m/>[39m
              [36m<line[39m
                [33mx1[39m=[32m"12"[39m
                [33mx2[39m=[32m"12"[39m
                [33my1[39m=[32m"19"[39m
                [33my2[39m=[32m"22"[39m
              [36m/>[39m
            [36m</svg>[39m
          [36m</button>[39m
          [36m<div[39m
            [33mclass[39m=[32m"flex-1"[39m
          [36m>[39m
            [36m<textarea[39m
              [33mclass[39m=[32m"w-full border-2 border-gray-300 rounded-2xl px-4 py-3 focus:outline-none focus:ring-2 focus:ring-red-500 focus:border-transparent resize-none"[39m
              [33mplaceholder[39m=[32m"Nom complet + Problème + N° commande... (Ex: Jean Dupont, mon canapé OSLO a un pied cassé, CMD-2024-12345)"[39m
              [33mrows[39m=[32m"1"[39m
              [33mstyle[39m=[32m"min-height: 50px; max-height: 150px;"[39m
            [36m/>[39m
          [36m</div>[39m
          [36m<button[39m
            [33mclass[39m=[32m"p-3 rounded-full flex-shrink-0 transition-all bg-gray-300 text-gray-500 cursor-not-allowed"[39m
            [33mdisabled[39m=[32m""[39m
          [36m>[39m
            [36m<svg[39m
              [33mclass[39m=[32m"lucide lucide-send w-6 h-6"[39m
              [33mfill[39m=[32m"none"[39m
              [33mheight[39m=[32m"24"[39m
              [33mstroke[39m=[32m"currentColor"[39m
              [33mstroke-linecap[39m=[32m"round"[39m
              [33mstroke-linejoin[39m=[32m"round"[39m
              [33mstroke-width[39m=[32m"2"[39m
              [33mviewBox[39m=[32m"0 0 24 24"[39m
              [33mwidth[39m=[32m"24"[39m
              [33mxmlns[39m=[32m"http://www.w3.org/2000/svg"[39m
            [36m>[39m
              [36m<path[39m
                [33md[39m=[32m"m22 2-7 20-4-9-9-4Z"[39m
              [36m/>[39m
              [36m<path[39m
                [33md[39m=[32m"M22 2 11 13"[39m
              [36m/>[39m
            [36m</svg>[39m
          [36m</button>[39m
        [36m</div>[39m
        [36m<p[39m
          [33mclass[39m=[32m"text-xs text-gray-500 mt-3 text-center"[39m
        [36m>[39m
          [0m🔒 Données sécurisées • ⚡ Réponse immédiate • 🎤 Conversation vocale complète • 🔊 Le bot vous parle • 🎯 Analyse automatique du TON et PRIORITÉ • 🛡️ Vérification garantie instantanée[0m
        [36m</p>[39m
      [36m</div>[39m
    [36m</div>[39m
  [36m</div>[39m
[36m</body>[39m

Ignored nodes: comments, script, style
[36m<html>[39m
  [36m<head />[39m
  [36m<body>[39m
    [36m<div>[39m
      [36m<div[39m
        [33mclass[39m=[32m"flex flex-col h-full max-w-5xl mx-auto bg-gradient-to-br from-amber-50 to-orange-50"[39m
      [36m>[39m
        [36m<div[39m
          [33mclass[39m=[32m"bg-gradient-to-r from-blue-600 to-blue-700 text-white p-6 shadow-lg"[39m
        [36m>[39m
          [36m<div[39m
            [33mclass[39m=[32m"flex items-center justify-between"[39m
          [36m>[39m
            [36m<div>[39m
              [36m<h1[39m
                [33mclass[39m=[32m"text-3xl font-bold"[39m
              [36m>[39m
                [0mService clientèle du groupe Mobilier de France[0m
              [36m</h1>[39m
              [36m<p[39m
                [33mclass[39m=[32m"text-sm opacity-90 mt-1"[39m
              [36m>[39m
                [0mService Après-Vente Intelligent • Traitement automatisé en temps réel[0m
              [36m</p>[39m
            [36m</div>[39m
            [36m<div[39m
              [33mclass[39m=[32m"flex items-center space-x-4"[39m
            [36m>[39m
              [36m<button[39m
                [33mclass[39m=[32m"flex items-center space-x-2 px-4 py-2 rounded-lg font-medium transition-all bg-white text-blue-600 hover:bg-gray-100"[39m
                [33mtitle[39m=[32m"Désactiver la voix du bot"[39m
              [36m>[39m
                [36m<svg[39m
                  [33mclass[39m=[32m"lucide lucide-volume2 w-5 h-5 "[39m
                  [33mfill[39m=[32m"none"[39m
                  [33mheight[39m=[32m"24"[39m
                  [33mstroke[39m=[32m"currentColor"[39m
                  [33mstroke-linecap[39m=[32m"round"[39m
                  [33mstroke-linejoin[39m=[32m"round"[39m
                  [33mstroke-width[39m=[32m"2"[39m
                  [33mviewBox[39m=[32m"0 0 24 24"[39m
                  [33mwidth[39m=[32m"24"[39m
                  [33mxmlns[39m=[32m"http://www.w3.org/2000/svg"[39m
                [36m>[39m
                  [36m<polygon[39m
                    [33mpoints[39m=[32m"11 5 6 9 2 9 2 15 6 15 11 19 11 5"[39m
                  [36m/>[39m
                  [36m<path[39m
                    [33md[39m=[32m"M15.54 8.46a5 5 0 0 1 0 7.07"[39m
                  [36m/>[39m
                  [36m<path[39m
                    [33md[39m=[32m"M19.07 4.93a10 10 0 0 1 0 14.14"[39m
                  [36m/>[39m
                [36m</svg>[39m
                [36m<span[39m
                  [33mclass[39m=[32m"text-sm"[39m
                [36m>[39m
                  [0mVoix ON[0m
                [36m</span>[39m
              [36m</button>[39m
              [36m<div[39m
                [33mclass[39m=[32m"text-right text-xs opacity-80 border-l border-white/30 pl-4"[39m
              [36m>[39m
                [36m<p[39m
                  [33mclass[39m=[32m"font-semibold"[39m
                [36m>[39m
                  [0m🎯 100% Automatisé[0m
                [36m</p>[39m
                [36m<p[39m
                  [33mclass[39m=[32m"text-xs"[39m
                [36m>[39m
                  [0m✅ Analyse TON • ✅ Garantie • ✅ Priorité[0m
                [36m</p>[39m
              [36m</div>[39m
            [36m</div>[39m
          [36m</div>[39m
        [36m</div>[39m
        [36m<div[39m
          [33mclass[39m=[32m"flex-1 overflow-y-auto p-6 space-y-4"[39m
        [36m>[39m
          [36m<div[39m
            [33mclass[39m=[32m"flex justify-start fade-in"[39m
          [36m>[39m
            [36m<div[39m
              [33mclass[39m=[32m"max-w-[75%] rounded-2xl p-4 shadow-md bg-white text-gray-800 border border-gray-200"[39m
            [36m>[39m
              [36m<div[39m
                [33mclass[39m=[32m"flex items-start space-x-3"[39m
              [36m>[39m
                [36m<div[39m
                  [33mclass[39m=[32m"w-8 h-8 rounded-full bg-gradient-to-r from-amber-500 to-orange-500 flex items-center justify-center text-white font-bold flex-shrink-0"[39m
                [36m>[39m
                  [0mM[0m
                [36m</div>[39m
                [36m<div[39m
                  [33mclass[39m=[32m"flex-1"[39m
                [36m>[39m
                  [36m<p[39m
                    [33mclass[39m=[32m"whitespace-pre-line leading-relaxed"[39m
                  [36m>[39m
                    [0m👋 Bonjour ! Je suis votre assistant SAV Mobilier de France.

Décrivez-moi votre problème avec votre numéro de commande, je m'occupe du reste !

💡 **Exemple** : "Bonjour, je m'appelle Marie Martin. Mon canapé OSLO a le pied cassé, commande CMD-2024-12345"[0m
                  [36m</p>[39m
                  [36m<div[39m
                    [33mclass[39m=[32m"flex items-center justify-between mt-2 text-xs text-gray-500"[39m
                  [36m>[39m
                    [36m<span>[39m
                      [0m13:02[0m
                    [36m</span>[39m
                  [36m</div>[39m
                [36m</div>[39m
              [36m</div>[39m
            [36m</div>[39m
          [36m</div>[39m
          [36m<div[39m
            [33mclass[39m=[32m"flex justify-end fade-in"[39m
          [36m>[39m
            [36m<div[39m
              [33mclass[39m=[32m"max-w-[75%] rounded-2xl p-4 shadow-md bg-gradient-to-r from-amber-500 to-orange-500 text-white"[39m
            [36m>[39m
              [36m<div[39m
                [33mclass[39m=[32m"flex items-start space-x-3"[39m
              [36m>[39m
                [36m<div[39m
                  [33mclass[39m=[32m"flex-1"[39m
                [36m>[39m
                  [36m<p[39m
                    [33mclass[39m=[32m"whitespace-pre-line leading-relaxed"[39m
                  [36m>[39m
                    [0mJe confirme[0m
                  [36m</p>[39m
                  [36m<div[39m
                    [33mclass[39m=[32m"flex items-center justify-between mt-2 text-xs text-white/70"[39m
                  [36m>[39m
                    [36m<span>[39m
                      [0m13:02[0m
                    [36m</span>[39m
                  [36m</div>[39m
                [36m</div>[39m
                [36m<div[39m
                  [33mclass[39m=[32m"w-8 h-8 rounded-full bg-white flex items-center justify-center text-amber-600 font-bold flex-shrink-0"[39m
                [36m>[39m
                  [0mV[0m
                [36m</div>[39m
              [36m</div>[39m
            [36m</div>[39m
          [36m</div>[39m
          [36m<div[39m
            [33mclass[39m=[32m"flex justify-start fade-in"[39m
          [36m>[39m
            [36m<div[39m
              [33mclass[39m=[32m"max-w-[75%] rounded-2xl p-4 shadow-md bg-white text-gray-800 border border-gray-200"[39m
            [36m>[39m
              [36m<div[39m
                [33mclass[39m=[32m"flex items-start space-x-3"[39m
              [36m>[39m
                [36m<div[39m
                  [33mclass[39m=[32m"w-8 h-8 rounded-full bg-gradient-to-r from-amber-500 to-orange-500 flex items-center justify-center text-white font-bold flex-shrink-0"[39m
                [36m>[39m
                  [0mM[0m
                [36m</div>[39m
                [36m<div[39m
                  [33mclass[39m=[32m"flex-1"[39m
                [36m>[39m
                  [36m<p[39m
                    [33mclass[39m=[32m"whitespace-pre-line leading-relaxed"[39m
                  [36m>[39m
                    [0mDésolé, j'ai rencontré un problème technique. Pouvez-vous réessayer ?[0m
                  [36m</p>[39m
                  [36m<div[39m
                    [33mclass[39m=[32m"flex items-center justify-between mt-2 text-xs text-gray-500"[39m
                  [36m>[39m
                    [36m<span>[39m
                      [0m13:02[0m
                    [36m</span>[39m
                  [36m</div>[39m
                [36m</div>[39m
              [36m</div>[39m
            [36m</div>[39m
          [36m</div>[39m
          [36m<div />[39m
        [36m</div>[39m
        [36m<div[39m
          [33mclass[39m=[32m"bg-white p-6 border-t border-gray-200 shadow-lg"[39m
        [36m>[39m
          [36m<div[39m
            [33mclass[39m=[32m"flex items-end space-x-3"[39m
          [36m>[39m
            [36m<button[39m
              [33mclass[39m=[32m"bg-amber-100 hover:bg-amber-200 text-amber-700 p-3 rounded-full transition-colors flex-shrink-0"[39m
              [33mtitle[39m=[32m"Ajouter des photos"[39m
            [36m>[39m
              [36m<svg[39m
                [33mclass[39m=[32m"lucide lucide-camera w-6 h-6"[39m
                [33mfill[39m=[32m"none"[39m
                [33mheight[39m=[32m"24"[39m
                [33mstroke[39m=[32m"currentColor"[39m
                [33mstroke-linecap[39m=[32m"round"[39m
                [33mstroke-linejoin[39m=[32m"round"[39m
                [33mstroke-width[39m=[32m"2"[39m
                [33mviewBox[39m=[32m"0 0 24 24"[39m
                [33mwidth[39m=[32m"24"[39m
                [33mxmlns[39m=[32m"http://www.w3.org/2000/svg"[39m
              [36m>[39m
                [36m<path[39m
                  [33md[39m=[32m"M14.5 4h-5L7 7H4a2 2 0 0 0-2 2v9a2 2 0 0 0 2 2h16a2 2 0 0 0 2-2V9a2 2 0 0 0-2-2h-3l-2.5-3z"[39m
                [36m/>[39m
                [36m<circle[39m
                  [33mcx[39m=[32m"12"[39m
                  [33mcy[39m=[32m"13"[39m
                  [33mr[39m=[32m"3"[39m
                [36m/>[39m
              [36m</svg>[39m
            [36m</button>[39m
            [36m<input[39m
              [33maccept[39m=[32m"image/*,video/*"[39m
              [33mclass[39m=[32m"hidden"[39m
              [33mmultiple[39m=[32m""[39m
              [33mtype[39m=[32m"file"[39m
            [36m/>[39m
            [36m<button[39m
              [33mclass[39m=[32m"relative p-3 rounded-full transition-all flex-shrink-0 shadow-lg bg-gradient-to-r from-blue-500 to-purple-500 hover:from-blue-600 hover:to-purple-600 text-white"[39m
              [33mtitle[39m=[32m"🎤 Parler au lieu de taper"[39m
            [36m>[39m
              [36m<svg[39m
                [33mclass[39m=[32m"lucide lucide-mic w-6 h-6"[39m
                [33mfill[39m=[32m"none"[39m
                [33mheight[39m=[32m"24"[39m
                [33mstroke[39m=[32m"currentColor"[39m
                [33mstroke-linecap[39m=[32m"round"[39m
                [33mstroke-linejoin[39m=[32m"round"[39m
                [33mstroke-width[39m=[32m"2"[39m
                [33mviewBox[39m=[32m"0 0 24 24"[39m
                [33mwidth[39m=[32m"24"[39m
                [33mxmlns[39m=[32m"http://www.w3.org/2000/svg"[39m
              [36m>[39m
                [36m<path[39m
                  [33md[39m=[32m"M12 2a3 3 0 0 0-3 3v7a3 3 0 0 0 6 0V5a3 3 0 0 0-3-3Z"[39m
                [36m/>[39m
                [36m<path[39m
                  [33md[39m=[32m"M19 10v2a7 7 0 0 1-14 0v-2"[39m
                [36m/>[39m
                [36m<line[39m
                  [33mx1[39m=[32m"12"[39m
                  [33mx2[39m=[32m"12"[39m
                  [33my1[39m=[32m"19"[39m
                  [33my2[39m=[32m"22"[39m
                [36m/>[39m
              [36m</svg>[39m
            [36m</button>[39m
            [36m<div[39m
              [33mclass[39m=[32m"flex-1"[39m
            [36m>[39m
              [36m<textarea[39m
                [33mclass[39m=[32m"w-full border-2 border-gray-300 rounded-2xl px-4 py-3 focus:outline-none focus:ring-2 focus:ring-red-500 focus:border-transparent resize-none"[39m
                [33mplaceholder[39m=[32m"Nom complet + Problème + N° commande... (Ex: Jean Dupont, mon canapé OSLO a un pied cassé, CMD-2024-12345)"[39m
                [33mrows[39m=[32m"1"[39m
                [33mstyle[39m=[32m"min-height: 50px; max-height: 150px;"[39m
              [36m/>[39m
            [36m</div>[39m
            [36m<button[39m
              [33mclass[39m=[32m"p-3 rounded-full flex-shrink-0 transition-all bg-gray-300 text-gray-500 cursor-not-allowed"[39m
              [33mdisabled[39m=[32m""[39m
            [36m>[39m
              [36m<svg[39m
                [33mclass[39m=[32m"lucide lucide-send w-6 h-6"[39m
                [33mfill[39m=[32m"none"[39m
                [33mheight[39m=[32m"24"[39m
                [33mstroke[39m=[32m"currentColor"[39m
                [33mstroke-linecap[39m=[32m"round"[39m
                [33mstroke-linejoin[39m=[32m"round"[39m
                [33mstroke-width[39m=[32m"2"[39m
                [33mviewBox[39m=[32m"0 0 24 24"[39m
                [33mwidth[39m=[32m"24"[39m
                [33mxmlns[39m=[32m"http://www.w3.org/2000/svg"[39m
              [36m>[39m
                [36m<path[39m
                  [33md[39m=[32m"m22 2-7 20-4-9-9-4Z"[39m
                [36m/>[39m
                [36m<path[39m
                  [33md[39m=[32m"M22 2 11 13"[39m
                [36m/>[39m
              [36m</svg>[39m
            [36m</button>[39m
          [36m</div>[39m
          [36m<p[39m
            [33mclass[39m=[32m"text-xs text-gray-500 mt-3 text-center"[39m
          [36m>[39m
            [0m🔒 Données sécurisées • ⚡ Réponse immédiate • 🎤 Conversation vocale complète • 🔊 Le bot vous parle • 🎯 Analyse automatique du TON et PRIORITÉ • 🛡️ Vérification garantie instantanée[0m
          [36m</p>[39m
        [36m</div>[39m
      [36m</div>[39m
    [36m</div>[39m
  [36m</body>[39m
[36m</html>[39m
[90m [2m❯[22m Proxy.waitForWrapper node_modules/@testing-library/dom/dist/wait-for.js:[2m163:27[22m[39m
[36m [2m❯[22m src/__tests__/ChatInterface.test.jsx:[2m224:13[22m[39m
    [90m222| [39m      [35mawait[39m user[33m.[39m[34mclick[39m(buttons[buttons[33m.[39mlength [33m-[39m [34m1[39m])[33m;[39m
    [90m223| [39m
    [90m224| [39m      [35mawait[39m [34mwaitFor[39m(() [33m=>[39m {
    [90m   | [39m            [31m^[39m
    [90m225| [39m        [34mexpect[39m(screen[33m.[39m[34mgetByText[39m([36m/Valider le ticket/i[39m))[33m.[39m[34mtoBeInTheDocume[39m…
    [90m226| [39m        [34mexpect[39m(screen[33m.[39m[34mgetByText[39m([36m/Recommencer/i[39m))[33m.[39m[34mtoBeInTheDocument[39m()[33m;[39m

[31m[2m⎯⎯⎯⎯⎯⎯⎯⎯⎯⎯⎯⎯⎯⎯⎯⎯⎯⎯⎯⎯⎯⎯⎯[9/61]⎯[22m[39m

[31m[1m[7m FAIL [27m[22m[39m src/__tests__/ChatInterface.test.jsx[2m > [22mChatInterface[2m > [22mTicket Confirmation Flow[2m > [22mshould create ticket on confirmation
[31m[1mTestingLibraryElementError[22m[39m: Unable to find an element with the text: /Valider le ticket/i. This could be because the text is broken up by multiple elements. In this case, you can provide a function for your text matcher to make your matcher more flexible.

Ignored nodes: comments, script, style
[36m<body>[39m
  [36m<div>[39m
    [36m<div[39m
      [33mclass[39m=[32m"flex flex-col h-full max-w-5xl mx-auto bg-gradient-to-br from-amber-50 to-orange-50"[39m
    [36m>[39m
      [36m<div[39m
        [33mclass[39m=[32m"bg-gradient-to-r from-blue-600 to-blue-700 text-white p-6 shadow-lg"[39m
      [36m>[39m
        [36m<div[39m
          [33mclass[39m=[32m"flex items-center justify-between"[39m
        [36m>[39m
          [36m<div>[39m
            [36m<h1[39m
              [33mclass[39m=[32m"text-3xl font-bold"[39m
            [36m>[39m
              [0mService clientèle du groupe Mobilier de France[0m
            [36m</h1>[39m
            [36m<p[39m
              [33mclass[39m=[32m"text-sm opacity-90 mt-1"[39m
            [36m>[39m
              [0mService Après-Vente Intelligent • Traitement automatisé en temps réel[0m
            [36m</p>[39m
          [36m</div>[39m
          [36m<div[39m
            [33mclass[39m=[32m"flex items-center space-x-4"[39m
          [36m>[39m
            [36m<button[39m
              [33mclass[39m=[32m"flex items-center space-x-2 px-4 py-2 rounded-lg font-medium transition-all bg-white text-blue-600 hover:bg-gray-100"[39m
              [33mtitle[39m=[32m"Désactiver la voix du bot"[39m
            [36m>[39m
              [36m<svg[39m
                [33mclass[39m=[32m"lucide lucide-volume2 w-5 h-5 "[39m
                [33mfill[39m=[32m"none"[39m
                [33mheight[39m=[32m"24"[39m
                [33mstroke[39m=[32m"currentColor"[39m
                [33mstroke-linecap[39m=[32m"round"[39m
                [33mstroke-linejoin[39m=[32m"round"[39m
                [33mstroke-width[39m=[32m"2"[39m
                [33mviewBox[39m=[32m"0 0 24 24"[39m
                [33mwidth[39m=[32m"24"[39m
                [33mxmlns[39m=[32m"http://www.w3.org/2000/svg"[39m
              [36m>[39m
                [36m<polygon[39m
                  [33mpoints[39m=[32m"11 5 6 9 2 9 2 15 6 15 11 19 11 5"[39m
                [36m/>[39m
                [36m<path[39m
                  [33md[39m=[32m"M15.54 8.46a5 5 0 0 1 0 7.07"[39m
                [36m/>[39m
                [36m<path[39m
                  [33md[39m=[32m"M19.07 4.93a10 10 0 0 1 0 14.14"[39m
                [36m/>[39m
              [36m</svg>[39m
              [36m<span[39m
                [33mclass[39m=[32m"text-sm"[39m
              [36m>[39m
                [0mVoix ON[0m
              [36m</span>[39m
            [36m</button>[39m
            [36m<div[39m
              [33mclass[39m=[32m"text-right text-xs opacity-80 border-l border-white/30 pl-4"[39m
            [36m>[39m
              [36m<p[39m
                [33mclass[39m=[32m"font-semibold"[39m
              [36m>[39m
                [0m🎯 100% Automatisé[0m
              [36m</p>[39m
              [36m<p[39m
                [33mclass[39m=[32m"text-xs"[39m
              [36m>[39m
                [0m✅ Analyse TON • ✅ Garantie • ✅ Priorité[0m
              [36m</p>[39m
            [36m</div>[39m
          [36m</div>[39m
        [36m</div>[39m
      [36m</div>[39m
      [36m<div[39m
        [33mclass[39m=[32m"flex-1 overflow-y-auto p-6 space-y-4"[39m
      [36m>[39m
        [36m<div[39m
          [33mclass[39m=[32m"flex justify-start fade-in"[39m
        [36m>[39m
          [36m<div[39m
            [33mclass[39m=[32m"max-w-[75%] rounded-2xl p-4 shadow-md bg-white text-gray-800 border border-gray-200"[39m
          [36m>[39m
            [36m<div[39m
              [33mclass[39m=[32m"flex items-start space-x-3"[39m
            [36m>[39m
              [36m<div[39m
                [33mclass[39m=[32m"w-8 h-8 rounded-full bg-gradient-to-r from-amber-500 to-orange-500 flex items-center justify-center text-white font-bold flex-shrink-0"[39m
              [36m>[39m
                [0mM[0m
              [36m</div>[39m
              [36m<div[39m
                [33mclass[39m=[32m"flex-1"[39m
              [36m>[39m
                [36m<p[39m
                  [33mclass[39m=[32m"whitespace-pre-line leading-relaxed"[39m
                [36m>[39m
                  [0m👋 Bonjour ! Je suis votre assistant SAV Mobilier de France.

Décrivez-moi votre problème avec votre numéro de commande, je m'occupe du reste !

💡 **Exemple** : "Bonjour, je m'appelle Marie Martin. Mon canapé OSLO a le pied cassé, commande CMD-2024-12345"[0m
                [36m</p>[39m
                [36m<div[39m
                  [33mclass[39m=[32m"flex items-center justify-between mt-2 text-xs text-gray-500"[39m
                [36m>[39m
                  [36m<span>[39m
                    [0m13:02[0m
                  [36m</span>[39m
                [36m</div>[39m
              [36m</div>[39m
            [36m</div>[39m
          [36m</div>[39m
        [36m</div>[39m
        [36m<div[39m
          [33mclass[39m=[32m"flex justify-end fade-in"[39m
        [36m>[39m
          [36m<div[39m
            [33mclass[39m=[32m"max-w-[75%] rounded-2xl p-4 shadow-md bg-gradient-to-r from-amber-500 to-orange-500 text-white"[39m
          [36m>[39m
            [36m<div[39m
              [33mclass[39m=[32m"flex items-start space-x-3"[39m
            [36m>[39m
              [36m<div[39m
                [33mclass[39m=[32m"flex-1"[39m
              [36m>[39m
                [36m<p[39m
                  [33mclass[39m=[32m"whitespace-pre-line leading-relaxed"[39m
                [36m>[39m
                  [0mJe confirme[0m
                [36m</p>[39m
                [36m<div[39m
                  [33mclass[39m=[32m"flex items-center justify-between mt-2 text-xs text-white/70"[39m
                [36m>[39m
                  [36m<span>[39m
                    [0m13:02[0m
                  [36m</span>[39m
                [36m</div>[39m
              [36m</div>[39m
              [36m<div[39m
                [33mclass[39m=[32m"w-8 h-8 rounded-full bg-white flex items-center justify-center text-amber-600 font-bold flex-shrink-0"[39m
              [36m>[39m
                [0mV[0m
              [36m</div>[39m
            [36m</div>[39m
          [36m</div>[39m
        [36m</div>[39m
        [36m<div[39m
          [33mclass[39m=[32m"flex justify-start fade-in"[39m
        [36m>[39m
          [36m<div[39m
            [33mclass[39m=[32m"max-w-[75%] rounded-2xl p-4 shadow-md bg-white text-gray-800 border border-gray-200"[39m
          [36m>[39m
            [36m<div[39m
              [33mclass[39m=[32m"flex items-start space-x-3"[39m
            [36m>[39m
              [36m<div[39m
                [33mclass[39m=[32m"w-8 h-8 rounded-full bg-gradient-to-r from-amber-500 to-orange-500 flex items-center justify-center text-white font-bold flex-shrink-0"[39m
              [36m>[39m
                [0mM[0m
              [36m</div>[39m
              [36m<div[39m
                [33mclass[39m=[32m"flex-1"[39m
              [36m>[39m
                [36m<p[39m
                  [33mclass[39m=[32m"whitespace-pre-line leading-relaxed"[39m
                [36m>[39m
                  [0mDésolé, j'ai rencontré un problème technique. Pouvez-vous réessayer ?[0m
                [36m</p>[39m
                [36m<div[39m
                  [33mclass[39m=[32m"flex items-center justify-between mt-2 text-xs text-gray-500"[39m
                [36m>[39m
                  [36m<span>[39m
                    [0m13:02[0m
                  [36m</span>[39m
                [36m</div>[39m
              [36m</div>[39m
            [36m</div>[39m
          [36m</div>[39m
        [36m</div>[39m
        [36m<div />[39m
      [36m</div>[39m
      [36m<div[39m
        [33mclass[39m=[32m"bg-white p-6 border-t border-gray-200 shadow-lg"[39m
      [36m>[39m
        [36m<div[39m
          [33mclass[39m=[32m"flex items-end space-x-3"[39m
        [36m>[39m
          [36m<button[39m
            [33mclass[39m=[32m"bg-amber-100 hover:bg-amber-200 text-amber-700 p-3 rounded-full transition-colors flex-shrink-0"[39m
            [33mtitle[39m=[32m"Ajouter des photos"[39m
          [36m>[39m
            [36m<svg[39m
              [33mclass[39m=[32m"lucide lucide-camera w-6 h-6"[39m
              [33mfill[39m=[32m"none"[39m
              [33mheight[39m=[32m"24"[39m
              [33mstroke[39m=[32m"currentColor"[39m
              [33mstroke-linecap[39m=[32m"round"[39m
              [33mstroke-linejoin[39m=[32m"round"[39m
              [33mstroke-width[39m=[32m"2"[39m
              [33mviewBox[39m=[32m"0 0 24 24"[39m
              [33mwidth[39m=[32m"24"[39m
              [33mxmlns[39m=[32m"http://www.w3.org/2000/svg"[39m
            [36m>[39m
              [36m<path[39m
                [33md[39m=[32m"M14.5 4h-5L7 7H4a2 2 0 0 0-2 2v9a2 2 0 0 0 2 2h16a2 2 0 0 0 2-2V9a2 2 0 0 0-2-2h-3l-2.5-3z"[39m
              [36m/>[39m
              [36m<circle[39m
                [33mcx[39m=[32m"12"[39m
                [33mcy[39m=[32m"13"[39m
                [33mr[39m=[32m"3"[39m
              [36m/>[39m
            [36m</svg>[39m
          [36m</button>[39m
          [36m<input[39m
            [33maccept[39m=[32m"image/*,video/*"[39m
            [33mclass[39m=[32m"hidden"[39m
            [33mmultiple[39m=[32m""[39m
            [33mtype[39m=[32m"file"[39m
          [36m/>[39m
          [36m<button[39m
            [33mclass[39m=[32m"relative p-3 rounded-full transition-all flex-shrink-0 shadow-lg bg-gradient-to-r from-blue-500 to-purple-500 hover:from-blue-600 hover:to-purple-600 text-white"[39m
            [33mtitle[39m=[32m"🎤 Parler au lieu de taper"[39m
          [36m>[39m
            [36m<svg[39m
              [33mclass[39m=[32m"lucide lucide-mic w-6 h-6"[39m
              [33mfill[39m=[32m"none"[39m
              [33mheight[39m=[32m"24"[39m
              [33mstroke[39m=[32m"currentColor"[39m
              [33mstroke-linecap[39m=[32m"round"[39m
              [33mstroke-linejoin[39m=[32m"round"[39m
              [33mstroke-width[39m=[32m"2"[39m
              [33mviewBox[39m=[32m"0 0 24 24"[39m
              [33mwidth[39m=[32m"24"[39m
              [33mxmlns[39m=[32m"http://www.w3.org/2000/svg"[39m
            [36m>[39m
              [36m<path[39m
                [33md[39m=[32m"M12 2a3 3 0 0 0-3 3v7a3 3 0 0 0 6 0V5a3 3 0 0 0-3-3Z"[39m
              [36m/>[39m
              [36m<path[39m
                [33md[39m=[32m"M19 10v2a7 7 0 0 1-14 0v-2"[39m
              [36m/>[39m
              [36m<line[39m
                [33mx1[39m=[32m"12"[39m
                [33mx2[39m=[32m"12"[39m
                [33my1[39m=[32m"19"[39m
                [33my2[39m=[32m"22"[39m
              [36m/>[39m
            [36m</svg>[39m
          [36m</button>[39m
          [36m<div[39m
            [33mclass[39m=[32m"flex-1"[39m
          [36m>[39m
            [36m<textarea[39m
              [33mclass[39m=[32m"w-full border-2 border-gray-300 rounded-2xl px-4 py-3 focus:outline-none focus:ring-2 focus:ring-red-500 focus:border-transparent resize-none"[39m
              [33mplaceholder[39m=[32m"Nom complet + Problème + N° commande... (Ex: Jean Dupont, mon canapé OSLO a un pied cassé, CMD-2024-12345)"[39m
              [33mrows[39m=[32m"1"[39m
              [33mstyle[39m=[32m"min-height: 50px; max-height: 150px;"[39m
            [36m/>[39m
          [36m</div>[39m
          [36m<button[39m
            [33mclass[39m=[32m"p-3 rounded-full flex-shrink-0 transition-all bg-gray-300 text-gray-500 cursor-not-allowed"[39m
            [33mdisabled[39m=[32m""[39m
          [36m>[39m
            [36m<svg[39m
              [33mclass[39m=[32m"lucide lucide-send w-6 h-6"[39m
              [33mfill[39m=[32m"none"[39m
              [33mheight[39m=[32m"24"[39m
              [33mstroke[39m=[32m"currentColor"[39m
              [33mstroke-linecap[39m=[32m"round"[39m
              [33mstroke-linejoin[39m=[32m"round"[39m
              [33mstroke-width[39m=[32m"2"[39m
              [33mviewBox[39m=[32m"0 0 24 24"[39m
              [33mwidth[39m=[32m"24"[39m
              [33mxmlns[39m=[32m"http://www.w3.org/2000/svg"[39m
            [36m>[39m
              [36m<path[39m
                [33md[39m=[32m"m22 2-7 20-4-9-9-4Z"[39m
              [36m/>[39m
              [36m<path[39m
                [33md[39m=[32m"M22 2 11 13"[39m
              [36m/>[39m
            [36m</svg>[39m
          [36m</button>[39m
        [36m</div>[39m
        [36m<p[39m
          [33mclass[39m=[32m"text-xs text-gray-500 mt-3 text-center"[39m
        [36m>[39m
          [0m🔒 Données sécurisées • ⚡ Réponse immédiate • 🎤 Conversation vocale complète • 🔊 Le bot vous parle • 🎯 Analyse automatique du TON et PRIORITÉ • 🛡️ Vérification garantie instantanée[0m
        [36m</p>[39m
      [36m</div>[39m
    [36m</div>[39m
  [36m</div>[39m
[36m</body>[39m

Ignored nodes: comments, script, style
[36m<html>[39m
  [36m<head />[39m
  [36m<body>[39m
    [36m<div>[39m
      [36m<div[39m
        [33mclass[39m=[32m"flex flex-col h-full max-w-5xl mx-auto bg-gradient-to-br from-amber-50 to-orange-50"[39m
      [36m>[39m
        [36m<div[39m
          [33mclass[39m=[32m"bg-gradient-to-r from-blue-600 to-blue-700 text-white p-6 shadow-lg"[39m
        [36m>[39m
          [36m<div[39m
            [33mclass[39m=[32m"flex items-center justify-between"[39m
          [36m>[39m
            [36m<div>[39m
              [36m<h1[39m
                [33mclass[39m=[32m"text-3xl font-bold"[39m
              [36m>[39m
                [0mService clientèle du groupe Mobilier de France[0m
              [36m</h1>[39m
              [36m<p[39m
                [33mclass[39m=[32m"text-sm opacity-90 mt-1"[39m
              [36m>[39m
                [0mService Après-Vente Intelligent • Traitement automatisé en temps réel[0m
              [36m</p>[39m
            [36m</div>[39m
            [36m<div[39m
              [33mclass[39m=[32m"flex items-center space-x-4"[39m
            [36m>[39m
              [36m<button[39m
                [33mclass[39m=[32m"flex items-center space-x-2 px-4 py-2 rounded-lg font-medium transition-all bg-white text-blue-600 hover:bg-gray-100"[39m
                [33mtitle[39m=[32m"Désactiver la voix du bot"[39m
              [36m>[39m
                [36m<svg[39m
                  [33mclass[39m=[32m"lucide lucide-volume2 w-5 h-5 "[39m
                  [33mfill[39m=[32m"none"[39m
                  [33mheight[39m=[32m"24"[39m
                  [33mstroke[39m=[32m"currentColor"[39m
                  [33mstroke-linecap[39m=[32m"round"[39m
                  [33mstroke-linejoin[39m=[32m"round"[39m
                  [33mstroke-width[39m=[32m"2"[39m
                  [33mviewBox[39m=[32m"0 0 24 24"[39m
                  [33mwidth[39m=[32m"24"[39m
                  [33mxmlns[39m=[32m"http://www.w3.org/2000/svg"[39m
                [36m>[39m
                  [36m<polygon[39m
                    [33mpoints[39m=[32m"11 5 6 9 2 9 2 15 6 15 11 19 11 5"[39m
                  [36m/>[39m
                  [36m<path[39m
                    [33md[39m=[32m"M15.54 8.46a5 5 0 0 1 0 7.07"[39m
                  [36m/>[39m
                  [36m<path[39m
                    [33md[39m=[32m"M19.07 4.93a10 10 0 0 1 0 14.14"[39m
                  [36m/>[39m
                [36m</svg>[39m
                [36m<span[39m
                  [33mclass[39m=[32m"text-sm"[39m
                [36m>[39m
                  [0mVoix ON[0m
                [36m</span>[39m
              [36m</button>[39m
              [36m<div[39m
                [33mclass[39m=[32m"text-right text-xs opacity-80 border-l border-white/30 pl-4"[39m
              [36m>[39m
                [36m<p[39m
                  [33mclass[39m=[32m"font-semibold"[39m
                [36m>[39m
                  [0m🎯 100% Automatisé[0m
                [36m</p>[39m
                [36m<p[39m
                  [33mclass[39m=[32m"text-xs"[39m
                [36m>[39m
                  [0m✅ Analyse TON • ✅ Garantie • ✅ Priorité[0m
                [36m</p>[39m
              [36m</div>[39m
            [36m</div>[39m
          [36m</div>[39m
        [36m</div>[39m
        [36m<div[39m
          [33mclass[39m=[32m"flex-1 overflow-y-auto p-6 space-y-4"[39m
        [36m>[39m
          [36m<div[39m
            [33mclass[39m=[32m"flex justify-start fade-in"[39m
          [36m>[39m
            [36m<div[39m
              [33mclass[39m=[32m"max-w-[75%] rounded-2xl p-4 shadow-md bg-white text-gray-800 border border-gray-200"[39m
            [36m>[39m
              [36m<div[39m
                [33mclass[39m=[32m"flex items-start space-x-3"[39m
              [36m>[39m
                [36m<div[39m
                  [33mclass[39m=[32m"w-8 h-8 rounded-full bg-gradient-to-r from-amber-500 to-orange-500 flex items-center justify-center text-white font-bold flex-shrink-0"[39m
                [36m>[39m
                  [0mM[0m
                [36m</div>[39m
                [36m<div[39m
                  [33mclass[39m=[32m"flex-1"[39m
                [36m>[39m
                  [36m<p[39m
                    [33mclass[39m=[32m"whitespace-pre-line leading-relaxed"[39m
                  [36m>[39m
                    [0m👋 Bonjour ! Je suis votre assistant SAV Mobilier de France.

Décrivez-moi votre problème avec votre numéro de commande, je m'occupe du reste !

💡 **Exemple** : "Bonjour, je m'appelle Marie Martin. Mon canapé OSLO a le pied cassé, commande CMD-2024-12345"[0m
                  [36m</p>[39m
                  [36m<div[39m
                    [33mclass[39m=[32m"flex items-center justify-between mt-2 text-xs text-gray-500"[39m
                  [36m>[39m
                    [36m<span>[39m
                      [0m13:02[0m
                    [36m</span>[39m
                  [36m</div>[39m
                [36m</div>[39m
              [36m</div>[39m
            [36m</div>[39m
          [36m</div>[39m
          [36m<div[39m
            [33mclass[39m=[32m"flex justify-end fade-in"[39m
          [36m>[39m
            [36m<div[39m
              [33mclass[39m=[32m"max-w-[75%] rounded-2xl p-4 shadow-md bg-gradient-to-r from-amber-500 to-orange-500 text-white"[39m
            [36m>[39m
              [36m<div[39m
                [33mclass[39m=[32m"flex items-start space-x-3"[39m
              [36m>[39m
                [36m<div[39m
                  [33mclass[39m=[32m"flex-1"[39m
                [36m>[39m
                  [36m<p[39m
                    [33mclass[39m=[32m"whitespace-pre-line leading-relaxed"[39m
                  [36m>[39m
                    [0mJe confirme[0m
                  [36m</p>[39m
                  [36m<div[39m
                    [33mclass[39m=[32m"flex items-center justify-between mt-2 text-xs text-white/70"[39m
                  [36m>[39m
                    [36m<span>[39m
                      [0m13:02[0m
                    [36m</span>[39m
                  [36m</div>[39m
                [36m</div>[39m
                [36m<div[39m
                  [33mclass[39m=[32m"w-8 h-8 rounded-full bg-white flex items-center justify-center text-amber-600 font-bold flex-shrink-0"[39m
                [36m>[39m
                  [0mV[0m
                [36m</div>[39m
              [36m</div>[39m
            [36m</div>[39m
          [36m</div>[39m
          [36m<div[39m
            [33mclass[39m=[32m"flex justify-start fade-in"[39m
          [36m>[39m
            [36m<div[39m
              [33mclass[39m=[32m"max-w-[75%] rounded-2xl p-4 shadow-md bg-white text-gray-800 border border-gray-200"[39m
            [36m>[39m
              [36m<div[39m
                [33mclass[39m=[32m"flex items-start space-x-3"[39m
              [36m>[39m
                [36m<div[39m
                  [33mclass[39m=[32m"w-8 h-8 rounded-full bg-gradient-to-r from-amber-500 to-orange-500 flex items-center justify-center text-white font-bold flex-shrink-0"[39m
                [36m>[39m
                  [0mM[0m
                [36m</div>[39m
                [36m<div[39m
                  [33mclass[39m=[32m"flex-1"[39m
                [36m>[39m
                  [36m<p[39m
                    [33mclass[39m=[32m"whitespace-pre-line leading-relaxed"[39m
                  [36m>[39m
                    [0mDésolé, j'ai rencontré un problème technique. Pouvez-vous réessayer ?[0m
                  [36m</p>[39m
                  [36m<div[39m
                    [33mclass[39m=[32m"flex items-center justify-between mt-2 text-xs text-gray-500"[39m
                  [36m>[39m
                    [36m<span>[39m
                      [0m13:02[0m
                    [36m</span>[39m
                  [36m</div>[39m
                [36m</div>[39m
              [36m</div>[39m
            [36m</div>[39m
          [36m</div>[39m
          [36m<div />[39m
        [36m</div>[39m
        [36m<div[39m
          [33mclass[39m=[32m"bg-white p-6 border-t border-gray-200 shadow-lg"[39m
        [36m>[39m
          [36m<div[39m
            [33mclass[39m=[32m"flex items-end space-x-3"[39m
          [36m>[39m
            [36m<button[39m
              [33mclass[39m=[32m"bg-amber-100 hover:bg-amber-200 text-amber-700 p-3 rounded-full transition-colors flex-shrink-0"[39m
              [33mtitle[39m=[32m"Ajouter des photos"[39m
            [36m>[39m
              [36m<svg[39m
                [33mclass[39m=[32m"lucide lucide-camera w-6 h-6"[39m
                [33mfill[39m=[32m"none"[39m
                [33mheight[39m=[32m"24"[39m
                [33mstroke[39m=[32m"currentColor"[39m
                [33mstroke-linecap[39m=[32m"round"[39m
                [33mstroke-linejoin[39m=[32m"round"[39m
                [33mstroke-width[39m=[32m"2"[39m
                [33mviewBox[39m=[32m"0 0 24 24"[39m
                [33mwidth[39m=[32m"24"[39m
                [33mxmlns[39m=[32m"http://www.w3.org/2000/svg"[39m
              [36m>[39m
                [36m<path[39m
                  [33md[39m=[32m"M14.5 4h-5L7 7H4a2 2 0 0 0-2 2v9a2 2 0 0 0 2 2h16a2 2 0 0 0 2-2V9a2 2 0 0 0-2-2h-3l-2.5-3z"[39m
                [36m/>[39m
                [36m<circle[39m
                  [33mcx[39m=[32m"12"[39m
                  [33mcy[39m=[32m"13"[39m
                  [33mr[39m=[32m"3"[39m
                [36m/>[39m
              [36m</svg>[39m
            [36m</button>[39m
            [36m<input[39m
              [33maccept[39m=[32m"image/*,video/*"[39m
              [33mclass[39m=[32m"hidden"[39m
              [33mmultiple[39m=[32m""[39m
              [33mtype[39m=[32m"file"[39m
            [36m/>[39m
            [36m<button[39m
              [33mclass[39m=[32m"relative p-3 rounded-full transition-all flex-shrink-0 shadow-lg bg-gradient-to-r from-blue-500 to-purple-500 hover:from-blue-600 hover:to-purple-600 text-white"[39m
              [33mtitle[39m=[32m"🎤 Parler au lieu de taper"[39m
            [36m>[39m
              [36m<svg[39m
                [33mclass[39m=[32m"lucide lucide-mic w-6 h-6"[39m
                [33mfill[39m=[32m"none"[39m
                [33mheight[39m=[32m"24"[39m
                [33mstroke[39m=[32m"currentColor"[39m
                [33mstroke-linecap[39m=[32m"round"[39m
                [33mstroke-linejoin[39m=[32m"round"[39m
                [33mstroke-width[39m=[32m"2"[39m
                [33mviewBox[39m=[32m"0 0 24 24"[39m
                [33mwidth[39m=[32m"24"[39m
                [33mxmlns[39m=[32m"http://www.w3.org/2000/svg"[39m
              [36m>[39m
                [36m<path[39m
                  [33md[39m=[32m"M12 2a3 3 0 0 0-3 3v7a3 3 0 0 0 6 0V5a3 3 0 0 0-3-3Z"[39m
                [36m/>[39m
                [36m<path[39m
                  [33md[39m=[32m"M19 10v2a7 7 0 0 1-14 0v-2"[39m
                [36m/>[39m
                [36m<line[39m
                  [33mx1[39m=[32m"12"[39m
                  [33mx2[39m=[32m"12"[39m
                  [33my1[39m=[32m"19"[39m
                  [33my2[39m=[32m"22"[39m
                [36m/>[39m
              [36m</svg>[39m
            [36m</button>[39m
            [36m<div[39m
              [33mclass[39m=[32m"flex-1"[39m
            [36m>[39m
              [36m<textarea[39m
                [33mclass[39m=[32m"w-full border-2 border-gray-300 rounded-2xl px-4 py-3 focus:outline-none focus:ring-2 focus:ring-red-500 focus:border-transparent resize-none"[39m
                [33mplaceholder[39m=[32m"Nom complet + Problème + N° commande... (Ex: Jean Dupont, mon canapé OSLO a un pied cassé, CMD-2024-12345)"[39m
                [33mrows[39m=[32m"1"[39m
                [33mstyle[39m=[32m"min-height: 50px; max-height: 150px;"[39m
              [36m/>[39m
            [36m</div>[39m
            [36m<button[39m
              [33mclass[39m=[32m"p-3 rounded-full flex-shrink-0 transition-all bg-gray-300 text-gray-500 cursor-not-allowed"[39m
              [33mdisabled[39m=[32m""[39m
            [36m>[39m
              [36m<svg[39m
                [33mclass[39m=[32m"lucide lucide-send w-6 h-6"[39m
                [33mfill[39m=[32m"none"[39m
                [33mheight[39m=[32m"24"[39m
                [33mstroke[39m=[32m"currentColor"[39m
                [33mstroke-linecap[39m=[32m"round"[39m
                [33mstroke-linejoin[39m=[32m"round"[39m
                [33mstroke-width[39m=[32m"2"[39m
                [33mviewBox[39m=[32m"0 0 24 24"[39m
                [33mwidth[39m=[32m"24"[39m
                [33mxmlns[39m=[32m"http://www.w3.org/2000/svg"[39m
              [36m>[39m
                [36m<path[39m
                  [33md[39m=[32m"m22 2-7 20-4-9-9-4Z"[39m
                [36m/>[39m
                [36m<path[39m
                  [33md[39m=[32m"M22 2 11 13"[39m
                [36m/>[39m
              [36m</svg>[39m
            [36m</button>[39m
          [36m</div>[39m
          [36m<p[39m
            [33mclass[39m=[32m"text-xs text-gray-500 mt-3 text-center"[39m
          [36m>[39m
            [0m🔒 Données sécurisées • ⚡ Réponse immédiate • 🎤 Conversation vocale complète • 🔊 Le bot vous parle • 🎯 Analyse automatique du TON et PRIORITÉ • 🛡️ Vérification garantie instantanée[0m
          [36m</p>[39m
        [36m</div>[39m
      [36m</div>[39m
    [36m</div>[39m
  [36m</body>[39m
[36m</html>[39m
[90m [2m❯[22m Proxy.waitForWrapper node_modules/@testing-library/dom/dist/wait-for.js:[2m163:27[22m[39m
[36m [2m❯[22m src/__tests__/ChatInterface.test.jsx:[2m239:13[22m[39m
    [90m237| [39m      [35mawait[39m user[33m.[39m[34mclick[39m(buttons[buttons[33m.[39mlength [33m-[39m [34m1[39m])[33m;[39m
    [90m238| [39m
    [90m239| [39m      [35mawait[39m [34mwaitFor[39m(() [33m=>[39m {
    [90m   | [39m            [31m^[39m
    [90m240| [39m        [34mexpect[39m(screen[33m.[39m[34mgetByText[39m([36m/Valider le ticket/i[39m))[33m.[39m[34mtoBeInTheDocume[39m…
    [90m241| [39m      })[33m;[39m

[31m[2m⎯⎯⎯⎯⎯⎯⎯⎯⎯⎯⎯⎯⎯⎯⎯⎯⎯⎯⎯⎯⎯⎯[10/61]⎯[22m[39m

[31m[1m[7m FAIL [27m[22m[39m src/__tests__/ChatInterface.test.jsx[2m > [22mChatInterface[2m > [22mTicket Confirmation Flow[2m > [22mshould cancel ticket creation
[31m[1mTestingLibraryElementError[22m[39m: Unable to find an element with the text: /Recommencer/i. This could be because the text is broken up by multiple elements. In this case, you can provide a function for your text matcher to make your matcher more flexible.

Ignored nodes: comments, script, style
[36m<body>[39m
  [36m<div>[39m
    [36m<div[39m
      [33mclass[39m=[32m"flex flex-col h-full max-w-5xl mx-auto bg-gradient-to-br from-amber-50 to-orange-50"[39m
    [36m>[39m
      [36m<div[39m
        [33mclass[39m=[32m"bg-gradient-to-r from-blue-600 to-blue-700 text-white p-6 shadow-lg"[39m
      [36m>[39m
        [36m<div[39m
          [33mclass[39m=[32m"flex items-center justify-between"[39m
        [36m>[39m
          [36m<div>[39m
            [36m<h1[39m
              [33mclass[39m=[32m"text-3xl font-bold"[39m
            [36m>[39m
              [0mService clientèle du groupe Mobilier de France[0m
            [36m</h1>[39m
            [36m<p[39m
              [33mclass[39m=[32m"text-sm opacity-90 mt-1"[39m
            [36m>[39m
              [0mService Après-Vente Intelligent • Traitement automatisé en temps réel[0m
            [36m</p>[39m
          [36m</div>[39m
          [36m<div[39m
            [33mclass[39m=[32m"flex items-center space-x-4"[39m
          [36m>[39m
            [36m<button[39m
              [33mclass[39m=[32m"flex items-center space-x-2 px-4 py-2 rounded-lg font-medium transition-all bg-white text-blue-600 hover:bg-gray-100"[39m
              [33mtitle[39m=[32m"Désactiver la voix du bot"[39m
            [36m>[39m
              [36m<svg[39m
                [33mclass[39m=[32m"lucide lucide-volume2 w-5 h-5 "[39m
                [33mfill[39m=[32m"none"[39m
                [33mheight[39m=[32m"24"[39m
                [33mstroke[39m=[32m"currentColor"[39m
                [33mstroke-linecap[39m=[32m"round"[39m
                [33mstroke-linejoin[39m=[32m"round"[39m
                [33mstroke-width[39m=[32m"2"[39m
                [33mviewBox[39m=[32m"0 0 24 24"[39m
                [33mwidth[39m=[32m"24"[39m
                [33mxmlns[39m=[32m"http://www.w3.org/2000/svg"[39m
              [36m>[39m
                [36m<polygon[39m
                  [33mpoints[39m=[32m"11 5 6 9 2 9 2 15 6 15 11 19 11 5"[39m
                [36m/>[39m
                [36m<path[39m
                  [33md[39m=[32m"M15.54 8.46a5 5 0 0 1 0 7.07"[39m
                [36m/>[39m
                [36m<path[39m
                  [33md[39m=[32m"M19.07 4.93a10 10 0 0 1 0 14.14"[39m
                [36m/>[39m
              [36m</svg>[39m
              [36m<span[39m
                [33mclass[39m=[32m"text-sm"[39m
              [36m>[39m
                [0mVoix ON[0m
              [36m</span>[39m
            [36m</button>[39m
            [36m<div[39m
              [33mclass[39m=[32m"text-right text-xs opacity-80 border-l border-white/30 pl-4"[39m
            [36m>[39m
              [36m<p[39m
                [33mclass[39m=[32m"font-semibold"[39m
              [36m>[39m
                [0m🎯 100% Automatisé[0m
              [36m</p>[39m
              [36m<p[39m
                [33mclass[39m=[32m"text-xs"[39m
              [36m>[39m
                [0m✅ Analyse TON • ✅ Garantie • ✅ Priorité[0m
              [36m</p>[39m
            [36m</div>[39m
          [36m</div>[39m
        [36m</div>[39m
      [36m</div>[39m
      [36m<div[39m
        [33mclass[39m=[32m"flex-1 overflow-y-auto p-6 space-y-4"[39m
      [36m>[39m
        [36m<div[39m
          [33mclass[39m=[32m"flex justify-start fade-in"[39m
        [36m>[39m
          [36m<div[39m
            [33mclass[39m=[32m"max-w-[75%] rounded-2xl p-4 shadow-md bg-white text-gray-800 border border-gray-200"[39m
          [36m>[39m
            [36m<div[39m
              [33mclass[39m=[32m"flex items-start space-x-3"[39m
            [36m>[39m
              [36m<div[39m
                [33mclass[39m=[32m"w-8 h-8 rounded-full bg-gradient-to-r from-amber-500 to-orange-500 flex items-center justify-center text-white font-bold flex-shrink-0"[39m
              [36m>[39m
                [0mM[0m
              [36m</div>[39m
              [36m<div[39m
                [33mclass[39m=[32m"flex-1"[39m
              [36m>[39m
                [36m<p[39m
                  [33mclass[39m=[32m"whitespace-pre-line leading-relaxed"[39m
                [36m>[39m
                  [0m👋 Bonjour ! Je suis votre assistant SAV Mobilier de France.

Décrivez-moi votre problème avec votre numéro de commande, je m'occupe du reste !

💡 **Exemple** : "Bonjour, je m'appelle Marie Martin. Mon canapé OSLO a le pied cassé, commande CMD-2024-12345"[0m
                [36m</p>[39m
                [36m<div[39m
                  [33mclass[39m=[32m"flex items-center justify-between mt-2 text-xs text-gray-500"[39m
                [36m>[39m
                  [36m<span>[39m
                    [0m13:02[0m
                  [36m</span>[39m
                [36m</div>[39m
              [36m</div>[39m
            [36m</div>[39m
          [36m</div>[39m
        [36m</div>[39m
        [36m<div[39m
          [33mclass[39m=[32m"flex justify-end fade-in"[39m
        [36m>[39m
          [36m<div[39m
            [33mclass[39m=[32m"max-w-[75%] rounded-2xl p-4 shadow-md bg-gradient-to-r from-amber-500 to-orange-500 text-white"[39m
          [36m>[39m
            [36m<div[39m
              [33mclass[39m=[32m"flex items-start space-x-3"[39m
            [36m>[39m
              [36m<div[39m
                [33mclass[39m=[32m"flex-1"[39m
              [36m>[39m
                [36m<p[39m
                  [33mclass[39m=[32m"whitespace-pre-line leading-relaxed"[39m
                [36m>[39m
                  [0mJe confirme[0m
                [36m</p>[39m
                [36m<div[39m
                  [33mclass[39m=[32m"flex items-center justify-between mt-2 text-xs text-white/70"[39m
                [36m>[39m
                  [36m<span>[39m
                    [0m13:02[0m
                  [36m</span>[39m
                [36m</div>[39m
              [36m</div>[39m
              [36m<div[39m
                [33mclass[39m=[32m"w-8 h-8 rounded-full bg-white flex items-center justify-center text-amber-600 font-bold flex-shrink-0"[39m
              [36m>[39m
                [0mV[0m
              [36m</div>[39m
            [36m</div>[39m
          [36m</div>[39m
        [36m</div>[39m
        [36m<div[39m
          [33mclass[39m=[32m"flex justify-start fade-in"[39m
        [36m>[39m
          [36m<div[39m
            [33mclass[39m=[32m"max-w-[75%] rounded-2xl p-4 shadow-md bg-white text-gray-800 border border-gray-200"[39m
          [36m>[39m
            [36m<div[39m
              [33mclass[39m=[32m"flex items-start space-x-3"[39m
            [36m>[39m
              [36m<div[39m
                [33mclass[39m=[32m"w-8 h-8 rounded-full bg-gradient-to-r from-amber-500 to-orange-500 flex items-center justify-center text-white font-bold flex-shrink-0"[39m
              [36m>[39m
                [0mM[0m
              [36m</div>[39m
              [36m<div[39m
                [33mclass[39m=[32m"flex-1"[39m
              [36m>[39m
                [36m<p[39m
                  [33mclass[39m=[32m"whitespace-pre-line leading-relaxed"[39m
                [36m>[39m
                  [0mDésolé, j'ai rencontré un problème technique. Pouvez-vous réessayer ?[0m
                [36m</p>[39m
                [36m<div[39m
                  [33mclass[39m=[32m"flex items-center justify-between mt-2 text-xs text-gray-500"[39m
                [36m>[39m
                  [36m<span>[39m
                    [0m13:02[0m
                  [36m</span>[39m
                [36m</div>[39m
              [36m</div>[39m
            [36m</div>[39m
          [36m</div>[39m
        [36m</div>[39m
        [36m<div />[39m
      [36m</div>[39m
      [36m<div[39m
        [33mclass[39m=[32m"bg-white p-6 border-t border-gray-200 shadow-lg"[39m
      [36m>[39m
        [36m<div[39m
          [33mclass[39m=[32m"flex items-end space-x-3"[39m
        [36m>[39m
          [36m<button[39m
            [33mclass[39m=[32m"bg-amber-100 hover:bg-amber-200 text-amber-700 p-3 rounded-full transition-colors flex-shrink-0"[39m
            [33mtitle[39m=[32m"Ajouter des photos"[39m
          [36m>[39m
            [36m<svg[39m
              [33mclass[39m=[32m"lucide lucide-camera w-6 h-6"[39m
              [33mfill[39m=[32m"none"[39m
              [33mheight[39m=[32m"24"[39m
              [33mstroke[39m=[32m"currentColor"[39m
              [33mstroke-linecap[39m=[32m"round"[39m
              [33mstroke-linejoin[39m=[32m"round"[39m
              [33mstroke-width[39m=[32m"2"[39m
              [33mviewBox[39m=[32m"0 0 24 24"[39m
              [33mwidth[39m=[32m"24"[39m
              [33mxmlns[39m=[32m"http://www.w3.org/2000/svg"[39m
            [36m>[39m
              [36m<path[39m
                [33md[39m=[32m"M14.5 4h-5L7 7H4a2 2 0 0 0-2 2v9a2 2 0 0 0 2 2h16a2 2 0 0 0 2-2V9a2 2 0 0 0-2-2h-3l-2.5-3z"[39m
              [36m/>[39m
              [36m<circle[39m
                [33mcx[39m=[32m"12"[39m
                [33mcy[39m=[32m"13"[39m
                [33mr[39m=[32m"3"[39m
              [36m/>[39m
            [36m</svg>[39m
          [36m</button>[39m
          [36m<input[39m
            [33maccept[39m=[32m"image/*,video/*"[39m
            [33mclass[39m=[32m"hidden"[39m
            [33mmultiple[39m=[32m""[39m
            [33mtype[39m=[32m"file"[39m
          [36m/>[39m
          [36m<button[39m
            [33mclass[39m=[32m"relative p-3 rounded-full transition-all flex-shrink-0 shadow-lg bg-gradient-to-r from-blue-500 to-purple-500 hover:from-blue-600 hover:to-purple-600 text-white"[39m
            [33mtitle[39m=[32m"🎤 Parler au lieu de taper"[39m
          [36m>[39m
            [36m<svg[39m
              [33mclass[39m=[32m"lucide lucide-mic w-6 h-6"[39m
              [33mfill[39m=[32m"none"[39m
              [33mheight[39m=[32m"24"[39m
              [33mstroke[39m=[32m"currentColor"[39m
              [33mstroke-linecap[39m=[32m"round"[39m
              [33mstroke-linejoin[39m=[32m"round"[39m
              [33mstroke-width[39m=[32m"2"[39m
              [33mviewBox[39m=[32m"0 0 24 24"[39m
              [33mwidth[39m=[32m"24"[39m
              [33mxmlns[39m=[32m"http://www.w3.org/2000/svg"[39m
            [36m>[39m
              [36m<path[39m
                [33md[39m=[32m"M12 2a3 3 0 0 0-3 3v7a3 3 0 0 0 6 0V5a3 3 0 0 0-3-3Z"[39m
              [36m/>[39m
              [36m<path[39m
                [33md[39m=[32m"M19 10v2a7 7 0 0 1-14 0v-2"[39m
              [36m/>[39m
              [36m<line[39m
                [33mx1[39m=[32m"12"[39m
                [33mx2[39m=[32m"12"[39m
                [33my1[39m=[32m"19"[39m
                [33my2[39m=[32m"22"[39m
              [36m/>[39m
            [36m</svg>[39m
          [36m</button>[39m
          [36m<div[39m
            [33mclass[39m=[32m"flex-1"[39m
          [36m>[39m
            [36m<textarea[39m
              [33mclass[39m=[32m"w-full border-2 border-gray-300 rounded-2xl px-4 py-3 focus:outline-none focus:ring-2 focus:ring-red-500 focus:border-transparent resize-none"[39m
              [33mplaceholder[39m=[32m"Nom complet + Problème + N° commande... (Ex: Jean Dupont, mon canapé OSLO a un pied cassé, CMD-2024-12345)"[39m
              [33mrows[39m=[32m"1"[39m
              [33mstyle[39m=[32m"min-height: 50px; max-height: 150px;"[39m
            [36m/>[39m
          [36m</div>[39m
          [36m<button[39m
            [33mclass[39m=[32m"p-3 rounded-full flex-shrink-0 transition-all bg-gray-300 text-gray-500 cursor-not-allowed"[39m
            [33mdisabled[39m=[32m""[39m
          [36m>[39m
            [36m<svg[39m
              [33mclass[39m=[32m"lucide lucide-send w-6 h-6"[39m
              [33mfill[39m=[32m"none"[39m
              [33mheight[39m=[32m"24"[39m
              [33mstroke[39m=[32m"currentColor"[39m
              [33mstroke-linecap[39m=[32m"round"[39m
              [33mstroke-linejoin[39m=[32m"round"[39m
              [33mstroke-width[39m=[32m"2"[39m
              [33mviewBox[39m=[32m"0 0 24 24"[39m
              [33mwidth[39m=[32m"24"[39m
              [33mxmlns[39m=[32m"http://www.w3.org/2000/svg"[39m
            [36m>[39m
              [36m<path[39m
                [33md[39m=[32m"m22 2-7 20-4-9-9-4Z"[39m
              [36m/>[39m
              [36m<path[39m
                [33md[39m=[32m"M22 2 11 13"[39m
              [36m/>[39m
            [36m</svg>[39m
          [36m</button>[39m
        [36m</div>[39m
        [36m<p[39m
          [33mclass[39m=[32m"text-xs text-gray-500 mt-3 text-center"[39m
        [36m>[39m
          [0m🔒 Données sécurisées • ⚡ Réponse immédiate • 🎤 Conversation vocale complète • 🔊 Le bot vous parle • 🎯 Analyse automatique du TON et PRIORITÉ • 🛡️ Vérification garantie instantanée[0m
        [36m</p>[39m
      [36m</div>[39m
    [36m</div>[39m
  [36m</div>[39m
[36m</body>[39m

Ignored nodes: comments, script, style
[36m<html>[39m
  [36m<head />[39m
  [36m<body>[39m
    [36m<div>[39m
      [36m<div[39m
        [33mclass[39m=[32m"flex flex-col h-full max-w-5xl mx-auto bg-gradient-to-br from-amber-50 to-orange-50"[39m
      [36m>[39m
        [36m<div[39m
          [33mclass[39m=[32m"bg-gradient-to-r from-blue-600 to-blue-700 text-white p-6 shadow-lg"[39m
        [36m>[39m
          [36m<div[39m
            [33mclass[39m=[32m"flex items-center justify-between"[39m
          [36m>[39m
            [36m<div>[39m
              [36m<h1[39m
                [33mclass[39m=[32m"text-3xl font-bold"[39m
              [36m>[39m
                [0mService clientèle du groupe Mobilier de France[0m
              [36m</h1>[39m
              [36m<p[39m
                [33mclass[39m=[32m"text-sm opacity-90 mt-1"[39m
              [36m>[39m
                [0mService Après-Vente Intelligent • Traitement automatisé en temps réel[0m
              [36m</p>[39m
            [36m</div>[39m
            [36m<div[39m
              [33mclass[39m=[32m"flex items-center space-x-4"[39m
            [36m>[39m
              [36m<button[39m
                [33mclass[39m=[32m"flex items-center space-x-2 px-4 py-2 rounded-lg font-medium transition-all bg-white text-blue-600 hover:bg-gray-100"[39m
                [33mtitle[39m=[32m"Désactiver la voix du bot"[39m
              [36m>[39m
                [36m<svg[39m
                  [33mclass[39m=[32m"lucide lucide-volume2 w-5 h-5 "[39m
                  [33mfill[39m=[32m"none"[39m
                  [33mheight[39m=[32m"24"[39m
                  [33mstroke[39m=[32m"currentColor"[39m
                  [33mstroke-linecap[39m=[32m"round"[39m
                  [33mstroke-linejoin[39m=[32m"round"[39m
                  [33mstroke-width[39m=[32m"2"[39m
                  [33mviewBox[39m=[32m"0 0 24 24"[39m
                  [33mwidth[39m=[32m"24"[39m
                  [33mxmlns[39m=[32m"http://www.w3.org/2000/svg"[39m
                [36m>[39m
                  [36m<polygon[39m
                    [33mpoints[39m=[32m"11 5 6 9 2 9 2 15 6 15 11 19 11 5"[39m
                  [36m/>[39m
                  [36m<path[39m
                    [33md[39m=[32m"M15.54 8.46a5 5 0 0 1 0 7.07"[39m
                  [36m/>[39m
                  [36m<path[39m
                    [33md[39m=[32m"M19.07 4.93a10 10 0 0 1 0 14.14"[39m
                  [36m/>[39m
                [36m</svg>[39m
                [36m<span[39m
                  [33mclass[39m=[32m"text-sm"[39m
                [36m>[39m
                  [0mVoix ON[0m
                [36m</span>[39m
              [36m</button>[39m
              [36m<div[39m
                [33mclass[39m=[32m"text-right text-xs opacity-80 border-l border-white/30 pl-4"[39m
              [36m>[39m
                [36m<p[39m
                  [33mclass[39m=[32m"font-semibold"[39m
                [36m>[39m
                  [0m🎯 100% Automatisé[0m
                [36m</p>[39m
                [36m<p[39m
                  [33mclass[39m=[32m"text-xs"[39m
                [36m>[39m
                  [0m✅ Analyse TON • ✅ Garantie • ✅ Priorité[0m
                [36m</p>[39m
              [36m</div>[39m
            [36m</div>[39m
          [36m</div>[39m
        [36m</div>[39m
        [36m<div[39m
          [33mclass[39m=[32m"flex-1 overflow-y-auto p-6 space-y-4"[39m
        [36m>[39m
          [36m<div[39m
            [33mclass[39m=[32m"flex justify-start fade-in"[39m
          [36m>[39m
            [36m<div[39m
              [33mclass[39m=[32m"max-w-[75%] rounded-2xl p-4 shadow-md bg-white text-gray-800 border border-gray-200"[39m
            [36m>[39m
              [36m<div[39m
                [33mclass[39m=[32m"flex items-start space-x-3"[39m
              [36m>[39m
                [36m<div[39m
                  [33mclass[39m=[32m"w-8 h-8 rounded-full bg-gradient-to-r from-amber-500 to-orange-500 flex items-center justify-center text-white font-bold flex-shrink-0"[39m
                [36m>[39m
                  [0mM[0m
                [36m</div>[39m
                [36m<div[39m
                  [33mclass[39m=[32m"flex-1"[39m
                [36m>[39m
                  [36m<p[39m
                    [33mclass[39m=[32m"whitespace-pre-line leading-relaxed"[39m
                  [36m>[39m
                    [0m👋 Bonjour ! Je suis votre assistant SAV Mobilier de France.

Décrivez-moi votre problème avec votre numéro de commande, je m'occupe du reste !

💡 **Exemple** : "Bonjour, je m'appelle Marie Martin. Mon canapé OSLO a le pied cassé, commande CMD-2024-12345"[0m
                  [36m</p>[39m
                  [36m<div[39m
                    [33mclass[39m=[32m"flex items-center justify-between mt-2 text-xs text-gray-500"[39m
                  [36m>[39m
                    [36m<span>[39m
                      [0m13:02[0m
                    [36m</span>[39m
                  [36m</div>[39m
                [36m</div>[39m
              [36m</div>[39m
            [36m</div>[39m
          [36m</div>[39m
          [36m<div[39m
            [33mclass[39m=[32m"flex justify-end fade-in"[39m
          [36m>[39m
            [36m<div[39m
              [33mclass[39m=[32m"max-w-[75%] rounded-2xl p-4 shadow-md bg-gradient-to-r from-amber-500 to-orange-500 text-white"[39m
            [36m>[39m
              [36m<div[39m
                [33mclass[39m=[32m"flex items-start space-x-3"[39m
              [36m>[39m
                [36m<div[39m
                  [33mclass[39m=[32m"flex-1"[39m
                [36m>[39m
                  [36m<p[39m
                    [33mclass[39m=[32m"whitespace-pre-line leading-relaxed"[39m
                  [36m>[39m
                    [0mJe confirme[0m
                  [36m</p>[39m
                  [36m<div[39m
                    [33mclass[39m=[32m"flex items-center justify-between mt-2 text-xs text-white/70"[39m
                  [36m>[39m
                    [36m<span>[39m
                      [0m13:02[0m
                    [36m</span>[39m
                  [36m</div>[39m
                [36m</div>[39m
                [36m<div[39m
                  [33mclass[39m=[32m"w-8 h-8 rounded-full bg-white flex items-center justify-center text-amber-600 font-bold flex-shrink-0"[39m
                [36m>[39m
                  [0mV[0m
                [36m</div>[39m
              [36m</div>[39m
            [36m</div>[39m
          [36m</div>[39m
          [36m<div[39m
            [33mclass[39m=[32m"flex justify-start fade-in"[39m
          [36m>[39m
            [36m<div[39m
              [33mclass[39m=[32m"max-w-[75%] rounded-2xl p-4 shadow-md bg-white text-gray-800 border border-gray-200"[39m
            [36m>[39m
              [36m<div[39m
                [33mclass[39m=[32m"flex items-start space-x-3"[39m
              [36m>[39m
                [36m<div[39m
                  [33mclass[39m=[32m"w-8 h-8 rounded-full bg-gradient-to-r from-amber-500 to-orange-500 flex items-center justify-center text-white font-bold flex-shrink-0"[39m
                [36m>[39m
                  [0mM[0m
                [36m</div>[39m
                [36m<div[39m
                  [33mclass[39m=[32m"flex-1"[39m
                [36m>[39m
                  [36m<p[39m
                    [33mclass[39m=[32m"whitespace-pre-line leading-relaxed"[39m
                  [36m>[39m
                    [0mDésolé, j'ai rencontré un problème technique. Pouvez-vous réessayer ?[0m
                  [36m</p>[39m
                  [36m<div[39m
                    [33mclass[39m=[32m"flex items-center justify-between mt-2 text-xs text-gray-500"[39m
                  [36m>[39m
                    [36m<span>[39m
                      [0m13:02[0m
                    [36m</span>[39m
                  [36m</div>[39m
                [36m</div>[39m
              [36m</div>[39m
            [36m</div>[39m
          [36m</div>[39m
          [36m<div />[39m
        [36m</div>[39m
        [36m<div[39m
          [33mclass[39m=[32m"bg-white p-6 border-t border-gray-200 shadow-lg"[39m
        [36m>[39m
          [36m<div[39m
            [33mclass[39m=[32m"flex items-end space-x-3"[39m
          [36m>[39m
            [36m<button[39m
              [33mclass[39m=[32m"bg-amber-100 hover:bg-amber-200 text-amber-700 p-3 rounded-full transition-colors flex-shrink-0"[39m
              [33mtitle[39m=[32m"Ajouter des photos"[39m
            [36m>[39m
              [36m<svg[39m
                [33mclass[39m=[32m"lucide lucide-camera w-6 h-6"[39m
                [33mfill[39m=[32m"none"[39m
                [33mheight[39m=[32m"24"[39m
                [33mstroke[39m=[32m"currentColor"[39m
                [33mstroke-linecap[39m=[32m"round"[39m
                [33mstroke-linejoin[39m=[32m"round"[39m
                [33mstroke-width[39m=[32m"2"[39m
                [33mviewBox[39m=[32m"0 0 24 24"[39m
                [33mwidth[39m=[32m"24"[39m
                [33mxmlns[39m=[32m"http://www.w3.org/2000/svg"[39m
              [36m>[39m
                [36m<path[39m
                  [33md[39m=[32m"M14.5 4h-5L7 7H4a2 2 0 0 0-2 2v9a2 2 0 0 0 2 2h16a2 2 0 0 0 2-2V9a2 2 0 0 0-2-2h-3l-2.5-3z"[39m
                [36m/>[39m
                [36m<circle[39m
                  [33mcx[39m=[32m"12"[39m
                  [33mcy[39m=[32m"13"[39m
                  [33mr[39m=[32m"3"[39m
                [36m/>[39m
              [36m</svg>[39m
            [36m</button>[39m
            [36m<input[39m
              [33maccept[39m=[32m"image/*,video/*"[39m
              [33mclass[39m=[32m"hidden"[39m
              [33mmultiple[39m=[32m""[39m
              [33mtype[39m=[32m"file"[39m
            [36m/>[39m
            [36m<button[39m
              [33mclass[39m=[32m"relative p-3 rounded-full transition-all flex-shrink-0 shadow-lg bg-gradient-to-r from-blue-500 to-purple-500 hover:from-blue-600 hover:to-purple-600 text-white"[39m
              [33mtitle[39m=[32m"🎤 Parler au lieu de taper"[39m
            [36m>[39m
              [36m<svg[39m
                [33mclass[39m=[32m"lucide lucide-mic w-6 h-6"[39m
                [33mfill[39m=[32m"none"[39m
                [33mheight[39m=[32m"24"[39m
                [33mstroke[39m=[32m"currentColor"[39m
                [33mstroke-linecap[39m=[32m"round"[39m
                [33mstroke-linejoin[39m=[32m"round"[39m
                [33mstroke-width[39m=[32m"2"[39m
                [33mviewBox[39m=[32m"0 0 24 24"[39m
                [33mwidth[39m=[32m"24"[39m
                [33mxmlns[39m=[32m"http://www.w3.org/2000/svg"[39m
              [36m>[39m
                [36m<path[39m
                  [33md[39m=[32m"M12 2a3 3 0 0 0-3 3v7a3 3 0 0 0 6 0V5a3 3 0 0 0-3-3Z"[39m
                [36m/>[39m
                [36m<path[39m
                  [33md[39m=[32m"M19 10v2a7 7 0 0 1-14 0v-2"[39m
                [36m/>[39m
                [36m<line[39m
                  [33mx1[39m=[32m"12"[39m
                  [33mx2[39m=[32m"12"[39m
                  [33my1[39m=[32m"19"[39m
                  [33my2[39m=[32m"22"[39m
                [36m/>[39m
              [36m</svg>[39m
            [36m</button>[39m
            [36m<div[39m
              [33mclass[39m=[32m"flex-1"[39m
            [36m>[39m
              [36m<textarea[39m
                [33mclass[39m=[32m"w-full border-2 border-gray-300 rounded-2xl px-4 py-3 focus:outline-none focus:ring-2 focus:ring-red-500 focus:border-transparent resize-none"[39m
                [33mplaceholder[39m=[32m"Nom complet + Problème + N° commande... (Ex: Jean Dupont, mon canapé OSLO a un pied cassé, CMD-2024-12345)"[39m
                [33mrows[39m=[32m"1"[39m
                [33mstyle[39m=[32m"min-height: 50px; max-height: 150px;"[39m
              [36m/>[39m
            [36m</div>[39m
            [36m<button[39m
              [33mclass[39m=[32m"p-3 rounded-full flex-shrink-0 transition-all bg-gray-300 text-gray-500 cursor-not-allowed"[39m
              [33mdisabled[39m=[32m""[39m
            [36m>[39m
              [36m<svg[39m
                [33mclass[39m=[32m"lucide lucide-send w-6 h-6"[39m
                [33mfill[39m=[32m"none"[39m
                [33mheight[39m=[32m"24"[39m
                [33mstroke[39m=[32m"currentColor"[39m
                [33mstroke-linecap[39m=[32m"round"[39m
                [33mstroke-linejoin[39m=[32m"round"[39m
                [33mstroke-width[39m=[32m"2"[39m
                [33mviewBox[39m=[32m"0 0 24 24"[39m
                [33mwidth[39m=[32m"24"[39m
                [33mxmlns[39m=[32m"http://www.w3.org/2000/svg"[39m
              [36m>[39m
                [36m<path[39m
                  [33md[39m=[32m"m22 2-7 20-4-9-9-4Z"[39m
                [36m/>[39m
                [36m<path[39m
                  [33md[39m=[32m"M22 2 11 13"[39m
                [36m/>[39m
              [36m</svg>[39m
            [36m</button>[39m
          [36m</div>[39m
          [36m<p[39m
            [33mclass[39m=[32m"text-xs text-gray-500 mt-3 text-center"[39m
          [36m>[39m
            [0m🔒 Données sécurisées • ⚡ Réponse immédiate • 🎤 Conversation vocale complète • 🔊 Le bot vous parle • 🎯 Analyse automatique du TON et PRIORITÉ • 🛡️ Vérification garantie instantanée[0m
          [36m</p>[39m
        [36m</div>[39m
      [36m</div>[39m
    [36m</div>[39m
  [36m</body>[39m
[36m</html>[39m
[90m [2m❯[22m Proxy.waitForWrapper node_modules/@testing-library/dom/dist/wait-for.js:[2m163:27[22m[39m
[36m [2m❯[22m src/__tests__/ChatInterface.test.jsx:[2m260:13[22m[39m
    [90m258| [39m      [35mawait[39m user[33m.[39m[34mclick[39m(buttons[buttons[33m.[39mlength [33m-[39m [34m1[39m])[33m;[39m
    [90m259| [39m
    [90m260| [39m      [35mawait[39m [34mwaitFor[39m(() [33m=>[39m {
    [90m   | [39m            [31m^[39m
    [90m261| [39m        [34mexpect[39m(screen[33m.[39m[34mgetByText[39m([36m/Recommencer/i[39m))[33m.[39m[34mtoBeInTheDocument[39m()[33m;[39m
    [90m262| [39m      })[33m;[39m

[31m[2m⎯⎯⎯⎯⎯⎯⎯⎯⎯⎯⎯⎯⎯⎯⎯⎯⎯⎯⎯⎯⎯⎯[11/61]⎯[22m[39m

[31m[1m[7m FAIL [27m[22m[39m src/__tests__/ChatInterface.test.jsx[2m > [22mChatInterface[2m > [22mError Handling[2m > [22mshould allow retry after error
[31m[1mTestingLibraryElementError[22m[39m: Unable to find an element with the text: /Comment puis-je vous aider/i. This could be because the text is broken up by multiple elements. In this case, you can provide a function for your text matcher to make your matcher more flexible.

Ignored nodes: comments, script, style
[36m<body>[39m
  [36m<div>[39m
    [36m<div[39m
      [33mclass[39m=[32m"flex flex-col h-full max-w-5xl mx-auto bg-gradient-to-br from-amber-50 to-orange-50"[39m
    [36m>[39m
      [36m<div[39m
        [33mclass[39m=[32m"bg-gradient-to-r from-blue-600 to-blue-700 text-white p-6 shadow-lg"[39m
      [36m>[39m
        [36m<div[39m
          [33mclass[39m=[32m"flex items-center justify-between"[39m
        [36m>[39m
          [36m<div>[39m
            [36m<h1[39m
              [33mclass[39m=[32m"text-3xl font-bold"[39m
            [36m>[39m
              [0mService clientèle du groupe Mobilier de France[0m
            [36m</h1>[39m
            [36m<p[39m
              [33mclass[39m=[32m"text-sm opacity-90 mt-1"[39m
            [36m>[39m
              [0mService Après-Vente Intelligent • Traitement automatisé en temps réel[0m
            [36m</p>[39m
          [36m</div>[39m
          [36m<div[39m
            [33mclass[39m=[32m"flex items-center space-x-4"[39m
          [36m>[39m
            [36m<button[39m
              [33mclass[39m=[32m"flex items-center space-x-2 px-4 py-2 rounded-lg font-medium transition-all bg-white text-blue-600 hover:bg-gray-100"[39m
              [33mtitle[39m=[32m"Désactiver la voix du bot"[39m
            [36m>[39m
              [36m<svg[39m
                [33mclass[39m=[32m"lucide lucide-volume2 w-5 h-5 "[39m
                [33mfill[39m=[32m"none"[39m
                [33mheight[39m=[32m"24"[39m
                [33mstroke[39m=[32m"currentColor"[39m
                [33mstroke-linecap[39m=[32m"round"[39m
                [33mstroke-linejoin[39m=[32m"round"[39m
                [33mstroke-width[39m=[32m"2"[39m
                [33mviewBox[39m=[32m"0 0 24 24"[39m
                [33mwidth[39m=[32m"24"[39m
                [33mxmlns[39m=[32m"http://www.w3.org/2000/svg"[39m
              [36m>[39m
                [36m<polygon[39m
                  [33mpoints[39m=[32m"11 5 6 9 2 9 2 15 6 15 11 19 11 5"[39m
                [36m/>[39m
                [36m<path[39m
                  [33md[39m=[32m"M15.54 8.46a5 5 0 0 1 0 7.07"[39m
                [36m/>[39m
                [36m<path[39m
                  [33md[39m=[32m"M19.07 4.93a10 10 0 0 1 0 14.14"[39m
                [36m/>[39m
              [36m</svg>[39m
              [36m<span[39m
                [33mclass[39m=[32m"text-sm"[39m
              [36m>[39m
                [0mVoix ON[0m
              [36m</span>[39m
            [36m</button>[39m
            [36m<div[39m
              [33mclass[39m=[32m"text-right text-xs opacity-80 border-l border-white/30 pl-4"[39m
            [36m>[39m
              [36m<p[39m
                [33mclass[39m=[32m"font-semibold"[39m
              [36m>[39m
                [0m🎯 100% Automatisé[0m
              [36m</p>[39m
              [36m<p[39m
                [33mclass[39m=[32m"text-xs"[39m
              [36m>[39m
                [0m✅ Analyse TON • ✅ Garantie • ✅ Priorité[0m
              [36m</p>[39m
            [36m</div>[39m
          [36m</div>[39m
        [36m</div>[39m
      [36m</div>[39m
      [36m<div[39m
        [33mclass[39m=[32m"flex-1 overflow-y-auto p-6 space-y-4"[39m
      [36m>[39m
        [36m<div[39m
          [33mclass[39m=[32m"flex justify-start fade-in"[39m
        [36m>[39m
          [36m<div[39m
            [33mclass[39m=[32m"max-w-[75%] rounded-2xl p-4 shadow-md bg-white text-gray-800 border border-gray-200"[39m
          [36m>[39m
            [36m<div[39m
              [33mclass[39m=[32m"flex items-start space-x-3"[39m
            [36m>[39m
              [36m<div[39m
                [33mclass[39m=[32m"w-8 h-8 rounded-full bg-gradient-to-r from-amber-500 to-orange-500 flex items-center justify-center text-white font-bold flex-shrink-0"[39m
              [36m>[39m
                [0mM[0m
              [36m</div>[39m
              [36m<div[39m
                [33mclass[39m=[32m"flex-1"[39m
              [36m>[39m
                [36m<p[39m
                  [33mclass[39m=[32m"whitespace-pre-line leading-relaxed"[39m
                [36m>[39m
                  [0m👋 Bonjour ! Je suis votre assistant SAV Mobilier de France.

Décrivez-moi votre problème avec votre numéro de commande, je m'occupe du reste !

💡 **Exemple** : "Bonjour, je m'appelle Marie Martin. Mon canapé OSLO a le pied cassé, commande CMD-2024-12345"[0m
                [36m</p>[39m
                [36m<div[39m
                  [33mclass[39m=[32m"flex items-center justify-between mt-2 text-xs text-gray-500"[39m
                [36m>[39m
                  [36m<span>[39m
                    [0m13:02[0m
                  [36m</span>[39m
                [36m</div>[39m
              [36m</div>[39m
            [36m</div>[39m
          [36m</div>[39m
        [36m</div>[39m
        [36m<div[39m
          [33mclass[39m=[32m"flex justify-end fade-in"[39m
        [36m>[39m
          [36m<div[39m
            [33mclass[39m=[32m"max-w-[75%] rounded-2xl p-4 shadow-md bg-gradient-to-r from-amber-500 to-orange-500 text-white"[39m
          [36m>[39m
            [36m<div[39m
              [33mclass[39m=[32m"flex items-start space-x-3"[39m
            [36m>[39m
              [36m<div[39m
                [33mclass[39m=[32m"flex-1"[39m
              [36m>[39m
                [36m<p[39m
                  [33mclass[39m=[32m"whitespace-pre-line leading-relaxed"[39m
                [36m>[39m
                  [0mTest[0m
                [36m</p>[39m
                [36m<div[39m
                  [33mclass[39m=[32m"flex items-center justify-between mt-2 text-xs text-white/70"[39m
                [36m>[39m
                  [36m<span>[39m
                    [0m13:02[0m
                  [36m</span>[39m
                [36m</div>[39m
              [36m</div>[39m
              [36m<div[39m
                [33mclass[39m=[32m"w-8 h-8 rounded-full bg-white flex items-center justify-center text-amber-600 font-bold flex-shrink-0"[39m
              [36m>[39m
                [0mV[0m
              [36m</div>[39m
            [36m</div>[39m
          [36m</div>[39m
        [36m</div>[39m
        [36m<div[39m
          [33mclass[39m=[32m"flex justify-start fade-in"[39m
        [36m>[39m
          [36m<div[39m
            [33mclass[39m=[32m"max-w-[75%] rounded-2xl p-4 shadow-md bg-white text-gray-800 border border-gray-200"[39m
          [36m>[39m
            [36m<div[39m
              [33mclass[39m=[32m"flex items-start space-x-3"[39m
            [36m>[39m
              [36m<div[39m
                [33mclass[39m=[32m"w-8 h-8 rounded-full bg-gradient-to-r from-amber-500 to-orange-500 flex items-center justify-center text-white font-bold flex-shrink-0"[39m
              [36m>[39m
                [0mM[0m
              [36m</div>[39m
              [36m<div[39m
                [33mclass[39m=[32m"flex-1"[39m
              [36m>[39m
                [36m<p[39m
                  [33mclass[39m=[32m"whitespace-pre-line leading-relaxed"[39m
                [36m>[39m
                  [0mDésolé, j'ai rencontré un problème technique. Pouvez-vous réessayer ?[0m
                [36m</p>[39m
                [36m<div[39m
                  [33mclass[39m=[32m"flex items-center justify-between mt-2 text-xs text-gray-500"[39m
                [36m>[39m
                  [36m<span>[39m
                    [0m13:02[0m
                  [36m</span>[39m
                [36m</div>[39m
              [36m</div>[39m
            [36m</div>[39m
          [36m</div>[39m
        [36m</div>[39m
        [36m<div[39m
          [33mclass[39m=[32m"flex justify-end fade-in"[39m
        [36m>[39m
          [36m<div[39m
            [33mclass[39m=[32m"max-w-[75%] rounded-2xl p-4 shadow-md bg-gradient-to-r from-amber-500 to-orange-500 text-white"[39m
          [36m>[39m
            [36m<div[39m
              [33mclass[39m=[32m"flex items-start space-x-3"[39m
            [36m>[39m
              [36m<div[39m
                [33mclass[39m=[32m"flex-1"[39m
              [36m>[39m
                [36m<p[39m
                  [33mclass[39m=[32m"whitespace-pre-line leading-relaxed"[39m
                [36m>[39m
                  [0mRetry[0m
                [36m</p>[39m
                [36m<div[39m
                  [33mclass[39m=[32m"flex items-center justify-between mt-2 text-xs text-white/70"[39m
                [36m>[39m
                  [36m<span>[39m
                    [0m13:02[0m
                  [36m</span>[39m
                [36m</div>[39m
              [36m</div>[39m
              [36m<div[39m
                [33mclass[39m=[32m"w-8 h-8 rounded-full bg-white flex items-center justify-center text-amber-600 font-bold flex-shrink-0"[39m
              [36m>[39m
                [0mV[0m
              [36m</div>[39m
            [36m</div>[39m
          [36m</div>[39m
        [36m</div>[39m
        [36m<div[39m
          [33mclass[39m=[32m"flex justify-start fade-in"[39m
        [36m>[39m
          [36m<div[39m
            [33mclass[39m=[32m"max-w-[75%] rounded-2xl p-4 shadow-md bg-white text-gray-800 border border-gray-200"[39m
          [36m>[39m
            [36m<div[39m
              [33mclass[39m=[32m"flex items-start space-x-3"[39m
            [36m>[39m
              [36m<div[39m
                [33mclass[39m=[32m"w-8 h-8 rounded-full bg-gradient-to-r from-amber-500 to-orange-500 flex items-center justify-center text-white font-bold flex-shrink-0"[39m
              [36m>[39m
                [0mM[0m
              [36m</div>[39m
              [36m<div[39m
                [33mclass[39m=[32m"flex-1"[39m
              [36m>[39m
                [36m<p[39m
                  [33mclass[39m=[32m"whitespace-pre-line leading-relaxed"[39m
                [36m>[39m
                  [0mDésolé, j'ai rencontré un problème technique. Pouvez-vous réessayer ?[0m
                [36m</p>[39m
                [36m<div[39m
                  [33mclass[39m=[32m"flex items-center justify-between mt-2 text-xs text-gray-500"[39m
                [36m>[39m
                  [36m<span>[39m
                    [0m13:02[0m
                  [36m</span>[39m
                [36m</div>[39m
              [36m</div>[39m
            [36m</div>[39m
          [36m</div>[39m
        [36m</div>[39m
        [36m<div />[39m
      [36m</div>[39m
      [36m<div[39m
        [33mclass[39m=[32m"bg-white p-6 border-t border-gray-200 shadow-lg"[39m
      [36m>[39m
        [36m<div[39m
          [33mclass[39m=[32m"flex items-end space-x-3"[39m
        [36m>[39m
          [36m<button[39m
            [33mclass[39m=[32m"bg-amber-100 hover:bg-amber-200 text-amber-700 p-3 rounded-full transition-colors flex-shrink-0"[39m
            [33mtitle[39m=[32m"Ajouter des photos"[39m
          [36m>[39m
            [36m<svg[39m
              [33mclass[39m=[32m"lucide lucide-camera w-6 h-6"[39m
              [33mfill[39m=[32m"none"[39m
              [33mheight[39m=[32m"24"[39m
              [33mstroke[39m=[32m"currentColor"[39m
              [33mstroke-linecap[39m=[32m"round"[39m
              [33mstroke-linejoin[39m=[32m"round"[39m
              [33mstroke-width[39m=[32m"2"[39m
              [33mviewBox[39m=[32m"0 0 24 24"[39m
              [33mwidth[39m=[32m"24"[39m
              [33mxmlns[39m=[32m"http://www.w3.org/2000/svg"[39m
            [36m>[39m
              [36m<path[39m
                [33md[39m=[32m"M14.5 4h-5L7 7H4a2 2 0 0 0-2 2v9a2 2 0 0 0 2 2h16a2 2 0 0 0 2-2V9a2 2 0 0 0-2-2h-3l-2.5-3z"[39m
              [36m/>[39m
              [36m<circle[39m
                [33mcx[39m=[32m"12"[39m
                [33mcy[39m=[32m"13"[39m
                [33mr[39m=[32m"3"[39m
              [36m/>[39m
            [36m</svg>[39m
          [36m</button>[39m
          [36m<input[39m
            [33maccept[39m=[32m"image/*,video/*"[39m
            [33mclass[39m=[32m"hidden"[39m
            [33mmultiple[39m=[32m""[39m
            [33mtype[39m=[32m"file"[39m
          [36m/>[39m
          [36m<button[39m
            [33mclass[39m=[32m"relative p-3 rounded-full transition-all flex-shrink-0 shadow-lg bg-gradient-to-r from-blue-500 to-purple-500 hover:from-blue-600 hover:to-purple-600 text-white"[39m
            [33mtitle[39m=[32m"🎤 Parler au lieu de taper"[39m
          [36m>[39m
            [36m<svg[39m
              [33mclass[39m=[32m"lucide lucide-mic w-6 h-6"[39m
              [33mfill[39m=[32m"none"[39m
              [33mheight[39m=[32m"24"[39m
              [33mstroke[39m=[32m"currentColor"[39m
              [33mstroke-linecap[39m=[32m"round"[39m
              [33mstroke-linejoin[39m=[32m"round"[39m
              [33mstroke-width[39m=[32m"2"[39m
              [33mviewBox[39m=[32m"0 0 24 24"[39m
              [33mwidth[39m=[32m"24"[39m
              [33mxmlns[39m=[32m"http://www.w3.org/2000/svg"[39m
            [36m>[39m
              [36m<path[39m
                [33md[39m=[32m"M12 2a3 3 0 0 0-3 3v7a3 3 0 0 0 6 0V5a3 3 0 0 0-3-3Z"[39m
              [36m/>[39m
              [36m<path[39m
                [33md[39m=[32m"M19 10v2a7 7 0 0 1-14 0v-2"[39m
              [36m/>[39m
              [36m<line[39m
                [33mx1[39m=[32m"12"[39m
                [33mx2[39m=[32m"12"[39m
                [33my1[39m=[32m"19"[39m
                [33my2[39m=[32m"22"[39m
              [36m/>[39m
            [36m</svg>[39m
          [36m</button>[39m
          [36m<div[39m
            [33mclass[39m=[32m"flex-1"[39m
          [36m>[39m
            [36m<textarea[39m
              [33mclass[39m=[32m"w-full border-2 border-gray-300 rounded-2xl px-4 py-3 focus:outline-none focus:ring-2 focus:ring-red-500 focus:border-transparent resize-none"[39m
              [33mplaceholder[39m=[32m"Nom complet + Problème + N° commande... (Ex: Jean Dupont, mon canapé OSLO a un pied cassé, CMD-2024-12345)"[39m
              [33mrows[39m=[32m"1"[39m
              [33mstyle[39m=[32m"min-height: 50px; max-height: 150px;"[39m
            [36m/>[39m
          [36m</div>[39m
          [36m<button[39m
            [33mclass[39m=[32m"p-3 rounded-full flex-shrink-0 transition-all bg-gray-300 text-gray-500 cursor-not-allowed"[39m
            [33mdisabled[39m=[32m""[39m
          [36m>[39m
            [36m<svg[39m
              [33mclass[39m=[32m"lucide lucide-send w-6 h-6"[39m
              [33mfill[39m=[32m"none"[39m
              [33mheight[39m=[32m"24"[39m
              [33mstroke[39m=[32m"currentColor"[39m
              [33mstroke-linecap[39m=[32m"round"[39m
              [33mstroke-linejoin[39m=[32m"round"[39m
              [33mstroke-width[39m=[32m"2"[39m
              [33mviewBox[39m=[32m"0 0 24 24"[39m
              [33mwidth[39m=[32m"24"[39m
              [33mxmlns[39m=[32m"http://www.w3.org/2000/svg"[39m
            [36m>[39m
              [36m<path[39m
                [33md[39m=[32m"m22 2-7 20-4-9-9-4Z"[39m
              [36m/>[39m
              [36m<path[39m
                [33md[39m=[32m"M22 2 11 13"[39m
              [36m/>[39m
            [36m</svg>[39m
          [36m</button>[39m
        [36m</div>[39m
        [36m<p[39m
          [33mclass[39m=[32m"text-xs text-gray-500 mt-3 text-center"[39m
        [36m>[39m
          [0m🔒 Données sécurisées • ⚡ Réponse immédiate • 🎤 Conversation vocale complète • 🔊 Le bot vous parle • 🎯 Analyse automatique du TON et PRIORITÉ • 🛡️ Vérification garantie instantanée[0m
        [36m</p>[39m
      [36m</div>[39m
    [36m</div>[39m
  [36m</div>[39m
[36m</body>[39m

Ignored nodes: comments, script, style
[36m<html>[39m
  [36m<head />[39m
  [36m<body>[39m
    [36m<div>[39m
      [36m<div[39m
        [33mclass[39m=[32m"flex flex-col h-full max-w-5xl mx-auto bg-gradient-to-br from-amber-50 to-orange-50"[39m
      [36m>[39m
        [36m<div[39m
          [33mclass[39m=[32m"bg-gradient-to-r from-blue-600 to-blue-700 text-white p-6 shadow-lg"[39m
        [36m>[39m
          [36m<div[39m
            [33mclass[39m=[32m"flex items-center justify-between"[39m
          [36m>[39m
            [36m<div>[39m
              [36m<h1[39m
                [33mclass[39m=[32m"text-3xl font-bold"[39m
              [36m>[39m
                [0mService clientèle du groupe Mobilier de France[0m
              [36m</h1>[39m
              [36m<p[39m
                [33mclass[39m=[32m"text-sm opacity-90 mt-1"[39m
              [36m>[39m
                [0mService Après-Vente Intelligent • Traitement automatisé en temps réel[0m
              [36m</p>[39m
            [36m</div>[39m
            [36m<div[39m
              [33mclass[39m=[32m"flex items-center space-x-4"[39m
            [36m>[39m
              [36m<button[39m
                [33mclass[39m=[32m"flex items-center space-x-2 px-4 py-2 rounded-lg font-medium transition-all bg-white text-blue-600 hover:bg-gray-100"[39m
                [33mtitle[39m=[32m"Désactiver la voix du bot"[39m
              [36m>[39m
                [36m<svg[39m
                  [33mclass[39m=[32m"lucide lucide-volume2 w-5 h-5 "[39m
                  [33mfill[39m=[32m"none"[39m
                  [33mheight[39m=[32m"24"[39m
                  [33mstroke[39m=[32m"currentColor"[39m
                  [33mstroke-linecap[39m=[32m"round"[39m
                  [33mstroke-linejoin[39m=[32m"round"[39m
                  [33mstroke-width[39m=[32m"2"[39m
                  [33mviewBox[39m=[32m"0 0 24 24"[39m
                  [33mwidth[39m=[32m"24"[39m
                  [33mxmlns[39m=[32m"http://www.w3.org/2000/svg"[39m
                [36m>[39m
                  [36m<polygon[39m
                    [33mpoints[39m=[32m"11 5 6 9 2 9 2 15 6 15 11 19 11 5"[39m
                  [36m/>[39m
                  [36m<path[39m
                    [33md[39m=[32m"M15.54 8.46a5 5 0 0 1 0 7.07"[39m
                  [36m/>[39m
                  [36m<path[39m
                    [33md[39m=[32m"M19.07 4.93a10 10 0 0 1 0 14.14"[39m
                  [36m/>[39m
                [36m</svg>[39m
                [36m<span[39m
                  [33mclass[39m=[32m"text-sm"[39m
                [36m>[39m
                  [0mVoix ON[0m
                [36m</span>[39m
              [36m</button>[39m
              [36m<div[39m
                [33mclass[39m=[32m"text-right text-xs opacity-80 border-l border-white/30 pl-4"[39m
              [36m>[39m
                [36m<p[39m
                  [33mclass[39m=[32m"font-semibold"[39m
                [36m>[39m
                  [0m🎯 100% Automatisé[0m
                [36m</p>[39m
                [36m<p[39m
                  [33mclass[39m=[32m"text-xs"[39m
                [36m>[39m
                  [0m✅ Analyse TON • ✅ Garantie • ✅ Priorité[0m
                [36m</p>[39m
              [36m</div>[39m
            [36m</div>[39m
          [36m</div>[39m
        [36m</div>[39m
        [36m<div[39m
          [33mclass[39m=[32m"flex-1 overflow-y-auto p-6 space-y-4"[39m
        [36m>[39m
          [36m<div[39m
            [33mclass[39m=[32m"flex justify-start fade-in"[39m
          [36m>[39m
            [36m<div[39m
              [33mclass[39m=[32m"max-w-[75%] rounded-2xl p-4 shadow-md bg-white text-gray-800 border border-gray-200"[39m
            [36m>[39m
              [36m<div[39m
                [33mclass[39m=[32m"flex items-start space-x-3"[39m
              [36m>[39m
                [36m<div[39m
                  [33mclass[39m=[32m"w-8 h-8 rounded-full bg-gradient-to-r from-amber-500 to-orange-500 flex items-center justify-center text-white font-bold flex-shrink-0"[39m
                [36m>[39m
                  [0mM[0m
                [36m</div>[39m
                [36m<div[39m
                  [33mclass[39m=[32m"flex-1"[39m
                [36m>[39m
                  [36m<p[39m
                    [33mclass[39m=[32m"whitespace-pre-line leading-relaxed"[39m
                  [36m>[39m
                    [0m👋 Bonjour ! Je suis votre assistant SAV Mobilier de France.

Décrivez-moi votre problème avec votre numéro de commande, je m'occupe du reste !

💡 **Exemple** : "Bonjour, je m'appelle Marie Martin. Mon canapé OSLO a le pied cassé, commande CMD-2024-12345"[0m
                  [36m</p>[39m
                  [36m<div[39m
                    [33mclass[39m=[32m"flex items-center justify-between mt-2 text-xs text-gray-500"[39m
                  [36m>[39m
                    [36m<span>[39m
                      [0m13:02[0m
                    [36m</span>[39m
                  [36m</div>[39m
                [36m</div>[39m
              [36m</div>[39m
            [36m</div>[39m
          [36m</div>[39m
          [36m<div[39m
            [33mclass[39m=[32m"flex justify-end fade-in"[39m
          [36m>[39m
            [36m<div[39m
              [33mclass[39m=[32m"max-w-[75%] rounded-2xl p-4 shadow-md bg-gradient-to-r from-amber-500 to-orange-500 text-white"[39m
            [36m>[39m
              [36m<div[39m
                [33mclass[39m=[32m"flex items-start space-x-3"[39m
              [36m>[39m
                [36m<div[39m
                  [33mclass[39m=[32m"flex-1"[39m
                [36m>[39m
                  [36m<p[39m
                    [33mclass[39m=[32m"whitespace-pre-line leading-relaxed"[39m
                  [36m>[39m
                    [0mTest[0m
                  [36m</p>[39m
                  [36m<div[39m
                    [33mclass[39m=[32m"flex items-center justify-between mt-2 text-xs text-white/70"[39m
                  [36m>[39m
                    [36m<span>[39m
                      [0m13:02[0m
                    [36m</span>[39m
                  [36m</div>[39m
                [36m</div>[39m
                [36m<div[39m
                  [33mclass[39m=[32m"w-8 h-8 rounded-full bg-white flex items-center justify-center text-amber-600 font-bold flex-shrink-0"[39m
                [36m>[39m
                  [0mV[0m
                [36m</div>[39m
              [36m</div>[39m
            [36m</div>[39m
          [36m</div>[39m
          [36m<div[39m
            [33mclass[39m=[32m"flex justify-start fade-in"[39m
          [36m>[39m
            [36m<div[39m
              [33mclass[39m=[32m"max-w-[75%] rounded-2xl p-4 shadow-md bg-white text-gray-800 border border-gray-200"[39m
            [36m>[39m
              [36m<div[39m
                [33mclass[39m=[32m"flex items-start space-x-3"[39m
              [36m>[39m
                [36m<div[39m
                  [33mclass[39m=[32m"w-8 h-8 rounded-full bg-gradient-to-r from-amber-500 to-orange-500 flex items-center justify-center text-white font-bold flex-shrink-0"[39m
                [36m>[39m
                  [0mM[0m
                [36m</div>[39m
                [36m<div[39m
                  [33mclass[39m=[32m"flex-1"[39m
                [36m>[39m
                  [36m<p[39m
                    [33mclass[39m=[32m"whitespace-pre-line leading-relaxed"[39m
                  [36m>[39m
                    [0mDésolé, j'ai rencontré un problème technique. Pouvez-vous réessayer ?[0m
                  [36m</p>[39m
                  [36m<div[39m
                    [33mclass[39m=[32m"flex items-center justify-between mt-2 text-xs text-gray-500"[39m
                  [36m>[39m
                    [36m<span>[39m
                      [0m13:02[0m
                    [36m</span>[39m
                  [36m</div>[39m
                [36m</div>[39m
              [36m</div>[39m
            [36m</div>[39m
          [36m</div>[39m
          [36m<div[39m
            [33mclass[39m=[32m"flex justify-end fade-in"[39m
          [36m>[39m
            [36m<div[39m
              [33mclass[39m=[32m"max-w-[75%] rounded-2xl p-4 shadow-md bg-gradient-to-r from-amber-500 to-orange-500 text-white"[39m
            [36m>[39m
              [36m<div[39m
                [33mclass[39m=[32m"flex items-start space-x-3"[39m
              [36m>[39m
                [36m<div[39m
                  [33mclass[39m=[32m"flex-1"[39m
                [36m>[39m
                  [36m<p[39m
                    [33mclass[39m=[32m"whitespace-pre-line leading-relaxed"[39m
                  [36m>[39m
                    [0mRetry[0m
                  [36m</p>[39m
                  [36m<div[39m
                    [33mclass[39m=[32m"flex items-center justify-between mt-2 text-xs text-white/70"[39m
                  [36m>[39m
                    [36m<span>[39m
                      [0m13:02[0m
                    [36m</span>[39m
                  [36m</div>[39m
                [36m</div>[39m
                [36m<div[39m
                  [33mclass[39m=[32m"w-8 h-8 rounded-full bg-white flex items-center justify-center text-amber-600 font-bold flex-shrink-0"[39m
                [36m>[39m
                  [0mV[0m
                [36m</div>[39m
              [36m</div>[39m
            [36m</div>[39m
          [36m</div>[39m
          [36m<div[39m
            [33mclass[39m=[32m"flex justify-start fade-in"[39m
          [36m>[39m
            [36m<div[39m
              [33mclass[39m=[32m"max-w-[75%] rounded-2xl p-4 shadow-md bg-white text-gray-800 border border-gray-200"[39m
            [36m>[39m
              [36m<div[39m
                [33mclass[39m=[32m"flex items-start space-x-3"[39m
              [36m>[39m
                [36m<div[39m
                  [33mclass[39m=[32m"w-8 h-8 rounded-full bg-gradient-to-r from-amber-500 to-orange-500 flex items-center justify-center text-white font-bold flex-shrink-0"[39m
                [36m>[39m
                  [0mM[0m
                [36m</div>[39m
                [36m<div[39m
                  [33mclass[39m=[32m"flex-1"[39m
                [36m>[39m
                  [36m<p[39m
                    [33mclass[39m=[32m"whitespace-pre-line leading-relaxed"[39m
                  [36m>[39m
                    [0mDésolé, j'ai rencontré un problème technique. Pouvez-vous réessayer ?[0m
                  [36m</p>[39m
                  [36m<div[39m
                    [33mclass[39m=[32m"flex items-center justify-between mt-2 text-xs text-gray-500"[39m
                  [36m>[39m
                    [36m<span>[39m
                      [0m13:02[0m
                    [36m</span>[39m
                  [36m</div>[39m
                [36m</div>[39m
              [36m</div>[39m
            [36m</div>[39m
          [36m</div>[39m
          [36m<div />[39m
        [36m</div>[39m
        [36m<div[39m
          [33mclass[39m=[32m"bg-white p-6 border-t border-gray-200 shadow-lg"[39m
        [36m>[39m
          [36m<div[39m
            [33mclass[39m=[32m"flex items-end space-x-3"[39m
          [36m>[39m
            [36m<button[39m
              [33mclass[39m=[32m"bg-amber-100 hover:bg-amber-200 text-amber-700 p-3 rounded-full transition-colors flex-shrink-0"[39m
              [33mtitle[39m=[32m"Ajouter des photos"[39m
            [36m>[39m
              [36m<svg[39m
                [33mclass[39m=[32m"lucide lucide-camera w-6 h-6"[39m
                [33mfill[39m=[32m"none"[39m
                [33mheight[39m=[32m"24"[39m
                [33mstroke[39m=[32m"currentColor"[39m
                [33mstroke-linecap[39m=[32m"round"[39m
                [33mstroke-linejoin[39m=[32m"round"[39m
                [33mstroke-width[39m=[32m"2"[39m
                [33mviewBox[39m=[32m"0 0 24 24"[39m
                [33mwidth[39m=[32m"24"[39m
                [33mxmlns[39m=[32m"http://www.w3.org/2000/svg"[39m
              [36m>[39m
                [36m<path[39m
                  [33md[39m=[32m"M14.5 4h-5L7 7H4a2 2 0 0 0-2 2v9a2 2 0 0 0 2 2h16a2 2 0 0 0 2-2V9a2 2 0 0 0-2-2h-3l-2.5-3z"[39m
                [36m/>[39m
                [36m<circle[39m
                  [33mcx[39m=[32m"12"[39m
                  [33mcy[39m=[32m"13"[39m
                  [33mr[39m=[32m"3"[39m
                [36m/>[39m
              [36m</svg>[39m
            [36m</button>[39m
            [36m<input[39m
              [33maccept[39m=[32m"image/*,video/*"[39m
              [33mclass[39m=[32m"hidden"[39m
              [33mmultiple[39m=[32m""[39m
              [33mtype[39m=[32m"file"[39m
            [36m/>[39m
            [36m<button[39m
              [33mclass[39m=[32m"relative p-3 rounded-full transition-all flex-shrink-0 shadow-lg bg-gradient-to-r from-blue-500 to-purple-500 hover:from-blue-600 hover:to-purple-600 text-white"[39m
              [33mtitle[39m=[32m"🎤 Parler au lieu de taper"[39m
            [36m>[39m
              [36m<svg[39m
                [33mclass[39m=[32m"lucide lucide-mic w-6 h-6"[39m
                [33mfill[39m=[32m"none"[39m
                [33mheight[39m=[32m"24"[39m
                [33mstroke[39m=[32m"currentColor"[39m
                [33mstroke-linecap[39m=[32m"round"[39m
                [33mstroke-linejoin[39m=[32m"round"[39m
                [33mstroke-width[39m=[32m"2"[39m
                [33mviewBox[39m=[32m"0 0 24 24"[39m
                [33mwidth[39m=[32m"24"[39m
                [33mxmlns[39m=[32m"http://www.w3.org/2000/svg"[39m
              [36m>[39m
                [36m<path[39m
                  [33md[39m=[32m"M12 2a3 3 0 0 0-3 3v7a3 3 0 0 0 6 0V5a3 3 0 0 0-3-3Z"[39m
                [36m/>[39m
                [36m<path[39m
                  [33md[39m=[32m"M19 10v2a7 7 0 0 1-14 0v-2"[39m
                [36m/>[39m
                [36m<line[39m
                  [33mx1[39m=[32m"12"[39m
                  [33mx2[39m=[32m"12"[39m
                  [33my1[39m=[32m"19"[39m
                  [33my2[39m=[32m"22"[39m
                [36m/>[39m
              [36m</svg>[39m
            [36m</button>[39m
            [36m<div[39m
              [33mclass[39m=[32m"flex-1"[39m
            [36m>[39m
              [36m<textarea[39m
                [33mclass[39m=[32m"w-full border-2 border-gray-300 rounded-2xl px-4 py-3 focus:outline-none focus:ring-2 focus:ring-red-500 focus:border-transparent resize-none"[39m
                [33mplaceholder[39m=[32m"Nom complet + Problème + N° commande... (Ex: Jean Dupont, mon canapé OSLO a un pied cassé, CMD-2024-12345)"[39m
                [33mrows[39m=[32m"1"[39m
                [33mstyle[39m=[32m"min-height: 50px; max-height: 150px;"[39m
              [36m/>[39m
            [36m</div>[39m
            [36m<button[39m
              [33mclass[39m=[32m"p-3 rounded-full flex-shrink-0 transition-all bg-gray-300 text-gray-500 cursor-not-allowed"[39m
              [33mdisabled[39m=[32m""[39m
            [36m>[39m
              [36m<svg[39m
                [33mclass[39m=[32m"lucide lucide-send w-6 h-6"[39m
                [33mfill[39m=[32m"none"[39m
                [33mheight[39m=[32m"24"[39m
                [33mstroke[39m=[32m"currentColor"[39m
                [33mstroke-linecap[39m=[32m"round"[39m
                [33mstroke-linejoin[39m=[32m"round"[39m
                [33mstroke-width[39m=[32m"2"[39m
                [33mviewBox[39m=[32m"0 0 24 24"[39m
                [33mwidth[39m=[32m"24"[39m
                [33mxmlns[39m=[32m"http://www.w3.org/2000/svg"[39m
              [36m>[39m
                [36m<path[39m
                  [33md[39m=[32m"m22 2-7 20-4-9-9-4Z"[39m
                [36m/>[39m
                [36m<path[39m
                  [33md[39m=[32m"M22 2 11 13"[39m
                [36m/>[39m
              [36m</svg>[39m
            [36m</button>[39m
          [36m</div>[39m
          [36m<p[39m
            [33mclass[39m=[32m"text-xs text-gray-500 mt-3 text-center"[39m
          [36m>[39m
            [0m🔒 Données sécurisées • ⚡ Réponse immédiate • 🎤 Conversation vocale complète • 🔊 Le bot vous parle • 🎯 Analyse automatique du TON et PRIORITÉ • 🛡️ Vérification garantie instantanée[0m
          [36m</p>[39m
        [36m</div>[39m
      [36m</div>[39m
    [36m</div>[39m
  [36m</body>[39m
[36m</html>[39m
[90m [2m❯[22m Proxy.waitForWrapper node_modules/@testing-library/dom/dist/wait-for.js:[2m163:27[22m[39m
[36m [2m❯[22m src/__tests__/ChatInterface.test.jsx:[2m323:13[22m[39m
    [90m321| [39m      [35mawait[39m user[33m.[39m[34mclick[39m(buttons[buttons[33m.[39mlength [33m-[39m [34m1[39m])[33m;[39m
    [90m322| [39m
    [90m323| [39m      [35mawait[39m [34mwaitFor[39m(() [33m=>[39m {
    [90m   | [39m            [31m^[39m
    [90m324| [39m        [34mexpect[39m(screen[33m.[39m[34mgetByText[39m([36m/Comment puis-je vous aider/i[39m))[33m.[39m[34mtoBeIn[39m…
    [90m325| [39m      })[33m;[39m

[31m[2m⎯⎯⎯⎯⎯⎯⎯⎯⎯⎯⎯⎯⎯⎯⎯⎯⎯⎯⎯⎯⎯⎯[12/61]⎯[22m[39m

[31m[1m[7m FAIL [27m[22m[39m src/__tests__/ChatInterface.test.jsx[2m > [22mChatInterface[2m > [22mMessage Formatting[2m > [22mshould display timestamps for messages
[31m[1mTestingLibraryElementError[22m[39m: Found multiple elements with the text: /\d{2}:\d{2}/

Here are the matching elements:

Ignored nodes: comments, script, style
[36m<span>[39m
  [0m13:03[0m
[36m</span>[39m

Ignored nodes: comments, script, style
[36m<span>[39m
  [0m13:03[0m
[36m</span>[39m

(If this is intentional, then use the `*AllBy*` variant of the query (like `queryAllByText`, `getAllByText`, or `findAllByText`)).

Ignored nodes: comments, script, style
[36m<body>[39m
  [36m<div>[39m
    [36m<div[39m
      [33mclass[39m=[32m"flex flex-col h-full max-w-5xl mx-auto bg-gradient-to-br from-amber-50 to-orange-50"[39m
    [36m>[39m
      [36m<div[39m
        [33mclass[39m=[32m"bg-gradient-to-r from-blue-600 to-blue-700 text-white p-6 shadow-lg"[39m
      [36m>[39m
        [36m<div[39m
          [33mclass[39m=[32m"flex items-center justify-between"[39m
        [36m>[39m
          [36m<div>[39m
            [36m<h1[39m
              [33mclass[39m=[32m"text-3xl font-bold"[39m
            [36m>[39m
              [0mService clientèle du groupe Mobilier de France[0m
            [36m</h1>[39m
            [36m<p[39m
              [33mclass[39m=[32m"text-sm opacity-90 mt-1"[39m
            [36m>[39m
              [0mService Après-Vente Intelligent • Traitement automatisé en temps réel[0m
            [36m</p>[39m
          [36m</div>[39m
          [36m<div[39m
            [33mclass[39m=[32m"flex items-center space-x-4"[39m
          [36m>[39m
            [36m<button[39m
              [33mclass[39m=[32m"flex items-center space-x-2 px-4 py-2 rounded-lg font-medium transition-all bg-white text-blue-600 hover:bg-gray-100"[39m
              [33mtitle[39m=[32m"Désactiver la voix du bot"[39m
            [36m>[39m
              [36m<svg[39m
                [33mclass[39m=[32m"lucide lucide-volume2 w-5 h-5 "[39m
                [33mfill[39m=[32m"none"[39m
                [33mheight[39m=[32m"24"[39m
                [33mstroke[39m=[32m"currentColor"[39m
                [33mstroke-linecap[39m=[32m"round"[39m
                [33mstroke-linejoin[39m=[32m"round"[39m
                [33mstroke-width[39m=[32m"2"[39m
                [33mviewBox[39m=[32m"0 0 24 24"[39m
                [33mwidth[39m=[32m"24"[39m
                [33mxmlns[39m=[32m"http://www.w3.org/2000/svg"[39m
              [36m>[39m
                [36m<polygon[39m
                  [33mpoints[39m=[32m"11 5 6 9 2 9 2 15 6 15 11 19 11 5"[39m
                [36m/>[39m
                [36m<path[39m
                  [33md[39m=[32m"M15.54 8.46a5 5 0 0 1 0 7.07"[39m
                [36m/>[39m
                [36m<path[39m
                  [33md[39m=[32m"M19.07 4.93a10 10 0 0 1 0 14.14"[39m
                [36m/>[39m
              [36m</svg>[39m
              [36m<span[39m
                [33mclass[39m=[32m"text-sm"[39m
              [36m>[39m
                [0mVoix ON[0m
              [36m</span>[39m
            [36m</button>[39m
            [36m<div[39m
              [33mclass[39m=[32m"text-right text-xs opacity-80 border-l border-white/30 pl-4"[39m
            [36m>[39m
              [36m<p[39m
                [33mclass[39m=[32m"font-semibold"[39m
              [36m>[39m
                [0m🎯 100% Automatisé[0m
              [36m</p>[39m
              [36m<p[39m
                [33mclass[39m=[32m"text-xs"[39m
              [36m>[39m
                [0m✅ Analyse TON • ✅ Garantie • ✅ Priorité[0m
              [36m</p>[39m
            [36m</div>[39m
          [36m</div>[39m
        [36m</div>[39m
      [36m</div>[39m
      [36m<div[39m
        [33mclass[39m=[32m"flex-1 overflow-y-auto p-6 space-y-4"[39m
      [36m>[39m
        [36m<div[39m
          [33mclass[39m=[32m"flex justify-start fade-in"[39m
        [36m>[39m
          [36m<div[39m
            [33mclass[39m=[32m"max-w-[75%] rounded-2xl p-4 shadow-md bg-white text-gray-800 border border-gray-200"[39m
          [36m>[39m
            [36m<div[39m
              [33mclass[39m=[32m"flex items-start space-x-3"[39m
            [36m>[39m
              [36m<div[39m
                [33mclass[39m=[32m"w-8 h-8 rounded-full bg-gradient-to-r from-amber-500 to-orange-500 flex items-center justify-center text-white font-bold flex-shrink-0"[39m
              [36m>[39m
                [0mM[0m
              [36m</div>[39m
              [36m<div[39m
                [33mclass[39m=[32m"flex-1"[39m
              [36m>[39m
                [36m<p[39m
                  [33mclass[39m=[32m"whitespace-pre-line leading-relaxed"[39m
                [36m>[39m
                  [0m👋 Bonjour ! Je suis votre assistant SAV Mobilier de France.

Décrivez-moi votre problème avec votre numéro de commande, je m'occupe du reste !

💡 **Exemple** : "Bonjour, je m'appelle Marie Martin. Mon canapé OSLO a le pied cassé, commande CMD-2024-12345"[0m
                [36m</p>[39m
                [36m<div[39m
                  [33mclass[39m=[32m"flex items-center justify-between mt-2 text-xs text-gray-500"[39m
                [36m>[39m
                  [36m<span>[39m
                    [0m13:03[0m
                  [36m</span>[39m
                [36m</div>[39m
              [36m</div>[39m
            [36m</div>[39m
          [36m</div>[39m
        [36m</div>[39m
        [36m<div[39m
          [33mclass[39m=[32m"flex justify-end fade-in"[39m
        [36m>[39m
          [36m<div[39m
            [33mclass[39m=[32m"max-w-[75%] rounded-2xl p-4 shadow-md bg-gradient-to-r from-amber-500 to-orange-500 text-white"[39m
          [36m>[39m
            [36m<div[39m
              [33mclass[39m=[32m"flex items-start space-x-3"[39m
            [36m>[39m
              [36m<div[39m
                [33mclass[39m=[32m"flex-1"[39m
              [36m>[39m
                [36m<p[39m
                  [33mclass[39m=[32m"whitespace-pre-line leading-relaxed"[39m
                [36m>[39m
                  [0mTimestamped message[0m
                [36m</p>[39m
                [36m<div[39m
                  [33mclass[39m=[32m"flex items-center justify-between mt-2 text-xs text-white/70"[39m
                [36m>[39m
                  [36m<span>[39m
                    [0m13:03[0m
                  [36m</span>[39m
                [36m</div>[39m
              [36m</div>[39m
              [36m<div[39m
                [33mclass[39m=[32m"w-8 h-8 rounded-full bg-white flex items-center justify-center text-amber-600 font-bold flex-shrink-0"[39m
              [36m>[39m
                [0mV[0m
              [36m</div>[39m
            [36m</div>[39m
          [36m</div>[39m
        [36m</div>[39m
        [36m<div[39m
          [33mclass[39m=[32m"flex justify-start fade-in"[39m
        [36m>[39m
          [36m<div[39m
            [33mclass[39m=[32m"bg-white rounded-2xl p-4 shadow-md border border-gray-200"[39m
          [36m>[39m
            [36m<div[39m
              [33mclass[39m=[32m"flex items-center space-x-3"[39m
            [36m>[39m
              [36m<div[39m
                [33mclass[39m=[32m"w-8 h-8 rounded-full bg-gradient-to-r from-amber-500 to-orange-500 flex items-center justify-center text-white font-bold"[39m
              [36m>[39m
                [0mM[0m
              [36m</div>[39m
              [36m<div[39m
                [33mclass[39m=[32m"flex space-x-2"[39m
              [36m>[39m
                [36m<div[39m
                  [33mclass[39m=[32m"w-2 h-2 bg-amber-500 rounded-full animate-bounce"[39m
                [36m/>[39m
                [36m<div[39m
                  [33mclass[39m=[32m"w-2 h-2 bg-amber-500 rounded-full animate-bounce"[39m
                  [33mstyle[39m=[32m"animation-delay: 0.1s;"[39m
                [36m/>[39m
                [36m<div[39m
                  [33mclass[39m=[32m"w-2 h-2 bg-amber-500 rounded-full animate-bounce"[39m
                  [33mstyle[39m=[32m"animation-delay: 0.2s;"[39m
                [36m/>[39m
              [36m</div>[39m
            [36m</div>[39m
          [36m</div>[39m
        [36m</div>[39m
        [36m<div />[39m
      [36m</div>[39m
      [36m<div[39m
        [33mclass[39m=[32m"bg-white p-6 border-t border-gray-200 shadow-lg"[39m
      [36m>[39m
        [36m<div[39m
          [33mclass[39m=[32m"flex items-end space-x-3"[39m
        [36m>[39m
          [36m<button[39m
            [33mclass[39m=[32m"bg-amber-100 hover:bg-amber-200 text-amber-700 p-3 rounded-full transition-colors flex-shrink-0"[39m
            [33mtitle[39m=[32m"Ajouter des photos"[39m
          [36m>[39m
            [36m<svg[39m
              [33mclass[39m=[32m"lucide lucide-camera w-6 h-6"[39m
              [33mfill[39m=[32m"none"[39m
              [33mheight[39m=[32m"24"[39m
              [33mstroke[39m=[32m"currentColor"[39m
              [33mstroke-linecap[39m=[32m"round"[39m
              [33mstroke-linejoin[39m=[32m"round"[39m
              [33mstroke-width[39m=[32m"2"[39m
              [33mviewBox[39m=[32m"0 0 24 24"[39m
              [33mwidth[39m=[32m"24"[39m
              [33mxmlns[39m=[32m"http://www.w3.org/2000/svg"[39m
            [36m>[39m
              [36m<path[39m
                [33md[39m=[32m"M14.5 4h-5L7 7H4a2 2 0 0 0-2 2v9a2 2 0 0 0 2 2h16a2 2 0 0 0 2-2V9a2 2 0 0 0-2-2h-3l-2.5-3z"[39m
              [36m/>[39m
              [36m<circle[39m
                [33mcx[39m=[32m"12"[39m
                [33mcy[39m=[32m"13"[39m
                [33mr[39m=[32m"3"[39m
              [36m/>[39m
            [36m</svg>[39m
          [36m</button>[39m
          [36m<input[39m
            [33maccept[39m=[32m"image/*,video/*"[39m
            [33mclass[39m=[32m"hidden"[39m
            [33mmultiple[39m=[32m""[39m
            [33mtype[39m=[32m"file"[39m
          [36m/>[39m
          [36m<button[39m
            [33mclass[39m=[32m"relative p-3 rounded-full transition-all flex-shrink-0 shadow-lg bg-gradient-to-r from-blue-500 to-purple-500 hover:from-blue-600 hover:to-purple-600 text-white"[39m
            [33mtitle[39m=[32m"🎤 Parler au lieu de taper"[39m
          [36m>[39m
            [36m<svg[39m
              [33mclass[39m=[32m"lucide lucide-mic w-6 h-6"[39m
              [33mfill[39m=[32m"none"[39m
              [33mheight[39m=[32m"24"[39m
              [33mstroke[39m=[32m"currentColor"[39m
              [33mstroke-linecap[39m=[32m"round"[39m
              [33mstroke-linejoin[39m=[32m"round"[39m
              [33mstroke-width[39m=[32m"2"[39m
              [33mviewBox[39m=[32m"0 0 24 24"[39m
              [33mwidth[39m=[32m"24"[39m
              [33mxmlns[39m=[32m"http://www.w3.org/2000/svg"[39m
            [36m>[39m
              [36m<path[39m
                [33md[39m=[32m"M12 2a3 3 0 0 0-3 3v7a3 3 0 0 0 6 0V5a3 3 0 0 0-3-3Z"[39m
              [36m/>[39m
              [36m<path[39m
                [33md[39m=[32m"M19 10v2a7 7 0 0 1-14 0v-2"[39m
              [36m/>[39m
              [36m<line[39m
                [33mx1[39m=[32m"12"[39m
                [33mx2[39m=[32m"12"[39m
                [33my1[39m=[32m"19"[39m
                [33my2[39m=[32m"22"[39m
              [36m/>[39m
            [36m</svg>[39m
          [36m</button>[39m
          [36m<div[39m
            [33mclass[39m=[32m"flex-1"[39m
          [36m>[39m
            [36m<textarea[39m
              [33mclass[39m=[32m"w-full border-2 border-gray-300 rounded-2xl px-4 py-3 focus:outline-none focus:ring-2 focus:ring-red-500 focus:border-transparent resize-none"[39m
              [33mplaceholder[39m=[32m"Nom complet + Problème + N° commande... (Ex: Jean Dupont, mon canapé OSLO a un pied cassé, CMD-2024-12345)"[39m
              [33mrows[39m=[32m"1"[39m
              [33mstyle[39m=[32m"min-height: 50px; max-height: 150px;"[39m
            [36m/>[39m
          [36m</div>[39m
          [36m<button[39m
            [33mclass[39m=[32m"p-3 rounded-full flex-shrink-0 transition-all bg-gray-300 text-gray-500 cursor-not-allowed"[39m
            [33mdisabled[39m=[32m""[39m
          [36m>[39m
            [36m<svg[39m
              [33mclass[39m=[32m"lucide lucide-loader2 w-6 h-6 animate-spin"[39m
              [33mfill[39m=[32m"none"[39m
              [33mheight[39m=[32m"24"[39m
              [33mstroke[39m=[32m"currentColor"[39m
              [33mstroke-linecap[39m=[32m"round"[39m
              [33mstroke-linejoin[39m=[32m"round"[39m
              [33mstroke-width[39m=[32m"2"[39m
              [33mviewBox[39m=[32m"0 0 24 24"[39m
              [33mwidth[39m=[32m"24"[39m
              [33mxmlns[39m=[32m"http://www.w3.org/2000/svg"[39m
            [36m>[39m
              [36m<path[39m
                [33md[39m=[32m"M21 12a9 9 0 1 1-6.219-8.56"[39m
              [36m/>[39m
            [36m</svg>[39m
          [36m</button>[39m
        [36m</div>[39m
        [36m<p[39m
          [33mclass[39m=[32m"text-xs text-gray-500 mt-3 text-center"[39m
        [36m>[39m
          [0m🔒 Données sécurisées • ⚡ Réponse immédiate • 🎤 Conversation vocale complète • 🔊 Le bot vous parle • 🎯 Analyse automatique du TON et PRIORITÉ • 🛡️ Vérification garantie instantanée[0m
        [36m</p>[39m
      [36m</div>[39m
    [36m</div>[39m
  [36m</div>[39m
[36m</body>[39m
[90m [2m❯[22m Object.getElementError node_modules/@testing-library/dom/dist/config.js:[2m37:19[22m[39m
[90m [2m❯[22m getElementError node_modules/@testing-library/dom/dist/query-helpers.js:[2m20:35[22m[39m
[90m [2m❯[22m getMultipleElementsFoundError node_modules/@testing-library/dom/dist/query-helpers.js:[2m23:10[22m[39m
[90m [2m❯[22m node_modules/@testing-library/dom/dist/query-helpers.js:[2m55:13[22m[39m
[90m [2m❯[22m node_modules/@testing-library/dom/dist/query-helpers.js:[2m95:19[22m[39m
[36m [2m❯[22m src/__tests__/ChatInterface.test.jsx:[2m435:21[22m[39m
    [90m433| [39m      [90m// Timestamp format is HH:MM[39m
    [90m434| [39m      [35mconst[39m timeRegex [33m=[39m [36m/\d{2}:\d{2}/[39m[33m;[39m
    [90m435| [39m      [34mexpect[39m(screen[33m.[39m[34mgetByText[39m(timeRegex))[33m.[39m[34mtoBeInTheDocument[39m()[33m;[39m
    [90m   | [39m                    [31m^[39m
    [90m436| [39m    })[33m;[39m
    [90m437| [39m  })[33m;[39m

[31m[2m⎯⎯⎯⎯⎯⎯⎯⎯⎯⎯⎯⎯⎯⎯⎯⎯⎯⎯⎯⎯⎯⎯[13/61]⎯[22m[39m

[31m[1m[7m FAIL [27m[22m[39m src/__tests__/Dashboard.test.jsx[2m > [22mDashboard[2m > [22mLoading and Initial State[2m > [22mshould fetch and display tickets after loading
[31m[1mTestingLibraryElementError[22m: Unable to find an element with the text: /Tableau de Bord SAV/i. This could be because the text is broken up by multiple elements. In this case, you can provide a function for your text matcher to make your matcher more flexible.

Ignored nodes: comments, script, style
[36m<body>[31m
  [36m<div>[31m
    [36m<div[31m
      [33mclass[31m=[32m"flex items-center justify-center h-screen bg-gray-50"[31m
    [36m>[31m
      [36m<div[31m
        [33mclass[31m=[32m"text-center text-red-600"[31m
      [36m>[31m
        [36m<svg[31m
          [33mclass[31m=[32m"lucide lucide-xcircle w-16 h-16 mx-auto mb-4"[31m
          [33mfill[31m=[32m"none"[31m
          [33mheight[31m=[32m"24"[31m
          [33mstroke[31m=[32m"currentColor"[31m
          [33mstroke-linecap[31m=[32m"round"[31m
          [33mstroke-linejoin[31m=[32m"round"[31m
          [33mstroke-width[31m=[32m"2"[31m
          [33mviewBox[31m=[32m"0 0 24 24"[31m
          [33mwidth[31m=[32m"24"[31m
          [33mxmlns[31m=[32m"http://www.w3.org/2000/svg"[31m
        [36m>[31m
          [36m<circle[31m
            [33mcx[31m=[32m"12"[31m
            [33mcy[31m=[32m"12"[31m
            [33mr[31m=[32m"10"[31m
          [36m/>[31m
          [36m<path[31m
            [33md[31m=[32m"m15 9-6 6"[31m
          [36m/>[31m
          [36m<path[31m
            [33md[31m=[32m"m9 9 6 6"[31m
          [36m/>[31m
        [36m</svg>[31m
        [36m<p[31m
          [33mclass[31m=[32m"text-xl font-semibold"[31m
        [36m>[31m
          [0mErreur de connexion au serveur[0m
        [36m</p>[31m
        [36m<button[31m
          [33mclass[31m=[32m"mt-4 px-4 py-2 bg-red-600 text-white rounded-lg hover:bg-red-700"[31m
        [36m>[31m
          [0mRéessayer[0m
        [36m</button>[31m
      [36m</div>[31m
    [36m</div>[31m
  [36m</div>[31m
[36m</body>[31m

Ignored nodes: comments, script, style
[36m<html>[31m
  [36m<head />[31m
  [36m<body>[31m
    [36m<div>[31m
      [36m<div[31m
        [33mclass[31m=[32m"flex items-center justify-center h-screen bg-gray-50"[31m
      [36m>[31m
        [36m<div[31m
          [33mclass[31m=[32m"text-center text-red-600"[31m
        [36m>[31m
          [36m<svg[31m
            [33mclass[31m=[32m"lucide lucide-xcircle w-16 h-16 mx-auto mb-4"[31m
            [33mfill[31m=[32m"none"[31m
            [33mheight[31m=[32m"24"[31m
            [33mstroke[31m=[32m"currentColor"[31m
            [33mstroke-linecap[31m=[32m"round"[31m
            [33mstroke-linejoin[31m=[32m"round"[31m
            [33mstroke-width[31m=[32m"2"[31m
            [33mviewBox[31m=[32m"0 0 24 24"[31m
            [33mwidth[31m=[32m"24"[31m
            [33mxmlns[31m=[32m"http://www.w3.org/2000/svg"[31m
          [36m>[31m
            [36m<circle[31m
              [33mcx[31m=[32m"12"[31m
              [33mcy[31m=[32m"12"[31m
              [33mr[31m=[32m"10"[31m
            [36m/>[31m
            [36m<path[31m
              [33md[31m=[32m"m15 9-6 6"[31m
            [36m/>[31m
            [36m<path[31m
              [33md[31m=[32m"m9 9 6 6"[31m
            [36m/>[31m
          [36m</svg>[31m
          [36m<p[31m
            [33mclass[31m=[32m"text-xl font-semibold"[31m
          [36m>[31m
            [0mErreur de connexion au serveur[0m
          [36m</p>[31m
          [36m<button[31m
            [33mclass[31m=[32m"mt-4 px-4 py-2 bg-red-600 text-white rounded-lg hover:bg-red-700"[31m
          [36m>[31m
            [0mRéessayer[0m
          [36m</button>[31m
        [36m</div>[31m
      [36m</div>[31m
    [36m</div>[31m
  [36m</body>[31m
[36m</html>[31m[39m
[90m [2m❯[22m Proxy.waitForWrapper node_modules/@testing-library/dom/dist/wait-for.js:[2m163:27[22m[39m
[36m [2m❯[22m src/__tests__/Dashboard.test.jsx:[2m25:13[22m[39m
    [90m 23| [39m      [34mrender[39m([33m<[39m[33mDashboard[39m [33m/[39m[33m>[39m)[33m;[39m
    [90m 24| [39m
    [90m 25| [39m      [35mawait[39m [34mwaitFor[39m(() [33m=>[39m {
    [90m   | [39m            [31m^[39m
    [90m 26| [39m        [34mexpect[39m(screen[33m.[39m[34mgetByText[39m([36m/Tableau de Bord SAV/i[39m))[33m.[39m[34mtoBeInTheDocu[39m…
    [90m 27| [39m      })[33m;[39m

[31m[2m⎯⎯⎯⎯⎯⎯⎯⎯⎯⎯⎯⎯⎯⎯⎯⎯⎯⎯⎯⎯⎯⎯[14/61]⎯[22m[39m

[31m[1m[7m FAIL [27m[22m[39m src/__tests__/Dashboard.test.jsx[2m > [22mDashboard[2m > [22mLoading and Initial State[2m > [22mshould display header with title
[31m[1mTestingLibraryElementError[22m: Unable to find an element with the text: /📊 Tableau de Bord SAV/i. This could be because the text is broken up by multiple elements. In this case, you can provide a function for your text matcher to make your matcher more flexible.

Ignored nodes: comments, script, style
[36m<body>[31m
  [36m<div>[31m
    [36m<div[31m
      [33mclass[31m=[32m"flex items-center justify-center h-screen bg-gray-50"[31m
    [36m>[31m
      [36m<div[31m
        [33mclass[31m=[32m"text-center text-red-600"[31m
      [36m>[31m
        [36m<svg[31m
          [33mclass[31m=[32m"lucide lucide-xcircle w-16 h-16 mx-auto mb-4"[31m
          [33mfill[31m=[32m"none"[31m
          [33mheight[31m=[32m"24"[31m
          [33mstroke[31m=[32m"currentColor"[31m
          [33mstroke-linecap[31m=[32m"round"[31m
          [33mstroke-linejoin[31m=[32m"round"[31m
          [33mstroke-width[31m=[32m"2"[31m
          [33mviewBox[31m=[32m"0 0 24 24"[31m
          [33mwidth[31m=[32m"24"[31m
          [33mxmlns[31m=[32m"http://www.w3.org/2000/svg"[31m
        [36m>[31m
          [36m<circle[31m
            [33mcx[31m=[32m"12"[31m
            [33mcy[31m=[32m"12"[31m
            [33mr[31m=[32m"10"[31m
          [36m/>[31m
          [36m<path[31m
            [33md[31m=[32m"m15 9-6 6"[31m
          [36m/>[31m
          [36m<path[31m
            [33md[31m=[32m"m9 9 6 6"[31m
          [36m/>[31m
        [36m</svg>[31m
        [36m<p[31m
          [33mclass[31m=[32m"text-xl font-semibold"[31m
        [36m>[31m
          [0mErreur de connexion au serveur[0m
        [36m</p>[31m
        [36m<button[31m
          [33mclass[31m=[32m"mt-4 px-4 py-2 bg-red-600 text-white rounded-lg hover:bg-red-700"[31m
        [36m>[31m
          [0mRéessayer[0m
        [36m</button>[31m
      [36m</div>[31m
    [36m</div>[31m
  [36m</div>[31m
[36m</body>[31m

Ignored nodes: comments, script, style
[36m<html>[31m
  [36m<head />[31m
  [36m<body>[31m
    [36m<div>[31m
      [36m<div[31m
        [33mclass[31m=[32m"flex items-center justify-center h-screen bg-gray-50"[31m
      [36m>[31m
        [36m<div[31m
          [33mclass[31m=[32m"text-center text-red-600"[31m
        [36m>[31m
          [36m<svg[31m
            [33mclass[31m=[32m"lucide lucide-xcircle w-16 h-16 mx-auto mb-4"[31m
            [33mfill[31m=[32m"none"[31m
            [33mheight[31m=[32m"24"[31m
            [33mstroke[31m=[32m"currentColor"[31m
            [33mstroke-linecap[31m=[32m"round"[31m
            [33mstroke-linejoin[31m=[32m"round"[31m
            [33mstroke-width[31m=[32m"2"[31m
            [33mviewBox[31m=[32m"0 0 24 24"[31m
            [33mwidth[31m=[32m"24"[31m
            [33mxmlns[31m=[32m"http://www.w3.org/2000/svg"[31m
          [36m>[31m
            [36m<circle[31m
              [33mcx[31m=[32m"12"[31m
              [33mcy[31m=[32m"12"[31m
              [33mr[31m=[32m"10"[31m
            [36m/>[31m
            [36m<path[31m
              [33md[31m=[32m"m15 9-6 6"[31m
            [36m/>[31m
            [36m<path[31m
              [33md[31m=[32m"m9 9 6 6"[31m
            [36m/>[31m
          [36m</svg>[31m
          [36m<p[31m
            [33mclass[31m=[32m"text-xl font-semibold"[31m
          [36m>[31m
            [0mErreur de connexion au serveur[0m
          [36m</p>[31m
          [36m<button[31m
            [33mclass[31m=[32m"mt-4 px-4 py-2 bg-red-600 text-white rounded-lg hover:bg-red-700"[31m
          [36m>[31m
            [0mRéessayer[0m
          [36m</button>[31m
        [36m</div>[31m
      [36m</div>[31m
    [36m</div>[31m
  [36m</body>[31m
[36m</html>[31m[39m
[90m [2m❯[22m Proxy.waitForWrapper node_modules/@testing-library/dom/dist/wait-for.js:[2m163:27[22m[39m
[36m [2m❯[22m src/__tests__/Dashboard.test.jsx:[2m33:13[22m[39m
    [90m 31| [39m      [34mrender[39m([33m<[39m[33mDashboard[39m [33m/[39m[33m>[39m)[33m;[39m
    [90m 32| [39m
    [90m 33| [39m      [35mawait[39m [34mwaitFor[39m(() [33m=>[39m {
    [90m   | [39m            [31m^[39m
    [90m 34| [39m        [34mexpect[39m(screen[33m.[39m[34mgetByText[39m([36m/📊 Tableau de Bord SAV/i[39m))[33m.[39m[34mtoBeInTheDo[39m…
    [90m 35| [39m      })[33m;[39m

[31m[2m⎯⎯⎯⎯⎯⎯⎯⎯⎯⎯⎯⎯⎯⎯⎯⎯⎯⎯⎯⎯⎯⎯[15/61]⎯[22m[39m

[31m[1m[7m FAIL [27m[22m[39m src/__tests__/Dashboard.test.jsx[2m > [22mDashboard[2m > [22mStatistics Display[2m > [22mshould display total tickets count
[31m[1mTestingLibraryElementError[22m: Unable to find an element with the text: /Total Tickets/i. This could be because the text is broken up by multiple elements. In this case, you can provide a function for your text matcher to make your matcher more flexible.

Ignored nodes: comments, script, style
[36m<body>[31m
  [36m<div>[31m
    [36m<div[31m
      [33mclass[31m=[32m"flex items-center justify-center h-screen bg-gray-50"[31m
    [36m>[31m
      [36m<div[31m
        [33mclass[31m=[32m"text-center text-red-600"[31m
      [36m>[31m
        [36m<svg[31m
          [33mclass[31m=[32m"lucide lucide-xcircle w-16 h-16 mx-auto mb-4"[31m
          [33mfill[31m=[32m"none"[31m
          [33mheight[31m=[32m"24"[31m
          [33mstroke[31m=[32m"currentColor"[31m
          [33mstroke-linecap[31m=[32m"round"[31m
          [33mstroke-linejoin[31m=[32m"round"[31m
          [33mstroke-width[31m=[32m"2"[31m
          [33mviewBox[31m=[32m"0 0 24 24"[31m
          [33mwidth[31m=[32m"24"[31m
          [33mxmlns[31m=[32m"http://www.w3.org/2000/svg"[31m
        [36m>[31m
          [36m<circle[31m
            [33mcx[31m=[32m"12"[31m
            [33mcy[31m=[32m"12"[31m
            [33mr[31m=[32m"10"[31m
          [36m/>[31m
          [36m<path[31m
            [33md[31m=[32m"m15 9-6 6"[31m
          [36m/>[31m
          [36m<path[31m
            [33md[31m=[32m"m9 9 6 6"[31m
          [36m/>[31m
        [36m</svg>[31m
        [36m<p[31m
          [33mclass[31m=[32m"text-xl font-semibold"[31m
        [36m>[31m
          [0mErreur de connexion au serveur[0m
        [36m</p>[31m
        [36m<button[31m
          [33mclass[31m=[32m"mt-4 px-4 py-2 bg-red-600 text-white rounded-lg hover:bg-red-700"[31m
        [36m>[31m
          [0mRéessayer[0m
        [36m</button>[31m
      [36m</div>[31m
    [36m</div>[31m
  [36m</div>[31m
[36m</body>[31m

Ignored nodes: comments, script, style
[36m<html>[31m
  [36m<head />[31m
  [36m<body>[31m
    [36m<div>[31m
      [36m<div[31m
        [33mclass[31m=[32m"flex items-center justify-center h-screen bg-gray-50"[31m
      [36m>[31m
        [36m<div[31m
          [33mclass[31m=[32m"text-center text-red-600"[31m
        [36m>[31m
          [36m<svg[31m
            [33mclass[31m=[32m"lucide lucide-xcircle w-16 h-16 mx-auto mb-4"[31m
            [33mfill[31m=[32m"none"[31m
            [33mheight[31m=[32m"24"[31m
            [33mstroke[31m=[32m"currentColor"[31m
            [33mstroke-linecap[31m=[32m"round"[31m
            [33mstroke-linejoin[31m=[32m"round"[31m
            [33mstroke-width[31m=[32m"2"[31m
            [33mviewBox[31m=[32m"0 0 24 24"[31m
            [33mwidth[31m=[32m"24"[31m
            [33mxmlns[31m=[32m"http://www.w3.org/2000/svg"[31m
          [36m>[31m
            [36m<circle[31m
              [33mcx[31m=[32m"12"[31m
              [33mcy[31m=[32m"12"[31m
              [33mr[31m=[32m"10"[31m
            [36m/>[31m
            [36m<path[31m
              [33md[31m=[32m"m15 9-6 6"[31m
            [36m/>[31m
            [36m<path[31m
              [33md[31m=[32m"m9 9 6 6"[31m
            [36m/>[31m
          [36m</svg>[31m
          [36m<p[31m
            [33mclass[31m=[32m"text-xl font-semibold"[31m
          [36m>[31m
            [0mErreur de connexion au serveur[0m
          [36m</p>[31m
          [36m<button[31m
            [33mclass[31m=[32m"mt-4 px-4 py-2 bg-red-600 text-white rounded-lg hover:bg-red-700"[31m
          [36m>[31m
            [0mRéessayer[0m
          [36m</button>[31m
        [36m</div>[31m
      [36m</div>[31m
    [36m</div>[31m
  [36m</body>[31m
[36m</html>[31m[39m
[90m [2m❯[22m Proxy.waitForWrapper node_modules/@testing-library/dom/dist/wait-for.js:[2m163:27[22m[39m
[36m [2m❯[22m src/__tests__/Dashboard.test.jsx:[2m43:13[22m[39m
    [90m 41| [39m      [34mrender[39m([33m<[39m[33mDashboard[39m [33m/[39m[33m>[39m)[33m;[39m
    [90m 42| [39m
    [90m 43| [39m      [35mawait[39m [34mwaitFor[39m(() [33m=>[39m {
    [90m   | [39m            [31m^[39m
    [90m 44| [39m        [34mexpect[39m(screen[33m.[39m[34mgetByText[39m([36m/Total Tickets/i[39m))[33m.[39m[34mtoBeInTheDocument[39m()[33m;[39m
    [90m 45| [39m      })[33m;[39m

[31m[2m⎯⎯⎯⎯⎯⎯⎯⎯⎯⎯⎯⎯⎯⎯⎯⎯⎯⎯⎯⎯⎯⎯[16/61]⎯[22m[39m

[31m[1m[7m FAIL [27m[22m[39m src/__tests__/Dashboard.test.jsx[2m > [22mDashboard[2m > [22mStatistics Display[2m > [22mshould display P0 critical tickets count
[31m[1mTestingLibraryElementError[22m: Unable to find an element with the text: /Critiques \(P0\)/i. This could be because the text is broken up by multiple elements. In this case, you can provide a function for your text matcher to make your matcher more flexible.

Ignored nodes: comments, script, style
[36m<body>[31m
  [36m<div>[31m
    [36m<div[31m
      [33mclass[31m=[32m"flex items-center justify-center h-screen bg-gray-50"[31m
    [36m>[31m
      [36m<div[31m
        [33mclass[31m=[32m"text-center text-red-600"[31m
      [36m>[31m
        [36m<svg[31m
          [33mclass[31m=[32m"lucide lucide-xcircle w-16 h-16 mx-auto mb-4"[31m
          [33mfill[31m=[32m"none"[31m
          [33mheight[31m=[32m"24"[31m
          [33mstroke[31m=[32m"currentColor"[31m
          [33mstroke-linecap[31m=[32m"round"[31m
          [33mstroke-linejoin[31m=[32m"round"[31m
          [33mstroke-width[31m=[32m"2"[31m
          [33mviewBox[31m=[32m"0 0 24 24"[31m
          [33mwidth[31m=[32m"24"[31m
          [33mxmlns[31m=[32m"http://www.w3.org/2000/svg"[31m
        [36m>[31m
          [36m<circle[31m
            [33mcx[31m=[32m"12"[31m
            [33mcy[31m=[32m"12"[31m
            [33mr[31m=[32m"10"[31m
          [36m/>[31m
          [36m<path[31m
            [33md[31m=[32m"m15 9-6 6"[31m
          [36m/>[31m
          [36m<path[31m
            [33md[31m=[32m"m9 9 6 6"[31m
          [36m/>[31m
        [36m</svg>[31m
        [36m<p[31m
          [33mclass[31m=[32m"text-xl font-semibold"[31m
        [36m>[31m
          [0mErreur de connexion au serveur[0m
        [36m</p>[31m
        [36m<button[31m
          [33mclass[31m=[32m"mt-4 px-4 py-2 bg-red-600 text-white rounded-lg hover:bg-red-700"[31m
        [36m>[31m
          [0mRéessayer[0m
        [36m</button>[31m
      [36m</div>[31m
    [36m</div>[31m
  [36m</div>[31m
[36m</body>[31m

Ignored nodes: comments, script, style
[36m<html>[31m
  [36m<head />[31m
  [36m<body>[31m
    [36m<div>[31m
      [36m<div[31m
        [33mclass[31m=[32m"flex items-center justify-center h-screen bg-gray-50"[31m
      [36m>[31m
        [36m<div[31m
          [33mclass[31m=[32m"text-center text-red-600"[31m
        [36m>[31m
          [36m<svg[31m
            [33mclass[31m=[32m"lucide lucide-xcircle w-16 h-16 mx-auto mb-4"[31m
            [33mfill[31m=[32m"none"[31m
            [33mheight[31m=[32m"24"[31m
            [33mstroke[31m=[32m"currentColor"[31m
            [33mstroke-linecap[31m=[32m"round"[31m
            [33mstroke-linejoin[31m=[32m"round"[31m
            [33mstroke-width[31m=[32m"2"[31m
            [33mviewBox[31m=[32m"0 0 24 24"[31m
            [33mwidth[31m=[32m"24"[31m
            [33mxmlns[31m=[32m"http://www.w3.org/2000/svg"[31m
          [36m>[31m
            [36m<circle[31m
              [33mcx[31m=[32m"12"[31m
              [33mcy[31m=[32m"12"[31m
              [33mr[31m=[32m"10"[31m
            [36m/>[31m
            [36m<path[31m
              [33md[31m=[32m"m15 9-6 6"[31m
            [36m/>[31m
            [36m<path[31m
              [33md[31m=[32m"m9 9 6 6"[31m
            [36m/>[31m
          [36m</svg>[31m
          [36m<p[31m
            [33mclass[31m=[32m"text-xl font-semibold"[31m
          [36m>[31m
            [0mErreur de connexion au serveur[0m
          [36m</p>[31m
          [36m<button[31m
            [33mclass[31m=[32m"mt-4 px-4 py-2 bg-red-600 text-white rounded-lg hover:bg-red-700"[31m
          [36m>[31m
            [0mRéessayer[0m
          [36m</button>[31m
        [36m</div>[31m
      [36m</div>[31m
    [36m</div>[31m
  [36m</body>[31m
[36m</html>[31m[39m
[90m [2m❯[22m Proxy.waitForWrapper node_modules/@testing-library/dom/dist/wait-for.js:[2m163:27[22m[39m
[36m [2m❯[22m src/__tests__/Dashboard.test.jsx:[2m51:13[22m[39m
    [90m 49| [39m      [34mrender[39m([33m<[39m[33mDashboard[39m [33m/[39m[33m>[39m)[33m;[39m
    [90m 50| [39m
    [90m 51| [39m      [35mawait[39m [34mwaitFor[39m(() [33m=>[39m {
    [90m   | [39m            [31m^[39m
    [90m 52| [39m        [34mexpect[39m(screen[33m.[39m[34mgetByText[39m([36m/Critiques \(P0\)/i[39m))[33m.[39m[34mtoBeInTheDocumen[39m…
    [90m 53| [39m      })[33m;[39m

[31m[2m⎯⎯⎯⎯⎯⎯⎯⎯⎯⎯⎯⎯⎯⎯⎯⎯⎯⎯⎯⎯⎯⎯[17/61]⎯[22m[39m

[31m[1m[7m FAIL [27m[22m[39m src/__tests__/Dashboard.test.jsx[2m > [22mDashboard[2m > [22mStatistics Display[2m > [22mshould display P1 urgent tickets count
[31m[1mTestingLibraryElementError[22m: Unable to find an element with the text: /Urgents \(P1\)/i. This could be because the text is broken up by multiple elements. In this case, you can provide a function for your text matcher to make your matcher more flexible.

Ignored nodes: comments, script, style
[36m<body>[31m
  [36m<div>[31m
    [36m<div[31m
      [33mclass[31m=[32m"flex items-center justify-center h-screen bg-gray-50"[31m
    [36m>[31m
      [36m<div[31m
        [33mclass[31m=[32m"text-center text-red-600"[31m
      [36m>[31m
        [36m<svg[31m
          [33mclass[31m=[32m"lucide lucide-xcircle w-16 h-16 mx-auto mb-4"[31m
          [33mfill[31m=[32m"none"[31m
          [33mheight[31m=[32m"24"[31m
          [33mstroke[31m=[32m"currentColor"[31m
          [33mstroke-linecap[31m=[32m"round"[31m
          [33mstroke-linejoin[31m=[32m"round"[31m
          [33mstroke-width[31m=[32m"2"[31m
          [33mviewBox[31m=[32m"0 0 24 24"[31m
          [33mwidth[31m=[32m"24"[31m
          [33mxmlns[31m=[32m"http://www.w3.org/2000/svg"[31m
        [36m>[31m
          [36m<circle[31m
            [33mcx[31m=[32m"12"[31m
            [33mcy[31m=[32m"12"[31m
            [33mr[31m=[32m"10"[31m
          [36m/>[31m
          [36m<path[31m
            [33md[31m=[32m"m15 9-6 6"[31m
          [36m/>[31m
          [36m<path[31m
            [33md[31m=[32m"m9 9 6 6"[31m
          [36m/>[31m
        [36m</svg>[31m
        [36m<p[31m
          [33mclass[31m=[32m"text-xl font-semibold"[31m
        [36m>[31m
          [0mErreur de connexion au serveur[0m
        [36m</p>[31m
        [36m<button[31m
          [33mclass[31m=[32m"mt-4 px-4 py-2 bg-red-600 text-white rounded-lg hover:bg-red-700"[31m
        [36m>[31m
          [0mRéessayer[0m
        [36m</button>[31m
      [36m</div>[31m
    [36m</div>[31m
  [36m</div>[31m
[36m</body>[31m

Ignored nodes: comments, script, style
[36m<html>[31m
  [36m<head />[31m
  [36m<body>[31m
    [36m<div>[31m
      [36m<div[31m
        [33mclass[31m=[32m"flex items-center justify-center h-screen bg-gray-50"[31m
      [36m>[31m
        [36m<div[31m
          [33mclass[31m=[32m"text-center text-red-600"[31m
        [36m>[31m
          [36m<svg[31m
            [33mclass[31m=[32m"lucide lucide-xcircle w-16 h-16 mx-auto mb-4"[31m
            [33mfill[31m=[32m"none"[31m
            [33mheight[31m=[32m"24"[31m
            [33mstroke[31m=[32m"currentColor"[31m
            [33mstroke-linecap[31m=[32m"round"[31m
            [33mstroke-linejoin[31m=[32m"round"[31m
            [33mstroke-width[31m=[32m"2"[31m
            [33mviewBox[31m=[32m"0 0 24 24"[31m
            [33mwidth[31m=[32m"24"[31m
            [33mxmlns[31m=[32m"http://www.w3.org/2000/svg"[31m
          [36m>[31m
            [36m<circle[31m
              [33mcx[31m=[32m"12"[31m
              [33mcy[31m=[32m"12"[31m
              [33mr[31m=[32m"10"[31m
            [36m/>[31m
            [36m<path[31m
              [33md[31m=[32m"m15 9-6 6"[31m
            [36m/>[31m
            [36m<path[31m
              [33md[31m=[32m"m9 9 6 6"[31m
            [36m/>[31m
          [36m</svg>[31m
          [36m<p[31m
            [33mclass[31m=[32m"text-xl font-semibold"[31m
          [36m>[31m
            [0mErreur de connexion au serveur[0m
          [36m</p>[31m
          [36m<button[31m
            [33mclass[31m=[32m"mt-4 px-4 py-2 bg-red-600 text-white rounded-lg hover:bg-red-700"[31m
          [36m>[31m
            [0mRéessayer[0m
          [36m</button>[31m
        [36m</div>[31m
      [36m</div>[31m
    [36m</div>[31m
  [36m</body>[31m
[36m</html>[31m[39m
[90m [2m❯[22m Proxy.waitForWrapper node_modules/@testing-library/dom/dist/wait-for.js:[2m163:27[22m[39m
[36m [2m❯[22m src/__tests__/Dashboard.test.jsx:[2m59:13[22m[39m
    [90m 57| [39m      [34mrender[39m([33m<[39m[33mDashboard[39m [33m/[39m[33m>[39m)[33m;[39m
    [90m 58| [39m
    [90m 59| [39m      [35mawait[39m [34mwaitFor[39m(() [33m=>[39m {
    [90m   | [39m            [31m^[39m
    [90m 60| [39m        [34mexpect[39m(screen[33m.[39m[34mgetByText[39m([36m/Urgents \(P1\)/i[39m))[33m.[39m[34mtoBeInTheDocument[39m(…
    [90m 61| [39m      })[33m;[39m

[31m[2m⎯⎯⎯⎯⎯⎯⎯⎯⎯⎯⎯⎯⎯⎯⎯⎯⎯⎯⎯⎯⎯⎯[18/61]⎯[22m[39m

[31m[1m[7m FAIL [27m[22m[39m src/__tests__/Dashboard.test.jsx[2m > [22mDashboard[2m > [22mStatistics Display[2m > [22mshould display auto-resolved tickets count
[31m[1mTestingLibraryElementError[22m: Unable to find an element with the text: /Auto-résolus/i. This could be because the text is broken up by multiple elements. In this case, you can provide a function for your text matcher to make your matcher more flexible.

Ignored nodes: comments, script, style
[36m<body>[31m
  [36m<div>[31m
    [36m<div[31m
      [33mclass[31m=[32m"flex items-center justify-center h-screen bg-gray-50"[31m
    [36m>[31m
      [36m<div[31m
        [33mclass[31m=[32m"text-center text-red-600"[31m
      [36m>[31m
        [36m<svg[31m
          [33mclass[31m=[32m"lucide lucide-xcircle w-16 h-16 mx-auto mb-4"[31m
          [33mfill[31m=[32m"none"[31m
          [33mheight[31m=[32m"24"[31m
          [33mstroke[31m=[32m"currentColor"[31m
          [33mstroke-linecap[31m=[32m"round"[31m
          [33mstroke-linejoin[31m=[32m"round"[31m
          [33mstroke-width[31m=[32m"2"[31m
          [33mviewBox[31m=[32m"0 0 24 24"[31m
          [33mwidth[31m=[32m"24"[31m
          [33mxmlns[31m=[32m"http://www.w3.org/2000/svg"[31m
        [36m>[31m
          [36m<circle[31m
            [33mcx[31m=[32m"12"[31m
            [33mcy[31m=[32m"12"[31m
            [33mr[31m=[32m"10"[31m
          [36m/>[31m
          [36m<path[31m
            [33md[31m=[32m"m15 9-6 6"[31m
          [36m/>[31m
          [36m<path[31m
            [33md[31m=[32m"m9 9 6 6"[31m
          [36m/>[31m
        [36m</svg>[31m
        [36m<p[31m
          [33mclass[31m=[32m"text-xl font-semibold"[31m
        [36m>[31m
          [0mErreur de connexion au serveur[0m
        [36m</p>[31m
        [36m<button[31m
          [33mclass[31m=[32m"mt-4 px-4 py-2 bg-red-600 text-white rounded-lg hover:bg-red-700"[31m
        [36m>[31m
          [0mRéessayer[0m
        [36m</button>[31m
      [36m</div>[31m
    [36m</div>[31m
  [36m</div>[31m
[36m</body>[31m

Ignored nodes: comments, script, style
[36m<html>[31m
  [36m<head />[31m
  [36m<body>[31m
    [36m<div>[31m
      [36m<div[31m
        [33mclass[31m=[32m"flex items-center justify-center h-screen bg-gray-50"[31m
      [36m>[31m
        [36m<div[31m
          [33mclass[31m=[32m"text-center text-red-600"[31m
        [36m>[31m
          [36m<svg[31m
            [33mclass[31m=[32m"lucide lucide-xcircle w-16 h-16 mx-auto mb-4"[31m
            [33mfill[31m=[32m"none"[31m
            [33mheight[31m=[32m"24"[31m
            [33mstroke[31m=[32m"currentColor"[31m
            [33mstroke-linecap[31m=[32m"round"[31m
            [33mstroke-linejoin[31m=[32m"round"[31m
            [33mstroke-width[31m=[32m"2"[31m
            [33mviewBox[31m=[32m"0 0 24 24"[31m
            [33mwidth[31m=[32m"24"[31m
            [33mxmlns[31m=[32m"http://www.w3.org/2000/svg"[31m
          [36m>[31m
            [36m<circle[31m
              [33mcx[31m=[32m"12"[31m
              [33mcy[31m=[32m"12"[31m
              [33mr[31m=[32m"10"[31m
            [36m/>[31m
            [36m<path[31m
              [33md[31m=[32m"m15 9-6 6"[31m
            [36m/>[31m
            [36m<path[31m
              [33md[31m=[32m"m9 9 6 6"[31m
            [36m/>[31m
          [36m</svg>[31m
          [36m<p[31m
            [33mclass[31m=[32m"text-xl font-semibold"[31m
          [36m>[31m
            [0mErreur de connexion au serveur[0m
          [36m</p>[31m
          [36m<button[31m
            [33mclass[31m=[32m"mt-4 px-4 py-2 bg-red-600 text-white rounded-lg hover:bg-red-700"[31m
          [36m>[31m
            [0mRéessayer[0m
          [36m</button>[31m
        [36m</div>[31m
      [36m</div>[31m
    [36m</div>[31m
  [36m</body>[31m
[36m</html>[31m[39m
[90m [2m❯[22m Proxy.waitForWrapper node_modules/@testing-library/dom/dist/wait-for.js:[2m163:27[22m[39m
[36m [2m❯[22m src/__tests__/Dashboard.test.jsx:[2m67:13[22m[39m
    [90m 65| [39m      [34mrender[39m([33m<[39m[33mDashboard[39m [33m/[39m[33m>[39m)[33m;[39m
    [90m 66| [39m
    [90m 67| [39m      [35mawait[39m [34mwaitFor[39m(() [33m=>[39m {
    [90m   | [39m            [31m^[39m
    [90m 68| [39m        [34mexpect[39m(screen[33m.[39m[34mgetByText[39m([36m/Auto-résolus/i[39m))[33m.[39m[34mtoBeInTheDocument[39m()[33m;[39m
    [90m 69| [39m      })[33m;[39m

[31m[2m⎯⎯⎯⎯⎯⎯⎯⎯⎯⎯⎯⎯⎯⎯⎯⎯⎯⎯⎯⎯⎯⎯[19/61]⎯[22m[39m

[31m[1m[7m FAIL [27m[22m[39m src/__tests__/Dashboard.test.jsx[2m > [22mDashboard[2m > [22mStatistics Display[2m > [22mshould calculate correct statistics from ticket data
[31m[1mTestingLibraryElementError[22m: Unable to find an element with the text: /Total Tickets/i. This could be because the text is broken up by multiple elements. In this case, you can provide a function for your text matcher to make your matcher more flexible.

Ignored nodes: comments, script, style
[36m<body>[31m
  [36m<div>[31m
    [36m<div[31m
      [33mclass[31m=[32m"flex items-center justify-center h-screen bg-gray-50"[31m
    [36m>[31m
      [36m<div[31m
        [33mclass[31m=[32m"text-center text-red-600"[31m
      [36m>[31m
        [36m<svg[31m
          [33mclass[31m=[32m"lucide lucide-xcircle w-16 h-16 mx-auto mb-4"[31m
          [33mfill[31m=[32m"none"[31m
          [33mheight[31m=[32m"24"[31m
          [33mstroke[31m=[32m"currentColor"[31m
          [33mstroke-linecap[31m=[32m"round"[31m
          [33mstroke-linejoin[31m=[32m"round"[31m
          [33mstroke-width[31m=[32m"2"[31m
          [33mviewBox[31m=[32m"0 0 24 24"[31m
          [33mwidth[31m=[32m"24"[31m
          [33mxmlns[31m=[32m"http://www.w3.org/2000/svg"[31m
        [36m>[31m
          [36m<circle[31m
            [33mcx[31m=[32m"12"[31m
            [33mcy[31m=[32m"12"[31m
            [33mr[31m=[32m"10"[31m
          [36m/>[31m
          [36m<path[31m
            [33md[31m=[32m"m15 9-6 6"[31m
          [36m/>[31m
          [36m<path[31m
            [33md[31m=[32m"m9 9 6 6"[31m
          [36m/>[31m
        [36m</svg>[31m
        [36m<p[31m
          [33mclass[31m=[32m"text-xl font-semibold"[31m
        [36m>[31m
          [0mErreur de connexion au serveur[0m
        [36m</p>[31m
        [36m<button[31m
          [33mclass[31m=[32m"mt-4 px-4 py-2 bg-red-600 text-white rounded-lg hover:bg-red-700"[31m
        [36m>[31m
          [0mRéessayer[0m
        [36m</button>[31m
      [36m</div>[31m
    [36m</div>[31m
  [36m</div>[31m
[36m</body>[31m

Ignored nodes: comments, script, style
[36m<html>[31m
  [36m<head />[31m
  [36m<body>[31m
    [36m<div>[31m
      [36m<div[31m
        [33mclass[31m=[32m"flex items-center justify-center h-screen bg-gray-50"[31m
      [36m>[31m
        [36m<div[31m
          [33mclass[31m=[32m"text-center text-red-600"[31m
        [36m>[31m
          [36m<svg[31m
            [33mclass[31m=[32m"lucide lucide-xcircle w-16 h-16 mx-auto mb-4"[31m
            [33mfill[31m=[32m"none"[31m
            [33mheight[31m=[32m"24"[31m
            [33mstroke[31m=[32m"currentColor"[31m
            [33mstroke-linecap[31m=[32m"round"[31m
            [33mstroke-linejoin[31m=[32m"round"[31m
            [33mstroke-width[31m=[32m"2"[31m
            [33mviewBox[31m=[32m"0 0 24 24"[31m
            [33mwidth[31m=[32m"24"[31m
            [33mxmlns[31m=[32m"http://www.w3.org/2000/svg"[31m
          [36m>[31m
            [36m<circle[31m
              [33mcx[31m=[32m"12"[31m
              [33mcy[31m=[32m"12"[31m
              [33mr[31m=[32m"10"[31m
            [36m/>[31m
            [36m<path[31m
              [33md[31m=[32m"m15 9-6 6"[31m
            [36m/>[31m
            [36m<path[31m
              [33md[31m=[32m"m9 9 6 6"[31m
            [36m/>[31m
          [36m</svg>[31m
          [36m<p[31m
            [33mclass[31m=[32m"text-xl font-semibold"[31m
          [36m>[31m
            [0mErreur de connexion au serveur[0m
          [36m</p>[31m
          [36m<button[31m
            [33mclass[31m=[32m"mt-4 px-4 py-2 bg-red-600 text-white rounded-lg hover:bg-red-700"[31m
          [36m>[31m
            [0mRéessayer[0m
          [36m</button>[31m
        [36m</div>[31m
      [36m</div>[31m
    [36m</div>[31m
  [36m</body>[31m
[36m</html>[31m[39m
[90m [2m❯[22m Proxy.waitForWrapper node_modules/@testing-library/dom/dist/wait-for.js:[2m163:27[22m[39m
[36m [2m❯[22m src/__tests__/Dashboard.test.jsx:[2m75:13[22m[39m
    [90m 73| [39m      [34mrender[39m([33m<[39m[33mDashboard[39m [33m/[39m[33m>[39m)[33m;[39m
    [90m 74| [39m
    [90m 75| [39m      [35mawait[39m [34mwaitFor[39m(() [33m=>[39m {
    [90m   | [39m            [31m^[39m
    [90m 76| [39m        [90m// Default mock has 2 tickets[39m
    [90m 77| [39m        [35mconst[39m totalElement [33m=[39m screen[33m.[39m[34mgetByText[39m([36m/Total Tickets/i[39m)[33m.[39mparent…

[31m[2m⎯⎯⎯⎯⎯⎯⎯⎯⎯⎯⎯⎯⎯⎯⎯⎯⎯⎯⎯⎯⎯⎯[20/61]⎯[22m[39m

[31m[1m[7m FAIL [27m[22m[39m src/__tests__/Dashboard.test.jsx[2m > [22mDashboard[2m > [22mTicket List Display[2m > [22mshould display tickets table with headers
[31m[1mTestingLibraryElementError[22m: Unable to find an element with the text: /Ticket/i. This could be because the text is broken up by multiple elements. In this case, you can provide a function for your text matcher to make your matcher more flexible.

Ignored nodes: comments, script, style
[36m<body>[31m
  [36m<div>[31m
    [36m<div[31m
      [33mclass[31m=[32m"flex items-center justify-center h-screen bg-gray-50"[31m
    [36m>[31m
      [36m<div[31m
        [33mclass[31m=[32m"text-center text-red-600"[31m
      [36m>[31m
        [36m<svg[31m
          [33mclass[31m=[32m"lucide lucide-xcircle w-16 h-16 mx-auto mb-4"[31m
          [33mfill[31m=[32m"none"[31m
          [33mheight[31m=[32m"24"[31m
          [33mstroke[31m=[32m"currentColor"[31m
          [33mstroke-linecap[31m=[32m"round"[31m
          [33mstroke-linejoin[31m=[32m"round"[31m
          [33mstroke-width[31m=[32m"2"[31m
          [33mviewBox[31m=[32m"0 0 24 24"[31m
          [33mwidth[31m=[32m"24"[31m
          [33mxmlns[31m=[32m"http://www.w3.org/2000/svg"[31m
        [36m>[31m
          [36m<circle[31m
            [33mcx[31m=[32m"12"[31m
            [33mcy[31m=[32m"12"[31m
            [33mr[31m=[32m"10"[31m
          [36m/>[31m
          [36m<path[31m
            [33md[31m=[32m"m15 9-6 6"[31m
          [36m/>[31m
          [36m<path[31m
            [33md[31m=[32m"m9 9 6 6"[31m
          [36m/>[31m
        [36m</svg>[31m
        [36m<p[31m
          [33mclass[31m=[32m"text-xl font-semibold"[31m
        [36m>[31m
          [0mErreur de connexion au serveur[0m
        [36m</p>[31m
        [36m<button[31m
          [33mclass[31m=[32m"mt-4 px-4 py-2 bg-red-600 text-white rounded-lg hover:bg-red-700"[31m
        [36m>[31m
          [0mRéessayer[0m
        [36m</button>[31m
      [36m</div>[31m
    [36m</div>[31m
  [36m</div>[31m
[36m</body>[31m

Ignored nodes: comments, script, style
[36m<html>[31m
  [36m<head />[31m
  [36m<body>[31m
    [36m<div>[31m
      [36m<div[31m
        [33mclass[31m=[32m"flex items-center justify-center h-screen bg-gray-50"[31m
      [36m>[31m
        [36m<div[31m
          [33mclass[31m=[32m"text-center text-red-600"[31m
        [36m>[31m
          [36m<svg[31m
            [33mclass[31m=[32m"lucide lucide-xcircle w-16 h-16 mx-auto mb-4"[31m
            [33mfill[31m=[32m"none"[31m
            [33mheight[31m=[32m"24"[31m
            [33mstroke[31m=[32m"currentColor"[31m
            [33mstroke-linecap[31m=[32m"round"[31m
            [33mstroke-linejoin[31m=[32m"round"[31m
            [33mstroke-width[31m=[32m"2"[31m
            [33mviewBox[31m=[32m"0 0 24 24"[31m
            [33mwidth[31m=[32m"24"[31m
            [33mxmlns[31m=[32m"http://www.w3.org/2000/svg"[31m
          [36m>[31m
            [36m<circle[31m
              [33mcx[31m=[32m"12"[31m
              [33mcy[31m=[32m"12"[31m
              [33mr[31m=[32m"10"[31m
            [36m/>[31m
            [36m<path[31m
              [33md[31m=[32m"m15 9-6 6"[31m
            [36m/>[31m
            [36m<path[31m
              [33md[31m=[32m"m9 9 6 6"[31m
            [36m/>[31m
          [36m</svg>[31m
          [36m<p[31m
            [33mclass[31m=[32m"text-xl font-semibold"[31m
          [36m>[31m
            [0mErreur de connexion au serveur[0m
          [36m</p>[31m
          [36m<button[31m
            [33mclass[31m=[32m"mt-4 px-4 py-2 bg-red-600 text-white rounded-lg hover:bg-red-700"[31m
          [36m>[31m
            [0mRéessayer[0m
          [36m</button>[31m
        [36m</div>[31m
      [36m</div>[31m
    [36m</div>[31m
  [36m</body>[31m
[36m</html>[31m[39m
[90m [2m❯[22m Proxy.waitForWrapper node_modules/@testing-library/dom/dist/wait-for.js:[2m163:27[22m[39m
[36m [2m❯[22m src/__tests__/Dashboard.test.jsx:[2m87:13[22m[39m
    [90m 85| [39m      [34mrender[39m([33m<[39m[33mDashboard[39m [33m/[39m[33m>[39m)[33m;[39m
    [90m 86| [39m
    [90m 87| [39m      [35mawait[39m [34mwaitFor[39m(() [33m=>[39m {
    [90m   | [39m            [31m^[39m
    [90m 88| [39m        [34mexpect[39m(screen[33m.[39m[34mgetByText[39m([36m/Ticket/i[39m))[33m.[39m[34mtoBeInTheDocument[39m()[33m;[39m
    [90m 89| [39m        [34mexpect[39m(screen[33m.[39m[34mgetByText[39m([36m/Client/i[39m))[33m.[39m[34mtoBeInTheDocument[39m()[33m;[39m

[31m[2m⎯⎯⎯⎯⎯⎯⎯⎯⎯⎯⎯⎯⎯⎯⎯⎯⎯⎯⎯⎯⎯⎯[21/61]⎯[22m[39m

[31m[1m[7m FAIL [27m[22m[39m src/__tests__/Dashboard.test.jsx[2m > [22mDashboard[2m > [22mTicket List Display[2m > [22mshould display ticket data in table
[31m[1mTestingLibraryElementError[22m: Unable to find an element with the text: /Jean Dupont/i. This could be because the text is broken up by multiple elements. In this case, you can provide a function for your text matcher to make your matcher more flexible.

Ignored nodes: comments, script, style
[36m<body>[31m
  [36m<div>[31m
    [36m<div[31m
      [33mclass[31m=[32m"flex items-center justify-center h-screen bg-gray-50"[31m
    [36m>[31m
      [36m<div[31m
        [33mclass[31m=[32m"text-center text-red-600"[31m
      [36m>[31m
        [36m<svg[31m
          [33mclass[31m=[32m"lucide lucide-xcircle w-16 h-16 mx-auto mb-4"[31m
          [33mfill[31m=[32m"none"[31m
          [33mheight[31m=[32m"24"[31m
          [33mstroke[31m=[32m"currentColor"[31m
          [33mstroke-linecap[31m=[32m"round"[31m
          [33mstroke-linejoin[31m=[32m"round"[31m
          [33mstroke-width[31m=[32m"2"[31m
          [33mviewBox[31m=[32m"0 0 24 24"[31m
          [33mwidth[31m=[32m"24"[31m
          [33mxmlns[31m=[32m"http://www.w3.org/2000/svg"[31m
        [36m>[31m
          [36m<circle[31m
            [33mcx[31m=[32m"12"[31m
            [33mcy[31m=[32m"12"[31m
            [33mr[31m=[32m"10"[31m
          [36m/>[31m
          [36m<path[31m
            [33md[31m=[32m"m15 9-6 6"[31m
          [36m/>[31m
          [36m<path[31m
            [33md[31m=[32m"m9 9 6 6"[31m
          [36m/>[31m
        [36m</svg>[31m
        [36m<p[31m
          [33mclass[31m=[32m"text-xl font-semibold"[31m
        [36m>[31m
          [0mErreur de connexion au serveur[0m
        [36m</p>[31m
        [36m<button[31m
          [33mclass[31m=[32m"mt-4 px-4 py-2 bg-red-600 text-white rounded-lg hover:bg-red-700"[31m
        [36m>[31m
          [0mRéessayer[0m
        [36m</button>[31m
      [36m</div>[31m
    [36m</div>[31m
  [36m</div>[31m
[36m</body>[31m

Ignored nodes: comments, script, style
[36m<html>[31m
  [36m<head />[31m
  [36m<body>[31m
    [36m<div>[31m
      [36m<div[31m
        [33mclass[31m=[32m"flex items-center justify-center h-screen bg-gray-50"[31m
      [36m>[31m
        [36m<div[31m
          [33mclass[31m=[32m"text-center text-red-600"[31m
        [36m>[31m
          [36m<svg[31m
            [33mclass[31m=[32m"lucide lucide-xcircle w-16 h-16 mx-auto mb-4"[31m
            [33mfill[31m=[32m"none"[31m
            [33mheight[31m=[32m"24"[31m
            [33mstroke[31m=[32m"currentColor"[31m
            [33mstroke-linecap[31m=[32m"round"[31m
            [33mstroke-linejoin[31m=[32m"round"[31m
            [33mstroke-width[31m=[32m"2"[31m
            [33mviewBox[31m=[32m"0 0 24 24"[31m
            [33mwidth[31m=[32m"24"[31m
            [33mxmlns[31m=[32m"http://www.w3.org/2000/svg"[31m
          [36m>[31m
            [36m<circle[31m
              [33mcx[31m=[32m"12"[31m
              [33mcy[31m=[32m"12"[31m
              [33mr[31m=[32m"10"[31m
            [36m/>[31m
            [36m<path[31m
              [33md[31m=[32m"m15 9-6 6"[31m
            [36m/>[31m
            [36m<path[31m
              [33md[31m=[32m"m9 9 6 6"[31m
            [36m/>[31m
          [36m</svg>[31m
          [36m<p[31m
            [33mclass[31m=[32m"text-xl font-semibold"[31m
          [36m>[31m
            [0mErreur de connexion au serveur[0m
          [36m</p>[31m
          [36m<button[31m
            [33mclass[31m=[32m"mt-4 px-4 py-2 bg-red-600 text-white rounded-lg hover:bg-red-700"[31m
          [36m>[31m
            [0mRéessayer[0m
          [36m</button>[31m
        [36m</div>[31m
      [36m</div>[31m
    [36m</div>[31m
  [36m</body>[31m
[36m</html>[31m[39m
[90m [2m❯[22m Proxy.waitForWrapper node_modules/@testing-library/dom/dist/wait-for.js:[2m163:27[22m[39m
[36m [2m❯[22m src/__tests__/Dashboard.test.jsx:[2m98:13[22m[39m
    [90m 96| [39m      [34mrender[39m([33m<[39m[33mDashboard[39m [33m/[39m[33m>[39m)[33m;[39m
    [90m 97| [39m
    [90m 98| [39m      [35mawait[39m [34mwaitFor[39m(() [33m=>[39m {
    [90m   | [39m            [31m^[39m
    [90m 99| [39m        [34mexpect[39m(screen[33m.[39m[34mgetByText[39m([36m/Jean Dupont/i[39m))[33m.[39m[34mtoBeInTheDocument[39m()[33m;[39m
    [90m100| [39m        [34mexpect[39m(screen[33m.[39m[34mgetByText[39m([36m/Marie Martin/i[39m))[33m.[39m[34mtoBeInTheDocument[39m()[33m;[39m

[31m[2m⎯⎯⎯⎯⎯⎯⎯⎯⎯⎯⎯⎯⎯⎯⎯⎯⎯⎯⎯⎯⎯⎯[22/61]⎯[22m[39m

[31m[1m[7m FAIL [27m[22m[39m src/__tests__/Dashboard.test.jsx[2m > [22mDashboard[2m > [22mTicket List Display[2m > [22mshould display product information
[31m[1mTestingLibraryElementError[22m: Unable to find an element with the text: /Canapé Luna/i. This could be because the text is broken up by multiple elements. In this case, you can provide a function for your text matcher to make your matcher more flexible.

Ignored nodes: comments, script, style
[36m<body>[31m
  [36m<div>[31m
    [36m<div[31m
      [33mclass[31m=[32m"flex items-center justify-center h-screen bg-gray-50"[31m
    [36m>[31m
      [36m<div[31m
        [33mclass[31m=[32m"text-center text-red-600"[31m
      [36m>[31m
        [36m<svg[31m
          [33mclass[31m=[32m"lucide lucide-xcircle w-16 h-16 mx-auto mb-4"[31m
          [33mfill[31m=[32m"none"[31m
          [33mheight[31m=[32m"24"[31m
          [33mstroke[31m=[32m"currentColor"[31m
          [33mstroke-linecap[31m=[32m"round"[31m
          [33mstroke-linejoin[31m=[32m"round"[31m
          [33mstroke-width[31m=[32m"2"[31m
          [33mviewBox[31m=[32m"0 0 24 24"[31m
          [33mwidth[31m=[32m"24"[31m
          [33mxmlns[31m=[32m"http://www.w3.org/2000/svg"[31m
        [36m>[31m
          [36m<circle[31m
            [33mcx[31m=[32m"12"[31m
            [33mcy[31m=[32m"12"[31m
            [33mr[31m=[32m"10"[31m
          [36m/>[31m
          [36m<path[31m
            [33md[31m=[32m"m15 9-6 6"[31m
          [36m/>[31m
          [36m<path[31m
            [33md[31m=[32m"m9 9 6 6"[31m
          [36m/>[31m
        [36m</svg>[31m
        [36m<p[31m
          [33mclass[31m=[32m"text-xl font-semibold"[31m
        [36m>[31m
          [0mErreur de connexion au serveur[0m
        [36m</p>[31m
        [36m<button[31m
          [33mclass[31m=[32m"mt-4 px-4 py-2 bg-red-600 text-white rounded-lg hover:bg-red-700"[31m
        [36m>[31m
          [0mRéessayer[0m
        [36m</button>[31m
      [36m</div>[31m
    [36m</div>[31m
  [36m</div>[31m
[36m</body>[31m

Ignored nodes: comments, script, style
[36m<html>[31m
  [36m<head />[31m
  [36m<body>[31m
    [36m<div>[31m
      [36m<div[31m
        [33mclass[31m=[32m"flex items-center justify-center h-screen bg-gray-50"[31m
      [36m>[31m
        [36m<div[31m
          [33mclass[31m=[32m"text-center text-red-600"[31m
        [36m>[31m
          [36m<svg[31m
            [33mclass[31m=[32m"lucide lucide-xcircle w-16 h-16 mx-auto mb-4"[31m
            [33mfill[31m=[32m"none"[31m
            [33mheight[31m=[32m"24"[31m
            [33mstroke[31m=[32m"currentColor"[31m
            [33mstroke-linecap[31m=[32m"round"[31m
            [33mstroke-linejoin[31m=[32m"round"[31m
            [33mstroke-width[31m=[32m"2"[31m
            [33mviewBox[31m=[32m"0 0 24 24"[31m
            [33mwidth[31m=[32m"24"[31m
            [33mxmlns[31m=[32m"http://www.w3.org/2000/svg"[31m
          [36m>[31m
            [36m<circle[31m
              [33mcx[31m=[32m"12"[31m
              [33mcy[31m=[32m"12"[31m
              [33mr[31m=[32m"10"[31m
            [36m/>[31m
            [36m<path[31m
              [33md[31m=[32m"m15 9-6 6"[31m
            [36m/>[31m
            [36m<path[31m
              [33md[31m=[32m"m9 9 6 6"[31m
            [36m/>[31m
          [36m</svg>[31m
          [36m<p[31m
            [33mclass[31m=[32m"text-xl font-semibold"[31m
          [36m>[31m
            [0mErreur de connexion au serveur[0m
          [36m</p>[31m
          [36m<button[31m
            [33mclass[31m=[32m"mt-4 px-4 py-2 bg-red-600 text-white rounded-lg hover:bg-red-700"[31m
          [36m>[31m
            [0mRéessayer[0m
          [36m</button>[31m
        [36m</div>[31m
      [36m</div>[31m
    [36m</div>[31m
  [36m</body>[31m
[36m</html>[31m[39m
[90m [2m❯[22m Proxy.waitForWrapper node_modules/@testing-library/dom/dist/wait-for.js:[2m163:27[22m[39m
[36m [2m❯[22m src/__tests__/Dashboard.test.jsx:[2m107:13[22m[39m
    [90m105| [39m      [34mrender[39m([33m<[39m[33mDashboard[39m [33m/[39m[33m>[39m)[33m;[39m
    [90m106| [39m
    [90m107| [39m      [35mawait[39m [34mwaitFor[39m(() [33m=>[39m {
    [90m   | [39m            [31m^[39m
    [90m108| [39m        [34mexpect[39m(screen[33m.[39m[34mgetByText[39m([36m/Canapé Luna/i[39m))[33m.[39m[34mtoBeInTheDocument[39m()[33m;[39m
    [90m109| [39m        [34mexpect[39m(screen[33m.[39m[34mgetByText[39m([36m/Table Élégance/i[39m))[33m.[39m[34mtoBeInTheDocument[39m(…

[31m[2m⎯⎯⎯⎯⎯⎯⎯⎯⎯⎯⎯⎯⎯⎯⎯⎯⎯⎯⎯⎯⎯⎯[23/61]⎯[22m[39m

[31m[1m[7m FAIL [27m[22m[39m src/__tests__/Dashboard.test.jsx[2m > [22mDashboard[2m > [22mTicket List Display[2m > [22mshould display problem descriptions
[31m[1mTestingLibraryElementError[22m: Unable to find an element with the text: /Tissu déchiré/i. This could be because the text is broken up by multiple elements. In this case, you can provide a function for your text matcher to make your matcher more flexible.

Ignored nodes: comments, script, style
[36m<body>[31m
  [36m<div>[31m
    [36m<div[31m
      [33mclass[31m=[32m"flex items-center justify-center h-screen bg-gray-50"[31m
    [36m>[31m
      [36m<div[31m
        [33mclass[31m=[32m"text-center text-red-600"[31m
      [36m>[31m
        [36m<svg[31m
          [33mclass[31m=[32m"lucide lucide-xcircle w-16 h-16 mx-auto mb-4"[31m
          [33mfill[31m=[32m"none"[31m
          [33mheight[31m=[32m"24"[31m
          [33mstroke[31m=[32m"currentColor"[31m
          [33mstroke-linecap[31m=[32m"round"[31m
          [33mstroke-linejoin[31m=[32m"round"[31m
          [33mstroke-width[31m=[32m"2"[31m
          [33mviewBox[31m=[32m"0 0 24 24"[31m
          [33mwidth[31m=[32m"24"[31m
          [33mxmlns[31m=[32m"http://www.w3.org/2000/svg"[31m
        [36m>[31m
          [36m<circle[31m
            [33mcx[31m=[32m"12"[31m
            [33mcy[31m=[32m"12"[31m
            [33mr[31m=[32m"10"[31m
          [36m/>[31m
          [36m<path[31m
            [33md[31m=[32m"m15 9-6 6"[31m
          [36m/>[31m
          [36m<path[31m
            [33md[31m=[32m"m9 9 6 6"[31m
          [36m/>[31m
        [36m</svg>[31m
        [36m<p[31m
          [33mclass[31m=[32m"text-xl font-semibold"[31m
        [36m>[31m
          [0mErreur de connexion au serveur[0m
        [36m</p>[31m
        [36m<button[31m
          [33mclass[31m=[32m"mt-4 px-4 py-2 bg-red-600 text-white rounded-lg hover:bg-red-700"[31m
        [36m>[31m
          [0mRéessayer[0m
        [36m</button>[31m
      [36m</div>[31m
    [36m</div>[31m
  [36m</div>[31m
[36m</body>[31m

Ignored nodes: comments, script, style
[36m<html>[31m
  [36m<head />[31m
  [36m<body>[31m
    [36m<div>[31m
      [36m<div[31m
        [33mclass[31m=[32m"flex items-center justify-center h-screen bg-gray-50"[31m
      [36m>[31m
        [36m<div[31m
          [33mclass[31m=[32m"text-center text-red-600"[31m
        [36m>[31m
          [36m<svg[31m
            [33mclass[31m=[32m"lucide lucide-xcircle w-16 h-16 mx-auto mb-4"[31m
            [33mfill[31m=[32m"none"[31m
            [33mheight[31m=[32m"24"[31m
            [33mstroke[31m=[32m"currentColor"[31m
            [33mstroke-linecap[31m=[32m"round"[31m
            [33mstroke-linejoin[31m=[32m"round"[31m
            [33mstroke-width[31m=[32m"2"[31m
            [33mviewBox[31m=[32m"0 0 24 24"[31m
            [33mwidth[31m=[32m"24"[31m
            [33mxmlns[31m=[32m"http://www.w3.org/2000/svg"[31m
          [36m>[31m
            [36m<circle[31m
              [33mcx[31m=[32m"12"[31m
              [33mcy[31m=[32m"12"[31m
              [33mr[31m=[32m"10"[31m
            [36m/>[31m
            [36m<path[31m
              [33md[31m=[32m"m15 9-6 6"[31m
            [36m/>[31m
            [36m<path[31m
              [33md[31m=[32m"m9 9 6 6"[31m
            [36m/>[31m
          [36m</svg>[31m
          [36m<p[31m
            [33mclass[31m=[32m"text-xl font-semibold"[31m
          [36m>[31m
            [0mErreur de connexion au serveur[0m
          [36m</p>[31m
          [36m<button[31m
            [33mclass[31m=[32m"mt-4 px-4 py-2 bg-red-600 text-white rounded-lg hover:bg-red-700"[31m
          [36m>[31m
            [0mRéessayer[0m
          [36m</button>[31m
        [36m</div>[31m
      [36m</div>[31m
    [36m</div>[31m
  [36m</body>[31m
[36m</html>[31m[39m
[90m [2m❯[22m Proxy.waitForWrapper node_modules/@testing-library/dom/dist/wait-for.js:[2m163:27[22m[39m
[36m [2m❯[22m src/__tests__/Dashboard.test.jsx:[2m116:13[22m[39m
    [90m114| [39m      [34mrender[39m([33m<[39m[33mDashboard[39m [33m/[39m[33m>[39m)[33m;[39m
    [90m115| [39m
    [90m116| [39m      [35mawait[39m [34mwaitFor[39m(() [33m=>[39m {
    [90m   | [39m            [31m^[39m
    [90m117| [39m        [34mexpect[39m(screen[33m.[39m[34mgetByText[39m([36m/Tissu déchiré/i[39m))[33m.[39m[34mtoBeInTheDocument[39m()[33m;[39m
    [90m118| [39m        [34mexpect[39m(screen[33m.[39m[34mgetByText[39m([36m/Rayure sur le plateau/i[39m))[33m.[39m[34mtoBeInTheDo[39m…

[31m[2m⎯⎯⎯⎯⎯⎯⎯⎯⎯⎯⎯⎯⎯⎯⎯⎯⎯⎯⎯⎯⎯⎯[24/61]⎯[22m[39m

[31m[1m[7m FAIL [27m[22m[39m src/__tests__/Dashboard.test.jsx[2m > [22mDashboard[2m > [22mTicket List Display[2m > [22mshould show "no tickets" message when list is empty
[31m[1mTestingLibraryElementError[22m: Unable to find an element with the text: /Aucun ticket trouvé/i. This could be because the text is broken up by multiple elements. In this case, you can provide a function for your text matcher to make your matcher more flexible.

Ignored nodes: comments, script, style
[36m<body>[31m
  [36m<div>[31m
    [36m<div[31m
      [33mclass[31m=[32m"flex items-center justify-center h-screen bg-gray-50"[31m
    [36m>[31m
      [36m<div[31m
        [33mclass[31m=[32m"text-center text-red-600"[31m
      [36m>[31m
        [36m<svg[31m
          [33mclass[31m=[32m"lucide lucide-xcircle w-16 h-16 mx-auto mb-4"[31m
          [33mfill[31m=[32m"none"[31m
          [33mheight[31m=[32m"24"[31m
          [33mstroke[31m=[32m"currentColor"[31m
          [33mstroke-linecap[31m=[32m"round"[31m
          [33mstroke-linejoin[31m=[32m"round"[31m
          [33mstroke-width[31m=[32m"2"[31m
          [33mviewBox[31m=[32m"0 0 24 24"[31m
          [33mwidth[31m=[32m"24"[31m
          [33mxmlns[31m=[32m"http://www.w3.org/2000/svg"[31m
        [36m>[31m
          [36m<circle[31m
            [33mcx[31m=[32m"12"[31m
            [33mcy[31m=[32m"12"[31m
            [33mr[31m=[32m"10"[31m
          [36m/>[31m
          [36m<path[31m
            [33md[31m=[32m"m15 9-6 6"[31m
          [36m/>[31m
          [36m<path[31m
            [33md[31m=[32m"m9 9 6 6"[31m
          [36m/>[31m
        [36m</svg>[31m
        [36m<p[31m
          [33mclass[31m=[32m"text-xl font-semibold"[31m
        [36m>[31m
          [0mErreur de connexion au serveur[0m
        [36m</p>[31m
        [36m<button[31m
          [33mclass[31m=[32m"mt-4 px-4 py-2 bg-red-600 text-white rounded-lg hover:bg-red-700"[31m
        [36m>[31m
          [0mRéessayer[0m
        [36m</button>[31m
      [36m</div>[31m
    [36m</div>[31m
  [36m</div>[31m
[36m</body>[31m

Ignored nodes: comments, script, style
[36m<html>[31m
  [36m<head />[31m
  [36m<body>[31m
    [36m<div>[31m
      [36m<div[31m
        [33mclass[31m=[32m"flex items-center justify-center h-screen bg-gray-50"[31m
      [36m>[31m
        [36m<div[31m
          [33mclass[31m=[32m"text-center text-red-600"[31m
        [36m>[31m
          [36m<svg[31m
            [33mclass[31m=[32m"lucide lucide-xcircle w-16 h-16 mx-auto mb-4"[31m
            [33mfill[31m=[32m"none"[31m
            [33mheight[31m=[32m"24"[31m
            [33mstroke[31m=[32m"currentColor"[31m
            [33mstroke-linecap[31m=[32m"round"[31m
            [33mstroke-linejoin[31m=[32m"round"[31m
            [33mstroke-width[31m=[32m"2"[31m
            [33mviewBox[31m=[32m"0 0 24 24"[31m
            [33mwidth[31m=[32m"24"[31m
            [33mxmlns[31m=[32m"http://www.w3.org/2000/svg"[31m
          [36m>[31m
            [36m<circle[31m
              [33mcx[31m=[32m"12"[31m
              [33mcy[31m=[32m"12"[31m
              [33mr[31m=[32m"10"[31m
            [36m/>[31m
            [36m<path[31m
              [33md[31m=[32m"m15 9-6 6"[31m
            [36m/>[31m
            [36m<path[31m
              [33md[31m=[32m"m9 9 6 6"[31m
            [36m/>[31m
          [36m</svg>[31m
          [36m<p[31m
            [33mclass[31m=[32m"text-xl font-semibold"[31m
          [36m>[31m
            [0mErreur de connexion au serveur[0m
          [36m</p>[31m
          [36m<button[31m
            [33mclass[31m=[32m"mt-4 px-4 py-2 bg-red-600 text-white rounded-lg hover:bg-red-700"[31m
          [36m>[31m
            [0mRéessayer[0m
          [36m</button>[31m
        [36m</div>[31m
      [36m</div>[31m
    [36m</div>[31m
  [36m</body>[31m
[36m</html>[31m[39m
[90m [2m❯[22m Proxy.waitForWrapper node_modules/@testing-library/dom/dist/wait-for.js:[2m163:27[22m[39m
[36m [2m❯[22m src/__tests__/Dashboard.test.jsx:[2m126:13[22m[39m
    [90m124| [39m      [34mrender[39m([33m<[39m[33mDashboard[39m [33m/[39m[33m>[39m)[33m;[39m
    [90m125| [39m
    [90m126| [39m      [35mawait[39m [34mwaitFor[39m(() [33m=>[39m {
    [90m   | [39m            [31m^[39m
    [90m127| [39m        [34mexpect[39m(screen[33m.[39m[34mgetByText[39m([36m/Aucun ticket trouvé/i[39m))[33m.[39m[34mtoBeInTheDocu[39m…
    [90m128| [39m      })[33m;[39m

[31m[2m⎯⎯⎯⎯⎯⎯⎯⎯⎯⎯⎯⎯⎯⎯⎯⎯⎯⎯⎯⎯⎯⎯[25/61]⎯[22m[39m

[31m[1m[7m FAIL [27m[22m[39m src/__tests__/Dashboard.test.jsx[2m > [22mDashboard[2m > [22mPriority Filtering[2m > [22mshould have priority filter dropdown
[31m[1mTestingLibraryElementError[22m: Unable to find a label with the text of: /Priorité:/i

Ignored nodes: comments, script, style
[36m<body>[31m
  [36m<div>[31m
    [36m<div[31m
      [33mclass[31m=[32m"flex items-center justify-center h-screen bg-gray-50"[31m
    [36m>[31m
      [36m<div[31m
        [33mclass[31m=[32m"text-center text-red-600"[31m
      [36m>[31m
        [36m<svg[31m
          [33mclass[31m=[32m"lucide lucide-xcircle w-16 h-16 mx-auto mb-4"[31m
          [33mfill[31m=[32m"none"[31m
          [33mheight[31m=[32m"24"[31m
          [33mstroke[31m=[32m"currentColor"[31m
          [33mstroke-linecap[31m=[32m"round"[31m
          [33mstroke-linejoin[31m=[32m"round"[31m
          [33mstroke-width[31m=[32m"2"[31m
          [33mviewBox[31m=[32m"0 0 24 24"[31m
          [33mwidth[31m=[32m"24"[31m
          [33mxmlns[31m=[32m"http://www.w3.org/2000/svg"[31m
        [36m>[31m
          [36m<circle[31m
            [33mcx[31m=[32m"12"[31m
            [33mcy[31m=[32m"12"[31m
            [33mr[31m=[32m"10"[31m
          [36m/>[31m
          [36m<path[31m
            [33md[31m=[32m"m15 9-6 6"[31m
          [36m/>[31m
          [36m<path[31m
            [33md[31m=[32m"m9 9 6 6"[31m
          [36m/>[31m
        [36m</svg>[31m
        [36m<p[31m
          [33mclass[31m=[32m"text-xl font-semibold"[31m
        [36m>[31m
          [0mErreur de connexion au serveur[0m
        [36m</p>[31m
        [36m<button[31m
          [33mclass[31m=[32m"mt-4 px-4 py-2 bg-red-600 text-white rounded-lg hover:bg-red-700"[31m
        [36m>[31m
          [0mRéessayer[0m
        [36m</button>[31m
      [36m</div>[31m
    [36m</div>[31m
  [36m</div>[31m
[36m</body>[31m

Ignored nodes: comments, script, style
[36m<html>[31m
  [36m<head />[31m
  [36m<body>[31m
    [36m<div>[31m
      [36m<div[31m
        [33mclass[31m=[32m"flex items-center justify-center h-screen bg-gray-50"[31m
      [36m>[31m
        [36m<div[31m
          [33mclass[31m=[32m"text-center text-red-600"[31m
        [36m>[31m
          [36m<svg[31m
            [33mclass[31m=[32m"lucide lucide-xcircle w-16 h-16 mx-auto mb-4"[31m
            [33mfill[31m=[32m"none"[31m
            [33mheight[31m=[32m"24"[31m
            [33mstroke[31m=[32m"currentColor"[31m
            [33mstroke-linecap[31m=[32m"round"[31m
            [33mstroke-linejoin[31m=[32m"round"[31m
            [33mstroke-width[31m=[32m"2"[31m
            [33mviewBox[31m=[32m"0 0 24 24"[31m
            [33mwidth[31m=[32m"24"[31m
            [33mxmlns[31m=[32m"http://www.w3.org/2000/svg"[31m
          [36m>[31m
            [36m<circle[31m
              [33mcx[31m=[32m"12"[31m
              [33mcy[31m=[32m"12"[31m
              [33mr[31m=[32m"10"[31m
            [36m/>[31m
            [36m<path[31m
              [33md[31m=[32m"m15 9-6 6"[31m
            [36m/>[31m
            [36m<path[31m
              [33md[31m=[32m"m9 9 6 6"[31m
            [36m/>[31m
          [36m</svg>[31m
          [36m<p[31m
            [33mclass[31m=[32m"text-xl font-semibold"[31m
          [36m>[31m
            [0mErreur de connexion au serveur[0m
          [36m</p>[31m
          [36m<button[31m
            [33mclass[31m=[32m"mt-4 px-4 py-2 bg-red-600 text-white rounded-lg hover:bg-red-700"[31m
          [36m>[31m
            [0mRéessayer[0m
          [36m</button>[31m
        [36m</div>[31m
      [36m</div>[31m
    [36m</div>[31m
  [36m</body>[31m
[36m</html>[31m[39m
[90m [2m❯[22m Proxy.waitForWrapper node_modules/@testing-library/dom/dist/wait-for.js:[2m163:27[22m[39m
[36m [2m❯[22m src/__tests__/Dashboard.test.jsx:[2m136:13[22m[39m
    [90m134| [39m      [34mrender[39m([33m<[39m[33mDashboard[39m [33m/[39m[33m>[39m)[33m;[39m
    [90m135| [39m
    [90m136| [39m      [35mawait[39m [34mwaitFor[39m(() [33m=>[39m {
    [90m   | [39m            [31m^[39m
    [90m137| [39m        [35mconst[39m prioritySelect [33m=[39m screen[33m.[39m[34mgetByLabelText[39m([36m/Priorité:/i[39m)[33m;[39m
    [90m138| [39m        [34mexpect[39m(prioritySelect)[33m.[39m[34mtoBeInTheDocument[39m()[33m;[39m

[31m[2m⎯⎯⎯⎯⎯⎯⎯⎯⎯⎯⎯⎯⎯⎯⎯⎯⎯⎯⎯⎯⎯⎯[26/61]⎯[22m[39m

[31m[1m[7m FAIL [27m[22m[39m src/__tests__/Dashboard.test.jsx[2m > [22mDashboard[2m > [22mPriority Filtering[2m > [22mshould show all priority options
[31m[1mTestingLibraryElementError[22m: Unable to find a label with the text of: /Priorité:/i

Ignored nodes: comments, script, style
[36m<body>[31m
  [36m<div>[31m
    [36m<div[31m
      [33mclass[31m=[32m"flex items-center justify-center h-screen bg-gray-50"[31m
    [36m>[31m
      [36m<div[31m
        [33mclass[31m=[32m"text-center text-red-600"[31m
      [36m>[31m
        [36m<svg[31m
          [33mclass[31m=[32m"lucide lucide-xcircle w-16 h-16 mx-auto mb-4"[31m
          [33mfill[31m=[32m"none"[31m
          [33mheight[31m=[32m"24"[31m
          [33mstroke[31m=[32m"currentColor"[31m
          [33mstroke-linecap[31m=[32m"round"[31m
          [33mstroke-linejoin[31m=[32m"round"[31m
          [33mstroke-width[31m=[32m"2"[31m
          [33mviewBox[31m=[32m"0 0 24 24"[31m
          [33mwidth[31m=[32m"24"[31m
          [33mxmlns[31m=[32m"http://www.w3.org/2000/svg"[31m
        [36m>[31m
          [36m<circle[31m
            [33mcx[31m=[32m"12"[31m
            [33mcy[31m=[32m"12"[31m
            [33mr[31m=[32m"10"[31m
          [36m/>[31m
          [36m<path[31m
            [33md[31m=[32m"m15 9-6 6"[31m
          [36m/>[31m
          [36m<path[31m
            [33md[31m=[32m"m9 9 6 6"[31m
          [36m/>[31m
        [36m</svg>[31m
        [36m<p[31m
          [33mclass[31m=[32m"text-xl font-semibold"[31m
        [36m>[31m
          [0mErreur de connexion au serveur[0m
        [36m</p>[31m
        [36m<button[31m
          [33mclass[31m=[32m"mt-4 px-4 py-2 bg-red-600 text-white rounded-lg hover:bg-red-700"[31m
        [36m>[31m
          [0mRéessayer[0m
        [36m</button>[31m
      [36m</div>[31m
    [36m</div>[31m
  [36m</div>[31m
[36m</body>[31m

Ignored nodes: comments, script, style
[36m<html>[31m
  [36m<head />[31m
  [36m<body>[31m
    [36m<div>[31m
      [36m<div[31m
        [33mclass[31m=[32m"flex items-center justify-center h-screen bg-gray-50"[31m
      [36m>[31m
        [36m<div[31m
          [33mclass[31m=[32m"text-center text-red-600"[31m
        [36m>[31m
          [36m<svg[31m
            [33mclass[31m=[32m"lucide lucide-xcircle w-16 h-16 mx-auto mb-4"[31m
            [33mfill[31m=[32m"none"[31m
            [33mheight[31m=[32m"24"[31m
            [33mstroke[31m=[32m"currentColor"[31m
            [33mstroke-linecap[31m=[32m"round"[31m
            [33mstroke-linejoin[31m=[32m"round"[31m
            [33mstroke-width[31m=[32m"2"[31m
            [33mviewBox[31m=[32m"0 0 24 24"[31m
            [33mwidth[31m=[32m"24"[31m
            [33mxmlns[31m=[32m"http://www.w3.org/2000/svg"[31m
          [36m>[31m
            [36m<circle[31m
              [33mcx[31m=[32m"12"[31m
              [33mcy[31m=[32m"12"[31m
              [33mr[31m=[32m"10"[31m
            [36m/>[31m
            [36m<path[31m
              [33md[31m=[32m"m15 9-6 6"[31m
            [36m/>[31m
            [36m<path[31m
              [33md[31m=[32m"m9 9 6 6"[31m
            [36m/>[31m
          [36m</svg>[31m
          [36m<p[31m
            [33mclass[31m=[32m"text-xl font-semibold"[31m
          [36m>[31m
            [0mErreur de connexion au serveur[0m
          [36m</p>[31m
          [36m<button[31m
            [33mclass[31m=[32m"mt-4 px-4 py-2 bg-red-600 text-white rounded-lg hover:bg-red-700"[31m
          [36m>[31m
            [0mRéessayer[0m
          [36m</button>[31m
        [36m</div>[31m
      [36m</div>[31m
    [36m</div>[31m
  [36m</body>[31m
[36m</html>[31m[39m
[90m [2m❯[22m Proxy.waitForWrapper node_modules/@testing-library/dom/dist/wait-for.js:[2m163:27[22m[39m
[36m [2m❯[22m src/__tests__/Dashboard.test.jsx:[2m145:13[22m[39m
    [90m143| [39m      [34mrender[39m([33m<[39m[33mDashboard[39m [33m/[39m[33m>[39m)[33m;[39m
    [90m144| [39m
    [90m145| [39m      [35mawait[39m [34mwaitFor[39m(() [33m=>[39m {
    [90m   | [39m            [31m^[39m
    [90m146| [39m        [35mconst[39m prioritySelect [33m=[39m screen[33m.[39m[34mgetByLabelText[39m([36m/Priorité:/i[39m)[33m;[39m
    [90m147| [39m        [34mexpect[39m(prioritySelect)[33m.[39m[34mtoHaveTextContent[39m([36m/Toutes/i[39m)[33m;[39m

[31m[2m⎯⎯⎯⎯⎯⎯⎯⎯⎯⎯⎯⎯⎯⎯⎯⎯⎯⎯⎯⎯⎯⎯[27/61]⎯[22m[39m

[31m[1m[7m FAIL [27m[22m[39m src/__tests__/Dashboard.test.jsx[2m > [22mDashboard[2m > [22mPriority Filtering[2m > [22mshould filter tickets by priority when selected
[31m[1mTestingLibraryElementError[22m: Unable to find an element with the text: /Jean Dupont/i. This could be because the text is broken up by multiple elements. In this case, you can provide a function for your text matcher to make your matcher more flexible.

Ignored nodes: comments, script, style
[36m<body>[31m
  [36m<div>[31m
    [36m<div[31m
      [33mclass[31m=[32m"flex items-center justify-center h-screen bg-gray-50"[31m
    [36m>[31m
      [36m<div[31m
        [33mclass[31m=[32m"text-center text-red-600"[31m
      [36m>[31m
        [36m<svg[31m
          [33mclass[31m=[32m"lucide lucide-xcircle w-16 h-16 mx-auto mb-4"[31m
          [33mfill[31m=[32m"none"[31m
          [33mheight[31m=[32m"24"[31m
          [33mstroke[31m=[32m"currentColor"[31m
          [33mstroke-linecap[31m=[32m"round"[31m
          [33mstroke-linejoin[31m=[32m"round"[31m
          [33mstroke-width[31m=[32m"2"[31m
          [33mviewBox[31m=[32m"0 0 24 24"[31m
          [33mwidth[31m=[32m"24"[31m
          [33mxmlns[31m=[32m"http://www.w3.org/2000/svg"[31m
        [36m>[31m
          [36m<circle[31m
            [33mcx[31m=[32m"12"[31m
            [33mcy[31m=[32m"12"[31m
            [33mr[31m=[32m"10"[31m
          [36m/>[31m
          [36m<path[31m
            [33md[31m=[32m"m15 9-6 6"[31m
          [36m/>[31m
          [36m<path[31m
            [33md[31m=[32m"m9 9 6 6"[31m
          [36m/>[31m
        [36m</svg>[31m
        [36m<p[31m
          [33mclass[31m=[32m"text-xl font-semibold"[31m
        [36m>[31m
          [0mErreur de connexion au serveur[0m
        [36m</p>[31m
        [36m<button[31m
          [33mclass[31m=[32m"mt-4 px-4 py-2 bg-red-600 text-white rounded-lg hover:bg-red-700"[31m
        [36m>[31m
          [0mRéessayer[0m
        [36m</button>[31m
      [36m</div>[31m
    [36m</div>[31m
  [36m</div>[31m
[36m</body>[31m

Ignored nodes: comments, script, style
[36m<html>[31m
  [36m<head />[31m
  [36m<body>[31m
    [36m<div>[31m
      [36m<div[31m
        [33mclass[31m=[32m"flex items-center justify-center h-screen bg-gray-50"[31m
      [36m>[31m
        [36m<div[31m
          [33mclass[31m=[32m"text-center text-red-600"[31m
        [36m>[31m
          [36m<svg[31m
            [33mclass[31m=[32m"lucide lucide-xcircle w-16 h-16 mx-auto mb-4"[31m
            [33mfill[31m=[32m"none"[31m
            [33mheight[31m=[32m"24"[31m
            [33mstroke[31m=[32m"currentColor"[31m
            [33mstroke-linecap[31m=[32m"round"[31m
            [33mstroke-linejoin[31m=[32m"round"[31m
            [33mstroke-width[31m=[32m"2"[31m
            [33mviewBox[31m=[32m"0 0 24 24"[31m
            [33mwidth[31m=[32m"24"[31m
            [33mxmlns[31m=[32m"http://www.w3.org/2000/svg"[31m
          [36m>[31m
            [36m<circle[31m
              [33mcx[31m=[32m"12"[31m
              [33mcy[31m=[32m"12"[31m
              [33mr[31m=[32m"10"[31m
            [36m/>[31m
            [36m<path[31m
              [33md[31m=[32m"m15 9-6 6"[31m
            [36m/>[31m
            [36m<path[31m
              [33md[31m=[32m"m9 9 6 6"[31m
            [36m/>[31m
          [36m</svg>[31m
          [36m<p[31m
            [33mclass[31m=[32m"text-xl font-semibold"[31m
          [36m>[31m
            [0mErreur de connexion au serveur[0m
          [36m</p>[31m
          [36m<button[31m
            [33mclass[31m=[32m"mt-4 px-4 py-2 bg-red-600 text-white rounded-lg hover:bg-red-700"[31m
          [36m>[31m
            [0mRéessayer[0m
          [36m</button>[31m
        [36m</div>[31m
      [36m</div>[31m
    [36m</div>[31m
  [36m</body>[31m
[36m</html>[31m[39m
[90m [2m❯[22m Proxy.waitForWrapper node_modules/@testing-library/dom/dist/wait-for.js:[2m163:27[22m[39m
[36m [2m❯[22m src/__tests__/Dashboard.test.jsx:[2m156:13[22m[39m
    [90m154| [39m      [34mrender[39m([33m<[39m[33mDashboard[39m [33m/[39m[33m>[39m)[33m;[39m
    [90m155| [39m
    [90m156| [39m      [35mawait[39m [34mwaitFor[39m(() [33m=>[39m {
    [90m   | [39m            [31m^[39m
    [90m157| [39m        [34mexpect[39m(screen[33m.[39m[34mgetByText[39m([36m/Jean Dupont/i[39m))[33m.[39m[34mtoBeInTheDocument[39m()[33m;[39m
    [90m158| [39m      })[33m;[39m

[31m[2m⎯⎯⎯⎯⎯⎯⎯⎯⎯⎯⎯⎯⎯⎯⎯⎯⎯⎯⎯⎯⎯⎯[28/61]⎯[22m[39m

[31m[1m[7m FAIL [27m[22m[39m src/__tests__/Dashboard.test.jsx[2m > [22mDashboard[2m > [22mPriority Filtering[2m > [22mshould update ticket count when filtering
[31m[1mTestingLibraryElementError[22m: Unable to find an element with the text: /2 ticket\(s\)/i. This could be because the text is broken up by multiple elements. In this case, you can provide a function for your text matcher to make your matcher more flexible.

Ignored nodes: comments, script, style
[36m<body>[31m
  [36m<div>[31m
    [36m<div[31m
      [33mclass[31m=[32m"flex items-center justify-center h-screen bg-gray-50"[31m
    [36m>[31m
      [36m<div[31m
        [33mclass[31m=[32m"text-center text-red-600"[31m
      [36m>[31m
        [36m<svg[31m
          [33mclass[31m=[32m"lucide lucide-xcircle w-16 h-16 mx-auto mb-4"[31m
          [33mfill[31m=[32m"none"[31m
          [33mheight[31m=[32m"24"[31m
          [33mstroke[31m=[32m"currentColor"[31m
          [33mstroke-linecap[31m=[32m"round"[31m
          [33mstroke-linejoin[31m=[32m"round"[31m
          [33mstroke-width[31m=[32m"2"[31m
          [33mviewBox[31m=[32m"0 0 24 24"[31m
          [33mwidth[31m=[32m"24"[31m
          [33mxmlns[31m=[32m"http://www.w3.org/2000/svg"[31m
        [36m>[31m
          [36m<circle[31m
            [33mcx[31m=[32m"12"[31m
            [33mcy[31m=[32m"12"[31m
            [33mr[31m=[32m"10"[31m
          [36m/>[31m
          [36m<path[31m
            [33md[31m=[32m"m15 9-6 6"[31m
          [36m/>[31m
          [36m<path[31m
            [33md[31m=[32m"m9 9 6 6"[31m
          [36m/>[31m
        [36m</svg>[31m
        [36m<p[31m
          [33mclass[31m=[32m"text-xl font-semibold"[31m
        [36m>[31m
          [0mErreur de connexion au serveur[0m
        [36m</p>[31m
        [36m<button[31m
          [33mclass[31m=[32m"mt-4 px-4 py-2 bg-red-600 text-white rounded-lg hover:bg-red-700"[31m
        [36m>[31m
          [0mRéessayer[0m
        [36m</button>[31m
      [36m</div>[31m
    [36m</div>[31m
  [36m</div>[31m
[36m</body>[31m

Ignored nodes: comments, script, style
[36m<html>[31m
  [36m<head />[31m
  [36m<body>[31m
    [36m<div>[31m
      [36m<div[31m
        [33mclass[31m=[32m"flex items-center justify-center h-screen bg-gray-50"[31m
      [36m>[31m
        [36m<div[31m
          [33mclass[31m=[32m"text-center text-red-600"[31m
        [36m>[31m
          [36m<svg[31m
            [33mclass[31m=[32m"lucide lucide-xcircle w-16 h-16 mx-auto mb-4"[31m
            [33mfill[31m=[32m"none"[31m
            [33mheight[31m=[32m"24"[31m
            [33mstroke[31m=[32m"currentColor"[31m
            [33mstroke-linecap[31m=[32m"round"[31m
            [33mstroke-linejoin[31m=[32m"round"[31m
            [33mstroke-width[31m=[32m"2"[31m
            [33mviewBox[31m=[32m"0 0 24 24"[31m
            [33mwidth[31m=[32m"24"[31m
            [33mxmlns[31m=[32m"http://www.w3.org/2000/svg"[31m
          [36m>[31m
            [36m<circle[31m
              [33mcx[31m=[32m"12"[31m
              [33mcy[31m=[32m"12"[31m
              [33mr[31m=[32m"10"[31m
            [36m/>[31m
            [36m<path[31m
              [33md[31m=[32m"m15 9-6 6"[31m
            [36m/>[31m
            [36m<path[31m
              [33md[31m=[32m"m9 9 6 6"[31m
            [36m/>[31m
          [36m</svg>[31m
          [36m<p[31m
            [33mclass[31m=[32m"text-xl font-semibold"[31m
          [36m>[31m
            [0mErreur de connexion au serveur[0m
          [36m</p>[31m
          [36m<button[31m
            [33mclass[31m=[32m"mt-4 px-4 py-2 bg-red-600 text-white rounded-lg hover:bg-red-700"[31m
          [36m>[31m
            [0mRéessayer[0m
          [36m</button>[31m
        [36m</div>[31m
      [36m</div>[31m
    [36m</div>[31m
  [36m</body>[31m
[36m</html>[31m[39m
[90m [2m❯[22m Proxy.waitForWrapper node_modules/@testing-library/dom/dist/wait-for.js:[2m163:27[22m[39m
[36m [2m❯[22m src/__tests__/Dashboard.test.jsx:[2m172:13[22m[39m
    [90m170| [39m      [34mrender[39m([33m<[39m[33mDashboard[39m [33m/[39m[33m>[39m)[33m;[39m
    [90m171| [39m
    [90m172| [39m      [35mawait[39m [34mwaitFor[39m(() [33m=>[39m {
    [90m   | [39m            [31m^[39m
    [90m173| [39m        [34mexpect[39m(screen[33m.[39m[34mgetByText[39m([36m/2 ticket\(s\)/i[39m))[33m.[39m[34mtoBeInTheDocument[39m()[33m;[39m
    [90m174| [39m      })[33m;[39m

[31m[2m⎯⎯⎯⎯⎯⎯⎯⎯⎯⎯⎯⎯⎯⎯⎯⎯⎯⎯⎯⎯⎯⎯[29/61]⎯[22m[39m

[31m[1m[7m FAIL [27m[22m[39m src/__tests__/Dashboard.test.jsx[2m > [22mDashboard[2m > [22mStatus Filtering[2m > [22mshould have status filter dropdown
[31m[1mTestingLibraryElementError[22m: Unable to find a label with the text of: /Statut:/i

Ignored nodes: comments, script, style
[36m<body>[31m
  [36m<div>[31m
    [36m<div[31m
      [33mclass[31m=[32m"flex items-center justify-center h-screen bg-gray-50"[31m
    [36m>[31m
      [36m<div[31m
        [33mclass[31m=[32m"text-center text-red-600"[31m
      [36m>[31m
        [36m<svg[31m
          [33mclass[31m=[32m"lucide lucide-xcircle w-16 h-16 mx-auto mb-4"[31m
          [33mfill[31m=[32m"none"[31m
          [33mheight[31m=[32m"24"[31m
          [33mstroke[31m=[32m"currentColor"[31m
          [33mstroke-linecap[31m=[32m"round"[31m
          [33mstroke-linejoin[31m=[32m"round"[31m
          [33mstroke-width[31m=[32m"2"[31m
          [33mviewBox[31m=[32m"0 0 24 24"[31m
          [33mwidth[31m=[32m"24"[31m
          [33mxmlns[31m=[32m"http://www.w3.org/2000/svg"[31m
        [36m>[31m
          [36m<circle[31m
            [33mcx[31m=[32m"12"[31m
            [33mcy[31m=[32m"12"[31m
            [33mr[31m=[32m"10"[31m
          [36m/>[31m
          [36m<path[31m
            [33md[31m=[32m"m15 9-6 6"[31m
          [36m/>[31m
          [36m<path[31m
            [33md[31m=[32m"m9 9 6 6"[31m
          [36m/>[31m
        [36m</svg>[31m
        [36m<p[31m
          [33mclass[31m=[32m"text-xl font-semibold"[31m
        [36m>[31m
          [0mErreur de connexion au serveur[0m
        [36m</p>[31m
        [36m<button[31m
          [33mclass[31m=[32m"mt-4 px-4 py-2 bg-red-600 text-white rounded-lg hover:bg-red-700"[31m
        [36m>[31m
          [0mRéessayer[0m
        [36m</button>[31m
      [36m</div>[31m
    [36m</div>[31m
  [36m</div>[31m
[36m</body>[31m

Ignored nodes: comments, script, style
[36m<html>[31m
  [36m<head />[31m
  [36m<body>[31m
    [36m<div>[31m
      [36m<div[31m
        [33mclass[31m=[32m"flex items-center justify-center h-screen bg-gray-50"[31m
      [36m>[31m
        [36m<div[31m
          [33mclass[31m=[32m"text-center text-red-600"[31m
        [36m>[31m
          [36m<svg[31m
            [33mclass[31m=[32m"lucide lucide-xcircle w-16 h-16 mx-auto mb-4"[31m
            [33mfill[31m=[32m"none"[31m
            [33mheight[31m=[32m"24"[31m
            [33mstroke[31m=[32m"currentColor"[31m
            [33mstroke-linecap[31m=[32m"round"[31m
            [33mstroke-linejoin[31m=[32m"round"[31m
            [33mstroke-width[31m=[32m"2"[31m
            [33mviewBox[31m=[32m"0 0 24 24"[31m
            [33mwidth[31m=[32m"24"[31m
            [33mxmlns[31m=[32m"http://www.w3.org/2000/svg"[31m
          [36m>[31m
            [36m<circle[31m
              [33mcx[31m=[32m"12"[31m
              [33mcy[31m=[32m"12"[31m
              [33mr[31m=[32m"10"[31m
            [36m/>[31m
            [36m<path[31m
              [33md[31m=[32m"m15 9-6 6"[31m
            [36m/>[31m
            [36m<path[31m
              [33md[31m=[32m"m9 9 6 6"[31m
            [36m/>[31m
          [36m</svg>[31m
          [36m<p[31m
            [33mclass[31m=[32m"text-xl font-semibold"[31m
          [36m>[31m
            [0mErreur de connexion au serveur[0m
          [36m</p>[31m
          [36m<button[31m
            [33mclass[31m=[32m"mt-4 px-4 py-2 bg-red-600 text-white rounded-lg hover:bg-red-700"[31m
          [36m>[31m
            [0mRéessayer[0m
          [36m</button>[31m
        [36m</div>[31m
      [36m</div>[31m
    [36m</div>[31m
  [36m</body>[31m
[36m</html>[31m[39m
[90m [2m❯[22m Proxy.waitForWrapper node_modules/@testing-library/dom/dist/wait-for.js:[2m163:27[22m[39m
[36m [2m❯[22m src/__tests__/Dashboard.test.jsx:[2m190:13[22m[39m
    [90m188| [39m      [34mrender[39m([33m<[39m[33mDashboard[39m [33m/[39m[33m>[39m)[33m;[39m
    [90m189| [39m
    [90m190| [39m      [35mawait[39m [34mwaitFor[39m(() [33m=>[39m {
    [90m   | [39m            [31m^[39m
    [90m191| [39m        [35mconst[39m statusSelect [33m=[39m screen[33m.[39m[34mgetByLabelText[39m([36m/Statut:/i[39m)[33m;[39m
    [90m192| [39m        [34mexpect[39m(statusSelect)[33m.[39m[34mtoBeInTheDocument[39m()[33m;[39m

[31m[2m⎯⎯⎯⎯⎯⎯⎯⎯⎯⎯⎯⎯⎯⎯⎯⎯⎯⎯⎯⎯⎯⎯[30/61]⎯[22m[39m

[31m[1m[7m FAIL [27m[22m[39m src/__tests__/Dashboard.test.jsx[2m > [22mDashboard[2m > [22mStatus Filtering[2m > [22mshould show all status options
[31m[1mTestingLibraryElementError[22m: Unable to find a label with the text of: /Statut:/i

Ignored nodes: comments, script, style
[36m<body>[31m
  [36m<div>[31m
    [36m<div[31m
      [33mclass[31m=[32m"flex items-center justify-center h-screen bg-gray-50"[31m
    [36m>[31m
      [36m<div[31m
        [33mclass[31m=[32m"text-center text-red-600"[31m
      [36m>[31m
        [36m<svg[31m
          [33mclass[31m=[32m"lucide lucide-xcircle w-16 h-16 mx-auto mb-4"[31m
          [33mfill[31m=[32m"none"[31m
          [33mheight[31m=[32m"24"[31m
          [33mstroke[31m=[32m"currentColor"[31m
          [33mstroke-linecap[31m=[32m"round"[31m
          [33mstroke-linejoin[31m=[32m"round"[31m
          [33mstroke-width[31m=[32m"2"[31m
          [33mviewBox[31m=[32m"0 0 24 24"[31m
          [33mwidth[31m=[32m"24"[31m
          [33mxmlns[31m=[32m"http://www.w3.org/2000/svg"[31m
        [36m>[31m
          [36m<circle[31m
            [33mcx[31m=[32m"12"[31m
            [33mcy[31m=[32m"12"[31m
            [33mr[31m=[32m"10"[31m
          [36m/>[31m
          [36m<path[31m
            [33md[31m=[32m"m15 9-6 6"[31m
          [36m/>[31m
          [36m<path[31m
            [33md[31m=[32m"m9 9 6 6"[31m
          [36m/>[31m
        [36m</svg>[31m
        [36m<p[31m
          [33mclass[31m=[32m"text-xl font-semibold"[31m
        [36m>[31m
          [0mErreur de connexion au serveur[0m
        [36m</p>[31m
        [36m<button[31m
          [33mclass[31m=[32m"mt-4 px-4 py-2 bg-red-600 text-white rounded-lg hover:bg-red-700"[31m
        [36m>[31m
          [0mRéessayer[0m
        [36m</button>[31m
      [36m</div>[31m
    [36m</div>[31m
  [36m</div>[31m
[36m</body>[31m

Ignored nodes: comments, script, style
[36m<html>[31m
  [36m<head />[31m
  [36m<body>[31m
    [36m<div>[31m
      [36m<div[31m
        [33mclass[31m=[32m"flex items-center justify-center h-screen bg-gray-50"[31m
      [36m>[31m
        [36m<div[31m
          [33mclass[31m=[32m"text-center text-red-600"[31m
        [36m>[31m
          [36m<svg[31m
            [33mclass[31m=[32m"lucide lucide-xcircle w-16 h-16 mx-auto mb-4"[31m
            [33mfill[31m=[32m"none"[31m
            [33mheight[31m=[32m"24"[31m
            [33mstroke[31m=[32m"currentColor"[31m
            [33mstroke-linecap[31m=[32m"round"[31m
            [33mstroke-linejoin[31m=[32m"round"[31m
            [33mstroke-width[31m=[32m"2"[31m
            [33mviewBox[31m=[32m"0 0 24 24"[31m
            [33mwidth[31m=[32m"24"[31m
            [33mxmlns[31m=[32m"http://www.w3.org/2000/svg"[31m
          [36m>[31m
            [36m<circle[31m
              [33mcx[31m=[32m"12"[31m
              [33mcy[31m=[32m"12"[31m
              [33mr[31m=[32m"10"[31m
            [36m/>[31m
            [36m<path[31m
              [33md[31m=[32m"m15 9-6 6"[31m
            [36m/>[31m
            [36m<path[31m
              [33md[31m=[32m"m9 9 6 6"[31m
            [36m/>[31m
          [36m</svg>[31m
          [36m<p[31m
            [33mclass[31m=[32m"text-xl font-semibold"[31m
          [36m>[31m
            [0mErreur de connexion au serveur[0m
          [36m</p>[31m
          [36m<button[31m
            [33mclass[31m=[32m"mt-4 px-4 py-2 bg-red-600 text-white rounded-lg hover:bg-red-700"[31m
          [36m>[31m
            [0mRéessayer[0m
          [36m</button>[31m
        [36m</div>[31m
      [36m</div>[31m
    [36m</div>[31m
  [36m</body>[31m
[36m</html>[31m[39m
[90m [2m❯[22m Proxy.waitForWrapper node_modules/@testing-library/dom/dist/wait-for.js:[2m163:27[22m[39m
[36m [2m❯[22m src/__tests__/Dashboard.test.jsx:[2m199:13[22m[39m
    [90m197| [39m      [34mrender[39m([33m<[39m[33mDashboard[39m [33m/[39m[33m>[39m)[33m;[39m
    [90m198| [39m
    [90m199| [39m      [35mawait[39m [34mwaitFor[39m(() [33m=>[39m {
    [90m   | [39m            [31m^[39m
    [90m200| [39m        [35mconst[39m statusSelect [33m=[39m screen[33m.[39m[34mgetByLabelText[39m([36m/Statut:/i[39m)[33m;[39m
    [90m201| [39m        [34mexpect[39m(statusSelect)[33m.[39m[34mtoHaveTextContent[39m([36m/Tous/i[39m)[33m;[39m

[31m[2m⎯⎯⎯⎯⎯⎯⎯⎯⎯⎯⎯⎯⎯⎯⎯⎯⎯⎯⎯⎯⎯⎯[31/61]⎯[22m[39m

[31m[1m[7m FAIL [27m[22m[39m src/__tests__/Dashboard.test.jsx[2m > [22mDashboard[2m > [22mStatus Filtering[2m > [22mshould filter tickets by status when selected
[31m[1mTestingLibraryElementError[22m: Unable to find an element with the text: /Jean Dupont/i. This could be because the text is broken up by multiple elements. In this case, you can provide a function for your text matcher to make your matcher more flexible.

Ignored nodes: comments, script, style
[36m<body>[31m
  [36m<div>[31m
    [36m<div[31m
      [33mclass[31m=[32m"flex items-center justify-center h-screen bg-gray-50"[31m
    [36m>[31m
      [36m<div[31m
        [33mclass[31m=[32m"text-center text-red-600"[31m
      [36m>[31m
        [36m<svg[31m
          [33mclass[31m=[32m"lucide lucide-xcircle w-16 h-16 mx-auto mb-4"[31m
          [33mfill[31m=[32m"none"[31m
          [33mheight[31m=[32m"24"[31m
          [33mstroke[31m=[32m"currentColor"[31m
          [33mstroke-linecap[31m=[32m"round"[31m
          [33mstroke-linejoin[31m=[32m"round"[31m
          [33mstroke-width[31m=[32m"2"[31m
          [33mviewBox[31m=[32m"0 0 24 24"[31m
          [33mwidth[31m=[32m"24"[31m
          [33mxmlns[31m=[32m"http://www.w3.org/2000/svg"[31m
        [36m>[31m
          [36m<circle[31m
            [33mcx[31m=[32m"12"[31m
            [33mcy[31m=[32m"12"[31m
            [33mr[31m=[32m"10"[31m
          [36m/>[31m
          [36m<path[31m
            [33md[31m=[32m"m15 9-6 6"[31m
          [36m/>[31m
          [36m<path[31m
            [33md[31m=[32m"m9 9 6 6"[31m
          [36m/>[31m
        [36m</svg>[31m
        [36m<p[31m
          [33mclass[31m=[32m"text-xl font-semibold"[31m
        [36m>[31m
          [0mErreur de connexion au serveur[0m
        [36m</p>[31m
        [36m<button[31m
          [33mclass[31m=[32m"mt-4 px-4 py-2 bg-red-600 text-white rounded-lg hover:bg-red-700"[31m
        [36m>[31m
          [0mRéessayer[0m
        [36m</button>[31m
      [36m</div>[31m
    [36m</div>[31m
  [36m</div>[31m
[36m</body>[31m

Ignored nodes: comments, script, style
[36m<html>[31m
  [36m<head />[31m
  [36m<body>[31m
    [36m<div>[31m
      [36m<div[31m
        [33mclass[31m=[32m"flex items-center justify-center h-screen bg-gray-50"[31m
      [36m>[31m
        [36m<div[31m
          [33mclass[31m=[32m"text-center text-red-600"[31m
        [36m>[31m
          [36m<svg[31m
            [33mclass[31m=[32m"lucide lucide-xcircle w-16 h-16 mx-auto mb-4"[31m
            [33mfill[31m=[32m"none"[31m
            [33mheight[31m=[32m"24"[31m
            [33mstroke[31m=[32m"currentColor"[31m
            [33mstroke-linecap[31m=[32m"round"[31m
            [33mstroke-linejoin[31m=[32m"round"[31m
            [33mstroke-width[31m=[32m"2"[31m
            [33mviewBox[31m=[32m"0 0 24 24"[31m
            [33mwidth[31m=[32m"24"[31m
            [33mxmlns[31m=[32m"http://www.w3.org/2000/svg"[31m
          [36m>[31m
            [36m<circle[31m
              [33mcx[31m=[32m"12"[31m
              [33mcy[31m=[32m"12"[31m
              [33mr[31m=[32m"10"[31m
            [36m/>[31m
            [36m<path[31m
              [33md[31m=[32m"m15 9-6 6"[31m
            [36m/>[31m
            [36m<path[31m
              [33md[31m=[32m"m9 9 6 6"[31m
            [36m/>[31m
          [36m</svg>[31m
          [36m<p[31m
            [33mclass[31m=[32m"text-xl font-semibold"[31m
          [36m>[31m
            [0mErreur de connexion au serveur[0m
          [36m</p>[31m
          [36m<button[31m
            [33mclass[31m=[32m"mt-4 px-4 py-2 bg-red-600 text-white rounded-lg hover:bg-red-700"[31m
          [36m>[31m
            [0mRéessayer[0m
          [36m</button>[31m
        [36m</div>[31m
      [36m</div>[31m
    [36m</div>[31m
  [36m</body>[31m
[36m</html>[31m[39m
[90m [2m❯[22m Proxy.waitForWrapper node_modules/@testing-library/dom/dist/wait-for.js:[2m163:27[22m[39m
[36m [2m❯[22m src/__tests__/Dashboard.test.jsx:[2m211:13[22m[39m
    [90m209| [39m      [34mrender[39m([33m<[39m[33mDashboard[39m [33m/[39m[33m>[39m)[33m;[39m
    [90m210| [39m
    [90m211| [39m      [35mawait[39m [34mwaitFor[39m(() [33m=>[39m {
    [90m   | [39m            [31m^[39m
    [90m212| [39m        [34mexpect[39m(screen[33m.[39m[34mgetByText[39m([36m/Jean Dupont/i[39m))[33m.[39m[34mtoBeInTheDocument[39m()[33m;[39m
    [90m213| [39m      })[33m;[39m

[31m[2m⎯⎯⎯⎯⎯⎯⎯⎯⎯⎯⎯⎯⎯⎯⎯⎯⎯⎯⎯⎯⎯⎯[32/61]⎯[22m[39m

[31m[1m[7m FAIL [27m[22m[39m src/__tests__/Dashboard.test.jsx[2m > [22mDashboard[2m > [22mStatus Filtering[2m > [22mshould combine priority and status filters
[31m[1mTestingLibraryElementError[22m: Unable to find an element with the text: /Jean Dupont/i. This could be because the text is broken up by multiple elements. In this case, you can provide a function for your text matcher to make your matcher more flexible.

Ignored nodes: comments, script, style
[36m<body>[31m
  [36m<div>[31m
    [36m<div[31m
      [33mclass[31m=[32m"flex items-center justify-center h-screen bg-gray-50"[31m
    [36m>[31m
      [36m<div[31m
        [33mclass[31m=[32m"text-center text-red-600"[31m
      [36m>[31m
        [36m<svg[31m
          [33mclass[31m=[32m"lucide lucide-xcircle w-16 h-16 mx-auto mb-4"[31m
          [33mfill[31m=[32m"none"[31m
          [33mheight[31m=[32m"24"[31m
          [33mstroke[31m=[32m"currentColor"[31m
          [33mstroke-linecap[31m=[32m"round"[31m
          [33mstroke-linejoin[31m=[32m"round"[31m
          [33mstroke-width[31m=[32m"2"[31m
          [33mviewBox[31m=[32m"0 0 24 24"[31m
          [33mwidth[31m=[32m"24"[31m
          [33mxmlns[31m=[32m"http://www.w3.org/2000/svg"[31m
        [36m>[31m
          [36m<circle[31m
            [33mcx[31m=[32m"12"[31m
            [33mcy[31m=[32m"12"[31m
            [33mr[31m=[32m"10"[31m
          [36m/>[31m
          [36m<path[31m
            [33md[31m=[32m"m15 9-6 6"[31m
          [36m/>[31m
          [36m<path[31m
            [33md[31m=[32m"m9 9 6 6"[31m
          [36m/>[31m
        [36m</svg>[31m
        [36m<p[31m
          [33mclass[31m=[32m"text-xl font-semibold"[31m
        [36m>[31m
          [0mErreur de connexion au serveur[0m
        [36m</p>[31m
        [36m<button[31m
          [33mclass[31m=[32m"mt-4 px-4 py-2 bg-red-600 text-white rounded-lg hover:bg-red-700"[31m
        [36m>[31m
          [0mRéessayer[0m
        [36m</button>[31m
      [36m</div>[31m
    [36m</div>[31m
  [36m</div>[31m
[36m</body>[31m

Ignored nodes: comments, script, style
[36m<html>[31m
  [36m<head />[31m
  [36m<body>[31m
    [36m<div>[31m
      [36m<div[31m
        [33mclass[31m=[32m"flex items-center justify-center h-screen bg-gray-50"[31m
      [36m>[31m
        [36m<div[31m
          [33mclass[31m=[32m"text-center text-red-600"[31m
        [36m>[31m
          [36m<svg[31m
            [33mclass[31m=[32m"lucide lucide-xcircle w-16 h-16 mx-auto mb-4"[31m
            [33mfill[31m=[32m"none"[31m
            [33mheight[31m=[32m"24"[31m
            [33mstroke[31m=[32m"currentColor"[31m
            [33mstroke-linecap[31m=[32m"round"[31m
            [33mstroke-linejoin[31m=[32m"round"[31m
            [33mstroke-width[31m=[32m"2"[31m
            [33mviewBox[31m=[32m"0 0 24 24"[31m
            [33mwidth[31m=[32m"24"[31m
            [33mxmlns[31m=[32m"http://www.w3.org/2000/svg"[31m
          [36m>[31m
            [36m<circle[31m
              [33mcx[31m=[32m"12"[31m
              [33mcy[31m=[32m"12"[31m
              [33mr[31m=[32m"10"[31m
            [36m/>[31m
            [36m<path[31m
              [33md[31m=[32m"m15 9-6 6"[31m
            [36m/>[31m
            [36m<path[31m
              [33md[31m=[32m"m9 9 6 6"[31m
            [36m/>[31m
          [36m</svg>[31m
          [36m<p[31m
            [33mclass[31m=[32m"text-xl font-semibold"[31m
          [36m>[31m
            [0mErreur de connexion au serveur[0m
          [36m</p>[31m
          [36m<button[31m
            [33mclass[31m=[32m"mt-4 px-4 py-2 bg-red-600 text-white rounded-lg hover:bg-red-700"[31m
          [36m>[31m
            [0mRéessayer[0m
          [36m</button>[31m
        [36m</div>[31m
      [36m</div>[31m
    [36m</div>[31m
  [36m</body>[31m
[36m</html>[31m[39m
[90m [2m❯[22m Proxy.waitForWrapper node_modules/@testing-library/dom/dist/wait-for.js:[2m163:27[22m[39m
[36m [2m❯[22m src/__tests__/Dashboard.test.jsx:[2m226:13[22m[39m
    [90m224| [39m      [34mrender[39m([33m<[39m[33mDashboard[39m [33m/[39m[33m>[39m)[33m;[39m
    [90m225| [39m
    [90m226| [39m      [35mawait[39m [34mwaitFor[39m(() [33m=>[39m {
    [90m   | [39m            [31m^[39m
    [90m227| [39m        [34mexpect[39m(screen[33m.[39m[34mgetByText[39m([36m/Jean Dupont/i[39m))[33m.[39m[34mtoBeInTheDocument[39m()[33m;[39m
    [90m228| [39m      })[33m;[39m

[31m[2m⎯⎯⎯⎯⎯⎯⎯⎯⎯⎯⎯⎯⎯⎯⎯⎯⎯⎯⎯⎯⎯⎯[33/61]⎯[22m[39m

[31m[1m[7m FAIL [27m[22m[39m src/__tests__/Dashboard.test.jsx[2m > [22mDashboard[2m > [22mError Handling[2m > [22mshould display error message when fetch fails
[31m[1mTestingLibraryElementError[22m: Unable to find an element with the text: /Erreur lors de la récupération des tickets/i. This could be because the text is broken up by multiple elements. In this case, you can provide a function for your text matcher to make your matcher more flexible.

Ignored nodes: comments, script, style
[36m<body>[31m
  [36m<div>[31m
    [36m<div[31m
      [33mclass[31m=[32m"flex items-center justify-center h-screen bg-gray-50"[31m
    [36m>[31m
      [36m<div[31m
        [33mclass[31m=[32m"text-center text-red-600"[31m
      [36m>[31m
        [36m<svg[31m
          [33mclass[31m=[32m"lucide lucide-xcircle w-16 h-16 mx-auto mb-4"[31m
          [33mfill[31m=[32m"none"[31m
          [33mheight[31m=[32m"24"[31m
          [33mstroke[31m=[32m"currentColor"[31m
          [33mstroke-linecap[31m=[32m"round"[31m
          [33mstroke-linejoin[31m=[32m"round"[31m
          [33mstroke-width[31m=[32m"2"[31m
          [33mviewBox[31m=[32m"0 0 24 24"[31m
          [33mwidth[31m=[32m"24"[31m
          [33mxmlns[31m=[32m"http://www.w3.org/2000/svg"[31m
        [36m>[31m
          [36m<circle[31m
            [33mcx[31m=[32m"12"[31m
            [33mcy[31m=[32m"12"[31m
            [33mr[31m=[32m"10"[31m
          [36m/>[31m
          [36m<path[31m
            [33md[31m=[32m"m15 9-6 6"[31m
          [36m/>[31m
          [36m<path[31m
            [33md[31m=[32m"m9 9 6 6"[31m
          [36m/>[31m
        [36m</svg>[31m
        [36m<p[31m
          [33mclass[31m=[32m"text-xl font-semibold"[31m
        [36m>[31m
          [0mErreur de connexion au serveur[0m
        [36m</p>[31m
        [36m<button[31m
          [33mclass[31m=[32m"mt-4 px-4 py-2 bg-red-600 text-white rounded-lg hover:bg-red-700"[31m
        [36m>[31m
          [0mRéessayer[0m
        [36m</button>[31m
      [36m</div>[31m
    [36m</div>[31m
  [36m</div>[31m
[36m</body>[31m

Ignored nodes: comments, script, style
[36m<html>[31m
  [36m<head />[31m
  [36m<body>[31m
    [36m<div>[31m
      [36m<div[31m
        [33mclass[31m=[32m"flex items-center justify-center h-screen bg-gray-50"[31m
      [36m>[31m
        [36m<div[31m
          [33mclass[31m=[32m"text-center text-red-600"[31m
        [36m>[31m
          [36m<svg[31m
            [33mclass[31m=[32m"lucide lucide-xcircle w-16 h-16 mx-auto mb-4"[31m
            [33mfill[31m=[32m"none"[31m
            [33mheight[31m=[32m"24"[31m
            [33mstroke[31m=[32m"currentColor"[31m
            [33mstroke-linecap[31m=[32m"round"[31m
            [33mstroke-linejoin[31m=[32m"round"[31m
            [33mstroke-width[31m=[32m"2"[31m
            [33mviewBox[31m=[32m"0 0 24 24"[31m
            [33mwidth[31m=[32m"24"[31m
            [33mxmlns[31m=[32m"http://www.w3.org/2000/svg"[31m
          [36m>[31m
            [36m<circle[31m
              [33mcx[31m=[32m"12"[31m
              [33mcy[31m=[32m"12"[31m
              [33mr[31m=[32m"10"[31m
            [36m/>[31m
            [36m<path[31m
              [33md[31m=[32m"m15 9-6 6"[31m
            [36m/>[31m
            [36m<path[31m
              [33md[31m=[32m"m9 9 6 6"[31m
            [36m/>[31m
          [36m</svg>[31m
          [36m<p[31m
            [33mclass[31m=[32m"text-xl font-semibold"[31m
          [36m>[31m
            [0mErreur de connexion au serveur[0m
          [36m</p>[31m
          [36m<button[31m
            [33mclass[31m=[32m"mt-4 px-4 py-2 bg-red-600 text-white rounded-lg hover:bg-red-700"[31m
          [36m>[31m
            [0mRéessayer[0m
          [36m</button>[31m
        [36m</div>[31m
      [36m</div>[31m
    [36m</div>[31m
  [36m</body>[31m
[36m</html>[31m[39m
[90m [2m❯[22m Proxy.waitForWrapper node_modules/@testing-library/dom/dist/wait-for.js:[2m163:27[22m[39m
[36m [2m❯[22m src/__tests__/Dashboard.test.jsx:[2m248:13[22m[39m
    [90m246| [39m      [34mrender[39m([33m<[39m[33mDashboard[39m [33m/[39m[33m>[39m)[33m;[39m
    [90m247| [39m
    [90m248| [39m      [35mawait[39m [34mwaitFor[39m(() [33m=>[39m {
    [90m   | [39m            [31m^[39m
    [90m249| [39m        [34mexpect[39m(screen[33m.[39m[34mgetByText[39m([36m/Erreur lors de la récupération des ti[39m…
    [90m250| [39m      })[33m;[39m

[31m[2m⎯⎯⎯⎯⎯⎯⎯⎯⎯⎯⎯⎯⎯⎯⎯⎯⎯⎯⎯⎯⎯⎯[34/61]⎯[22m[39m

[31m[1m[7m FAIL [27m[22m[39m src/__tests__/Dashboard.test.jsx[2m > [22mDashboard[2m > [22mError Handling[2m > [22mshould retry fetching tickets when retry button clicked
[31m[1mTestingLibraryElementError[22m: Unable to find an element with the text: /Tableau de Bord SAV/i. This could be because the text is broken up by multiple elements. In this case, you can provide a function for your text matcher to make your matcher more flexible.

Ignored nodes: comments, script, style
[36m<body>[31m
  [36m<div>[31m
    [36m<div[31m
      [33mclass[31m=[32m"flex items-center justify-center h-screen bg-gray-50"[31m
    [36m>[31m
      [36m<div[31m
        [33mclass[31m=[32m"text-center text-red-600"[31m
      [36m>[31m
        [36m<svg[31m
          [33mclass[31m=[32m"lucide lucide-xcircle w-16 h-16 mx-auto mb-4"[31m
          [33mfill[31m=[32m"none"[31m
          [33mheight[31m=[32m"24"[31m
          [33mstroke[31m=[32m"currentColor"[31m
          [33mstroke-linecap[31m=[32m"round"[31m
          [33mstroke-linejoin[31m=[32m"round"[31m
          [33mstroke-width[31m=[32m"2"[31m
          [33mviewBox[31m=[32m"0 0 24 24"[31m
          [33mwidth[31m=[32m"24"[31m
          [33mxmlns[31m=[32m"http://www.w3.org/2000/svg"[31m
        [36m>[31m
          [36m<circle[31m
            [33mcx[31m=[32m"12"[31m
            [33mcy[31m=[32m"12"[31m
            [33mr[31m=[32m"10"[31m
          [36m/>[31m
          [36m<path[31m
            [33md[31m=[32m"m15 9-6 6"[31m
          [36m/>[31m
          [36m<path[31m
            [33md[31m=[32m"m9 9 6 6"[31m
          [36m/>[31m
        [36m</svg>[31m
        [36m<p[31m
          [33mclass[31m=[32m"text-xl font-semibold"[31m
        [36m>[31m
          [0mErreur de connexion au serveur[0m
        [36m</p>[31m
        [36m<button[31m
          [33mclass[31m=[32m"mt-4 px-4 py-2 bg-red-600 text-white rounded-lg hover:bg-red-700"[31m
        [36m>[31m
          [0mRéessayer[0m
        [36m</button>[31m
      [36m</div>[31m
    [36m</div>[31m
  [36m</div>[31m
[36m</body>[31m

Ignored nodes: comments, script, style
[36m<html>[31m
  [36m<head />[31m
  [36m<body>[31m
    [36m<div>[31m
      [36m<div[31m
        [33mclass[31m=[32m"flex items-center justify-center h-screen bg-gray-50"[31m
      [36m>[31m
        [36m<div[31m
          [33mclass[31m=[32m"text-center text-red-600"[31m
        [36m>[31m
          [36m<svg[31m
            [33mclass[31m=[32m"lucide lucide-xcircle w-16 h-16 mx-auto mb-4"[31m
            [33mfill[31m=[32m"none"[31m
            [33mheight[31m=[32m"24"[31m
            [33mstroke[31m=[32m"currentColor"[31m
            [33mstroke-linecap[31m=[32m"round"[31m
            [33mstroke-linejoin[31m=[32m"round"[31m
            [33mstroke-width[31m=[32m"2"[31m
            [33mviewBox[31m=[32m"0 0 24 24"[31m
            [33mwidth[31m=[32m"24"[31m
            [33mxmlns[31m=[32m"http://www.w3.org/2000/svg"[31m
          [36m>[31m
            [36m<circle[31m
              [33mcx[31m=[32m"12"[31m
              [33mcy[31m=[32m"12"[31m
              [33mr[31m=[32m"10"[31m
            [36m/>[31m
            [36m<path[31m
              [33md[31m=[32m"m15 9-6 6"[31m
            [36m/>[31m
            [36m<path[31m
              [33md[31m=[32m"m9 9 6 6"[31m
            [36m/>[31m
          [36m</svg>[31m
          [36m<p[31m
            [33mclass[31m=[32m"text-xl font-semibold"[31m
          [36m>[31m
            [0mErreur de connexion au serveur[0m
          [36m</p>[31m
          [36m<button[31m
            [33mclass[31m=[32m"mt-4 px-4 py-2 bg-red-600 text-white rounded-lg hover:bg-red-700"[31m
          [36m>[31m
            [0mRéessayer[0m
          [36m</button>[31m
        [36m</div>[31m
      [36m</div>[31m
    [36m</div>[31m
  [36m</body>[31m
[36m</html>[31m[39m
[90m [2m❯[22m Proxy.waitForWrapper node_modules/@testing-library/dom/dist/wait-for.js:[2m163:27[22m[39m
[36m [2m❯[22m src/__tests__/Dashboard.test.jsx:[2m276:13[22m[39m
    [90m274| [39m      [35mawait[39m user[33m.[39m[34mclick[39m(retryButton)[33m;[39m
    [90m275| [39m
    [90m276| [39m      [35mawait[39m [34mwaitFor[39m(() [33m=>[39m {
    [90m   | [39m            [31m^[39m
    [90m277| [39m        [34mexpect[39m(screen[33m.[39m[34mgetByText[39m([36m/Tableau de Bord SAV/i[39m))[33m.[39m[34mtoBeInTheDocu[39m…
    [90m278| [39m      })[33m;[39m

[31m[2m⎯⎯⎯⎯⎯⎯⎯⎯⎯⎯⎯⎯⎯⎯⎯⎯⎯⎯⎯⎯⎯⎯[35/61]⎯[22m[39m

[31m[1m[7m FAIL [27m[22m[39m src/__tests__/Dashboard.test.jsx[2m > [22mDashboard[2m > [22mTicket Actions[2m > [22mshould handle dossier download
[31m[1mTestingLibraryElementError[22m: Unable to find an element with the text: /Jean Dupont/i. This could be because the text is broken up by multiple elements. In this case, you can provide a function for your text matcher to make your matcher more flexible.

Ignored nodes: comments, script, style
[36m<body>[31m
  [36m<div>[31m
    [36m<div[31m
      [33mclass[31m=[32m"flex items-center justify-center h-screen bg-gray-50"[31m
    [36m>[31m
      [36m<div[31m
        [33mclass[31m=[32m"text-center text-red-600"[31m
      [36m>[31m
        [36m<svg[31m
          [33mclass[31m=[32m"lucide lucide-xcircle w-16 h-16 mx-auto mb-4"[31m
          [33mfill[31m=[32m"none"[31m
          [33mheight[31m=[32m"24"[31m
          [33mstroke[31m=[32m"currentColor"[31m
          [33mstroke-linecap[31m=[32m"round"[31m
          [33mstroke-linejoin[31m=[32m"round"[31m
          [33mstroke-width[31m=[32m"2"[31m
          [33mviewBox[31m=[32m"0 0 24 24"[31m
          [33mwidth[31m=[32m"24"[31m
          [33mxmlns[31m=[32m"http://www.w3.org/2000/svg"[31m
        [36m>[31m
          [36m<circle[31m
            [33mcx[31m=[32m"12"[31m
            [33mcy[31m=[32m"12"[31m
            [33mr[31m=[32m"10"[31m
          [36m/>[31m
          [36m<path[31m
            [33md[31m=[32m"m15 9-6 6"[31m
          [36m/>[31m
          [36m<path[31m
            [33md[31m=[32m"m9 9 6 6"[31m
          [36m/>[31m
        [36m</svg>[31m
        [36m<p[31m
          [33mclass[31m=[32m"text-xl font-semibold"[31m
        [36m>[31m
          [0mErreur de connexion au serveur[0m
        [36m</p>[31m
        [36m<button[31m
          [33mclass[31m=[32m"mt-4 px-4 py-2 bg-red-600 text-white rounded-lg hover:bg-red-700"[31m
        [36m>[31m
          [0mRéessayer[0m
        [36m</button>[31m
      [36m</div>[31m
    [36m</div>[31m
  [36m</div>[31m
[36m</body>[31m

Ignored nodes: comments, script, style
[36m<html>[31m
  [36m<head />[31m
  [36m<body>[31m
    [36m<div>[31m
      [36m<div[31m
        [33mclass[31m=[32m"flex items-center justify-center h-screen bg-gray-50"[31m
      [36m>[31m
        [36m<div[31m
          [33mclass[31m=[32m"text-center text-red-600"[31m
        [36m>[31m
          [36m<svg[31m
            [33mclass[31m=[32m"lucide lucide-xcircle w-16 h-16 mx-auto mb-4"[31m
            [33mfill[31m=[32m"none"[31m
            [33mheight[31m=[32m"24"[31m
            [33mstroke[31m=[32m"currentColor"[31m
            [33mstroke-linecap[31m=[32m"round"[31m
            [33mstroke-linejoin[31m=[32m"round"[31m
            [33mstroke-width[31m=[32m"2"[31m
            [33mviewBox[31m=[32m"0 0 24 24"[31m
            [33mwidth[31m=[32m"24"[31m
            [33mxmlns[31m=[32m"http://www.w3.org/2000/svg"[31m
          [36m>[31m
            [36m<circle[31m
              [33mcx[31m=[32m"12"[31m
              [33mcy[31m=[32m"12"[31m
              [33mr[31m=[32m"10"[31m
            [36m/>[31m
            [36m<path[31m
              [33md[31m=[32m"m15 9-6 6"[31m
            [36m/>[31m
            [36m<path[31m
              [33md[31m=[32m"m9 9 6 6"[31m
            [36m/>[31m
          [36m</svg>[31m
          [36m<p[31m
            [33mclass[31m=[32m"text-xl font-semibold"[31m
          [36m>[31m
            [0mErreur de connexion au serveur[0m
          [36m</p>[31m
          [36m<button[31m
            [33mclass[31m=[32m"mt-4 px-4 py-2 bg-red-600 text-white rounded-lg hover:bg-red-700"[31m
          [36m>[31m
            [0mRéessayer[0m
          [36m</button>[31m
        [36m</div>[31m
      [36m</div>[31m
    [36m</div>[31m
  [36m</body>[31m
[36m</html>[31m[39m
[90m [2m❯[22m Proxy.waitForWrapper node_modules/@testing-library/dom/dist/wait-for.js:[2m163:27[22m[39m
[36m [2m❯[22m src/__tests__/Dashboard.test.jsx:[2m297:13[22m[39m
    [90m295| [39m      [34mrender[39m([33m<[39m[33mDashboard[39m [33m/[39m[33m>[39m)[33m;[39m
    [90m296| [39m
    [90m297| [39m      [35mawait[39m [34mwaitFor[39m(() [33m=>[39m {
    [90m   | [39m            [31m^[39m
    [90m298| [39m        [34mexpect[39m(screen[33m.[39m[34mgetByText[39m([36m/Jean Dupont/i[39m))[33m.[39m[34mtoBeInTheDocument[39m()[33m;[39m
    [90m299| [39m      })[33m;[39m

[31m[2m⎯⎯⎯⎯⎯⎯⎯⎯⎯⎯⎯⎯⎯⎯⎯⎯⎯⎯⎯⎯⎯⎯[36/61]⎯[22m[39m

[31m[1m[7m FAIL [27m[22m[39m src/__tests__/Dashboard.test.jsx[2m > [22mDashboard[2m > [22mPriority Display[2m > [22mshould show priority badges with correct colors
[31m[1mAssertionError[22m: expected 0 to be greater than 0

Ignored nodes: comments, script, style
[36m<html>[31m
  [36m<head />[31m
  [36m<body>[31m
    [36m<div>[31m
      [36m<div[31m
        [33mclass[31m=[32m"flex items-center justify-center h-screen bg-gray-50"[31m
      [36m>[31m
        [36m<div[31m
          [33mclass[31m=[32m"text-center text-red-600"[31m
        [36m>[31m
          [36m<svg[31m
            [33mclass[31m=[32m"lucide lucide-xcircle w-16 h-16 mx-auto mb-4"[31m
            [33mfill[31m=[32m"none"[31m
            [33mheight[31m=[32m"24"[31m
            [33mstroke[31m=[32m"currentColor"[31m
            [33mstroke-linecap[31m=[32m"round"[31m
            [33mstroke-linejoin[31m=[32m"round"[31m
            [33mstroke-width[31m=[32m"2"[31m
            [33mviewBox[31m=[32m"0 0 24 24"[31m
            [33mwidth[31m=[32m"24"[31m
            [33mxmlns[31m=[32m"http://www.w3.org/2000/svg"[31m
          [36m>[31m
            [36m<circle[31m
              [33mcx[31m=[32m"12"[31m
              [33mcy[31m=[32m"12"[31m
              [33mr[31m=[32m"10"[31m
            [36m/>[31m
            [36m<path[31m
              [33md[31m=[32m"m15 9-6 6"[31m
            [36m/>[31m
            [36m<path[31m
              [33md[31m=[32m"m9 9 6 6"[31m
            [36m/>[31m
          [36m</svg>[31m
          [36m<p[31m
            [33mclass[31m=[32m"text-xl font-semibold"[31m
          [36m>[31m
            [0mErreur de connexion au serveur[0m
          [36m</p>[31m
          [36m<button[31m
            [33mclass[31m=[32m"mt-4 px-4 py-2 bg-red-600 text-white rounded-lg hover:bg-red-700"[31m
          [36m>[31m
            [0mRéessayer[0m
          [36m</button>[31m
        [36m</div>[31m
      [36m</div>[31m
    [36m</div>[31m
  [36m</body>[31m
[36m</html>[31m[39m
[36m [2m❯[22m src/__tests__/Dashboard.test.jsx:[2m325:39[22m[39m
    [90m323| [39m      [35mawait[39m [34mwaitFor[39m(() [33m=>[39m {
    [90m324| [39m        [35mconst[39m priorityBadges [33m=[39m screen[33m.[39m[34mqueryAllByText[39m([36m/P0|P1|P2|P3/[39m)[33m;[39m
    [90m325| [39m        [34mexpect[39m(priorityBadges[33m.[39mlength)[33m.[39m[34mtoBeGreaterThan[39m([34m0[39m)[33m;[39m
    [90m   | [39m                                      [31m^[39m
    [90m326| [39m      })[33m;[39m
    [90m327| [39m    })[33m;[39m
[90m [2m❯[22m runWithExpensiveErrorDiagnosticsDisabled node_modules/@testing-library/dom/dist/config.js:[2m47:12[22m[39m
[90m [2m❯[22m checkCallback node_modules/@testing-library/dom/dist/wait-for.js:[2m124:77[22m[39m
[90m [2m❯[22m Timeout.checkRealTimersCallback node_modules/@testing-library/dom/dist/wait-for.js:[2m118:16[22m[39m

[31m[2m⎯⎯⎯⎯⎯⎯⎯⎯⎯⎯⎯⎯⎯⎯⎯⎯⎯⎯⎯⎯⎯⎯[37/61]⎯[22m[39m

[31m[1m[7m FAIL [27m[22m[39m src/__tests__/Dashboard.test.jsx[2m > [22mDashboard[2m > [22mStatus Display[2m > [22mshould display status labels correctly
[31m[1mAssertionError[22m: expected 0 to be greater than 0

Ignored nodes: comments, script, style
[36m<html>[31m
  [36m<head />[31m
  [36m<body>[31m
    [36m<div>[31m
      [36m<div[31m
        [33mclass[31m=[32m"flex items-center justify-center h-screen bg-gray-50"[31m
      [36m>[31m
        [36m<div[31m
          [33mclass[31m=[32m"text-center text-red-600"[31m
        [36m>[31m
          [36m<svg[31m
            [33mclass[31m=[32m"lucide lucide-xcircle w-16 h-16 mx-auto mb-4"[31m
            [33mfill[31m=[32m"none"[31m
            [33mheight[31m=[32m"24"[31m
            [33mstroke[31m=[32m"currentColor"[31m
            [33mstroke-linecap[31m=[32m"round"[31m
            [33mstroke-linejoin[31m=[32m"round"[31m
            [33mstroke-width[31m=[32m"2"[31m
            [33mviewBox[31m=[32m"0 0 24 24"[31m
            [33mwidth[31m=[32m"24"[31m
            [33mxmlns[31m=[32m"http://www.w3.org/2000/svg"[31m
          [36m>[31m
            [36m<circle[31m
              [33mcx[31m=[32m"12"[31m
              [33mcy[31m=[32m"12"[31m
              [33mr[31m=[32m"10"[31m
            [36m/>[31m
            [36m<path[31m
              [33md[31m=[32m"m15 9-6 6"[31m
            [36m/>[31m
            [36m<path[31m
              [33md[31m=[32m"m9 9 6 6"[31m
            [36m/>[31m
          [36m</svg>[31m
          [36m<p[31m
            [33mclass[31m=[32m"text-xl font-semibold"[31m
          [36m>[31m
            [0mErreur de connexion au serveur[0m
          [36m</p>[31m
          [36m<button[31m
            [33mclass[31m=[32m"mt-4 px-4 py-2 bg-red-600 text-white rounded-lg hover:bg-red-700"[31m
          [36m>[31m
            [0mRéessayer[0m
          [36m</button>[31m
        [36m</div>[31m
      [36m</div>[31m
    [36m</div>[31m
  [36m</body>[31m
[36m</html>[31m[39m
[36m [2m❯[22m src/__tests__/Dashboard.test.jsx:[2m349:39[22m[39m
    [90m347| [39m        [90m// Look for status labels[39m
    [90m348| [39m        [35mconst[39m statusElements [33m=[39m screen[33m.[39m[34mqueryAllByText[39m([36m/nouveau|en_cours[39m…
    [90m349| [39m        [34mexpect[39m(statusElements[33m.[39mlength)[33m.[39m[34mtoBeGreaterThan[39m([34m0[39m)[33m;[39m
    [90m   | [39m                                      [31m^[39m
    [90m350| [39m      })[33m;[39m
    [90m351| [39m    })[33m;[39m
[90m [2m❯[22m runWithExpensiveErrorDiagnosticsDisabled node_modules/@testing-library/dom/dist/config.js:[2m47:12[22m[39m
[90m [2m❯[22m checkCallback node_modules/@testing-library/dom/dist/wait-for.js:[2m124:77[22m[39m
[90m [2m❯[22m Timeout.checkRealTimersCallback node_modules/@testing-library/dom/dist/wait-for.js:[2m118:16[22m[39m

[31m[2m⎯⎯⎯⎯⎯⎯⎯⎯⎯⎯⎯⎯⎯⎯⎯⎯⎯⎯⎯⎯⎯⎯[38/61]⎯[22m[39m

[31m[1m[7m FAIL [27m[22m[39m src/__tests__/Dashboard.test.jsx[2m > [22mDashboard[2m > [22mStatus Display[2m > [22mshould show status icons
[31m[1mTestingLibraryElementError[22m: Unable to find role="table"

Ignored nodes: comments, script, style
[36m<body>[31m
  [36m<div>[31m
    [36m<div[31m
      [33mclass[31m=[32m"flex items-center justify-center h-screen bg-gray-50"[31m
    [36m>[31m
      [36m<div[31m
        [33mclass[31m=[32m"text-center text-red-600"[31m
      [36m>[31m
        [36m<svg[31m
          [33mclass[31m=[32m"lucide lucide-xcircle w-16 h-16 mx-auto mb-4"[31m
          [33mfill[31m=[32m"none"[31m
          [33mheight[31m=[32m"24"[31m
          [33mstroke[31m=[32m"currentColor"[31m
          [33mstroke-linecap[31m=[32m"round"[31m
          [33mstroke-linejoin[31m=[32m"round"[31m
          [33mstroke-width[31m=[32m"2"[31m
          [33mviewBox[31m=[32m"0 0 24 24"[31m
          [33mwidth[31m=[32m"24"[31m
          [33mxmlns[31m=[32m"http://www.w3.org/2000/svg"[31m
        [36m>[31m
          [36m<circle[31m
            [33mcx[31m=[32m"12"[31m
            [33mcy[31m=[32m"12"[31m
            [33mr[31m=[32m"10"[31m
          [36m/>[31m
          [36m<path[31m
            [33md[31m=[32m"m15 9-6 6"[31m
          [36m/>[31m
          [36m<path[31m
            [33md[31m=[32m"m9 9 6 6"[31m
          [36m/>[31m
        [36m</svg>[31m
        [36m<p[31m
          [33mclass[31m=[32m"text-xl font-semibold"[31m
        [36m>[31m
          [0mErreur de connexion au serveur[0m
        [36m</p>[31m
        [36m<button[31m
          [33mclass[31m=[32m"mt-4 px-4 py-2 bg-red-600 text-white rounded-lg hover:bg-red-700"[31m
        [36m>[31m
          [0mRéessayer[0m
        [36m</button>[31m
      [36m</div>[31m
    [36m</div>[31m
  [36m</div>[31m
[36m</body>[31m

Ignored nodes: comments, script, style
[36m<html>[31m
  [36m<head />[31m
  [36m<body>[31m
    [36m<div>[31m
      [36m<div[31m
        [33mclass[31m=[32m"flex items-center justify-center h-screen bg-gray-50"[31m
      [36m>[31m
        [36m<div[31m
          [33mclass[31m=[32m"text-center text-red-600"[31m
        [36m>[31m
          [36m<svg[31m
            [33mclass[31m=[32m"lucide lucide-xcircle w-16 h-16 mx-auto mb-4"[31m
            [33mfill[31m=[32m"none"[31m
            [33mheight[31m=[32m"24"[31m
            [33mstroke[31m=[32m"currentColor"[31m
            [33mstroke-linecap[31m=[32m"round"[31m
            [33mstroke-linejoin[31m=[32m"round"[31m
            [33mstroke-width[31m=[32m"2"[31m
            [33mviewBox[31m=[32m"0 0 24 24"[31m
            [33mwidth[31m=[32m"24"[31m
            [33mxmlns[31m=[32m"http://www.w3.org/2000/svg"[31m
          [36m>[31m
            [36m<circle[31m
              [33mcx[31m=[32m"12"[31m
              [33mcy[31m=[32m"12"[31m
              [33mr[31m=[32m"10"[31m
            [36m/>[31m
            [36m<path[31m
              [33md[31m=[32m"m15 9-6 6"[31m
            [36m/>[31m
            [36m<path[31m
              [33md[31m=[32m"m9 9 6 6"[31m
            [36m/>[31m
          [36m</svg>[31m
          [36m<p[31m
            [33mclass[31m=[32m"text-xl font-semibold"[31m
          [36m>[31m
            [0mErreur de connexion au serveur[0m
          [36m</p>[31m
          [36m<button[31m
            [33mclass[31m=[32m"mt-4 px-4 py-2 bg-red-600 text-white rounded-lg hover:bg-red-700"[31m
          [36m>[31m
            [0mRéessayer[0m
          [36m</button>[31m
        [36m</div>[31m
      [36m</div>[31m
    [36m</div>[31m
  [36m</body>[31m
[36m</html>[31m[39m
[90m [2m❯[22m Proxy.waitForWrapper node_modules/@testing-library/dom/dist/wait-for.js:[2m163:27[22m[39m
[36m [2m❯[22m src/__tests__/Dashboard.test.jsx:[2m356:13[22m[39m
    [90m354| [39m      [34mrender[39m([33m<[39m[33mDashboard[39m [33m/[39m[33m>[39m)[33m;[39m
    [90m355| [39m
    [90m356| [39m      [35mawait[39m [34mwaitFor[39m(() [33m=>[39m {
    [90m   | [39m            [31m^[39m
    [90m357| [39m        [90m// Icons should be rendered (lucide icons)[39m
    [90m358| [39m        [35mconst[39m table [33m=[39m screen[33m.[39m[34mgetByRole[39m([32m'table'[39m)[33m;[39m

[31m[2m⎯⎯⎯⎯⎯⎯⎯⎯⎯⎯⎯⎯⎯⎯⎯⎯⎯⎯⎯⎯⎯⎯[39/61]⎯[22m[39m

[31m[1m[7m FAIL [27m[22m[39m src/__tests__/Dashboard.test.jsx[2m > [22mDashboard[2m > [22mDate Display[2m > [22mshould display creation dates for tickets
[31m[1mTestingLibraryElementError[22m: Unable to find an element with the text: /Date/i. This could be because the text is broken up by multiple elements. In this case, you can provide a function for your text matcher to make your matcher more flexible.

Ignored nodes: comments, script, style
[36m<body>[31m
  [36m<div>[31m
    [36m<div[31m
      [33mclass[31m=[32m"flex items-center justify-center h-screen bg-gray-50"[31m
    [36m>[31m
      [36m<div[31m
        [33mclass[31m=[32m"text-center text-red-600"[31m
      [36m>[31m
        [36m<svg[31m
          [33mclass[31m=[32m"lucide lucide-xcircle w-16 h-16 mx-auto mb-4"[31m
          [33mfill[31m=[32m"none"[31m
          [33mheight[31m=[32m"24"[31m
          [33mstroke[31m=[32m"currentColor"[31m
          [33mstroke-linecap[31m=[32m"round"[31m
          [33mstroke-linejoin[31m=[32m"round"[31m
          [33mstroke-width[31m=[32m"2"[31m
          [33mviewBox[31m=[32m"0 0 24 24"[31m
          [33mwidth[31m=[32m"24"[31m
          [33mxmlns[31m=[32m"http://www.w3.org/2000/svg"[31m
        [36m>[31m
          [36m<circle[31m
            [33mcx[31m=[32m"12"[31m
            [33mcy[31m=[32m"12"[31m
            [33mr[31m=[32m"10"[31m
          [36m/>[31m
          [36m<path[31m
            [33md[31m=[32m"m15 9-6 6"[31m
          [36m/>[31m
          [36m<path[31m
            [33md[31m=[32m"m9 9 6 6"[31m
          [36m/>[31m
        [36m</svg>[31m
        [36m<p[31m
          [33mclass[31m=[32m"text-xl font-semibold"[31m
        [36m>[31m
          [0mErreur de connexion au serveur[0m
        [36m</p>[31m
        [36m<button[31m
          [33mclass[31m=[32m"mt-4 px-4 py-2 bg-red-600 text-white rounded-lg hover:bg-red-700"[31m
        [36m>[31m
          [0mRéessayer[0m
        [36m</button>[31m
      [36m</div>[31m
    [36m</div>[31m
  [36m</div>[31m
[36m</body>[31m

Ignored nodes: comments, script, style
[36m<html>[31m
  [36m<head />[31m
  [36m<body>[31m
    [36m<div>[31m
      [36m<div[31m
        [33mclass[31m=[32m"flex items-center justify-center h-screen bg-gray-50"[31m
      [36m>[31m
        [36m<div[31m
          [33mclass[31m=[32m"text-center text-red-600"[31m
        [36m>[31m
          [36m<svg[31m
            [33mclass[31m=[32m"lucide lucide-xcircle w-16 h-16 mx-auto mb-4"[31m
            [33mfill[31m=[32m"none"[31m
            [33mheight[31m=[32m"24"[31m
            [33mstroke[31m=[32m"currentColor"[31m
            [33mstroke-linecap[31m=[32m"round"[31m
            [33mstroke-linejoin[31m=[32m"round"[31m
            [33mstroke-width[31m=[32m"2"[31m
            [33mviewBox[31m=[32m"0 0 24 24"[31m
            [33mwidth[31m=[32m"24"[31m
            [33mxmlns[31m=[32m"http://www.w3.org/2000/svg"[31m
          [36m>[31m
            [36m<circle[31m
              [33mcx[31m=[32m"12"[31m
              [33mcy[31m=[32m"12"[31m
              [33mr[31m=[32m"10"[31m
            [36m/>[31m
            [36m<path[31m
              [33md[31m=[32m"m15 9-6 6"[31m
            [36m/>[31m
            [36m<path[31m
              [33md[31m=[32m"m9 9 6 6"[31m
            [36m/>[31m
          [36m</svg>[31m
          [36m<p[31m
            [33mclass[31m=[32m"text-xl font-semibold"[31m
          [36m>[31m
            [0mErreur de connexion au serveur[0m
          [36m</p>[31m
          [36m<button[31m
            [33mclass[31m=[32m"mt-4 px-4 py-2 bg-red-600 text-white rounded-lg hover:bg-red-700"[31m
          [36m>[31m
            [0mRéessayer[0m
          [36m</button>[31m
        [36m</div>[31m
      [36m</div>[31m
    [36m</div>[31m
  [36m</body>[31m
[36m</html>[31m[39m
[90m [2m❯[22m Proxy.waitForWrapper node_modules/@testing-library/dom/dist/wait-for.js:[2m163:27[22m[39m
[36m [2m❯[22m src/__tests__/Dashboard.test.jsx:[2m368:13[22m[39m
    [90m366| [39m      [34mrender[39m([33m<[39m[33mDashboard[39m [33m/[39m[33m>[39m)[33m;[39m
    [90m367| [39m
    [90m368| [39m      [35mawait[39m [34mwaitFor[39m(() [33m=>[39m {
    [90m   | [39m            [31m^[39m
    [90m369| [39m        [90m// Look for date column[39m
    [90m370| [39m        [35mconst[39m dateHeader [33m=[39m screen[33m.[39m[34mgetByText[39m([36m/Date/i[39m)[33m;[39m

[31m[2m⎯⎯⎯⎯⎯⎯⎯⎯⎯⎯⎯⎯⎯⎯⎯⎯⎯⎯⎯⎯⎯⎯[40/61]⎯[22m[39m

[31m[1m[7m FAIL [27m[22m[39m src/__tests__/Dashboard.test.jsx[2m > [22mDashboard[2m > [22mDate Display[2m > [22mshould format dates correctly
[31m[1mTestingLibraryElementError[22m: Unable to find role="table"

Ignored nodes: comments, script, style
[36m<body>[31m
  [36m<div>[31m
    [36m<div[31m
      [33mclass[31m=[32m"flex items-center justify-center h-screen bg-gray-50"[31m
    [36m>[31m
      [36m<div[31m
        [33mclass[31m=[32m"text-center text-red-600"[31m
      [36m>[31m
        [36m<svg[31m
          [33mclass[31m=[32m"lucide lucide-xcircle w-16 h-16 mx-auto mb-4"[31m
          [33mfill[31m=[32m"none"[31m
          [33mheight[31m=[32m"24"[31m
          [33mstroke[31m=[32m"currentColor"[31m
          [33mstroke-linecap[31m=[32m"round"[31m
          [33mstroke-linejoin[31m=[32m"round"[31m
          [33mstroke-width[31m=[32m"2"[31m
          [33mviewBox[31m=[32m"0 0 24 24"[31m
          [33mwidth[31m=[32m"24"[31m
          [33mxmlns[31m=[32m"http://www.w3.org/2000/svg"[31m
        [36m>[31m
          [36m<circle[31m
            [33mcx[31m=[32m"12"[31m
            [33mcy[31m=[32m"12"[31m
            [33mr[31m=[32m"10"[31m
          [36m/>[31m
          [36m<path[31m
            [33md[31m=[32m"m15 9-6 6"[31m
          [36m/>[31m
          [36m<path[31m
            [33md[31m=[32m"m9 9 6 6"[31m
          [36m/>[31m
        [36m</svg>[31m
        [36m<p[31m
          [33mclass[31m=[32m"text-xl font-semibold"[31m
        [36m>[31m
          [0mErreur de connexion au serveur[0m
        [36m</p>[31m
        [36m<button[31m
          [33mclass[31m=[32m"mt-4 px-4 py-2 bg-red-600 text-white rounded-lg hover:bg-red-700"[31m
        [36m>[31m
          [0mRéessayer[0m
        [36m</button>[31m
      [36m</div>[31m
    [36m</div>[31m
  [36m</div>[31m
[36m</body>[31m

Ignored nodes: comments, script, style
[36m<html>[31m
  [36m<head />[31m
  [36m<body>[31m
    [36m<div>[31m
      [36m<div[31m
        [33mclass[31m=[32m"flex items-center justify-center h-screen bg-gray-50"[31m
      [36m>[31m
        [36m<div[31m
          [33mclass[31m=[32m"text-center text-red-600"[31m
        [36m>[31m
          [36m<svg[31m
            [33mclass[31m=[32m"lucide lucide-xcircle w-16 h-16 mx-auto mb-4"[31m
            [33mfill[31m=[32m"none"[31m
            [33mheight[31m=[32m"24"[31m
            [33mstroke[31m=[32m"currentColor"[31m
            [33mstroke-linecap[31m=[32m"round"[31m
            [33mstroke-linejoin[31m=[32m"round"[31m
            [33mstroke-width[31m=[32m"2"[31m
            [33mviewBox[31m=[32m"0 0 24 24"[31m
            [33mwidth[31m=[32m"24"[31m
            [33mxmlns[31m=[32m"http://www.w3.org/2000/svg"[31m
          [36m>[31m
            [36m<circle[31m
              [33mcx[31m=[32m"12"[31m
              [33mcy[31m=[32m"12"[31m
              [33mr[31m=[32m"10"[31m
            [36m/>[31m
            [36m<path[31m
              [33md[31m=[32m"m15 9-6 6"[31m
            [36m/>[31m
            [36m<path[31m
              [33md[31m=[32m"m9 9 6 6"[31m
            [36m/>[31m
          [36m</svg>[31m
          [36m<p[31m
            [33mclass[31m=[32m"text-xl font-semibold"[31m
          [36m>[31m
            [0mErreur de connexion au serveur[0m
          [36m</p>[31m
          [36m<button[31m
            [33mclass[31m=[32m"mt-4 px-4 py-2 bg-red-600 text-white rounded-lg hover:bg-red-700"[31m
          [36m>[31m
            [0mRéessayer[0m
          [36m</button>[31m
        [36m</div>[31m
      [36m</div>[31m
    [36m</div>[31m
  [36m</body>[31m
[36m</html>[31m[39m
[90m [2m❯[22m Proxy.waitForWrapper node_modules/@testing-library/dom/dist/wait-for.js:[2m163:27[22m[39m
[36m [2m❯[22m src/__tests__/Dashboard.test.jsx:[2m378:13[22m[39m
    [90m376| [39m      [34mrender[39m([33m<[39m[33mDashboard[39m [33m/[39m[33m>[39m)[33m;[39m
    [90m377| [39m
    [90m378| [39m      [35mawait[39m [34mwaitFor[39m(() [33m=>[39m {
    [90m   | [39m            [31m^[39m
    [90m379| [39m        [90m// Dates should be present in some format[39m
    [90m380| [39m        [35mconst[39m table [33m=[39m screen[33m.[39m[34mgetByRole[39m([32m'table'[39m)[33m;[39m

[31m[2m⎯⎯⎯⎯⎯⎯⎯⎯⎯⎯⎯⎯⎯⎯⎯⎯⎯⎯⎯⎯⎯⎯[41/61]⎯[22m[39m

[31m[1m[7m FAIL [27m[22m[39m src/__tests__/Dashboard.test.jsx[2m > [22mDashboard[2m > [22mResponsive Layout[2m > [22mshould render statistics grid
[31m[1mTestingLibraryElementError[22m: Unable to find an element with the text: /Total Tickets/i. This could be because the text is broken up by multiple elements. In this case, you can provide a function for your text matcher to make your matcher more flexible.

Ignored nodes: comments, script, style
[36m<body>[31m
  [36m<div>[31m
    [36m<div[31m
      [33mclass[31m=[32m"flex items-center justify-center h-screen bg-gray-50"[31m
    [36m>[31m
      [36m<div[31m
        [33mclass[31m=[32m"text-center text-red-600"[31m
      [36m>[31m
        [36m<svg[31m
          [33mclass[31m=[32m"lucide lucide-xcircle w-16 h-16 mx-auto mb-4"[31m
          [33mfill[31m=[32m"none"[31m
          [33mheight[31m=[32m"24"[31m
          [33mstroke[31m=[32m"currentColor"[31m
          [33mstroke-linecap[31m=[32m"round"[31m
          [33mstroke-linejoin[31m=[32m"round"[31m
          [33mstroke-width[31m=[32m"2"[31m
          [33mviewBox[31m=[32m"0 0 24 24"[31m
          [33mwidth[31m=[32m"24"[31m
          [33mxmlns[31m=[32m"http://www.w3.org/2000/svg"[31m
        [36m>[31m
          [36m<circle[31m
            [33mcx[31m=[32m"12"[31m
            [33mcy[31m=[32m"12"[31m
            [33mr[31m=[32m"10"[31m
          [36m/>[31m
          [36m<path[31m
            [33md[31m=[32m"m15 9-6 6"[31m
          [36m/>[31m
          [36m<path[31m
            [33md[31m=[32m"m9 9 6 6"[31m
          [36m/>[31m
        [36m</svg>[31m
        [36m<p[31m
          [33mclass[31m=[32m"text-xl font-semibold"[31m
        [36m>[31m
          [0mErreur de connexion au serveur[0m
        [36m</p>[31m
        [36m<button[31m
          [33mclass[31m=[32m"mt-4 px-4 py-2 bg-red-600 text-white rounded-lg hover:bg-red-700"[31m
        [36m>[31m
          [0mRéessayer[0m
        [36m</button>[31m
      [36m</div>[31m
    [36m</div>[31m
  [36m</div>[31m
[36m</body>[31m

Ignored nodes: comments, script, style
[36m<html>[31m
  [36m<head />[31m
  [36m<body>[31m
    [36m<div>[31m
      [36m<div[31m
        [33mclass[31m=[32m"flex items-center justify-center h-screen bg-gray-50"[31m
      [36m>[31m
        [36m<div[31m
          [33mclass[31m=[32m"text-center text-red-600"[31m
        [36m>[31m
          [36m<svg[31m
            [33mclass[31m=[32m"lucide lucide-xcircle w-16 h-16 mx-auto mb-4"[31m
            [33mfill[31m=[32m"none"[31m
            [33mheight[31m=[32m"24"[31m
            [33mstroke[31m=[32m"currentColor"[31m
            [33mstroke-linecap[31m=[32m"round"[31m
            [33mstroke-linejoin[31m=[32m"round"[31m
            [33mstroke-width[31m=[32m"2"[31m
            [33mviewBox[31m=[32m"0 0 24 24"[31m
            [33mwidth[31m=[32m"24"[31m
            [33mxmlns[31m=[32m"http://www.w3.org/2000/svg"[31m
          [36m>[31m
            [36m<circle[31m
              [33mcx[31m=[32m"12"[31m
              [33mcy[31m=[32m"12"[31m
              [33mr[31m=[32m"10"[31m
            [36m/>[31m
            [36m<path[31m
              [33md[31m=[32m"m15 9-6 6"[31m
            [36m/>[31m
            [36m<path[31m
              [33md[31m=[32m"m9 9 6 6"[31m
            [36m/>[31m
          [36m</svg>[31m
          [36m<p[31m
            [33mclass[31m=[32m"text-xl font-semibold"[31m
          [36m>[31m
            [0mErreur de connexion au serveur[0m
          [36m</p>[31m
          [36m<button[31m
            [33mclass[31m=[32m"mt-4 px-4 py-2 bg-red-600 text-white rounded-lg hover:bg-red-700"[31m
          [36m>[31m
            [0mRéessayer[0m
          [36m</button>[31m
        [36m</div>[31m
      [36m</div>[31m
    [36m</div>[31m
  [36m</body>[31m
[36m</html>[31m[39m
[90m [2m❯[22m Proxy.waitForWrapper node_modules/@testing-library/dom/dist/wait-for.js:[2m163:27[22m[39m
[36m [2m❯[22m src/__tests__/Dashboard.test.jsx:[2m390:13[22m[39m
    [90m388| [39m      [34mrender[39m([33m<[39m[33mDashboard[39m [33m/[39m[33m>[39m)[33m;[39m
    [90m389| [39m
    [90m390| [39m      [35mawait[39m [34mwaitFor[39m(() [33m=>[39m {
    [90m   | [39m            [31m^[39m
    [90m391| [39m        [34mexpect[39m(screen[33m.[39m[34mgetByText[39m([36m/Total Tickets/i[39m))[33m.[39m[34mtoBeInTheDocument[39m()[33m;[39m
    [90m392| [39m        [34mexpect[39m(screen[33m.[39m[34mgetByText[39m([36m/Critiques \(P0\)/i[39m))[33m.[39m[34mtoBeInTheDocumen[39m…

[31m[2m⎯⎯⎯⎯⎯⎯⎯⎯⎯⎯⎯⎯⎯⎯⎯⎯⎯⎯⎯⎯⎯⎯[42/61]⎯[22m[39m

[31m[1m[7m FAIL [27m[22m[39m src/__tests__/Dashboard.test.jsx[2m > [22mDashboard[2m > [22mResponsive Layout[2m > [22mshould render filters section
[31m[1mTestingLibraryElementError[22m: Unable to find a label with the text of: /Priorité:/i

Ignored nodes: comments, script, style
[36m<body>[31m
  [36m<div>[31m
    [36m<div[31m
      [33mclass[31m=[32m"flex items-center justify-center h-screen bg-gray-50"[31m
    [36m>[31m
      [36m<div[31m
        [33mclass[31m=[32m"text-center text-red-600"[31m
      [36m>[31m
        [36m<svg[31m
          [33mclass[31m=[32m"lucide lucide-xcircle w-16 h-16 mx-auto mb-4"[31m
          [33mfill[31m=[32m"none"[31m
          [33mheight[31m=[32m"24"[31m
          [33mstroke[31m=[32m"currentColor"[31m
          [33mstroke-linecap[31m=[32m"round"[31m
          [33mstroke-linejoin[31m=[32m"round"[31m
          [33mstroke-width[31m=[32m"2"[31m
          [33mviewBox[31m=[32m"0 0 24 24"[31m
          [33mwidth[31m=[32m"24"[31m
          [33mxmlns[31m=[32m"http://www.w3.org/2000/svg"[31m
        [36m>[31m
          [36m<circle[31m
            [33mcx[31m=[32m"12"[31m
            [33mcy[31m=[32m"12"[31m
            [33mr[31m=[32m"10"[31m
          [36m/>[31m
          [36m<path[31m
            [33md[31m=[32m"m15 9-6 6"[31m
          [36m/>[31m
          [36m<path[31m
            [33md[31m=[32m"m9 9 6 6"[31m
          [36m/>[31m
        [36m</svg>[31m
        [36m<p[31m
          [33mclass[31m=[32m"text-xl font-semibold"[31m
        [36m>[31m
          [0mErreur de connexion au serveur[0m
        [36m</p>[31m
        [36m<button[31m
          [33mclass[31m=[32m"mt-4 px-4 py-2 bg-red-600 text-white rounded-lg hover:bg-red-700"[31m
        [36m>[31m
          [0mRéessayer[0m
        [36m</button>[31m
      [36m</div>[31m
    [36m</div>[31m
  [36m</div>[31m
[36m</body>[31m

Ignored nodes: comments, script, style
[36m<html>[31m
  [36m<head />[31m
  [36m<body>[31m
    [36m<div>[31m
      [36m<div[31m
        [33mclass[31m=[32m"flex items-center justify-center h-screen bg-gray-50"[31m
      [36m>[31m
        [36m<div[31m
          [33mclass[31m=[32m"text-center text-red-600"[31m
        [36m>[31m
          [36m<svg[31m
            [33mclass[31m=[32m"lucide lucide-xcircle w-16 h-16 mx-auto mb-4"[31m
            [33mfill[31m=[32m"none"[31m
            [33mheight[31m=[32m"24"[31m
            [33mstroke[31m=[32m"currentColor"[31m
            [33mstroke-linecap[31m=[32m"round"[31m
            [33mstroke-linejoin[31m=[32m"round"[31m
            [33mstroke-width[31m=[32m"2"[31m
            [33mviewBox[31m=[32m"0 0 24 24"[31m
            [33mwidth[31m=[32m"24"[31m
            [33mxmlns[31m=[32m"http://www.w3.org/2000/svg"[31m
          [36m>[31m
            [36m<circle[31m
              [33mcx[31m=[32m"12"[31m
              [33mcy[31m=[32m"12"[31m
              [33mr[31m=[32m"10"[31m
            [36m/>[31m
            [36m<path[31m
              [33md[31m=[32m"m15 9-6 6"[31m
            [36m/>[31m
            [36m<path[31m
              [33md[31m=[32m"m9 9 6 6"[31m
            [36m/>[31m
          [36m</svg>[31m
          [36m<p[31m
            [33mclass[31m=[32m"text-xl font-semibold"[31m
          [36m>[31m
            [0mErreur de connexion au serveur[0m
          [36m</p>[31m
          [36m<button[31m
            [33mclass[31m=[32m"mt-4 px-4 py-2 bg-red-600 text-white rounded-lg hover:bg-red-700"[31m
          [36m>[31m
            [0mRéessayer[0m
          [36m</button>[31m
        [36m</div>[31m
      [36m</div>[31m
    [36m</div>[31m
  [36m</body>[31m
[36m</html>[31m[39m
[90m [2m❯[22m Proxy.waitForWrapper node_modules/@testing-library/dom/dist/wait-for.js:[2m163:27[22m[39m
[36m [2m❯[22m src/__tests__/Dashboard.test.jsx:[2m401:13[22m[39m
    [90m399| [39m      [34mrender[39m([33m<[39m[33mDashboard[39m [33m/[39m[33m>[39m)[33m;[39m
    [90m400| [39m
    [90m401| [39m      [35mawait[39m [34mwaitFor[39m(() [33m=>[39m {
    [90m   | [39m            [31m^[39m
    [90m402| [39m        [34mexpect[39m(screen[33m.[39m[34mgetByLabelText[39m([36m/Priorité:/i[39m))[33m.[39m[34mtoBeInTheDocument[39m(…
    [90m403| [39m        [34mexpect[39m(screen[33m.[39m[34mgetByLabelText[39m([36m/Statut:/i[39m))[33m.[39m[34mtoBeInTheDocument[39m()[33m;[39m

[31m[2m⎯⎯⎯⎯⎯⎯⎯⎯⎯⎯⎯⎯⎯⎯⎯⎯⎯⎯⎯⎯⎯⎯[43/61]⎯[22m[39m

[31m[1m[7m FAIL [27m[22m[39m src/__tests__/Dashboard.test.jsx[2m > [22mDashboard[2m > [22mData Integrity[2m > [22mshould display all ticket fields
[31m[1mTestingLibraryElementError[22m: Unable to find an element with the text: /Jean Dupont/i. This could be because the text is broken up by multiple elements. In this case, you can provide a function for your text matcher to make your matcher more flexible.

Ignored nodes: comments, script, style
[36m<body>[31m
  [36m<div>[31m
    [36m<div[31m
      [33mclass[31m=[32m"flex items-center justify-center h-screen bg-gray-50"[31m
    [36m>[31m
      [36m<div[31m
        [33mclass[31m=[32m"text-center text-red-600"[31m
      [36m>[31m
        [36m<svg[31m
          [33mclass[31m=[32m"lucide lucide-xcircle w-16 h-16 mx-auto mb-4"[31m
          [33mfill[31m=[32m"none"[31m
          [33mheight[31m=[32m"24"[31m
          [33mstroke[31m=[32m"currentColor"[31m
          [33mstroke-linecap[31m=[32m"round"[31m
          [33mstroke-linejoin[31m=[32m"round"[31m
          [33mstroke-width[31m=[32m"2"[31m
          [33mviewBox[31m=[32m"0 0 24 24"[31m
          [33mwidth[31m=[32m"24"[31m
          [33mxmlns[31m=[32m"http://www.w3.org/2000/svg"[31m
        [36m>[31m
          [36m<circle[31m
            [33mcx[31m=[32m"12"[31m
            [33mcy[31m=[32m"12"[31m
            [33mr[31m=[32m"10"[31m
          [36m/>[31m
          [36m<path[31m
            [33md[31m=[32m"m15 9-6 6"[31m
          [36m/>[31m
          [36m<path[31m
            [33md[31m=[32m"m9 9 6 6"[31m
          [36m/>[31m
        [36m</svg>[31m
        [36m<p[31m
          [33mclass[31m=[32m"text-xl font-semibold"[31m
        [36m>[31m
          [0mErreur de connexion au serveur[0m
        [36m</p>[31m
        [36m<button[31m
          [33mclass[31m=[32m"mt-4 px-4 py-2 bg-red-600 text-white rounded-lg hover:bg-red-700"[31m
        [36m>[31m
          [0mRéessayer[0m
        [36m</button>[31m
      [36m</div>[31m
    [36m</div>[31m
  [36m</div>[31m
[36m</body>[31m

Ignored nodes: comments, script, style
[36m<html>[31m
  [36m<head />[31m
  [36m<body>[31m
    [36m<div>[31m
      [36m<div[31m
        [33mclass[31m=[32m"flex items-center justify-center h-screen bg-gray-50"[31m
      [36m>[31m
        [36m<div[31m
          [33mclass[31m=[32m"text-center text-red-600"[31m
        [36m>[31m
          [36m<svg[31m
            [33mclass[31m=[32m"lucide lucide-xcircle w-16 h-16 mx-auto mb-4"[31m
            [33mfill[31m=[32m"none"[31m
            [33mheight[31m=[32m"24"[31m
            [33mstroke[31m=[32m"currentColor"[31m
            [33mstroke-linecap[31m=[32m"round"[31m
            [33mstroke-linejoin[31m=[32m"round"[31m
            [33mstroke-width[31m=[32m"2"[31m
            [33mviewBox[31m=[32m"0 0 24 24"[31m
            [33mwidth[31m=[32m"24"[31m
            [33mxmlns[31m=[32m"http://www.w3.org/2000/svg"[31m
          [36m>[31m
            [36m<circle[31m
              [33mcx[31m=[32m"12"[31m
              [33mcy[31m=[32m"12"[31m
              [33mr[31m=[32m"10"[31m
            [36m/>[31m
            [36m<path[31m
              [33md[31m=[32m"m15 9-6 6"[31m
            [36m/>[31m
            [36m<path[31m
              [33md[31m=[32m"m9 9 6 6"[31m
            [36m/>[31m
          [36m</svg>[31m
          [36m<p[31m
            [33mclass[31m=[32m"text-xl font-semibold"[31m
          [36m>[31m
            [0mErreur de connexion au serveur[0m
          [36m</p>[31m
          [36m<button[31m
            [33mclass[31m=[32m"mt-4 px-4 py-2 bg-red-600 text-white rounded-lg hover:bg-red-700"[31m
          [36m>[31m
            [0mRéessayer[0m
          [36m</button>[31m
        [36m</div>[31m
      [36m</div>[31m
    [36m</div>[31m
  [36m</body>[31m
[36m</html>[31m[39m
[90m [2m❯[22m Proxy.waitForWrapper node_modules/@testing-library/dom/dist/wait-for.js:[2m163:27[22m[39m
[36m [2m❯[22m src/__tests__/Dashboard.test.jsx:[2m412:13[22m[39m
    [90m410| [39m      [34mrender[39m([33m<[39m[33mDashboard[39m [33m/[39m[33m>[39m)[33m;[39m
    [90m411| [39m
    [90m412| [39m      [35mawait[39m [34mwaitFor[39m(() [33m=>[39m {
    [90m   | [39m            [31m^[39m
    [90m413| [39m        [90m// Client name[39m
    [90m414| [39m        [34mexpect[39m(screen[33m.[39m[34mgetByText[39m([36m/Jean Dupont/i[39m))[33m.[39m[34mtoBeInTheDocument[39m()[33m;[39m

[31m[2m⎯⎯⎯⎯⎯⎯⎯⎯⎯⎯⎯⎯⎯⎯⎯⎯⎯⎯⎯⎯⎯⎯[44/61]⎯[22m[39m

[31m[1m[7m FAIL [27m[22m[39m src/__tests__/Dashboard.test.jsx[2m > [22mDashboard[2m > [22mData Integrity[2m > [22mshould handle missing ticket data gracefully
[31m[1mTestingLibraryElementError[22m: Unable to find an element with the text: /Tableau de Bord SAV/i. This could be because the text is broken up by multiple elements. In this case, you can provide a function for your text matcher to make your matcher more flexible.

Ignored nodes: comments, script, style
[36m<body>[31m
  [36m<div>[31m
    [36m<div[31m
      [33mclass[31m=[32m"flex items-center justify-center h-screen bg-gray-50"[31m
    [36m>[31m
      [36m<div[31m
        [33mclass[31m=[32m"text-center text-red-600"[31m
      [36m>[31m
        [36m<svg[31m
          [33mclass[31m=[32m"lucide lucide-xcircle w-16 h-16 mx-auto mb-4"[31m
          [33mfill[31m=[32m"none"[31m
          [33mheight[31m=[32m"24"[31m
          [33mstroke[31m=[32m"currentColor"[31m
          [33mstroke-linecap[31m=[32m"round"[31m
          [33mstroke-linejoin[31m=[32m"round"[31m
          [33mstroke-width[31m=[32m"2"[31m
          [33mviewBox[31m=[32m"0 0 24 24"[31m
          [33mwidth[31m=[32m"24"[31m
          [33mxmlns[31m=[32m"http://www.w3.org/2000/svg"[31m
        [36m>[31m
          [36m<circle[31m
            [33mcx[31m=[32m"12"[31m
            [33mcy[31m=[32m"12"[31m
            [33mr[31m=[32m"10"[31m
          [36m/>[31m
          [36m<path[31m
            [33md[31m=[32m"m15 9-6 6"[31m
          [36m/>[31m
          [36m<path[31m
            [33md[31m=[32m"m9 9 6 6"[31m
          [36m/>[31m
        [36m</svg>[31m
        [36m<p[31m
          [33mclass[31m=[32m"text-xl font-semibold"[31m
        [36m>[31m
          [0mErreur de connexion au serveur[0m
        [36m</p>[31m
        [36m<button[31m
          [33mclass[31m=[32m"mt-4 px-4 py-2 bg-red-600 text-white rounded-lg hover:bg-red-700"[31m
        [36m>[31m
          [0mRéessayer[0m
        [36m</button>[31m
      [36m</div>[31m
    [36m</div>[31m
  [36m</div>[31m
[36m</body>[31m

Ignored nodes: comments, script, style
[36m<html>[31m
  [36m<head />[31m
  [36m<body>[31m
    [36m<div>[31m
      [36m<div[31m
        [33mclass[31m=[32m"flex items-center justify-center h-screen bg-gray-50"[31m
      [36m>[31m
        [36m<div[31m
          [33mclass[31m=[32m"text-center text-red-600"[31m
        [36m>[31m
          [36m<svg[31m
            [33mclass[31m=[32m"lucide lucide-xcircle w-16 h-16 mx-auto mb-4"[31m
            [33mfill[31m=[32m"none"[31m
            [33mheight[31m=[32m"24"[31m
            [33mstroke[31m=[32m"currentColor"[31m
            [33mstroke-linecap[31m=[32m"round"[31m
            [33mstroke-linejoin[31m=[32m"round"[31m
            [33mstroke-width[31m=[32m"2"[31m
            [33mviewBox[31m=[32m"0 0 24 24"[31m
            [33mwidth[31m=[32m"24"[31m
            [33mxmlns[31m=[32m"http://www.w3.org/2000/svg"[31m
          [36m>[31m
            [36m<circle[31m
              [33mcx[31m=[32m"12"[31m
              [33mcy[31m=[32m"12"[31m
              [33mr[31m=[32m"10"[31m
            [36m/>[31m
            [36m<path[31m
              [33md[31m=[32m"m15 9-6 6"[31m
            [36m/>[31m
            [36m<path[31m
              [33md[31m=[32m"m9 9 6 6"[31m
            [36m/>[31m
          [36m</svg>[31m
          [36m<p[31m
            [33mclass[31m=[32m"text-xl font-semibold"[31m
          [36m>[31m
            [0mErreur de connexion au serveur[0m
          [36m</p>[31m
          [36m<button[31m
            [33mclass[31m=[32m"mt-4 px-4 py-2 bg-red-600 text-white rounded-lg hover:bg-red-700"[31m
          [36m>[31m
            [0mRéessayer[0m
          [36m</button>[31m
        [36m</div>[31m
      [36m</div>[31m
    [36m</div>[31m
  [36m</body>[31m
[36m</html>[31m[39m
[90m [2m❯[22m Proxy.waitForWrapper node_modules/@testing-library/dom/dist/wait-for.js:[2m163:27[22m[39m
[36m [2m❯[22m src/__tests__/Dashboard.test.jsx:[2m425:13[22m[39m
    [90m423| [39m      [34mrender[39m([33m<[39m[33mDashboard[39m [33m/[39m[33m>[39m)[33m;[39m
    [90m424| [39m
    [90m425| [39m      [35mawait[39m [34mwaitFor[39m(() [33m=>[39m {
    [90m   | [39m            [31m^[39m
    [90m426| [39m        [90m// Component should render even with partial data[39m
    [90m427| [39m        [34mexpect[39m(screen[33m.[39m[34mgetByText[39m([36m/Tableau de Bord SAV/i[39m))[33m.[39m[34mtoBeInTheDocu[39m…

[31m[2m⎯⎯⎯⎯⎯⎯⎯⎯⎯⎯⎯⎯⎯⎯⎯⎯⎯⎯⎯⎯⎯⎯[45/61]⎯[22m[39m

[31m[1m[7m FAIL [27m[22m[39m src/__tests__/Dashboard.test.jsx[2m > [22mDashboard[2m > [22mUser Interactions[2m > [22mshould allow filter reset to "all"
[31m[1mTestingLibraryElementError[22m: Unable to find an element with the text: /Jean Dupont/i. This could be because the text is broken up by multiple elements. In this case, you can provide a function for your text matcher to make your matcher more flexible.

Ignored nodes: comments, script, style
[36m<body>[31m
  [36m<div>[31m
    [36m<div[31m
      [33mclass[31m=[32m"flex items-center justify-center h-screen bg-gray-50"[31m
    [36m>[31m
      [36m<div[31m
        [33mclass[31m=[32m"text-center text-red-600"[31m
      [36m>[31m
        [36m<svg[31m
          [33mclass[31m=[32m"lucide lucide-xcircle w-16 h-16 mx-auto mb-4"[31m
          [33mfill[31m=[32m"none"[31m
          [33mheight[31m=[32m"24"[31m
          [33mstroke[31m=[32m"currentColor"[31m
          [33mstroke-linecap[31m=[32m"round"[31m
          [33mstroke-linejoin[31m=[32m"round"[31m
          [33mstroke-width[31m=[32m"2"[31m
          [33mviewBox[31m=[32m"0 0 24 24"[31m
          [33mwidth[31m=[32m"24"[31m
          [33mxmlns[31m=[32m"http://www.w3.org/2000/svg"[31m
        [36m>[31m
          [36m<circle[31m
            [33mcx[31m=[32m"12"[31m
            [33mcy[31m=[32m"12"[31m
            [33mr[31m=[32m"10"[31m
          [36m/>[31m
          [36m<path[31m
            [33md[31m=[32m"m15 9-6 6"[31m
          [36m/>[31m
          [36m<path[31m
            [33md[31m=[32m"m9 9 6 6"[31m
          [36m/>[31m
        [36m</svg>[31m
        [36m<p[31m
          [33mclass[31m=[32m"text-xl font-semibold"[31m
        [36m>[31m
          [0mErreur de connexion au serveur[0m
        [36m</p>[31m
        [36m<button[31m
          [33mclass[31m=[32m"mt-4 px-4 py-2 bg-red-600 text-white rounded-lg hover:bg-red-700"[31m
        [36m>[31m
          [0mRéessayer[0m
        [36m</button>[31m
      [36m</div>[31m
    [36m</div>[31m
  [36m</div>[31m
[36m</body>[31m

Ignored nodes: comments, script, style
[36m<html>[31m
  [36m<head />[31m
  [36m<body>[31m
    [36m<div>[31m
      [36m<div[31m
        [33mclass[31m=[32m"flex items-center justify-center h-screen bg-gray-50"[31m
      [36m>[31m
        [36m<div[31m
          [33mclass[31m=[32m"text-center text-red-600"[31m
        [36m>[31m
          [36m<svg[31m
            [33mclass[31m=[32m"lucide lucide-xcircle w-16 h-16 mx-auto mb-4"[31m
            [33mfill[31m=[32m"none"[31m
            [33mheight[31m=[32m"24"[31m
            [33mstroke[31m=[32m"currentColor"[31m
            [33mstroke-linecap[31m=[32m"round"[31m
            [33mstroke-linejoin[31m=[32m"round"[31m
            [33mstroke-width[31m=[32m"2"[31m
            [33mviewBox[31m=[32m"0 0 24 24"[31m
            [33mwidth[31m=[32m"24"[31m
            [33mxmlns[31m=[32m"http://www.w3.org/2000/svg"[31m
          [36m>[31m
            [36m<circle[31m
              [33mcx[31m=[32m"12"[31m
              [33mcy[31m=[32m"12"[31m
              [33mr[31m=[32m"10"[31m
            [36m/>[31m
            [36m<path[31m
              [33md[31m=[32m"m15 9-6 6"[31m
            [36m/>[31m
            [36m<path[31m
              [33md[31m=[32m"m9 9 6 6"[31m
            [36m/>[31m
          [36m</svg>[31m
          [36m<p[31m
            [33mclass[31m=[32m"text-xl font-semibold"[31m
          [36m>[31m
            [0mErreur de connexion au serveur[0m
          [36m</p>[31m
          [36m<button[31m
            [33mclass[31m=[32m"mt-4 px-4 py-2 bg-red-600 text-white rounded-lg hover:bg-red-700"[31m
          [36m>[31m
            [0mRéessayer[0m
          [36m</button>[31m
        [36m</div>[31m
      [36m</div>[31m
    [36m</div>[31m
  [36m</body>[31m
[36m</html>[31m[39m
[90m [2m❯[22m Proxy.waitForWrapper node_modules/@testing-library/dom/dist/wait-for.js:[2m163:27[22m[39m
[36m [2m❯[22m src/__tests__/Dashboard.test.jsx:[2m436:13[22m[39m
    [90m434| [39m      [34mrender[39m([33m<[39m[33mDashboard[39m [33m/[39m[33m>[39m)[33m;[39m
    [90m435| [39m
    [90m436| [39m      [35mawait[39m [34mwaitFor[39m(() [33m=>[39m {
    [90m   | [39m            [31m^[39m
    [90m437| [39m        [34mexpect[39m(screen[33m.[39m[34mgetByText[39m([36m/Jean Dupont/i[39m))[33m.[39m[34mtoBeInTheDocument[39m()[33m;[39m
    [90m438| [39m      })[33m;[39m

[31m[2m⎯⎯⎯⎯⎯⎯⎯⎯⎯⎯⎯⎯⎯⎯⎯⎯⎯⎯⎯⎯⎯⎯[46/61]⎯[22m[39m

[31m[1m[7m FAIL [27m[22m[39m src/__tests__/Dashboard.test.jsx[2m > [22mDashboard[2m > [22mUser Interactions[2m > [22mshould maintain filter state during interactions
[31m[1mTestingLibraryElementError[22m: Unable to find an element with the text: /Jean Dupont/i. This could be because the text is broken up by multiple elements. In this case, you can provide a function for your text matcher to make your matcher more flexible.

Ignored nodes: comments, script, style
[36m<body>[31m
  [36m<div>[31m
    [36m<div[31m
      [33mclass[31m=[32m"flex items-center justify-center h-screen bg-gray-50"[31m
    [36m>[31m
      [36m<div[31m
        [33mclass[31m=[32m"text-center text-red-600"[31m
      [36m>[31m
        [36m<svg[31m
          [33mclass[31m=[32m"lucide lucide-xcircle w-16 h-16 mx-auto mb-4"[31m
          [33mfill[31m=[32m"none"[31m
          [33mheight[31m=[32m"24"[31m
          [33mstroke[31m=[32m"currentColor"[31m
          [33mstroke-linecap[31m=[32m"round"[31m
          [33mstroke-linejoin[31m=[32m"round"[31m
          [33mstroke-width[31m=[32m"2"[31m
          [33mviewBox[31m=[32m"0 0 24 24"[31m
          [33mwidth[31m=[32m"24"[31m
          [33mxmlns[31m=[32m"http://www.w3.org/2000/svg"[31m
        [36m>[31m
          [36m<circle[31m
            [33mcx[31m=[32m"12"[31m
            [33mcy[31m=[32m"12"[31m
            [33mr[31m=[32m"10"[31m
          [36m/>[31m
          [36m<path[31m
            [33md[31m=[32m"m15 9-6 6"[31m
          [36m/>[31m
          [36m<path[31m
            [33md[31m=[32m"m9 9 6 6"[31m
          [36m/>[31m
        [36m</svg>[31m
        [36m<p[31m
          [33mclass[31m=[32m"text-xl font-semibold"[31m
        [36m>[31m
          [0mErreur de connexion au serveur[0m
        [36m</p>[31m
        [36m<button[31m
          [33mclass[31m=[32m"mt-4 px-4 py-2 bg-red-600 text-white rounded-lg hover:bg-red-700"[31m
        [36m>[31m
          [0mRéessayer[0m
        [36m</button>[31m
      [36m</div>[31m
    [36m</div>[31m
  [36m</div>[31m
[36m</body>[31m

Ignored nodes: comments, script, style
[36m<html>[31m
  [36m<head />[31m
  [36m<body>[31m
    [36m<div>[31m
      [36m<div[31m
        [33mclass[31m=[32m"flex items-center justify-center h-screen bg-gray-50"[31m
      [36m>[31m
        [36m<div[31m
          [33mclass[31m=[32m"text-center text-red-600"[31m
        [36m>[31m
          [36m<svg[31m
            [33mclass[31m=[32m"lucide lucide-xcircle w-16 h-16 mx-auto mb-4"[31m
            [33mfill[31m=[32m"none"[31m
            [33mheight[31m=[32m"24"[31m
            [33mstroke[31m=[32m"currentColor"[31m
            [33mstroke-linecap[31m=[32m"round"[31m
            [33mstroke-linejoin[31m=[32m"round"[31m
            [33mstroke-width[31m=[32m"2"[31m
            [33mviewBox[31m=[32m"0 0 24 24"[31m
            [33mwidth[31m=[32m"24"[31m
            [33mxmlns[31m=[32m"http://www.w3.org/2000/svg"[31m
          [36m>[31m
            [36m<circle[31m
              [33mcx[31m=[32m"12"[31m
              [33mcy[31m=[32m"12"[31m
              [33mr[31m=[32m"10"[31m
            [36m/>[31m
            [36m<path[31m
              [33md[31m=[32m"m15 9-6 6"[31m
            [36m/>[31m
            [36m<path[31m
              [33md[31m=[32m"m9 9 6 6"[31m
            [36m/>[31m
          [36m</svg>[31m
          [36m<p[31m
            [33mclass[31m=[32m"text-xl font-semibold"[31m
          [36m>[31m
            [0mErreur de connexion au serveur[0m
          [36m</p>[31m
          [36m<button[31m
            [33mclass[31m=[32m"mt-4 px-4 py-2 bg-red-600 text-white rounded-lg hover:bg-red-700"[31m
          [36m>[31m
            [0mRéessayer[0m
          [36m</button>[31m
        [36m</div>[31m
      [36m</div>[31m
    [36m</div>[31m
  [36m</body>[31m
[36m</html>[31m[39m
[90m [2m❯[22m Proxy.waitForWrapper node_modules/@testing-library/dom/dist/wait-for.js:[2m163:27[22m[39m
[36m [2m❯[22m src/__tests__/Dashboard.test.jsx:[2m454:13[22m[39m
    [90m452| [39m      [34mrender[39m([33m<[39m[33mDashboard[39m [33m/[39m[33m>[39m)[33m;[39m
    [90m453| [39m
    [90m454| [39m      [35mawait[39m [34mwaitFor[39m(() [33m=>[39m {
    [90m   | [39m            [31m^[39m
    [90m455| [39m        [34mexpect[39m(screen[33m.[39m[34mgetByText[39m([36m/Jean Dupont/i[39m))[33m.[39m[34mtoBeInTheDocument[39m()[33m;[39m
    [90m456| [39m      })[33m;[39m

[31m[2m⎯⎯⎯⎯⎯⎯⎯⎯⎯⎯⎯⎯⎯⎯⎯⎯⎯⎯⎯⎯⎯⎯[47/61]⎯[22m[39m

[31m[1m[7m FAIL [27m[22m[39m src/__tests__/Dashboard.test.jsx[2m > [22mDashboard[2m > [22mAccessibility[2m > [22mshould have proper table structure
[31m[1mTestingLibraryElementError[22m: Unable to find role="table"

Ignored nodes: comments, script, style
[36m<body>[31m
  [36m<div>[31m
    [36m<div[31m
      [33mclass[31m=[32m"flex items-center justify-center h-screen bg-gray-50"[31m
    [36m>[31m
      [36m<div[31m
        [33mclass[31m=[32m"text-center text-red-600"[31m
      [36m>[31m
        [36m<svg[31m
          [33mclass[31m=[32m"lucide lucide-xcircle w-16 h-16 mx-auto mb-4"[31m
          [33mfill[31m=[32m"none"[31m
          [33mheight[31m=[32m"24"[31m
          [33mstroke[31m=[32m"currentColor"[31m
          [33mstroke-linecap[31m=[32m"round"[31m
          [33mstroke-linejoin[31m=[32m"round"[31m
          [33mstroke-width[31m=[32m"2"[31m
          [33mviewBox[31m=[32m"0 0 24 24"[31m
          [33mwidth[31m=[32m"24"[31m
          [33mxmlns[31m=[32m"http://www.w3.org/2000/svg"[31m
        [36m>[31m
          [36m<circle[31m
            [33mcx[31m=[32m"12"[31m
            [33mcy[31m=[32m"12"[31m
            [33mr[31m=[32m"10"[31m
          [36m/>[31m
          [36m<path[31m
            [33md[31m=[32m"m15 9-6 6"[31m
          [36m/>[31m
          [36m<path[31m
            [33md[31m=[32m"m9 9 6 6"[31m
          [36m/>[31m
        [36m</svg>[31m
        [36m<p[31m
          [33mclass[31m=[32m"text-xl font-semibold"[31m
        [36m>[31m
          [0mErreur de connexion au serveur[0m
        [36m</p>[31m
        [36m<button[31m
          [33mclass[31m=[32m"mt-4 px-4 py-2 bg-red-600 text-white rounded-lg hover:bg-red-700"[31m
        [36m>[31m
          [0mRéessayer[0m
        [36m</button>[31m
      [36m</div>[31m
    [36m</div>[31m
  [36m</div>[31m
[36m</body>[31m

Ignored nodes: comments, script, style
[36m<html>[31m
  [36m<head />[31m
  [36m<body>[31m
    [36m<div>[31m
      [36m<div[31m
        [33mclass[31m=[32m"flex items-center justify-center h-screen bg-gray-50"[31m
      [36m>[31m
        [36m<div[31m
          [33mclass[31m=[32m"text-center text-red-600"[31m
        [36m>[31m
          [36m<svg[31m
            [33mclass[31m=[32m"lucide lucide-xcircle w-16 h-16 mx-auto mb-4"[31m
            [33mfill[31m=[32m"none"[31m
            [33mheight[31m=[32m"24"[31m
            [33mstroke[31m=[32m"currentColor"[31m
            [33mstroke-linecap[31m=[32m"round"[31m
            [33mstroke-linejoin[31m=[32m"round"[31m
            [33mstroke-width[31m=[32m"2"[31m
            [33mviewBox[31m=[32m"0 0 24 24"[31m
            [33mwidth[31m=[32m"24"[31m
            [33mxmlns[31m=[32m"http://www.w3.org/2000/svg"[31m
          [36m>[31m
            [36m<circle[31m
              [33mcx[31m=[32m"12"[31m
              [33mcy[31m=[32m"12"[31m
              [33mr[31m=[32m"10"[31m
            [36m/>[31m
            [36m<path[31m
              [33md[31m=[32m"m15 9-6 6"[31m
            [36m/>[31m
            [36m<path[31m
              [33md[31m=[32m"m9 9 6 6"[31m
            [36m/>[31m
          [36m</svg>[31m
          [36m<p[31m
            [33mclass[31m=[32m"text-xl font-semibold"[31m
          [36m>[31m
            [0mErreur de connexion au serveur[0m
          [36m</p>[31m
          [36m<button[31m
            [33mclass[31m=[32m"mt-4 px-4 py-2 bg-red-600 text-white rounded-lg hover:bg-red-700"[31m
          [36m>[31m
            [0mRéessayer[0m
          [36m</button>[31m
        [36m</div>[31m
      [36m</div>[31m
    [36m</div>[31m
  [36m</body>[31m
[36m</html>[31m[39m
[90m [2m❯[22m Proxy.waitForWrapper node_modules/@testing-library/dom/dist/wait-for.js:[2m163:27[22m[39m
[36m [2m❯[22m src/__tests__/Dashboard.test.jsx:[2m471:13[22m[39m
    [90m469| [39m      [34mrender[39m([33m<[39m[33mDashboard[39m [33m/[39m[33m>[39m)[33m;[39m
    [90m470| [39m
    [90m471| [39m      [35mawait[39m [34mwaitFor[39m(() [33m=>[39m {
    [90m   | [39m            [31m^[39m
    [90m472| [39m        [35mconst[39m table [33m=[39m screen[33m.[39m[34mgetByRole[39m([32m'table'[39m)[33m;[39m
    [90m473| [39m        [34mexpect[39m(table)[33m.[39m[34mtoBeInTheDocument[39m()[33m;[39m

[31m[2m⎯⎯⎯⎯⎯⎯⎯⎯⎯⎯⎯⎯⎯⎯⎯⎯⎯⎯⎯⎯⎯⎯[48/61]⎯[22m[39m

[31m[1m[7m FAIL [27m[22m[39m src/__tests__/Dashboard.test.jsx[2m > [22mDashboard[2m > [22mAccessibility[2m > [22mshould have labeled form controls
[31m[1mTestingLibraryElementError[22m: Unable to find a label with the text of: /Priorité:/i

Ignored nodes: comments, script, style
[36m<body>[31m
  [36m<div>[31m
    [36m<div[31m
      [33mclass[31m=[32m"flex items-center justify-center h-screen bg-gray-50"[31m
    [36m>[31m
      [36m<div[31m
        [33mclass[31m=[32m"text-center text-red-600"[31m
      [36m>[31m
        [36m<svg[31m
          [33mclass[31m=[32m"lucide lucide-xcircle w-16 h-16 mx-auto mb-4"[31m
          [33mfill[31m=[32m"none"[31m
          [33mheight[31m=[32m"24"[31m
          [33mstroke[31m=[32m"currentColor"[31m
          [33mstroke-linecap[31m=[32m"round"[31m
          [33mstroke-linejoin[31m=[32m"round"[31m
          [33mstroke-width[31m=[32m"2"[31m
          [33mviewBox[31m=[32m"0 0 24 24"[31m
          [33mwidth[31m=[32m"24"[31m
          [33mxmlns[31m=[32m"http://www.w3.org/2000/svg"[31m
        [36m>[31m
          [36m<circle[31m
            [33mcx[31m=[32m"12"[31m
            [33mcy[31m=[32m"12"[31m
            [33mr[31m=[32m"10"[31m
          [36m/>[31m
          [36m<path[31m
            [33md[31m=[32m"m15 9-6 6"[31m
          [36m/>[31m
          [36m<path[31m
            [33md[31m=[32m"m9 9 6 6"[31m
          [36m/>[31m
        [36m</svg>[31m
        [36m<p[31m
          [33mclass[31m=[32m"text-xl font-semibold"[31m
        [36m>[31m
          [0mErreur de connexion au serveur[0m
        [36m</p>[31m
        [36m<button[31m
          [33mclass[31m=[32m"mt-4 px-4 py-2 bg-red-600 text-white rounded-lg hover:bg-red-700"[31m
        [36m>[31m
          [0mRéessayer[0m
        [36m</button>[31m
      [36m</div>[31m
    [36m</div>[31m
  [36m</div>[31m
[36m</body>[31m

Ignored nodes: comments, script, style
[36m<html>[31m
  [36m<head />[31m
  [36m<body>[31m
    [36m<div>[31m
      [36m<div[31m
        [33mclass[31m=[32m"flex items-center justify-center h-screen bg-gray-50"[31m
      [36m>[31m
        [36m<div[31m
          [33mclass[31m=[32m"text-center text-red-600"[31m
        [36m>[31m
          [36m<svg[31m
            [33mclass[31m=[32m"lucide lucide-xcircle w-16 h-16 mx-auto mb-4"[31m
            [33mfill[31m=[32m"none"[31m
            [33mheight[31m=[32m"24"[31m
            [33mstroke[31m=[32m"currentColor"[31m
            [33mstroke-linecap[31m=[32m"round"[31m
            [33mstroke-linejoin[31m=[32m"round"[31m
            [33mstroke-width[31m=[32m"2"[31m
            [33mviewBox[31m=[32m"0 0 24 24"[31m
            [33mwidth[31m=[32m"24"[31m
            [33mxmlns[31m=[32m"http://www.w3.org/2000/svg"[31m
          [36m>[31m
            [36m<circle[31m
              [33mcx[31m=[32m"12"[31m
              [33mcy[31m=[32m"12"[31m
              [33mr[31m=[32m"10"[31m
            [36m/>[31m
            [36m<path[31m
              [33md[31m=[32m"m15 9-6 6"[31m
            [36m/>[31m
            [36m<path[31m
              [33md[31m=[32m"m9 9 6 6"[31m
            [36m/>[31m
          [36m</svg>[31m
          [36m<p[31m
            [33mclass[31m=[32m"text-xl font-semibold"[31m
          [36m>[31m
            [0mErreur de connexion au serveur[0m
          [36m</p>[31m
          [36m<button[31m
            [33mclass[31m=[32m"mt-4 px-4 py-2 bg-red-600 text-white rounded-lg hover:bg-red-700"[31m
          [36m>[31m
            [0mRéessayer[0m
          [36m</button>[31m
        [36m</div>[31m
      [36m</div>[31m
    [36m</div>[31m
  [36m</body>[31m
[36m</html>[31m[39m
[90m [2m❯[22m Proxy.waitForWrapper node_modules/@testing-library/dom/dist/wait-for.js:[2m163:27[22m[39m
[36m [2m❯[22m src/__tests__/Dashboard.test.jsx:[2m480:13[22m[39m
    [90m478| [39m      [34mrender[39m([33m<[39m[33mDashboard[39m [33m/[39m[33m>[39m)[33m;[39m
    [90m479| [39m
    [90m480| [39m      [35mawait[39m [34mwaitFor[39m(() [33m=>[39m {
    [90m   | [39m            [31m^[39m
    [90m481| [39m        [34mexpect[39m(screen[33m.[39m[34mgetByLabelText[39m([36m/Priorité:/i[39m))[33m.[39m[34mtoBeInTheDocument[39m(…
    [90m482| [39m        [34mexpect[39m(screen[33m.[39m[34mgetByLabelText[39m([36m/Statut:/i[39m))[33m.[39m[34mtoBeInTheDocument[39m()[33m;[39m

[31m[2m⎯⎯⎯⎯⎯⎯⎯⎯⎯⎯⎯⎯⎯⎯⎯⎯⎯⎯⎯⎯⎯⎯[49/61]⎯[22m[39m

[2m Test Files [22m [1m[31m3 failed[39m[22m[2m | [22m[1m[32m1 passed[39m[22m[90m (4)[39m
[2m      Tests [22m [1m[31m61 failed[39m[22m[2m | [22m[1m[32m28 passed[39m[22m[90m (89)[39m
[2m   Start at [22m 13:02:24
[2m   Duration [22m 45.66s[2m (transform 1.33s, setup 9.64s, collect 3.14s, tests 66.38s, environment 12.92s, prepare 2.69s)[22m

